--------- beginning of main
10-04 06:13:17.634  1463  4929 I ActivityManager: Broadcasting: Intent { act=com.nick.myrecoverytracker.ACTION_RUN_USAGE_EVENTS_DAILY flg=0x10400000 cmp=com.nick.myrecoverytracker/.TriggerReceiver }
--------- beginning of system
10-04 06:13:17.641  1463  4929 I ActivityManager: Enqueued broadcast Intent { act=com.nick.myrecoverytracker.ACTION_RUN_USAGE_EVENTS_DAILY flg=0x10400000 cmp=com.nick.myrecoverytracker/.TriggerReceiver }: 0
10-04 06:13:17.644  1463  2067 D BackgroundInstallControlService: Package event received: 0
10-04 06:13:17.662  1463  2067 D BackgroundInstallControlService: Package event received: 0
10-04 06:13:17.664  1463  2067 D BackgroundInstallControlService: Package event received: 0
10-04 06:13:17.665  1463  2067 D BackgroundInstallControlService: Package event received: 0
10-04 06:13:17.665  1463  2067 D BackgroundInstallControlService: Package event received: 0
10-04 06:13:17.753  7496  7504 E gcblocker: too long GC blocking: 8
10-04 06:13:17.754  7496  7504 E gcblocker: gc block end, 829470764,102
10-04 06:13:19.199  1463  2067 D BackgroundInstallControlService: Package event received: 0
10-04 06:13:19.201  1463  2067 D BackgroundInstallControlService: Package event received: 0
10-04 06:13:19.202  1463  2067 D BackgroundInstallControlService: Package event received: 0
10-04 06:13:19.204  1463  2067 D BackgroundInstallControlService: Package event received: 0
10-04 06:13:19.282  7496  7504 E gcblocker: too long GC blocking: 8
10-04 06:13:19.283  7496  7504 E gcblocker: gc block end, 829472294,100
10-04 06:13:19.477   883   883 W TracingMuxer: type=1400 audit(0.0:472297): avc:  denied  { write } for  name="traced_producer" dev="tmpfs" ino=1296 scontext=u:r:hal_neuralnetworks_darwinn:s0 tcontext=u:object_r:traced_producer_socket:s0 tclass=sock_file permissive=0
10-04 06:13:19.577  1463  1961 D ActivityManager: freezing 29545 android.process.acore
10-04 06:13:19.587  1463  2017 D InetDiagMessage: Destroyed 0 sockets, proto=IPPROTO_TCP, family=AF_INET, states=14
10-04 06:13:19.589  1463  2017 D InetDiagMessage: Destroyed 0 sockets, proto=IPPROTO_TCP, family=AF_INET6, states=14
10-04 06:13:19.589  1463  2017 D InetDiagMessage: Destroyed live tcp sockets for uids={10082} in 6ms
10-04 06:13:20.552  1463  1961 D ActivityManager: freezing 8331 com.google.android.apps.wellbeing
10-04 06:13:20.560  1463  2017 D InetDiagMessage: Destroyed 0 sockets, proto=IPPROTO_TCP, family=AF_INET, states=14
10-04 06:13:20.562  1463  2017 D InetDiagMessage: Destroyed 0 sockets, proto=IPPROTO_TCP, family=AF_INET6, states=14
10-04 06:13:20.562  1463  2017 D InetDiagMessage: Destroyed live tcp sockets for uids={10123} in 5ms
10-04 06:13:20.730  1463  2067 D BackgroundInstallControlService: Package event received: 0
10-04 06:13:20.731  1463  2067 D BackgroundInstallControlService: Package event received: 0
10-04 06:13:20.733  1463  2067 D BackgroundInstallControlService: Package event received: 0
10-04 06:13:20.733  1463  2067 D BackgroundInstallControlService: Package event received: 0
10-04 06:13:20.835  7496  7504 E gcblocker: too long GC blocking: 8
10-04 06:13:20.836  7496  7504 E gcblocker: gc block end, 829473847,100
10-04 06:13:21.079 23735 23993 E msys    : E[N mns]_OnDiskCacheGetData(624)=>Start post callback cache refresh DNS resolution
10-04 06:13:21.082 23735 23993 W LibevQuicAsyncUDPSocket.h: setTosOrTrafficClass not implemented in LibevQuicAsyncUDPSocket
10-04 06:13:21.103 23735 23993 E MvfstCallbacks.cpp: onConnectionSetupError: error=TransportError: Internal Error, Error on socket write Operation not permitted, 
10-04 06:13:21.106 23735 23993 E msys    : E[N mns]_LogError(223)=>Failed to resolve using system DNS resolver, getaddrinfo(): No address associated with hostname
10-04 06:13:21.106 23735 23993 E msys    : E[N mns]_OnDiskCacheGetData(624)=>Start post callback cache refresh DNS resolution
10-04 06:13:21.113 23735 23993 E msys    : E[N mns]_LogError(223)=>Failed to resolve using system DNS resolver, getaddrinfo(): No address associated with hostname
10-04 06:13:21.253 23735 23993 E msys    : E[N mns]_OnDiskCacheGetData(624)=>Start post callback cache refresh DNS resolution
10-04 06:13:21.255 23735 23993 E msys    : E[N mns]_OnDiskCacheGetData(624)=>Start post callback cache refresh DNS resolution
10-04 06:13:21.259 23735 23993 W LibevQuicAsyncUDPSocket.h: setTosOrTrafficClass not implemented in LibevQuicAsyncUDPSocket
10-04 06:13:21.269 23735 23993 E MvfstCallbacks.cpp: onConnectionSetupError: error=TransportError: Internal Error, Error on socket write Operation not permitted, 
10-04 06:13:21.270 23735 23993 E msys    : E[N mns]_LogError(223)=>Failed to resolve using system DNS resolver, getaddrinfo(): No address associated with hostname
10-04 06:13:21.270 23735 23993 E msys    : E[N mns]_LogError(223)=>Failed to resolve using system DNS resolver, getaddrinfo(): No address associated with hostname
10-04 06:13:21.295 23735 23735 E ApiFetchPresenceDataProvider: Failed to fetch presence data
10-04 06:13:21.295 23735 23735 E ApiFetchPresenceDataProvider: X.ABm: network error: TransientError domain: MNSSecureTCP code: 1 detail: SecureTCP connection establish timeout
10-04 06:13:21.295 23735 23735 E ApiFetchPresenceDataProvider: 	at X.7vK.onError(:14)
10-04 06:13:21.295 23735 23735 E ApiFetchPresenceDataProvider: 	at com.facebook.pando.NativeCallbacks.onError(:6)
10-04 06:13:21.295 23735 23735 E ApiFetchPresenceDataProvider: 	at com.facebook.jni.NativeRunnable.run(Native Method)
10-04 06:13:21.295 23735 23735 E ApiFetchPresenceDataProvider: 	at android.os.Handler.handleCallback(Handler.java:1041)
10-04 06:13:21.295 23735 23735 E ApiFetchPresenceDataProvider: 	at android.os.Handler.dispatchMessage(Handler.java:103)
10-04 06:13:21.295 23735 23735 E ApiFetchPresenceDataProvider: 	at android.os.Looper.dispatchMessage(Looper.java:315)
10-04 06:13:21.295 23735 23735 E ApiFetchPresenceDataProvider: 	at android.os.Looper.loopOnce(Looper.java:251)
10-04 06:13:21.295 23735 23735 E ApiFetchPresenceDataProvider: 	at android.os.Looper.loop(Looper.java:349)
10-04 06:13:21.295 23735 23735 E ApiFetchPresenceDataProvider: 	at android.app.ActivityThread.main(ActivityThread.java:9041)
10-04 06:13:21.295 23735 23735 E ApiFetchPresenceDataProvider: 	at java.lang.reflect.Method.invoke(Native Method)
10-04 06:13:21.295 23735 23735 E ApiFetchPresenceDataProvider: 	at com.android.internal.os.RuntimeInit$MethodAndArgsCaller.run(RuntimeInit.java:593)
10-04 06:13:21.295 23735 23735 E ApiFetchPresenceDataProvider: 	at com.android.internal.os.ZygoteInit.main(ZygoteInit.java:929)
10-04 06:13:21.295 23735 23735 E ApiFetchPresenceDataProvider: Caused by: java.lang.Throwable
10-04 06:13:21.295 23735 23735 E ApiFetchPresenceDataProvider: 	at X.7vK.<init>(:2)
10-04 06:13:21.295 23735 23735 E ApiFetchPresenceDataProvider: 	at X.IBi.invoke(:1242)
10-04 06:13:21.295 23735 23735 E ApiFetchPresenceDataProvider: 	at X.6mn.A00(:38)
10-04 06:13:21.295 23735 23735 E ApiFetchPresenceDataProvider: 	at X.6li.AqQ(:173)
10-04 06:13:21.295 23735 23735 E ApiFetchPresenceDataProvider: 	at X.6li.AqP(:18)
10-04 06:13:21.295 23735 23735 E ApiFetchPresenceDataProvider: 	at X.7k9.A00(:141)
10-04 06:13:21.295 23735 23735 E ApiFetchPresenceDataProvider: 	at X.5vU.A06(:197)
10-04 06:13:21.295 23735 23735 E ApiFetchPresenceDataProvider: 	at X.5vU.onAppForegrounded(:8)
10-04 06:13:21.295 23735 23735 E ApiFetchPresenceDataProvider: 	at X.207.A02(:67)
10-04 06:13:21.295 23735 23735 E ApiFetchPresenceDataProvider: 	at X.207.invoke(:5)
10-04 06:13:21.295 23735 23735 E ApiFetchPresenceDataProvider: 	at X.2lB.A00(:102)
10-04 06:13:21.295 23735 23735 E ApiFetchPresenceDataProvider: 	at X.IIk.invoke(:1086)
10-04 06:13:21.295 23735 23735 E ApiFetchPresenceDataProvider: 	at X.2lB.A01(:86)
10-04 06:13:21.295 23735 23735 E ApiFetchPresenceDataProvider: 	at X.2oj.A02(:121)
10-04 06:13:21.295 23735 23735 E ApiFetchPresenceDataProvider: 	at X.2oj.DuX(:11)
10-04 06:13:21.295 23735 23735 E ApiFetchPresenceDataProvider: 	at X.AxC.invoke(:259)
10-04 06:13:21.295 23735 23735 E ApiFetchPresenceDataProvider: 	at X.2dx.A09(:62)
10-04 06:13:21.295 23735 23735 E ApiFetchPresenceDataProvider: 	at X.IKk.invoke(:909)
10-04 06:13:21.295 23735 23735 E ApiFetchPresenceDataProvider: 	at X.2dx.A0A(:40)
10-04 06:13:21.295 23735 23735 E ApiFetchPresenceDataProvider: 	at X.2dx.A04(:47)
10-04 06:13:21.295 23735 23735 E ApiFetchPresenceDataProvider: 	at com.instagram.base.activity.IgFragmentActivity.onResume(:163)
10-04 06:13:21.295 23735 23735 E ApiFetchPresenceDataProvider: 	at com.instagram.base.activity.BaseFragmentActivity.onResume(:146)
10-04 06:13:21.295 23735 23735 E ApiFetchPresenceDataProvider: 	at com.instagram.mainactivity.InstagramMainActivity.onResume(:214)
10-04 06:13:21.295 23735 23735 E ApiFetchPresenceDataProvider: 	at android.app.Instrumentation.callActivityOnResume(Instrumentation.java:1720)
10-04 06:13:21.295 23735 23735 E ApiFetchPresenceDataProvider: 	at android.app.Activity.performResume(Activity.java:9404)
10-04 06:13:21.295 23735 23735 E ApiFetchPresenceDataProvider: 	at android.app.ActivityThread.performResumeActivity(ActivityThread.java:5660)
10-04 06:13:21.295 23735 23735 E ApiFetchPresenceDataProvider: 	at android.app.ActivityThread.handleResumeActivity(ActivityThread.java:5703)
10-04 06:13:21.295 23735 23735 E ApiFetchPresenceDataProvider: 	at android.app.servertransaction.ResumeActivityItem.execute(ResumeActivityItem.java:73)
10-04 06:13:21.295 23735 23735 E ApiFetchPresenceDataProvider: 	at android.app.servertransaction.ActivityTransactionItem.execute(ActivityTransactionItem.java:63)
10-04 06:13:21.295 23735 23735 E ApiFetchPresenceDataProvider: 	at android.app.servertransaction.TransactionExecutor.executeLifecycleItem(TransactionExecutor.java:169)
10-04 06:13:21.295 23735 23735 E ApiFetchPresenceDataProvider: 	at android.app.servertransaction.TransactionExecutor.executeTransactionItems(TransactionExecutor.java:101)
10-04 06:13:21.295 23735 23735 E ApiFetchPresenceDataProvider: 	at android.app.servertransaction.TransactionExecutor.execute(TransactionExecutor.java:80)
10-04 06:13:21.295 23735 23735 E ApiFetchPresenceDataProvider: 	at android.app.ActivityThread$H.handleMessage(ActivityThread.java:2830)
10-04 06:13:21.295 23735 23735 E ApiFetchPresenceDataProvider: 	at X.1jj.A00(:13)
10-04 06:13:21.295 23735 23735 E ApiFetchPresenceDataProvider: 	at X.Dbi.A8g(:87)
10-04 06:13:21.295 23735 23735 E ApiFetchPresenceDataProvider: 	at X.1jj.handleMessage(:37)
10-04 06:13:21.295 23735 23735 E ApiFetchPresenceDataProvider: 	at android.os.Handler.dispatchMessage(Handler.java:106)
10-04 06:13:21.295 23735 23735 E ApiFetchPresenceDataProvider: 	... 7 more
10-04 06:13:22.044  1463  1961 D ActivityManager: freezing 18730 com.android.keychain
10-04 06:13:22.050  1463  1961 D ActivityManager: freezing 14853 com.android.settings
10-04 06:13:22.056  1463  1961 D ActivityManager: freezing 10883 com.android.DeviceAsWebcam
10-04 06:13:22.203  1463  1943 W SensorService: Dropping 1 cached events (3000/3000) to save 1/1 new events. 0 events previously dropped
10-04 06:13:22.269  1463  2067 D BackgroundInstallControlService: Package event received: 0
10-04 06:13:22.271  1463  2067 D BackgroundInstallControlService: Package event received: 0
10-04 06:13:22.271  1463  2067 D BackgroundInstallControlService: Package event received: 0
10-04 06:13:22.274  1463  2067 D BackgroundInstallControlService: Package event received: 0
10-04 06:13:22.349  7496  7504 E gcblocker: too long GC blocking: 8
10-04 06:13:22.349  7496  7504 E gcblocker: gc block end, 829475360,101
10-04 06:13:23.803  1463  2067 D BackgroundInstallControlService: Package event received: 0
10-04 06:13:23.803  1463  2067 D BackgroundInstallControlService: Package event received: 0
10-04 06:13:23.804  1463  2067 D BackgroundInstallControlService: Package event received: 0
10-04 06:13:23.806  1463  2067 D BackgroundInstallControlService: Package event received: 0
10-04 06:13:23.894  7496  7504 E gcblocker: too long GC blocking: 8
10-04 06:13:23.895  7496  7504 E gcblocker: gc block end, 829476906,100
10-04 06:13:24.203  1463  1943 W SensorService: Dropping 1 cached events (3000/3000) to save 1/1 new events. 937 events previously dropped
10-04 06:13:25.227  1463 19120 D ActivityManager: created ANR temporary file:/data/anr/temp_anr_401165427616065233.txt
10-04 06:13:25.228  1463 19120 I ActivityManager: Collecting stacks for pid 18901 into temporary file temp_anr_401165427616065233.txt
10-04 06:13:25.232  1463 19120 E system_server: Could not open /dev/binderfs/binder_logs/transactions. Likely a permissions issue. errno: 2
10-04 06:13:25.232  1463 19120 E android.os.Debug: Failed to get binder state info for pid: 18901 status: -2: No such file or directory
10-04 06:13:25.225  1463  1463 W AnrMainProcessD: type=1400 audit(0.0:472298): avc:  denied  { read } for  name="transactions" dev="binder" ino=1048587 scontext=u:r:system_server:s0 tcontext=u:object_r:binderfs_logs_transactions:s0 tclass=file permissive=0
10-04 06:13:25.236  1463 19121 I ActivityManager: dumpStackTraces pids={1427=true, 2245=true, 2475=true, 2549=true, 2671=true, 2795=true, 2856=true, 2938=true, 3617=true, 3643=true, 3667=true, 5029=true, 5183=true, 5424=true, 5426=true, 5642=true, 5994=true, 6108=true, 6274=true, 6284=true, 6972=true, 7496=true, 7499=true, 8331=true, 8453=true, 9434=true, 9472=true, 10883=true, 10901=true, 10921=true, 10955=true, 10994=true, 11002=true, 11066=true, 11104=true, 11210=true, 11309=true, 11326=true, 11454=true, 11613=true, 11730=true, 11813=true, 11827=true, 11915=true, 12085=true, 12323=true, 12465=true, 12536=true, 12732=true, 12927=true, 12998=true, 13011=true, 13031=true, 13282=true, 13387=true, 13399=true, 13641=true, 13811=true, 13843=true, 13954=true, 13967=true, 14201=true, 14298=true, 14348=true, 14448=true, 14593=true, 14617=true, 14670=true, 14705=true, 14775=true, 14806=true, 14853=true, 14866=true, 14911=true, 14961=true, 15034=true, 15179=true, 15233=true, 15292=true, 15342=true, 15391=true, 15476=true, 15959=true, 16942=true, 17080=true, 18730=true, 18746=true, 19989=true, 20217=true, 22824=true, 23735=true, 23916=true, 25747=true, 28607=true, 29545=true, 30414=true, 30547=true, 30935=true, 31744=true}
10-04 06:13:25.238  1463 19121 I ActivityManager: Dumping to /data/anr/anr_2025-10-04-06-13-25-236
10-04 06:13:25.239  1463 19120 I system_server: libdebuggerd_client: started dumping process 18901
10-04 06:13:25.252 18901 18902 I recoverytracker: Thread[2,tid=18902,WaitingInMainSignalCatcherLoop,Thread*=0xb4000072663b7be0,peer=0x2001998,"Signal Catcher"]: reacting to signal 3
10-04 06:13:25.253 18901 18902 I recoverytracker: 
10-04 06:13:25.267   623   623 I tombstoned: registered intercept for pid 18901 and type kDebuggerdJavaBacktrace
10-04 06:13:25.273  2251  2423 D ImpulseConnection: timeout didn't happen: com.google.android.apps.turbo
10-04 06:13:25.294  2251  2576 D TemperatureStateSource: sequence=82826 actualDelay=10001
10-04 06:13:25.295  2251  2576 D TemperatureStateSource: Reading temperature: sequence=82827
10-04 06:13:25.300 14791 14791 I pixel-thermal: VIRTUAL-SKIN-MODEL: model_input: [27174.00 27197.00 28122.00 24036.00 24012.00 24106.00 27385.00 28344.00 ]
10-04 06:13:25.301 14791 14791 I native  : I0000 00:00:1759522405.301080   14791 thermal_tflite_wrapper.cc:261] ThermalTfliteInvoke
10-04 06:13:25.302 14791 14791 I pixel-thermal: VIRTUAL-SKIN-MODEL: model_output: [25684.8 ]
10-04 06:13:25.302 14791 14791 I pixel-thermal: VIRTUAL-SKIN-MODEL: predicted_value: [25684.8 ]
10-04 06:13:25.302 14791 14791 I pixel-thermal: CPU_THROTTLE_SEVERE:0 raw data: CPU_THROTTLE_SEVERE:0 
10-04 06:13:25.302 14791 14791 I pixel-thermal: VIRTUAL-SKIN:25.8172 raw data: VIRTUAL-SKIN:25817.2 VIRTUAL-SKIN-LEGACY:25853 VIRTUAL-SKIN-LEGACY-MODEL-DIFF:168.232 VIRTUAL-SKIN-LEGACY-SHUTDOWN:0 VIRTUAL-SKIN-MODEL:25684.8 VIRTUAL-SKIN-MODEL-CLAMPED:25684.8 VIRTUAL-SKIN-MODEL-LEGACY-DIFF:-168.232 VIRTUAL-SKIN-MODEL-UPDATED:25817.2 VIRTUAL-SKIN-MODEL-UPPER-CLAMPED:25684.8 VIRTUAL-SKIN-SUB-0:24786.7 VIRTUAL-SKIN-SUB-1:25181 VIRTUAL-SKIN-SUB-2:25600.6 VIRTUAL-SKIN-SUB-3:25853 VIRTUAL-SKIN-SUB-4:25195.4 VT_LEGACY_WEIGHT:0 VT_MODEL_WEIGHT:1 battery:24900 btmspkr_therm:24012 charging_therm:28122 disp_therm:24106 north_therm:27385 quiet_therm:27197 rfpa_therm:27174 soc_therm:28344 usb_pwr_therm:24036 
10-04 06:13:25.304  2251  2576 D TemperatureStateSource: getDeviceTemperatures: sequence=82827 deviceTemperatureType=3 temperatureSource=0 temperatures=[25.817225]
10-04 06:13:25.304  2251  2576 D BusinessScope: Enqueuing the block
10-04 06:13:25.304  2251  2576 D TemperatureStateSource: sequence=82827 waitTime=10000
10-04 06:13:25.304  2251  2446 D BusinessScope: Start running the #179568 block
10-04 06:13:25.305  2251  2446 D BusinessScope: Enqueuing the block
10-04 06:13:25.305  2251  2446 D ImpulseStateSource: Notify clients: 89772
10-04 06:13:25.305  2251  2446 D BusinessScope: Finish running the #179568 block
10-04 06:13:25.306  2251  2446 D BusinessScope: Start running the #179569 block
10-04 06:13:25.306  2251  2446 D BusinessScope: Finish running the #179569 block
10-04 06:13:25.322  1463  2067 D BackgroundInstallControlService: Package event received: 0
10-04 06:13:25.323  1463  2067 D BackgroundInstallControlService: Package event received: 0
10-04 06:13:25.323  1463  2067 D BackgroundInstallControlService: Package event received: 0
10-04 06:13:25.323  1463  2067 D BackgroundInstallControlService: Package event received: 0
10-04 06:13:25.428  7496  7504 E gcblocker: too long GC blocking: 8
10-04 06:13:25.428  7496  7504 E gcblocker: gc block end, 829478439,100
10-04 06:13:25.614   623   623 I tombstoned: received crash request for pid 18901
10-04 06:13:25.614   623   623 I tombstoned: found intercept fd 512 for pid 18901 and type kDebuggerdJavaBacktrace
10-04 06:13:25.616   623   623 W tombstoned: skipping tombstone file creation due to intercept
10-04 06:13:25.616 18901 18902 I recoverytracker: Wrote stack traces to tombstoned
10-04 06:13:25.617  1463 19120 I system_server: libdebuggerd_client: done dumping process 18901
10-04 06:13:25.621  1463  1463 W AnrConsumer: type=1400 audit(0.0:472299): avc:  denied  { read } for  name="transactions" dev="binder" ino=1048587 scontext=u:r:system_server:s0 tcontext=u:object_r:binderfs_logs_transactions:s0 tclass=file permissive=0
10-04 06:13:25.625  1463 19121 I ActivityManager: Collecting stacks for pid 1463
10-04 06:13:25.626  1463 19121 E system_server: Could not open /dev/binderfs/binder_logs/transactions. Likely a permissions issue. errno: 2
10-04 06:13:25.626  1463 19121 E android.os.Debug: Failed to get binder state info for pid: 1463 status: -2: No such file or directory
10-04 06:13:25.656  1463 19121 I system_server: libdebuggerd_client: started dumping process 1463
10-04 06:13:25.658   623   623 I tombstoned: registered intercept for pid 1463 and type kDebuggerdJavaBacktrace
10-04 06:13:25.662  1463  1646 I system_server: Thread[2,tid=1646,WaitingInMainSignalCatcherLoop,Thread*=0xb4000072663b97b0,peer=0x2007d30,"Signal Catcher"]: reacting to signal 3
10-04 06:13:25.662  1463  1646 I system_server: 
10-04 06:13:25.862  1463 19123 I ActivityManager: Skipping next CPU consuming process, not a java proc: 1463
10-04 06:13:25.862  1463 19123 I ActivityManager: Skipping next CPU consuming process, not a java proc: 18901
10-04 06:13:25.863  1463 19123 I ActivityManager: Skipping next CPU consuming process, not a java proc: 896
10-04 06:13:25.863  1463 19123 I ActivityManager: Skipping next CPU consuming process, not a java proc: 26481
10-04 06:13:25.863  1463 19123 I ActivityManager: Skipping next CPU consuming process, not a java proc: 3823
10-04 06:13:25.863  1463 19123 I ActivityManager: Skipping next CPU consuming process, not a java proc: 202
10-04 06:13:25.863  1463 19123 I ActivityManager: Skipping next CPU consuming process, not a java proc: 450
10-04 06:13:25.863  1463 19123 I ActivityManager: Skipping next CPU consuming process, not a java proc: 468
10-04 06:13:25.863  1463 19123 I ActivityManager: Skipping next CPU consuming process, not a java proc: 496
10-04 06:13:25.990  1463  1975 I AidlSensorManager: aidl_ssvc_poll: spurious wake up, back to work
10-04 06:13:26.093  1463  2046 E UsbDeviceManagerJNI: usb epoll_wait failed; errno=4
10-04 06:13:26.204  1463  1943 W SensorService: Dropping 1 cached events (3000/3000) to save 1/1 new events. 937 events previously dropped
10-04 06:13:26.857  1463  2067 D BackgroundInstallControlService: Package event received: 0
10-04 06:13:26.858  1463  2067 D BackgroundInstallControlService: Package event received: 0
10-04 06:13:26.858  1463  2067 D BackgroundInstallControlService: Package event received: 0
10-04 06:13:26.858  1463  2067 D BackgroundInstallControlService: Package event received: 0
10-04 06:13:26.946  7496  7504 E gcblocker: too long GC blocking: 8
10-04 06:13:26.946  7496  7504 E gcblocker: gc block end, 829479957,100
10-04 06:13:27.085   623   623 I tombstoned: received crash request for pid 1463
10-04 06:13:27.085   623   623 I tombstoned: found intercept fd 512 for pid 1463 and type kDebuggerdJavaBacktrace
10-04 06:13:27.090  1463  1646 I system_server: Wrote stack traces to tombstoned
10-04 06:13:27.090   623   623 W tombstoned: skipping tombstone file creation due to intercept
10-04 06:13:27.090  1463 19121 I system_server: libdebuggerd_client: done dumping process 1463
10-04 06:13:27.096  1463 19121 I ActivityManager: Collecting stacks for pid 29060
10-04 06:13:27.093  1463  1463 W AnrConsumer: type=1400 audit(0.0:472300): avc:  denied  { read } for  name="transactions" dev="binder" ino=1048587 scontext=u:r:system_server:s0 tcontext=u:object_r:binderfs_logs_transactions:s0 tclass=file permissive=0
10-04 06:13:27.098  1463 19121 E system_server: Could not open /dev/binderfs/binder_logs/transactions. Likely a permissions issue. errno: 2
10-04 06:13:27.098  1463 19121 E android.os.Debug: Failed to get binder state info for pid: 29060 status: -2: No such file or directory
10-04 06:13:27.109  1463 19121 I system_server: libdebuggerd_client: started dumping process 29060
10-04 06:13:27.110   623   623 I tombstoned: registered intercept for pid 29060 and type kDebuggerdJavaBacktrace
10-04 06:13:27.121 29060 29061 I putmethod.latin: Thread[2,tid=29061,WaitingInMainSignalCatcherLoop,Thread*=0xb4000072663beb20,peer=0x2001658,"Signal Catcher"]: reacting to signal 3
10-04 06:13:27.121 29060 29061 I putmethod.latin: 
10-04 06:13:27.446   623   623 I tombstoned: received crash request for pid 29060
10-04 06:13:27.446   623   623 I tombstoned: found intercept fd 512 for pid 29060 and type kDebuggerdJavaBacktrace
10-04 06:13:27.447 29060 29061 I putmethod.latin: Wrote stack traces to tombstoned
10-04 06:13:27.447   623   623 W tombstoned: skipping tombstone file creation due to intercept
10-04 06:13:27.450  1463 19121 I system_server: libdebuggerd_client: done dumping process 29060
10-04 06:13:27.452  1463 19121 I ActivityManager: Collecting stacks for pid 3677
10-04 06:13:27.453  1463 19121 E system_server: Could not open /dev/binderfs/binder_logs/transactions. Likely a permissions issue. errno: 2
10-04 06:13:27.453  1463 19121 E android.os.Debug: Failed to get binder state info for pid: 3677 status: -2: No such file or directory
10-04 06:13:27.449  1463  1463 W AnrConsumer: type=1400 audit(0.0:472301): avc:  denied  { read } for  name="transactions" dev="binder" ino=1048587 scontext=u:r:system_server:s0 tcontext=u:object_r:binderfs_logs_transactions:s0 tclass=file permissive=0
10-04 06:13:27.456  1463 19121 I system_server: libdebuggerd_client: started dumping process 3677
10-04 06:13:27.456   623   623 I tombstoned: registered intercept for pid 3677 and type kDebuggerdJavaBacktrace
10-04 06:13:27.461  3677  3689 I RestartDetector: Thread[2,tid=3689,WaitingInMainSignalCatcherLoop,Thread*=0xb4000072663beb20,peer=0x20021f0,"Signal Catcher"]: reacting to signal 3
10-04 06:13:27.462  3677  3689 I RestartDetector: 
10-04 06:13:27.645  1463  1703 I ActivityManager: Broadcast completed: result=0
10-04 06:13:27.645  1463  1723 I ActivityManager: Skip duplicated ANR, pid=18901 Broadcast of Intent { act=com.nick.myrecoverytracker.ACTION_RUN_USAGE_EVENTS_DAILY flg=0x10400010 xflg=0x1 cmp=com.nick.myrecoverytracker/.TriggerReceiver }
10-04 06:13:27.929   623   623 I tombstoned: received crash request for pid 3677
10-04 06:13:27.929   623   623 I tombstoned: found intercept fd 512 for pid 3677 and type kDebuggerdJavaBacktrace
10-04 06:13:27.930  3677  3689 I RestartDetector: Wrote stack traces to tombstoned
10-04 06:13:27.931  1463 19121 I system_server: libdebuggerd_client: done dumping process 3677
10-04 06:13:27.932   623   623 W tombstoned: skipping tombstone file creation due to intercept
10-04 06:13:27.929  1463  1463 W AnrConsumer: type=1400 audit(0.0:472302): avc:  denied  { read } for  name="transactions" dev="binder" ino=1048587 scontext=u:r:system_server:s0 tcontext=u:object_r:binderfs_logs_transactions:s0 tclass=file permissive=0
10-04 06:13:27.933  1463 19121 I ActivityManager: Collecting stacks for pid 3688
10-04 06:13:27.934  1463 19121 E system_server: Could not open /dev/binderfs/binder_logs/transactions. Likely a permissions issue. errno: 2
10-04 06:13:27.935  1463 19121 E android.os.Debug: Failed to get binder state info for pid: 3688 status: -2: No such file or directory
10-04 06:13:27.939  1463 19121 I system_server: libdebuggerd_client: started dumping process 3688
10-04 06:13:27.941   623   623 I tombstoned: registered intercept for pid 3688 and type kDebuggerdJavaBacktrace
10-04 06:13:27.948 14791 14795 I pixel-thermal: VIRTUAL-SKIN-SPEAKER-MODEL: model_input: [24900.00 24012.00 28122.00 24106.00 27385.00 27197.00 27174.00 28344.00 24036.00 ]
10-04 06:13:27.949 14791 14795 I pixel-thermal: Ignoring stale previous samples for VIRTUAL-SKIN-SPEAKER-MODEL
10-04 06:13:27.949 14791 14795 I native  : I0000 00:00:1759522407.949140   14795 thermal_tflite_wrapper.cc:261] ThermalTfliteInvoke
10-04 06:13:27.949 14791 14795 I pixel-thermal: VIRTUAL-SKIN-SPEAKER-MODEL: model_output: [24886.5 ]
10-04 06:13:27.949 14791 14795 I pixel-thermal: VIRTUAL-SKIN-SPEAKER-MODEL: predicted_value: [24886.5 ]
10-04 06:13:27.949 14791 14795 I pixel-thermal: VIRTUAL-SKIN-SPEAKER:24.8865 raw data: VIRTUAL-SKIN-SPEAKER:24886.5 VIRTUAL-SKIN-SPEAKER-MODEL:24886.5 battery:24900 btmspkr_therm:24012 charging_therm:28122 disp_therm:24106 north_therm:27385 quiet_therm:27197 rfpa_therm:27174 soc_therm:28344 usb_pwr_therm:24036 
10-04 06:13:27.954  3688  3695 I malpowermanager: Thread[2,tid=3695,WaitingInMainSignalCatcherLoop,Thread*=0xb4000072663beb20,peer=0x2002fd0,"Signal Catcher"]: reacting to signal 3
10-04 06:13:27.955  3688  3695 I malpowermanager: 
10-04 06:13:28.205  1463  1943 W SensorService: Dropping 1 cached events (3000/3000) to save 1/1 new events. 934 events previously dropped
10-04 06:13:28.355   623   623 I tombstoned: received crash request for pid 3688
10-04 06:13:28.355   623   623 I tombstoned: found intercept fd 512 for pid 3688 and type kDebuggerdJavaBacktrace
10-04 06:13:28.358  3688  3695 I malpowermanager: Wrote stack traces to tombstoned
10-04 06:13:28.358  1463 19121 I system_server: libdebuggerd_client: done dumping process 3688
10-04 06:13:28.357  1463  1463 W AnrConsumer: type=1400 audit(0.0:472303): avc:  denied  { read } for  name="transactions" dev="binder" ino=1048587 scontext=u:r:system_server:s0 tcontext=u:object_r:binderfs_logs_transactions:s0 tclass=file permissive=0
10-04 06:13:28.358   623   623 W tombstoned: skipping tombstone file creation due to intercept
10-04 06:13:28.361  1463 19121 I ActivityManager: Collecting stacks for pid 2426
10-04 06:13:28.363  1463 19121 E system_server: Could not open /dev/binderfs/binder_logs/transactions. Likely a permissions issue. errno: 2
10-04 06:13:28.363  1463 19121 E android.os.Debug: Failed to get binder state info for pid: 2426 status: -2: No such file or directory
10-04 06:13:28.367  1463 19121 I system_server: libdebuggerd_client: started dumping process 2426
10-04 06:13:28.369   623   623 I tombstoned: registered intercept for pid 2426 and type kDebuggerdJavaBacktrace
10-04 06:13:28.384  2426  2438 I id.rilextension: Thread[2,tid=2438,WaitingInMainSignalCatcherLoop,Thread*=0xb4000072663c06f0,peer=0x2000ca0,"Signal Catcher"]: reacting to signal 3
10-04 06:13:28.385  2426  2438 I id.rilextension: 
10-04 06:13:28.396  1463  2067 D BackgroundInstallControlService: Package event received: 0
10-04 06:13:28.396  1463  2067 D BackgroundInstallControlService: Package event received: 0
10-04 06:13:28.403  1463  2067 D BackgroundInstallControlService: Package event received: 0
10-04 06:13:28.403  1463  2067 D BackgroundInstallControlService: Package event received: 0
10-04 06:13:28.474  7496  7504 E gcblocker: too long GC blocking: 8
10-04 06:13:28.475  7496  7504 E gcblocker: gc block end, 829481485,101
