10-24 17:40:59.380   476   476 D BoundBrokerSvc: onRebind: Intent { act=com.google.android.gms.auth.aang.events.services.START dat=chimera-action:/... xflg=0x4 cmp=com.google.android.gms/.chimera.PersistentApiService }
10-24 17:40:59.413  1787  5221 D ActivityManager: sync unfroze 19330 com.google.android.gms for 4
10-24 17:40:59.414  1787  2590 D BackgroundInstallControlService: Package event received: 0
10-24 17:40:59.415  1787  5221 D ActivityManager: sync unfroze 9133 com.google.android.webview:sandboxed_process0:org.chromium.content.app.SandboxedProcessService0:0 for 4
10-24 17:40:59.422  1787  2590 D BackgroundInstallControlService: Package event received: 0
10-24 17:40:59.548  1439  1507 I WifiHAL : Creating message to get link statistics; iface = 47
10-24 17:40:59.562  1474  1675 W CHRE    : Endpoint id 1 of android.hardware.gnss-service.pixel is unknown or disconnected. Message sending will be skipped in the future
10-24 17:40:59.566  1474  1675 W CHRE    : Endpoint id 1 of android.hardware.gnss-service.pixel is already disconnected
10-24 17:40:59.566  1390  1390 W CHRE.HAL: The endpoint 1 is not connected.
10-24 17:40:59.566  1390  1390 W CHRE.HAL: Unable to remove host endpoint id 1
10-24 17:40:59.568  1390  1412 D CHRE.HAL: Received a nanoapp message from 0x476f6f676c001044 endpoint 0x80c1: Type 0x3 size 2 
10-24 17:40:59.568  1390  1412 W CHRE.HAL: Received a message from CHRE for an unknown or disconnected endpoint id 1
10-24 17:40:59.568  1390  1412 D CHRE    : @ 573946.788: Parsed nanoapp message from host: app ID 0x476f6f676c001044 endpoint 0x80c1 msgType 2 payload size 0
10-24 17:40:59.568  1390  1412 E CHRE    : @ 573946.789: [TimeSyncManager] Failed to get host info.
10-24 17:40:59.582  1439  1507 I WifiHAL : index: 0 per_rate_size 32, data_rem_len 1152
10-24 17:40:59.582  1439  1507 I WifiHAL : index: 1 per_rate_size 32, data_rem_len 1120
10-24 17:40:59.582  1439  1507 I WifiHAL : index: 2 per_rate_size 32, data_rem_len 1088
10-24 17:40:59.582  1439  1507 I WifiHAL : index: 3 per_rate_size 32, data_rem_len 1056
10-24 17:40:59.582  1439  1507 I WifiHAL : index: 4 per_rate_size 32, data_rem_len 1024
10-24 17:40:59.582  1439  1507 I WifiHAL : index: 5 per_rate_size 32, data_rem_len 992
10-24 17:40:59.582  1439  1507 I WifiHAL : index: 6 per_rate_size 32, data_rem_len 960
10-24 17:40:59.582  1439  1507 I WifiHAL : index: 7 per_rate_size 32, data_rem_len 928
10-24 17:40:59.582  1439  1507 I WifiHAL : index: 8 per_rate_size 32, data_rem_len 896
10-24 17:40:59.582  1439  1507 I WifiHAL : index: 9 per_rate_size 32, data_rem_len 864
10-24 17:40:59.582  1439  1507 I WifiHAL : index: 10 per_rate_size 32, data_rem_len 832
10-24 17:40:59.582  1439  1507 I WifiHAL : index: 11 per_rate_size 32, data_rem_len 800
10-24 17:40:59.582  1439  1507 I WifiHAL : index: 12 per_rate_size 32, data_rem_len 768
10-24 17:40:59.582  1439  1507 I WifiHAL : index: 13 per_rate_size 32, data_rem_len 736
10-24 17:40:59.582  1439  1507 I WifiHAL : index: 14 per_rate_size 32, data_rem_len 704
10-24 17:40:59.582  1439  1507 I WifiHAL : index: 15 per_rate_size 32, data_rem_len 672
10-24 17:40:59.582  1439  1507 I WifiHAL : index: 16 per_rate_size 32, data_rem_len 640
10-24 17:40:59.582  1439  1507 I WifiHAL : index: 17 per_rate_size 32, data_rem_len 608
10-24 17:40:59.582  1439  1507 I WifiHAL : index: 18 per_rate_size 32, data_rem_len 576
10-24 17:40:59.582  1439  1507 I WifiHAL : index: 19 per_rate_size 32, data_rem_len 544
10-24 17:40:59.582  1439  1507 I WifiHAL : index: 20 per_rate_size 32, data_rem_len 512
10-24 17:40:59.582  1439  1507 I WifiHAL : index: 21 per_rate_size 32, data_rem_len 480
10-24 17:40:59.582  1439  1507 I WifiHAL : index: 22 per_rate_size 32, data_rem_len 448
10-24 17:40:59.582  1439  1507 I WifiHAL : index: 23 per_rate_size 32, data_rem_len 416
10-24 17:40:59.582  1439  1507 I WifiHAL : index: 24 per_rate_size 32, data_rem_len 384
10-24 17:40:59.582  1439  1507 I WifiHAL : index: 25 per_rate_size 32, data_rem_len 352
10-24 17:40:59.582  1439  1507 I WifiHAL : index: 26 per_rate_size 32, data_rem_len 320
10-24 17:40:59.582  1439  1507 I WifiHAL : index: 27 per_rate_size 32, data_rem_len 288
10-24 17:40:59.582  1439  1507 I WifiHAL : index: 28 per_rate_size 32, data_rem_len 256
10-24 17:40:59.582  1439  1507 I WifiHAL : index: 29 per_rate_size 32, data_rem_len 224
10-24 17:40:59.582  1439  1507 I WifiHAL : index: 30 per_rate_size 32, data_rem_len 192
10-24 17:40:59.582  1439  1507 I WifiHAL : index: 31 per_rate_size 32, data_rem_len 160
10-24 17:40:59.582  1439  1507 I WifiHAL : index: 32 per_rate_size 32, data_rem_len 128
10-24 17:40:59.582  1439  1507 I WifiHAL : index: 33 per_rate_size 32, data_rem_len 96
10-24 17:40:59.582  1439  1507 I WifiHAL : index: 34 per_rate_size 32, data_rem_len 64
10-24 17:40:59.582  1439  1507 I WifiHAL : index: 35 per_rate_size 32, data_rem_len 32
10-24 17:40:59.584  1439  1507 I WifiHAL : Getting cached scan results, iface handle = 0xb4000078119ff1d0
10-24 17:40:59.584  1439  1507 E WifiHAL : Creating message to get cached scan results
10-24 17:40:59.587  1439  1507 I WifiHAL : In GetCachedScanResultsCommand::handleResponse
10-24 17:40:59.594  1787  2590 D BackgroundInstallControlService: Package event received: 0
10-24 17:40:59.594  1787  2590 D BackgroundInstallControlService: Package event received: 0
10-24 17:40:59.594  1787  2590 D BackgroundInstallControlService: Package event received: 0
10-24 17:40:59.629  1787  2542 D ConnectivityService: NetReassign [no changes] [c 3] [a 3] [i 6]
10-24 17:40:59.700 21270 21279 E gcblocker: too long GC blocking: 8
10-24 17:40:59.700 21270 21279 E gcblocker: gc block end, 482739064,100
10-24 17:40:59.802 28064  9497 I edyx    : (REDACTED) appOpsListener %s %s
10-24 17:40:59.803 28064  9497 I edyx    : (REDACTED) Ignoring irrelevant audio permission changes for package %s
10-24 17:40:59.823 28064  9497 I edyx    : (REDACTED) appOpsListener %s %s
10-24 17:40:59.823 28064  9497 I edyx    : (REDACTED) Ignoring irrelevant audio permission changes for package %s
10-24 17:40:59.993  3490  3711 I twoshay.grippalm: ActivityContextualGripPalm: grip_th 1, adj( 0.00, 0.00, 0.00), steps( 0, 0.00,    0)
10-24 17:40:59.993  3490  3711 I twoshay.grippalm: ActivityContextualGripPalm: palm_fah 1, adj( 0.00, 0.00, 0.00), steps( 0, 0.00,    0)
10-24 17:40:59.993  3490  3711 I twoshay.grippalm: ActivityContextualGripPalm: palm_fal 1, adj( 0.00, 0.00, 0.00), steps( 0, 0.00,    0)
10-24 17:40:59.993  3490  3711 I twoshay.grippalm: ActivityContextualGripPalm: palm_th 1, adj( 0.00, 0.00, 0.00), steps( 0, 0.00,    0)
10-24 17:40:59.993  3490  3711 I twoshay.grippalm: SetActivityContext: 6->1
10-24 17:40:59.994  3490  3711 I twoshay.grippalm: GRIP_CONTEXT:  Context Changed: [isPortrait, isLandscapeLeft, isPortraitFlipped, isLandscapeRight]: [1, 0, 0, 0] 
10-24 17:40:59.994  3490  3711 I twoshay.grippalm: Grip 0 ENTER  th-1.00 s-0.00 [ 0.97 0.90 1.50 4.00 0.65 0.41 ] c0,e1,E1 (15,34,2608187,482739451908724)
10-24 17:40:59.994  3490  3711 I twoshay.earcheek: Ear/Cheek Suppression stopped running.
10-24 17:41:00.084   476   853 I cn_CronetUrlRequestContext: destroyNativeStreamLocked org.chromium.net.impl.CronetBidirectionalStream@6a83b13
10-24 17:41:00.115  3490  3711 I twoshay.grippalm: Label switch: Grip 0 turned into finger after 0.122378 sec
10-24 17:41:00.115  3490  3711 I twoshay.grippalm: Grip 0 Restore touch coord on V edge after 0.122378s, 10605(255),23386(627) SKIPPED
10-24 17:41:00.115  3490  3711 I twoshay.grippalm: Grip 0 LEAVE  th-2.89 s-2.47 [ 0.76 0.65 1.50 6.00 0.94 0.81 ] c0,e1,E29 (15,33,2608215,482739577804273) 0.122s
10-24 17:41:00.115  3490  3711 I twoshay.grippalm: Grip 0 LEAVE2 th-2.62 s-2.70 [ 0.74 0.62 1.50 6.00 0.96 0.81 ] c0,e1,E29 GripToFinger
10-24 17:41:00.129  2632  2632 I deeptouch: I0000 00:00:1761288060.120629    2632 event_matcher.cc:59] Frame 482739502033000 earlier than last matched event: 482739577804000; dropping
10-24 17:41:00.129  1787 14250 W ActivityTaskManager: callingPackage for (uid=2000, pid=3830) has no WPC
10-24 17:41:00.129  2632  2632 I deeptouch: I0000 00:00:1761288060.129711    2632 event_matcher.cc:59] Frame 482739506242000 earlier than last matched event: 482739577804000; dropping
10-24 17:41:00.129  2632  2632 I deeptouch: I0000 00:00:1761288060.129744    2632 event_matcher.cc:59] Frame 482739510442000 earlier than last matched event: 482739577804000; dropping
10-24 17:41:00.129  2632  2632 I deeptouch: I0000 00:00:1761288060.129756    2632 event_matcher.cc:59] Frame 482739514637000 earlier than last matched event: 482739577804000; dropping
10-24 17:41:00.129  2632  2632 I deeptouch: I0000 00:00:1761288060.129766    2632 event_matcher.cc:59] Frame 482739518832000 earlier than last matched event: 482739577804000; dropping
10-24 17:41:00.129  2632  2632 I deeptouch: I0000 00:00:1761288060.129774    2632 event_matcher.cc:59] Frame 482739523036000 earlier than last matched event: 482739577804000; dropping
10-24 17:41:00.129  2632  2632 I deeptouch: I0000 00:00:1761288060.129784    2632 event_matcher.cc:59] Frame 482739527283000 earlier than last matched event: 482739577804000; dropping
10-24 17:41:00.129  2632  2632 I deeptouch: I0000 00:00:1761288060.129795    2632 event_matcher.cc:59] Frame 482739531505000 earlier than last matched event: 482739577804000; dropping
10-24 17:41:00.129  2632  2632 I deeptouch: I0000 00:00:1761288060.129806    2632 event_matcher.cc:59] Frame 482739535672000 earlier than last matched event: 482739577804000; dropping
10-24 17:41:00.129  2632  2632 I deeptouch: I0000 00:00:1761288060.129817    2632 event_matcher.cc:59] Frame 482739539877000 earlier than last matched event: 482739577804000; dropping
10-24 17:41:00.129  2632  2632 I deeptouch: I0000 00:00:1761288060.129826    2632 event_matcher.cc:59] Frame 482739544089000 earlier than last matched event: 482739577804000; dropping
10-24 17:41:00.129  2632  2632 I deeptouch: I0000 00:00:1761288060.129834    2632 event_matcher.cc:59] Frame 482739548295000 earlier than last matched event: 482739577804000; dropping
10-24 17:41:00.129  2632  2632 I deeptouch: I0000 00:00:1761288060.129842    2632 event_matcher.cc:59] Frame 482739552524000 earlier than last matched event: 482739577804000; dropping
10-24 17:41:00.129  2632  2632 I deeptouch: I0000 00:00:1761288060.129850    2632 event_matcher.cc:59] Frame 482739556725000 earlier than last matched event: 482739577804000; dropping
10-24 17:41:00.129  2632  2632 I deeptouch: I0000 00:00:1761288060.129858    2632 event_matcher.cc:59] Frame 482739560942000 earlier than last matched event: 482739577804000; dropping
10-24 17:41:00.129  2632  2632 I deeptouch: I0000 00:00:1761288060.129868    2632 event_matcher.cc:59] Frame 482739565186000 earlier than last matched event: 482739577804000; dropping
10-24 17:41:00.129  2632  2632 I deeptouch: I0000 00:00:1761288060.129876    2632 event_matcher.cc:59] Frame 482739569357000 earlier than last matched event: 482739577804000; dropping
10-24 17:41:00.129  2632  2632 I deeptouch: I0000 00:00:1761288060.129884    2632 event_matcher.cc:59] Frame 482739573607000 earlier than last matched event: 482739577804000; dropping
10-24 17:41:00.130  1787  1964 V DisplayPowerController[0]: Brightness [0.60447913] reason changing to: 'manual', previous reason: 'manual [ dim ]'.
10-24 17:41:00.130  1787 14250 V WindowManager: DesktopModeLaunchParamsModifier: phase= 0 task=null activity=null display-area-from-current-params=null display-area-from-default-fallback=DefaultTaskDisplayArea@21895765 display-id=0 task-display-area-windowing-mode=1 suggested-display-area=DefaultTaskDisplayArea@21895765 task null, skipping
10-24 17:41:00.130  1787  1964 I DisplayPowerController[0]: BrightnessEvent: brt=0.60447913(98.0%), nits=1082.0415, lux=-1.0, reason=manual, strat=FallbackBrightnessStrategy, state=ON, stateReason=DEFAULT_POLICY, policy=BRIGHT, flags=, initBrt=0.05, rcmdBrt=NaN, preBrt=NaN, preLux=0.0, wasShortTermModelActive=false, autoBrightness=false (default), unclampedBrt=0.60447913, hbmMax=0.67, hbmMode=off, thrmMax=1.0, rbcStrength=35, powerFactor=1.0, physDisp=Built-in Screen(local:4619827612623940864), logicalId=0, slowChange=false, rampSpeed=0.7047244
10-24 17:41:00.131  1787 14250 V WindowManager: TaskLaunchParamsModifier:phase=0 task=null activity=null display-area-from-current-params=null display-area-from-default-fallback=DefaultTaskDisplayArea@21895765 display-id=0 task-display-area-windowing-mode=1 suggested-display-area=DefaultTaskDisplayArea@21895765
10-24 17:41:00.132  1787 14250 V GrammaticalInflectionUtils: AttributionSource: android.content.AttributionSource@32adccef does not have READ_SYSTEM_GRAMMATICAL_GENDER permission.
10-24 17:41:00.134  1787 14250 W OptProp : Cannot read opt property android.window.PROPERTY_COMPAT_ALLOW_RESIZEABLE_ACTIVITY_OVERRIDES
10-24 17:41:00.134  1787 14250 W OptProp : Cannot read opt property android.window.PROPERTY_COMPAT_ALLOW_MIN_ASPECT_RATIO_OVERRIDE
10-24 17:41:00.136  1787 14250 V WindowManager: DesktopModeLaunchParamsModifier: phase= 0 task=null activity=ActivityRecord{233102840 u0 com.nick.myrecoverytracker/.MainActivity display-area-from-current-params=null display-area-from-default-fallback=DefaultTaskDisplayArea@21895765 display-id=0 task-display-area-windowing-mode=1 suggested-display-area=DefaultTaskDisplayArea@21895765 task null, skipping
10-24 17:41:00.136  1787 14250 V WindowManager: TaskLaunchParamsModifier:phase=0 task=null activity=ActivityRecord{233102840 u0 com.nick.myrecoverytracker/.MainActivity t-1} display-area-from-current-params=null display-area-from-default-fallback=DefaultTaskDisplayArea@21895765 display-id=0 task-display-area-windowing-mode=1 suggested-display-area=DefaultTaskDisplayArea@21895765
10-24 17:41:00.136  1787 14250 V WindowManager: DesktopModeLaunchParamsModifier: phase= 3 task=null activity=ActivityRecord{233102840 u0 com.nick.myrecoverytracker/.MainActivity t-1} display-area-from-current-params=null display-area-from-default-fallback=DefaultTaskDisplayArea@21895765 display-id=0 task-display-area-windowing-mode=1 suggested-display-area=DefaultTaskDisplayArea@21895765 task null, skipping
10-24 17:41:00.137  1787 14250 V WindowManager: TaskLaunchParamsModifier:phase=3 task=null activity=ActivityRecord{233102840 u0 com.nick.myrecoverytracker/.MainActivity t-1} display-area-from-current-params=null display-area-from-default-fallback=DefaultTaskDisplayArea@21895765 display-id=0 task-display-area-windowing-mode=1 suggested-display-area=DefaultTaskDisplayArea@21895765 non-freeform-task-display-area display-area=DefaultTaskDisplayArea@21895765 default-portrait freeform-size-mismatch=Rect(276, 716 - 804, 1796)
10-24 17:41:00.137  1787 14250 D ActivityTaskManager: Temporarily retain top process state for launching app
10-24 17:41:00.140  2922  3493 I PixelDisplayManager: onDisplayChanged(Built-in Screen, 0, local:4619827612623940864): screenOn=true, hbmMode=0, br=0.60447913, product=DeviceProductInfo{name=TG4C-40B-00, manufacturerPnpId=GGL, productId=0, modelYear=null, manufactureDate=ManufactureDate{week=1, year=1990}, connectionToSinkType=1}
10-24 17:41:00.141  1787 14250 V WindowManager: DesktopModeLaunchParamsModifier: phase= 3 task=Task{be442d1 #15694 type=standard A=10421:com.nick.myrecoverytracker} activity=ActivityRecord{233102840 u0 com.nick.myrecoverytracker/.MainActivity t-1} display-from-task=0 display-id=0 task-display-area-windowing-mode=1 suggested-display-area=DefaultTaskDisplayArea@21895765 not entering desktop mode, skipping
10-24 17:41:00.141  1787 14250 V WindowManager: TaskLaunchParamsModifier:phase=3 task=Task{be442d1 #15694 type=standard A=10421:com.nick.myrecoverytracker} activity=ActivityRecord{233102840 u0 com.nick.myrecoverytracker/.MainActivity t-1} display-from-task=0 display-id=0 task-display-area-windowing-mode=1 suggested-display-area=DefaultTaskDisplayArea@21895765 inherit-from-task=fullscreen non-freeform-task-display-area display-area=DefaultTaskDisplayArea@21895765 default-portrait freeform-size-mismatch=Rect(276, 716 - 804, 1796)
10-24 17:41:00.141  1787 14250 W OptProp : Cannot read opt property android.window.PROPERTY_COMPAT_ALLOW_ORIENTATION_OVERRIDE
10-24 17:41:00.143  2641  2675 V ShellStartingWindow: RSO:Start tracking for task=15694
10-24 17:41:00.143  1787 14250 I AppsFilter: interaction: PackageSetting{ee52368 com.google.android.microdroid.empty_payload/10262} -> PackageSetting{eef3837 com.nick.myrecoverytracker/10421} BLOCKED
10-24 17:41:00.145  2641  2675 V WindowManagerShell: Transition requested (#7416): android.os.BinderProxy@6810f05 TransitionRequestInfo { type = OPEN, triggerTask = TaskInfo{userId=0 taskId=15694 effectiveUid=10421 displayId=0 isRunning=true baseIntent=Intent { flg=0x10000000 cmp=com.nick.myrecoverytracker/.MainActivity } baseActivity=ComponentInfo{com.nick.myrecoverytracker/com.nick.myrecoverytracker.MainActivity} topActivity=ComponentInfo{com.nick.myrecoverytracker/com.nick.myrecoverytracker.MainActivity} origActivity=null realActivity=ComponentInfo{com.nick.myrecoverytracker/com.nick.myrecoverytracker.MainActivity} numActivities=1 lastActiveTime=573938447 supportsMultiWindow=true resizeMode=1 isResizeable=true minWidth=-1 minHeight=-1 defaultMinSize=220 token=WCT{android.os.BinderProxy@a651b5a} topActivityType=1 pictureInPictureParams=null shouldDockBigOverlays=false launchIntoPipHostTaskId=-1 lastParentTaskIdBeforePip=-1 displayCutoutSafeInsets=Rect(0, 152 - 0, 0) topActivityInfo=ActivityInfo{cfe418b com.nick.myrecoverytracker.MainActivity} launchCookies=[] positionInParent=Point(0, 0) parentTaskId=-1 isFocused=false isVisible=false isVisibleRequested=false isTopActivityNoDisplay=false isSleeping=true locusId=null displayAreaFeatureId=1 isTopActivityTransparent=false isActivityStackTransparent=false lastNonFullscreenBounds=Rect(276, 716 - 804, 1796) capturedLink=null capturedLinkTimestamp=0 requestedVisibleTypes=-9 topActivityRequestOpenInBrowserEducationTimestamp=0 appCompatTaskInfo=AppCompatTaskInfo { topActivityInSizeCompat=false eligibleForLetterboxEducation= false isLetterboxEducationEnabled= false isLetterboxDoubleTapEnabled= false eligibleForUserAspectRatioButton= false topActivityBoundsLetterboxed= false isFromLetterboxDoubleTap= false topActivityLetterboxVerticalPosition= -1 topActivityLetterboxHorizontalPosition= -1 topActivityLetterboxWidth=-1 topActivityLetterboxHeight=-1 topActivityAppBounds=Rect(0, 152 - 1080, 2361) isUserFullscreenOverrideEnabled=false isSystemFullscreenOverrideEnabled=false hasMinAspectRatioOverride=false topActivityLetterboxBounds=null cameraCompatTaskInfo=CameraCompatTaskInfo { freeformCameraCompatMode=inactiveundefined} topNonResizableActivityAspectRatio=-1.0} topActivityMainWindowFrame=null isAppBubble=false}, pipChange = null, remoteTransition = null, displayChange = null, flags = 0, debugId = 7416 }
10-24 17:41:00.145  1787 14250 I ActivityTaskManager: START u0 {flg=0x10000000 xflg=0x5 cmp=com.nick.myrecoverytracker/.MainActivity} with LAUNCH_MULTIPLE from uid 2000 (com.android.shell) (BAL_ALLOW_PERMISSION) result code=0
10-24 17:41:00.145  2641  2675 D ShellSplitScreen: logExit: no-op, mLoggerSessionId is null
10-24 17:41:00.146  1787  1882 V GrammaticalInflectionUtils: AttributionSource: android.content.AttributionSource@32adccef does not have READ_SYSTEM_GRAMMATICAL_GENDER permission.
10-24 17:41:00.147   676   779 I libbinder.BpBinder: onLastStrongRef automatically unlinking death recipients: 
10-24 17:41:00.148   678  3680 I hwc-display: path=drm, id=0, level=1458, nits=94.642517, brightness=0.051812, DimmingOn=0, Hbm=0, LhbmOn=0, OpRate=0
10-24 17:41:00.151  2922  3493 I ScreenOprObserver: screen opr observer start
10-24 17:41:00.151  2922  3493 I PixelDisplayManager: Start ZA compensation manager
10-24 17:41:00.152  2922  3493 I PixelDisplayManager: ZonalAtt input info - currentBrightness : 0.60447913 UniqueId : local:4619827612623940864 isPresentMode : false ambientLight : 0.0 mScreenOprDataArrayList : [0.44596267] isDrmContent : false
10-24 17:41:00.154  2922  3493 D CompensationLayout: onWindowVisibilityChanged: 0
10-24 17:41:00.157  1357  1357 D Zygote  : Forked child process 3834
10-24 17:41:00.158  1787  1902 I ActivityManager: Start proc 3834:com.nick.myrecoverytracker/u0a421 for top-activity {com.nick.myrecoverytracker/com.nick.myrecoverytracker.MainActivity}
10-24 17:41:00.160  3834  3834 W zygote64: Activation of cgroup controller +memory failed in path /sys/fs/cgroup/apps/uid_10421: Invalid argument
10-24 17:41:00.164  3834  3834 I Zygote  : Process 3834 crated for com.nick.myrecoverytracker
10-24 17:41:00.165  3834  3834 I recoverytracker: Late-enabling -Xcheck:jni
10-24 17:41:00.165  2641  2698 D WindowOnBackDispatcher: setTopOnBackInvokedCallback (unwrapped): android.view.ViewRootImpl$$ExternalSyntheticLambda12@13094b9
10-24 17:41:00.166   678   727 I hwc-display: path=drm, id=0, level=1487, nits=98.175972, brightness=0.053788, DimmingOn=0, Hbm=0, LhbmOn=0, OpRate=0
10-24 17:41:00.167  1787  2796 D CoreBackPreview: Window{4ac3879 u0 Splash Screen com.nick.myrecoverytracker}: Setting back callback OnBackInvokedCallbackInfo{mCallback=android.window.IOnBackInvokedCallback$Stub$Proxy@3f77db1, mPriority=0, mIsAnimationCallback=false, mOverrideBehavior=0}
10-24 17:41:00.168  1787  1879 V WindowManager: Sent Transition (#7416) createdAt=10-24 17:41:00.135 via request=TransitionRequestInfo { type = OPEN, triggerTask = TaskInfo{userId=0 taskId=15694 effectiveUid=10421 displayId=0 isRunning=true baseIntent=Intent { flg=0x10000000 cmp=com.nick.myrecoverytracker/.MainActivity } baseActivity=ComponentInfo{com.nick.myrecoverytracker/com.nick.myrecoverytracker.MainActivity} topActivity=ComponentInfo{com.nick.myrecoverytracker/com.nick.myrecoverytracker.MainActivity} origActivity=null realActivity=ComponentInfo{com.nick.myrecoverytracker/com.nick.myrecoverytracker.MainActivity} numActivities=1 lastActiveTime=573938447 supportsMultiWindow=true resizeMode=1 isResizeable=true minWidth=-1 minHeight=-1 defaultMinSize=220 token=WCT{RemoteToken{92a296 Task{be442d1 #15694 type=standard A=10421:com.nick.myrecoverytracker}}} topActivityType=1 pictureInPictureParams=null shouldDockBigOverlays=false launchIntoPipHostTaskId=-1 lastParentTaskIdBeforePip=-1 displayCutoutSafeInsets=Rect(0, 152 - 0, 0) topActivityInfo=ActivityInfo{1fd1e17 com.nick.myrecoverytracker.MainActivity} launchCookies=[] positionInParent=Point(0, 0) parentTaskId=-1 isFocused=false isVisible=false isVisibleRequested=false isTopActivityNoDisplay=false isSleeping=true locusId=null displayAreaFeatureId=1 isTopActivityTransparent=false isActivityStackTransparent=false lastNonFullscreenBounds=Rect(276, 716 - 804, 1796) capturedLink=null capturedLinkTimestamp=0 requestedVisibleTypes=-9 topActivityRequestOpenInBrowserEducationTimestamp=0 appCompatTaskInfo=AppCompatTaskInfo { topActivityInSizeCompat=false eligibleForLetterboxEducation= false isLetterboxEducationEnabled= false isLetterboxDoubleTapEnabled= false eligibleForUserAspectRatioButton= false topActivityBoundsLetterboxed= false isFromLetterboxDoubleTap= false topActivityLetterboxVerticalPosition= -1 topActivityLetterboxHorizontalPosition= -1 topActivityLetterboxWidth=-1 topActivityLetterboxHeight=-1 topActivityAppBounds=Rect(0, 152 - 1080, 2361) isUserFullscreenOverrideEnabled=false isSystemFullscreenOverrideEnabled=false hasMinAspectRatioOverride=false topActivityLetterboxBounds=null cameraCompatTaskInfo=CameraCompatTaskInfo { freeformCameraCompatMode=inactiveundefined} topNonResizableActivityAspectRatio=-1.0} topActivityMainWindowFrame=null isAppBubble=false}, pipChange = null, remoteTransition = null, displayChange = null, flags = 0, debugId = 7416 }
10-24 17:41:00.168  1787  1879 V WindowManager:     startWCT=WindowContainerTransaction { changes= {} hops= [] errorCallbackToken=null taskFragmentOrganizer=null }
10-24 17:41:00.168  1787  1879 V WindowManager:     info={id=7416 t=OPEN f=0x40 trk=0 r=[] c=[]}
10-24 17:41:00.168  2641  3437 V WindowManagerShell: onTransitionReady(transaction=7675106985258)
10-24 17:41:00.168  2641  2675 V WindowManagerShell: onTransitionReady (#7416) android.os.BinderProxy@6810f05: {id=7416 t=OPEN f=0x40 trk=0 r=[] c=[]}
10-24 17:41:00.169  2641  2675 V WindowManagerShell: No transition roots in (#7416) android.os.BinderProxy@6810f05@0 so abort
10-24 17:41:00.169  2641  2675 V WindowManagerShell: Transition animation finished (aborted=true), notifying core (#7416) android.os.BinderProxy@6810f05@0
10-24 17:41:00.170  1787  1879 V WindowManager: Finish Transition (#7416): created at 10-24 17:41:00.135 collect-started=0.066ms request-sent=9.067ms started=9.83ms ready=30.955ms sent=31.472ms finished=34.849ms
10-24 17:41:00.171  2641  2675 V WindowManagerShell: Track 0 became idle
10-24 17:41:00.171  2641  2675 V WindowManagerShell: All active transition animations finished
10-24 17:41:00.178  2922  3493 D PixelDisplayManager: ZonalAttCompensationManager : 
10-24 17:41:00.178  2922  3493 D PixelDisplayManager:          mDisplayUniqueId : local:4619827612623940864
10-24 17:41:00.178  2922  3493 D PixelDisplayManager:          mDisplayIdIndex : 0
10-24 17:41:00.178  2922  3493 D PixelDisplayManager:          mCompensationConditionIndex : 0
10-24 17:41:00.178  2922  3493 D PixelDisplayManager:          zonalThresholdLevel : 0
10-24 17:41:00.178  2922  3493 D PixelDisplayManager:          shadowThresholdLevel : -1
10-24 17:41:00.178  2922  3493 D PixelDisplayManager:          mScreenOprDataArrayList : [0.49044126]
10-24 17:41:00.178  2922  3493 D PixelDisplayManager:          isOprRatioOn : true
10-24 17:41:00.178  2922  3493 D PixelDisplayManager:          mOprThresholds : 0.3
10-24 17:41:00.178  2922  3493 D CompensationLayout: createImage - baseImageId : 218300433, additionImageId : 0
10-24 17:41:00.184  2641  2675 V ShellStartingWindow: RSO:Transaction applied for task=15694
10-24 17:41:00.184  3834  3834 I recoverytracker: Using CollectorTypeCMC GC.
10-24 17:41:00.184   678   727 I hwc-display: path=drm, id=0, level=1534, nits=103.887253, brightness=0.056982, DimmingOn=0, Hbm=0, LhbmOn=0, OpRate=0
10-24 17:41:00.187  1704  1753 I adbd    : jdwp connection from 3834
10-24 17:41:00.190  3834  3834 D nativeloader: Load libframework-connectivity-tiramisu-jni.so using APEX ns com_android_tethering for caller /apex/com.android.tethering/javalib/framework-connectivity-t.jar: ok
10-24 17:41:00.193  1662  1662 D AOC     : A3:MSG: tmd3733_device.cc, 3249: USF: TMD3733: dbv:1534 luma:140 leak:-.10/-.06 rr:60 te2:0 status:1 op_hz:0[0]
10-24 17:41:00.196  1787  2590 D BackgroundInstallControlService: Package event received: 0
10-24 17:41:00.197  2873 26808 D ForegroundUtils: onUidImportance: Foreground UID status
10-24 17:41:00.197  2873 26808 D ForegroundUtils: onUidImportance: UID: 10136 is in foreground: false
10-24 17:41:00.197  2873 26808 D ForegroundUtils: onUidImportance: UID: 10152 is in foreground: false
10-24 17:41:00.197  2873 26808 D ForegroundUtils: onUidImportance: UID: 10155 is in foreground: true
10-24 17:41:00.197  2873 26808 D ForegroundUtils: onUidImportance: UID: 10156 is in foreground: false
10-24 17:41:00.197  2873 26808 D ForegroundUtils: onUidImportance: UID: 10177 is in foreground: false
10-24 17:41:00.197  2873 26808 D ForegroundUtils: onUidImportance: UID: 10179 is in foreground: false
10-24 17:41:00.197  2873 26808 D ForegroundUtils: onUidImportance: UID: 10210 is in foreground: false
10-24 17:41:00.197  2873 26808 D ForegroundUtils: onUidImportance: UID: 10227 is in foreground: false
10-24 17:41:00.197  2873 26808 D ForegroundUtils: onUidImportance: UID: 10232 is in foreground: true
10-24 17:41:00.197  2873 26808 D ForegroundUtils: onUidImportance: UID: 10237 is in foreground: true
10-24 17:41:00.197  2873 26808 D ForegroundUtils: onUidImportance: UID: 10279 is in foreground: true
10-24 17:41:00.197  2873 26808 D ForegroundUtils: onUidImportance: UID: 10281 is in foreground: false
10-24 17:41:00.197  2873 26808 D ForegroundUtils: onUidImportance: UID: 10286 is in foreground: false
10-24 17:41:00.197  2873 26808 D ForegroundUtils: onUidImportance: UID: 10312 is in foreground: false
10-24 17:41:00.197  2873 26808 D ForegroundUtils: onUidImportance: UID: 10332 is in foreground: false
10-24 17:41:00.197  2873 26808 D ForegroundUtils: onUidImportance: UID: 10347 is in foreground: false
10-24 17:41:00.197  2873 26808 D ForegroundUtils: onUidImportance: UID: 10421 is in foreground: true
10-24 17:41:00.198   678  3680 I hwc-display: path=drm, id=0, level=1582, nits=109.758057, brightness=0.060265, DimmingOn=0, Hbm=0, LhbmOn=0, OpRate=0
10-24 17:41:00.204  3834  3834 D CompatChangeReporter: Compat change id reported: 242716250; UID 10421; state: ENABLED
10-24 17:41:00.204  1787  2335 D ActivityManager: sync unfroze 13103 com.google.android.apps.tachyon for 6
10-24 17:41:00.216   678  3680 I hwc-display: path=drm, id=0, level=1631, nits=115.794044, brightness=0.063641, DimmingOn=0, Hbm=0, LhbmOn=0, OpRate=0
10-24 17:41:00.232   678  3680 I hwc-display: path=drm, id=0, level=1682, nits=121.990105, brightness=0.067106, DimmingOn=0, Hbm=0, LhbmOn=0, OpRate=0
10-24 17:41:00.238  2922  3493 E ldisplayservice: Invalid resource ID 0x00000000.
10-24 17:41:00.238  2922  3493 D CompensationLayout: createImage, isImagePresent: false, mSourceBitmap: android.graphics.Bitmap@c5b44, imageRotation: 0.0, requestAnimation: false
10-24 17:41:00.238  2922  3493 I CompensationLayout: sc is valid!!
10-24 17:41:00.238  2922  3493 I CompensationLayout: setCachedDisabled okay!!
10-24 17:41:00.248   678   727 I hwc-display: path=drm, id=0, level=1734, nits=128.354874, brightness=0.070666, DimmingOn=0, Hbm=0, LhbmOn=0, OpRate=0
10-24 17:41:00.262  1662  1662 D AOC     : A3:MSG: tmd3733_device.cc, 3249: USF: TMD3733: dbv:1734 luma:140 leak:-.03/-.02 rr:60 te2:0 status:1 op_hz:0[0]
10-24 17:41:00.262  2632  2635 I deeptouch: I0000 00:00:1761288060.262341    2635 tf_lite_classifier.cc:413] Event stream classified as kNone
10-24 17:41:00.265   678  3680 I hwc-display: path=drm, id=0, level=1787, nits=134.884064, brightness=0.074317, DimmingOn=0, Hbm=0, LhbmOn=0, OpRate=0
10-24 17:41:00.265  2641  2641 I FalsingManager: {belief=0.8495972794777769 confidence=1.0}
10-24 17:41:00.282   678  3680 I hwc-display: path=drm, id=0, level=1842, nits=141.577682, brightness=0.078061, DimmingOn=0, Hbm=0, LhbmOn=0, OpRate=0
10-24 17:41:00.298   678  3680 I hwc-display: path=drm, id=0, level=1898, nits=148.434616, brightness=0.081896, DimmingOn=0, Hbm=0, LhbmOn=0, OpRate=0
10-24 17:41:00.315   678   727 I hwc-display: path=drm, id=0, level=1949, nits=155.516251, brightness=0.085856, DimmingOn=0, Hbm=0, LhbmOn=0, OpRate=0
10-24 17:41:00.326  1662  1662 D AOC     : A3:MSG: tmd3733_device.cc, 3249: USF: TMD3733: dbv:1949 luma:136 leak:0.58/0.35 rr:60 te2:0 status:1 op_hz:0[0]
10-24 17:41:00.330  3834  3834 D nativeloader: Configuring clns-9 for other apk /data/app/~~itmpnt9MbmvHzqn9QSh-ZQ==/com.nick.myrecoverytracker-YraeT6OWDtvppYoCG51QZQ==/base.apk. target_sdk_version=34, uses_libraries=, library_path=/data/app/~~itmpnt9MbmvHzqn9QSh-ZQ==/com.nick.myrecoverytracker-YraeT6OWDtvppYoCG51QZQ==/lib/arm64, permitted_path=/data:/mnt/expand:/data/user/0/com.nick.myrecoverytracker
10-24 17:41:00.331  1787  2796 W AppOps  : Noting op not finished: uid 10152 pkg com.google.android.gms code 113 startTime of in progress event=1761287427703
10-24 17:41:00.332   678  3680 I hwc-display: path=drm, id=0, level=1991, nits=163.057663, brightness=0.090074, DimmingOn=0, Hbm=0, LhbmOn=0, OpRate=0
10-24 17:41:00.335  3834  3834 V GraphicsEnvironment: Currently set values for:
10-24 17:41:00.335  3834  3834 V GraphicsEnvironment:   angle_gl_driver_selection_pkgs=[com.android.angle, com.google.android.apps.tachyon]
10-24 17:41:00.335  3834  3834 V GraphicsEnvironment:   angle_gl_driver_selection_values=[angle, native]
10-24 17:41:00.335  3834  3834 V GraphicsEnvironment: com.nick.myrecoverytracker is not listed in per-application setting
10-24 17:41:00.335  3834  3834 V GraphicsEnvironment: ANGLE allowlist from config: 
10-24 17:41:00.335  3834  3834 V GraphicsEnvironment: com.nick.myrecoverytracker is not listed in ANGLE allowlist or settings, returning default
10-24 17:41:00.335  3834  3834 V GraphicsEnvironment: Neither updatable production driver nor prerelease driver is supported.
10-24 17:41:00.337  3834  3834 E FeatureFlagsImplExport: android.os.flagging.AconfigStorageReadException: ERROR_PACKAGE_NOT_FOUND: package com.android.org.conscrypt.net.flags cannot be found on the device
10-24 17:41:00.341  3834  3834 D WM-WrkMgrInitializer: Initializing WorkManager with default configuration.
10-24 17:41:00.348   678  3680 I hwc-display: path=drm, id=0, level=2036, nits=171.111343, brightness=0.094578, DimmingOn=0, Hbm=0, LhbmOn=0, OpRate=0
10-24 17:41:00.350  3834  3834 D WM-PackageManagerHelper: Skipping component enablement for androidx.work.impl.background.systemjob.SystemJobService
10-24 17:41:00.350  3834  3834 D WM-Schedulers: Created SystemJobScheduler and enabled SystemJobService
10-24 17:41:00.359  3834  3854 E ashmem  : Pinning is deprecated since Android Q. Please use trim or other methods.
10-24 17:41:00.365   678  3680 I hwc-display: path=drm, id=0, level=2085, nits=179.712021, brightness=0.099388, DimmingOn=0, Hbm=0, LhbmOn=0, OpRate=0
10-24 17:41:00.370  2873 26808 D ForegroundUtils: onUidImportance: Foreground UID status
10-24 17:41:00.370  2873 26808 D ForegroundUtils: onUidImportance: UID: 10136 is in foreground: false
10-24 17:41:00.370  2873 26808 D ForegroundUtils: onUidImportance: UID: 10152 is in foreground: false
10-24 17:41:00.370  2873 26808 D ForegroundUtils: onUidImportance: UID: 10155 is in foreground: true
10-24 17:41:00.370  2873 26808 D ForegroundUtils: onUidImportance: UID: 10156 is in foreground: false
10-24 17:41:00.370  2873 26808 D ForegroundUtils: onUidImportance: UID: 10177 is in foreground: false
10-24 17:41:00.370  2873 26808 D ForegroundUtils: onUidImportance: UID: 10179 is in foreground: false
10-24 17:41:00.370  2873 26808 D ForegroundUtils: onUidImportance: UID: 10210 is in foreground: false
10-24 17:41:00.370  2873 26808 D ForegroundUtils: onUidImportance: UID: 10227 is in foreground: false
10-24 17:41:00.370  2873 26808 D ForegroundUtils: onUidImportance: UID: 10232 is in foreground: true
10-24 17:41:00.370  2873 26808 D ForegroundUtils: onUidImportance: UID: 10237 is in foreground: true
10-24 17:41:00.370  2873 26808 D ForegroundUtils: onUidImportance: UID: 10279 is in foreground: true
10-24 17:41:00.370  2873 26808 D ForegroundUtils: onUidImportance: UID: 10281 is in foreground: false
10-24 17:41:00.370  2873 26808 D ForegroundUtils: onUidImportance: UID: 10286 is in foreground: false
10-24 17:41:00.370  2873 26808 D ForegroundUtils: onUidImportance: UID: 10312 is in foreground: false
10-24 17:41:00.370  2873 26808 D ForegroundUtils: onUidImportance: UID: 10332 is in foreground: false
10-24 17:41:00.370  2873 26808 D ForegroundUtils: onUidImportance: UID: 10347 is in foreground: false
10-24 17:41:00.370  2873 26808 D ForegroundUtils: onUidImportance: UID: 10421 is in foreground: false
10-24 17:41:00.371  1787  2590 D BackgroundInstallControlService: Package event received: 0
10-24 17:41:00.371  1787  2590 D BackgroundInstallControlService: Package event received: 0
10-24 17:41:00.376   476   476 D BoundBrokerSvc: onRebind: Intent { act=com.google.android.gms.libs.gmscorelogger.service.START dat=chimera-action:/... xflg=0x4 cmp=com.google.android.gms/.chimera.PersistentDirectBootAwareApiService }
10-24 17:41:00.382   678   727 I hwc-display: path=drm, id=0, level=2132, nits=188.896927, brightness=0.104525, DimmingOn=0, Hbm=0, LhbmOn=0, OpRate=0
10-24 17:41:00.393  1662  1662 D AOC     : A3:MSG: tmd3733_device.cc, 3249: USF: TMD3733: dbv:2132 luma:136 leak:1.49/0.89 rr:60 te2:0 status:1 op_hz:0[0]
10-24 17:41:00.398   678  3680 I hwc-display: path=drm, id=0, level=2176, nits=198.704773, brightness=0.110010, DimmingOn=0, Hbm=0, LhbmOn=0, OpRate=0
10-24 17:41:00.421   678  3680 I hwc-display: path=drm, id=0, level=2223, nits=209.178909, brightness=0.115868, DimmingOn=0, Hbm=0, LhbmOn=0, OpRate=0
10-24 17:41:00.425  1787  3177 W Telecom : TelecomServiceImpl$1: registerPhoneAccount - attempt to set a group from a non-system caller.: TSI.rPA(cgaat)@mnM
10-24 17:41:00.425  1787  3177 I Telecom : TelecomServiceImpl$1: registerPhoneAccount: account=[[ ] PhoneAccount: ComponentInfo{com.google.android.apps.tachyon/com.google.android.apps.tachyon}, ***, UserHandle{0} Capabilities: SelfManaged SuppVideo Video TransactOps  Audio Routes: BESW Schemes: tel  Extras: Bundle[{isCoreTelecomAccount=true}] GroupId: *** SC Restrictions: [NONE]]: TSI.rPA(cgaat)@mnM
10-24 17:41:00.425  1787  3177 W Telecom : PhoneAccountRegistrar: phoneAccount ComponentInfo{com.google.android.apps.tachyon/com.google.android.apps.tachyon} not found: TSI.rPA(cgaat)@mnM
10-24 17:41:00.425  1787  3177 I Telecom : PhoneAccountRegistrar: Modify account: [ComponentInfo{com.google.android.apps.tachyon/com.google.android.apps.tachyon}, ***, UserHandle{0}(lbl: Telecom-Jetpack -> Meet)]: TSI.rPA(cgaat)@mnM
10-24 17:41:00.429  1787  2796 I BroadcastQueue: BOOT_COMPLETED_BROADCAST_COMPLETION_LATENCY_REPORTED action:android.intent.action.LOCKED_BOOT_COMPLETED dispatchLatency:3 completeLatency:232 dispatchRealLatency:3 completeRealLatency:231 receiversSize:1 userId:0 userType:android.os.usertype.full.SYSTEM
10-24 17:41:00.435  3834  3858 I DisplayManager: Choreographer implicitly registered for the refresh rate.
10-24 17:41:00.437  1787  3177 I Telecom : AppLabelProxy: package com.google.android.apps.tachyon: name is Meet: TSI.rPA(cgaat)@mnM
10-24 17:41:00.438  1787  3177 I Telecom : CallsManager: handlePhoneAccountChanged: phoneAccount=[[X] PhoneAccount: ComponentInfo{com.google.android.apps.tachyon/com.google.android.apps.tachyon}, ***, UserHandle{0} Capabilities: SelfManaged SuppVideo Video TransactOps  Audio Routes: BESW Schemes: tel  Extras: Bundle[{isCoreTelecomAccount=true}] GroupId: *** SC Restrictions: [NONE]]: TSI.rPA(cgaat)@mnM
10-24 17:41:00.438   678  3680 I hwc-display: path=drm, id=0, level=2289, nits=224.643707, brightness=0.124517, DimmingOn=0, Hbm=0, LhbmOn=0, OpRate=0
10-24 17:41:00.454   678   727 I hwc-display: path=drm, id=0, level=2333, nits=236.878250, brightness=0.131359, DimmingOn=0, Hbm=0, LhbmOn=0, OpRate=0
10-24 17:41:00.459  1662  1662 D AOC     : A3:MSG: tmd3733_device.cc, 3249: USF: TMD3733: dbv:2333 luma:136 leak:2.71/1.61 rr:60 te2:0 status:1 op_hz:0[0]
10-24 17:41:00.470  1787  3177 I ActivityManager: Background started FGS: Allowed [callingPackage: com.nick.myrecoverytracker; callingUid: 10421; uidState: RCVR; uidBFSL: n/a; intent: Intent { xflg=0x4 cmp=com.nick.myrecoverytracker/.ForegroundUnlockService }; code:ACTIVITY_STARTER; tempAllowListReason:<,reasonCode:SYSTEM_ALLOW_LISTED,duration:9223372036854775807,callingUid:-1>; allowWiu:52; targetSdkVersion:34; callerTargetSdkVersion:34; startForegroundCount:0; bindFromPackage:null: isBindService:false]
10-24 17:41:00.471  3834  3834 I MainActivity: Requested ForegroundUnlockService start
10-24 17:41:00.472   678  3680 I hwc-display: path=drm, id=0, level=2380, nits=249.944580, brightness=0.138667, DimmingOn=0, Hbm=0, LhbmOn=0, OpRate=0
10-24 17:41:00.472  1787  3177 I ActivityManager: Background started FGS: Allowed [callingPackage: com.nick.myrecoverytracker; callingUid: 10421; uidState: SVC ; uidBFSL: n/a; intent: Intent { xflg=0x4 cmp=com.nick.myrecoverytracker/.LocationCaptureService }; code:ACTIVITY_STARTER; tempAllowListReason:<,reasonCode:SYSTEM_ALLOW_LISTED,duration:9223372036854775807,callingUid:-1>; allowWiu:52; targetSdkVersion:34; callerTargetSdkVersion:34; startForegroundCount:0; bindFromPackage:null: isBindService:false]
10-24 17:41:00.473  3834  3834 I MainActivity: Requested LocationCaptureService start
10-24 17:41:00.474  3834  3834 I RedcapDiag: Env present -> baseUrl=true, apiToken=true, projectId=true
10-24 17:41:00.475  3834  3834 I RedcapDiag: Mapping present -> true source=assets/redcap_mapping.json size=118
10-24 17:41:00.475  3834  3834 I MainActivity: RedcapDiag.log executed on launch
10-24 17:41:00.475  3834  3834 I MainActivity: Enqueued NotificationEngagementWorker (24h periodic)
10-24 17:41:00.477  3834  3854 D CompatChangeReporter: Compat change id reported: 253665015; UID 10421; state: ENABLED
10-24 17:41:00.478  1787  3177 D CompatChangeReporter: Compat change id reported: 253665015; UID 10421; state: ENABLED
10-24 17:41:00.486  3834  3834 I DistanceRepair: Recalculated distances. today=2025-10-24 value=53.37 km
10-24 17:41:00.488   678  3680 I hwc-display: path=drm, id=0, level=2429, nits=263.898224, brightness=0.146471, DimmingOn=0, Hbm=0, LhbmOn=0, OpRate=0
10-24 17:41:00.492  3834  3834 D DesktopExperienceFlags: Toggle override initialized to: false
10-24 17:41:00.492  3834  3834 D DesktopModeFlags: Toggle override initialized to: OVERRIDE_UNSET
10-24 17:41:00.505   678  3680 I hwc-display: path=drm, id=0, level=2474, nits=278.781464, brightness=0.154794, DimmingOn=0, Hbm=0, LhbmOn=0, OpRate=0
10-24 17:41:00.506  3834  3834 I ContentCaptureHelper: Setting logging level to OFF
10-24 17:41:00.521   678   727 I hwc-display: path=drm, id=0, level=2519, nits=294.691071, brightness=0.163692, DimmingOn=0, Hbm=0, LhbmOn=0, OpRate=0
10-24 17:41:00.526  1662  1662 D AOC     : A3:MSG: tmd3733_device.cc, 3249: USF: TMD3733: dbv:2519 luma:136 leak:3.94/2.35 rr:60 te2:0 status:1 op_hz:0[0]
10-24 17:41:00.530  1787  2590 D BackgroundInstallControlService: Package event received: 0
10-24 17:41:00.533  1787  2796 D CompatChangeReporter: Compat change id reported: 161145287; UID 10421; state: ENABLED
10-24 17:41:00.538   678  3680 I hwc-display: path=drm, id=0, level=2568, nits=311.686768, brightness=0.173197, DimmingOn=0, Hbm=0, LhbmOn=0, OpRate=0
10-24 17:41:00.545  1787  2590 D BackgroundInstallControlService: Package event received: 0
10-24 17:41:00.550  1647  1663 I AIDL    : Gnss::setPositionMode: Called
10-24 17:41:00.550  1647  1663 I AIDL    : Gnss::setPositionMode: Exit
10-24 17:41:00.550  1474  1474 W PixelGnssChreClient: UpdateLocationInterval 5000 and Location start 1.
10-24 17:41:00.551  1647  1663 I AIDL    : Gnss::start: Called
10-24 17:41:00.551  1647  1663 I AIDL    : GNSS Version : [ SPOTNAV_4.15.4_5_250417_R1_268303_Apr 24 2025_16:21:58 ]
10-24 17:41:00.551  1647  1663 I AIDL    : GNSS Commit Hash: 8ba9a88e6fed6d4f5caf081365c34203fa9305c2
10-24 17:41:00.552  1647  1668 I AIDL    : GNSSReportStatus: status=1 cbIsNULL=0
10-24 17:41:00.552  1647  1667 I AIDL    : GNSSReportStatus: status=3 cbIsNULL=0
10-24 17:41:00.552  1639  2258 D GNSS    : GNSS Library Version: 
10-24 17:41:00.553  1647  1667 I AIDL    : GNSSReportStatus: gnssStatusCb() returned
10-24 17:41:00.553  1647  1668 I AIDL    : GNSSReportStatus: gnssStatusCb() returned
10-24 17:41:00.553  1647  1668 I AIDL    : GNSSStartHandler: Success
10-24 17:41:00.553  1474  1474 W PixelGnssChreClient: LocationStart 1 and Interval 5000.
10-24 17:41:00.553  1639  2258 D GNSS    : GNSS SW 36(Android 16) Commit=8ba9a88e6fed6d4f5caf081365c34203fa9305c2 GL=
10-24 17:41:00.553  3834  3834 D WindowOnBackDispatcher: setTopOnBackInvokedCallback (unwrapped): android.view.ViewRootImpl$$ExternalSyntheticLambda12@a77c58e
10-24 17:41:00.553  1639  2258 I LibSITRil-Gps: RequestAGPS: msgId=233 data=0x0 data_len=0 callback=0x6e8b786e80
10-24 17:41:00.553  1639  2258 D RILClient: [OemClient] RILC_Send msgId:233 lengh:0 channel:1
10-24 17:41:00.553  1639  2258 D RILClient: [OemClient]REQ (clientId = 1, t = 124, msgId = 233, len = 0 channel = 1)
10-24 17:41:00.553  1639  2258 I LibSITRil-Gps: RequestAGPS: msgId=230 data=0x0 data_len=0 callback=0x6e8b786e80
10-24 17:41:00.553  1639  2258 D RILClient: [OemClient] RILC_Send msgId:230 lengh:0 channel:1
10-24 17:41:00.553  1639  2258 D RILClient: [OemClient]REQ (clientId = 1, t = 125, msgId = 230, len = 0 channel = 1)
10-24 17:41:00.554  1787  5205 D CoreBackPreview: Window{5bac371 u0 com.nick.myrecoverytracker/com.nick.myrecoverytracker.MainActivity}: Setting back callback OnBackInvokedCallbackInfo{mCallback=android.window.IOnBackInvokedCallback$Stub$Proxy@df746c7, mPriority=0, mIsAnimationCallback=false, mOverrideBehavior=0}
10-24 17:41:00.554  1639  2269 D RILClient: [OemClient]RSP: (clientId = 1, t = 124, msgId = 233, len = 30, channel = 1, status = 0)
10-24 17:41:00.554  1639  2269 I LibSITRil-Gps: RequestAGPS: msgId=201 data=0x6e88100550 data_len=2 callback=0x6e8b786e80
10-24 17:41:00.554  1639  2269 D RILClient: [OemClient] RILC_Send msgId:201 lengh:2 channel:1
10-24 17:41:00.554  1639  2269 D RILClient: [OemClient]REQ (clientId = 1, t = 126, msgId = 201, len = 2 channel = 1)
10-24 17:41:00.554  1639  2269 I LibSITRil-Gps: RequestAGPS: msgId=229 data=0x0 data_len=0 callback=0x6e8b786e80
10-24 17:41:00.554  1639  2269 D RILClient: [OemClient] RILC_Send msgId:229 lengh:0 channel:1
10-24 17:41:00.554  1639  2269 D RILClient: [OemClient]REQ (clientId = 1, t = 127, msgId = 229, len = 0 channel = 1)
10-24 17:41:00.555   678   727 I hwc-display: path=drm, id=0, level=2617, nits=329.822876, brightness=0.183340, DimmingOn=0, Hbm=0, LhbmOn=0, OpRate=0
10-24 17:41:00.555  1639  2269 D RILClient: [OemClient]RSP: (clientId = 1, t = 125, msgId = 230, len = 8, channel = 1, status = 0)
10-24 17:41:00.560  1662  1662 D AOC     : A3:MSG: tmd3733_device.cc, 3249: USF: TMD3733: dbv:2617 luma:136 leak:4.66/2.77 rr:60 te2:0 status:1 op_hz:0[1]
10-24 17:41:00.561  1662  1662 D AOC     : A3:MSG: tmd3733_device.cc, 3186: USF: TMD3733: vsync_delay_usec: 13700
10-24 17:41:00.562  1639  2258 I LibSITRil-Gps: RequestAGPS: msgId=201 data=0x6e96309910 data_len=2 callback=0x6e8b786e80
10-24 17:41:00.562  1639  2258 D RILClient: [OemClient] RILC_Send msgId:201 lengh:2 channel:1
10-24 17:41:00.562  1639  2258 D RILClient: [OemClient]REQ (clientId = 1, t = 128, msgId = 201, len = 2 channel = 1)
10-24 17:41:00.563  1639  2258 I LibSITRil-Gps: RequestAGPS: msgId=229 data=0x0 data_len=0 callback=0x6e8b786e80
10-24 17:41:00.563  1639  2258 D RILClient: [OemClient] RILC_Send msgId:229 lengh:0 channel:1
10-24 17:41:00.563  1639  2258 D RILClient: [OemClient]REQ (clientId = 1, t = 129, msgId = 229, len = 0 channel = 1)
10-24 17:41:00.565   476   541 I ActivityScheduler: nextTriggerTime: 574177666, in 238798ms, detectorType: 0,  alarmWindowMillis: 30000
10-24 17:41:00.569  1390  1390 I CHRE.HAL: Client 3 registers endpoint id 1
10-24 17:41:00.572   678  3680 I hwc-display: path=drm, id=0, level=2661, nits=349.197510, brightness=0.194176, DimmingOn=0, Hbm=0, LhbmOn=0, OpRate=0
10-24 17:41:00.572  2641  2675 V ShellStartingWindow: RSO:Receive removal info for task=15694
10-24 17:41:00.574  1787  2796 I BroadcastQueue: BOOT_COMPLETED_BROADCAST_COMPLETION_LATENCY_REPORTED action:android.intent.action.BOOT_COMPLETED dispatchLatency:229 completeLatency:374 dispatchRealLatency:229 completeRealLatency:374 receiversSize:2 userId:0 userType:android.os.usertype.full.SYSTEM
10-24 17:41:00.575  1787  1879 I ActivityTaskManager: Displayed com.nick.myrecoverytracker/.MainActivity for user 0: +444ms
10-24 17:41:00.578  1390  1412 D CHRE.HAL: Received a nanoapp message from 0x476f6f676c001044 endpoint 0x80c1: Type 0x3 size 2 
10-24 17:41:00.578  1390  1412 D CHRE.HAL: Received a nanoapp message from 0x476f6f676c001044 endpoint 0x80c1: Type 0x8 size 4 
10-24 17:41:00.578  1390  1412 D CHRE    : @ 573947.799: Parsed nanoapp message from host: app ID 0x476f6f676c001044 endpoint 0x80c1 msgType 1 payload size 3
10-24 17:41:00.578  1390  1412 D CHRE    : @ 573947.800: chrexTimePulseSubscribe time_sync nanoapp instance 22
10-24 17:41:00.578  1390  1412 I CHRE    : @ 573947.800: [TimeSyncManager] Activity Bypass module initialize
10-24 17:41:00.578  1390  1412 I CHRE    : @ 573947.800: [TimeSyncManager] Activity Ready
10-24 17:41:00.578  1390  1412 I CHRE    : @ 573947.800: [TimeSyncManager] Registered 32961 as new client 188
10-24 17:41:00.578  1390  1412 I CHRE    : @ 573947.800: [AR] ArService: registerClient 22
10-24 17:41:00.578  1390  1412 I CHRE    : @ 573947.801: [TimeSyncManager] AR=4 confidence=958 motion confidence=60
10-24 17:41:00.578  1390  1412 W CHRE    : @ 573947.801: [TimeSyncManager] Unexpected event type 33026
10-24 17:41:00.582   678  3680 I hwc-display: path=drm, id=0, level=2708, nits=369.887665, brightness=0.205747, DimmingOn=0, Hbm=0, LhbmOn=0, OpRate=0
10-24 17:41:00.587  1787  2590 D BackgroundInstallControlService: Package event received: 0
10-24 17:41:00.592  1639  2270 D RILClient: [OemClient]RSP: (clientId = 1, t = 126, msgId = 201, len = 158, channel = 1, status = 0)
10-24 17:41:00.593  1639  2270 D RILClient: [OemClient]RSP: (clientId = 1, t = 127, msgId = 229, len = 11, channel = 1, status = 0)
10-24 17:41:00.594  1639  2270 D RILClient: [OemClient]RSP: (clientId = 1, t = 128, msgId = 201, len = 158, channel = 1, status = 0)
10-24 17:41:00.594  1639  2270 D RILClient: [OemClient]RSP: (clientId = 1, t = 129, msgId = 229, len = 11, channel = 1, status = 0)
10-24 17:41:00.599   678  3680 I hwc-display: path=drm, id=0, level=2739, nits=383.726562, brightness=0.213486, DimmingOn=0, Hbm=0, LhbmOn=0, OpRate=0
10-24 17:41:00.604  1787  2796 D AGnssRilCbJni: requestSetIdCb. setIdflag: 1, 
10-24 17:41:00.606  1647  1667 I AIDL    : GNSSAGnssRilSetSetId: Exit
10-24 17:41:00.616  1390  1412 D CHRE    : @ 573947.838: timepulse GPI 49, timestamp:14105340323962
10-24 17:41:00.616  1390  1412 D CHRE.HAL: Received a nanoapp message from 0x476f6f676c001044 endpoint 0x80c1: Type 0x6 size 9 
10-24 17:41:00.616  1390  1412 D CHRE    : @ 573947.839: [TimeSync] ProcessPpsPulse: fiq counter 14105340323962
10-24 17:41:00.621   678   727 I hwc-display: path=drm, id=0, level=2788, nits=406.756744, brightness=0.226366, DimmingOn=0, Hbm=0, LhbmOn=0, OpRate=0
