10-24 17:41:01.915  1662  1662 D AOC     : A3:MSG: usf_sensor.cc, 1784: USF: Received start sampling request for LSM6DSV Motion Detect (active:1).
10-24 17:41:01.916  1662  1662 D AOC     : A3:MSG: lsm6dsv_device.cc, 732: USF: Lsm6dsvDevice: Sensor 3: Enabled 1, odr_index 1, period_ns 500000000.
10-24 17:41:01.916  1662  1662 D AOC     : A3:MSG: lsm6dsv_fifo.cc, 755: USF: Lsm6dsvFifo: ODR: XL/G/T/TS: 120/120/15/15 WM: 2 Intr: 120.
10-24 17:41:01.917  1662  1662 D AOC     : A3:MSG: lsm6dsv_device.cc, 641: USF: Lsm6dsvDevice: Fifo was disabled for 555664ns.
10-24 17:41:01.918  1390  1412 I CHRE    : @ 573949.138: [AR] ON => IDLE
10-24 17:41:01.919  2641  2641 E NotifRow: Magnetic state changed from IDLE to IDLE on a null swiped listener, or the logging key of the listener is null
10-24 17:41:01.920  1662  1662 D AOC     : A3:MSG: usf_sensor.cc, 1784: USF: Received start sampling request for LSM6DSV Accelerometer (active:7).
10-24 17:41:01.922  1390  1412 I CHRE    : @ 573949.143: Received a sampling status update for one shot sensor LSM6DSV Motion Detect
10-24 17:41:01.923  1787  5205 D TelephonyManager: requestModemActivityInfo: Sending result to app: ModemActivityInfo{ mTimestamp=573940225 mSleepTimeMs=357497498 mIdleTimeMs=9514080 mActivityStatsTechSpecificInfo=[{mRat=GERAN,mFrequencyRange=UNKNOWN,mTxTimeMs[]=[0, 0, 0, 0, 0],mRxTimeMs=267}, {mRat=UTRAN,mFrequencyRange=UNKNOWN,mTxTimeMs[]=[0, 0, 0, 0, 0],mRxTimeMs=0}, {mRat=EUTRAN,mFrequencyRange=UNKNOWN,mTxTimeMs[]=[512334, 299416, 831881, 614066, 852470],mRxTimeMs=462479189}, {mRat=NGRAN,mFrequencyRange=HIGH,mTxTimeMs[]=[35307, 20865, 63060, 63078, 404539],mRxTimeMs=76594200}, {mRat=NGRAN,mFrequencyRange=MMWAVE,mTxTimeMs[]=[0, 0, 0, 0, 0],mRxTimeMs=0}, {mRat=UNKNOWN,mFrequencyRange=UNKNOWN,mTxTimeMs[]=[0, 0, 0, 0, 0],mRxTimeMs=0}]}
10-24 17:41:01.924  1390  1412 D CHRE.HAL: Received a nanoapp message from 0x476f6f676c001044 endpoint 0x80c1: Type 0x8 size 4 
10-24 17:41:01.925  1390  1412 I CHRE    : @ 573949.146: [TimeSyncManager] AR=4 confidence=930 motion confidence=84
10-24 17:41:01.925  1390  1412 W CHRE    : @ 573949.147: [TimeSyncManager] Unexpected event type 33026
10-24 17:41:01.943  2632  2635 I deeptouch: I0000 00:00:1761288061.943790    2635 tf_lite_classifier.cc:403] Event stream classified as kDeepPress
10-24 17:41:01.945  1787 14250 V NetworkStatsAccumulator: Expanding snapshot (mTemplate=NetworkTemplate: matchRule=WIFI, matchSubscriberIds=[], matchWifiNetworkKeys=[], mWithTags=false) from 1761273643428 to 1761280861941 at 1761288061941
10-24 17:41:01.951  2641  2641 D WindowOnBackDispatcher: setTopOnBackInvokedCallback (unwrapped): null
10-24 17:41:01.952  1787  2796 D CoreBackPreview: Window{a6e84a6 u0 NotificationShade}: Setting back callback null
10-24 17:41:01.956  3834  3893 I SleepRollupWorker: WAKE_ACCEPT unlock=2025-09-27T06:22:42+10:00[Australia/Sydney] (no SCREEN_OFF in next 20s)
10-24 17:41:01.957  1439  1507 I WifiHAL : Creating message to get link statistics; iface = 47
10-24 17:41:01.957  2922  3493 E ldisplayservice: Invalid resource ID 0x00000000.
10-24 17:41:01.957  2922  3493 D CompensationLayout: createImage, isImagePresent: true, mSourceBitmap: android.graphics.Bitmap@b97fdae, imageRotation: 0.0, requestAnimation: false
10-24 17:41:01.976  1662  1662 D AOC     : A3:MSG: tmd3733_device.cc, 3249: USF: TMD3733: dbv:3545 luma:154 leak:22.03/14.41 rr:60 te2:0 status:1 op_hz:0[0]
10-24 17:41:01.983  2906  2906 I SHANNON_IMS: 9835 [CALL] isEmcAvailable for true (ImsCallManager%isEmcAvailable:1571)
10-24 17:41:01.994  1439  1507 I WifiHAL : index: 0 per_rate_size 32, data_rem_len 1152
10-24 17:41:01.994  1439  1507 I WifiHAL : index: 1 per_rate_size 32, data_rem_len 1120
10-24 17:41:01.994  1439  1507 I WifiHAL : index: 2 per_rate_size 32, data_rem_len 1088
10-24 17:41:01.994  1439  1507 I WifiHAL : index: 3 per_rate_size 32, data_rem_len 1056
10-24 17:41:01.994  1439  1507 I WifiHAL : index: 4 per_rate_size 32, data_rem_len 1024
10-24 17:41:01.994  1439  1507 I WifiHAL : index: 5 per_rate_size 32, data_rem_len 992
10-24 17:41:01.994  1439  1507 I WifiHAL : index: 6 per_rate_size 32, data_rem_len 960
10-24 17:41:01.994  1439  1507 I WifiHAL : index: 7 per_rate_size 32, data_rem_len 928
10-24 17:41:01.994  1439  1507 I WifiHAL : index: 8 per_rate_size 32, data_rem_len 896
10-24 17:41:01.994  1439  1507 I WifiHAL : index: 9 per_rate_size 32, data_rem_len 864
10-24 17:41:01.994  1439  1507 I WifiHAL : index: 10 per_rate_size 32, data_rem_len 832
10-24 17:41:01.994  1439  1507 I WifiHAL : index: 11 per_rate_size 32, data_rem_len 800
10-24 17:41:01.994  1439  1507 I WifiHAL : index: 12 per_rate_size 32, data_rem_len 768
10-24 17:41:01.994  1439  1507 I WifiHAL : index: 13 per_rate_size 32, data_rem_len 736
10-24 17:41:01.994  1439  1507 I WifiHAL : index: 14 per_rate_size 32, data_rem_len 704
10-24 17:41:01.994  1439  1507 I WifiHAL : index: 15 per_rate_size 32, data_rem_len 672
10-24 17:41:01.994  1439  1507 I WifiHAL : index: 16 per_rate_size 32, data_rem_len 640
10-24 17:41:01.994  1439  1507 I WifiHAL : index: 17 per_rate_size 32, data_rem_len 608
10-24 17:41:01.994  1439  1507 I WifiHAL : index: 18 per_rate_size 32, data_rem_len 576
10-24 17:41:01.994  1439  1507 I WifiHAL : index: 19 per_rate_size 32, data_rem_len 544
10-24 17:41:01.994  1439  1507 I WifiHAL : index: 20 per_rate_size 32, data_rem_len 512
10-24 17:41:01.994  1439  1507 I WifiHAL : index: 21 per_rate_size 32, data_rem_len 480
10-24 17:41:01.994  1439  1507 I WifiHAL : index: 22 per_rate_size 32, data_rem_len 448
10-24 17:41:01.995  1439  1507 I WifiHAL : index: 23 per_rate_size 32, data_rem_len 416
10-24 17:41:01.995  1439  1507 I WifiHAL : index: 24 per_rate_size 32, data_rem_len 384
10-24 17:41:01.995  1439  1507 I WifiHAL : index: 25 per_rate_size 32, data_rem_len 352
10-24 17:41:01.995  1439  1507 I WifiHAL : index: 26 per_rate_size 32, data_rem_len 320
10-24 17:41:01.995  1439  1507 I WifiHAL : index: 27 per_rate_size 32, data_rem_len 288
10-24 17:41:01.995  1439  1507 I WifiHAL : index: 28 per_rate_size 32, data_rem_len 256
10-24 17:41:01.995  1439  1507 I WifiHAL : index: 29 per_rate_size 32, data_rem_len 224
10-24 17:41:01.995  1439  1507 I WifiHAL : index: 30 per_rate_size 32, data_rem_len 192
10-24 17:41:01.995  1439  1507 I WifiHAL : index: 31 per_rate_size 32, data_rem_len 160
10-24 17:41:01.995  1439  1507 I WifiHAL : index: 32 per_rate_size 32, data_rem_len 128
10-24 17:41:01.995  1439  1507 I WifiHAL : index: 33 per_rate_size 32, data_rem_len 96
10-24 17:41:01.995  1439  1507 I WifiHAL : index: 34 per_rate_size 32, data_rem_len 64
10-24 17:41:01.995  1439  1507 I WifiHAL : index: 35 per_rate_size 32, data_rem_len 32
10-24 17:41:01.995  1439  1439 I WifiHAL : Getting cached scan results, iface handle = 0xb4000078119ff1d0
10-24 17:41:01.995  1439  1439 E WifiHAL : Creating message to get cached scan results
10-24 17:41:02.002  1439  1439 I WifiHAL : In GetCachedScanResultsCommand::handleResponse
10-24 17:41:02.013  1877  3923 D Vibrator: waitForComplete: Vibrator is already off
10-24 17:41:02.068  3834  3893 I SleepRollupWorker: SLEEP_ACCEPT at=2025-09-27T01:05+10:00[Australia/Sydney] type=SCREEN_OFF (60m quiet)
10-24 17:41:02.077  3834  3893 I SleepRollupWorker: Sleep 2025-09-27 -> sleep=01:05:00 wake=06:22:42 hours=5.30 quality=OK
10-24 17:41:02.126  3834  3893 I SleepRollupWorker: WAKE_ACCEPT unlock=2025-09-28T08:05:08+10:00[Australia/Sydney] (no SCREEN_OFF in next 20s)
10-24 17:41:02.169  1629  3899 D CCodecBufferChannel: [c2.android.vorbis.decoder#781] buffers after EOS ignored (0 us)
10-24 17:41:02.169  1629  3899 D CCodecBufferChannel: [c2.android.vorbis.decoder#781] buffers after EOS ignored (0 us)
10-24 17:41:02.170  1629  3897 D AudioTrack: stop(14648): called with 52906 frames delivered
10-24 17:41:02.171  1787  2796 E AppOps  : attributionTag  not declared in manifest of com.android.systemui
10-24 17:41:02.172  1787  5205 E AppOps  : attributionTag  not declared in manifest of com.android.systemui
10-24 17:41:02.208  2641  2698 D WindowOnBackDispatcher: setTopOnBackInvokedCallback (unwrapped): null
10-24 17:41:02.209  1787  5205 D CoreBackPreview: Window{19285c8 u0 Splash Screen com.nick.myrecoverytracker EXITING}: Setting back callback null
10-24 17:41:02.238  3834  3893 I SleepRollupWorker: SLEEP_ACCEPT at=2025-09-28T03:40:37+10:00[Australia/Sydney] type=SCREEN_OFF (60m quiet)
10-24 17:41:02.244  3834  3893 I SleepRollupWorker: Sleep 2025-09-28 -> sleep=03:40:37 wake=08:05:08 hours=4.41 quality=OK
10-24 17:41:02.258  3834  3844 W System  : A resource failed to call close. 
10-24 17:41:02.258  3834  3844 W System  : A resource failed to call close. 
10-24 17:41:02.281  2641  2641 I KeyguardTransitionRepository: FINISHED transition: TransitionStep(from=LOCKSCREEN, to=GONE, value=1.0, transitionState=FINISHED, ownerName=FromLockscreenTransitionInteractor(keyguard interactor says keyguard is going away))
10-24 17:41:02.283  2641  2701 D StatusBar##isHomeStatusBarAllowed: newValue: true
10-24 17:41:02.284  1787  5205 D FaceProvider/default: Starting watchdog for face
10-24 17:41:02.284  2641  2712 D StatusBar##chips: newValue: Chips[allowed=true numChips=0]
10-24 17:41:02.284  1787  5205 E BiometricScheduler: Current operation is null,no need to start watchdog
10-24 17:41:02.284  2641  2714 D ResourceTrimmer: Sending TRIM_MEMORY_UI_HIDDEN.
10-24 17:41:02.287  3834  3893 I SleepRollupWorker: WAKE_REJECT unlock=2025-09-29T08:36:37+10:00[Australia/Sydney] reason=SCREEN_OFF at 2025-09-29T08:36:40+10:00[Australia/Sydney] (+3s < 20s)
10-24 17:41:02.287  3834  3893 I SleepRollupWorker: WAKE_REJECT unlock=2025-09-29T08:56:53+10:00[Australia/Sydney] reason=SCREEN_OFF at 2025-09-29T08:57:12+10:00[Australia/Sydney] (+19s < 20s)
10-24 17:41:02.287  3834  3893 I SleepRollupWorker: WAKE_REJECT unlock=2025-09-29T09:20:03+10:00[Australia/Sydney] reason=SCREEN_OFF at 2025-09-29T09:20:15+10:00[Australia/Sydney] (+12s < 20s)
10-24 17:41:02.287  3834  3893 I SleepRollupWorker: WAKE_REJECT unlock=2025-09-29T09:36:58+10:00[Australia/Sydney] reason=SCREEN_OFF at 2025-09-29T09:37:06+10:00[Australia/Sydney] (+8s < 20s)
10-24 17:41:02.288  2641  2641 D KeyguardUnlock: surfaceBehindEntryAnimator#onAnimationEnd
10-24 17:41:02.288  2641  2641 D KeyguardViewMediator: exitKeyguardAndFinishSurfaceBehindRemoteAnimation
10-24 17:41:02.288  3834  3893 I SleepRollupWorker: WAKE_ACCEPT unlock=2025-09-29T09:46:19+10:00[Australia/Sydney] (no SCREEN_OFF in next 20s)
10-24 17:41:02.304  2641  2641 D DismissCallbackRegistry: notifyDismissSucceeded(0)
10-24 17:41:02.305  2641  2641 D KeyguardViewMediator: onKeyguardExitRemoteAnimationFinished#hideKeyguardViewAfterRemoteAnimation
10-24 17:41:02.305  2641  2841 D KeyguardViewMediator: updateActivityLockScreenState(false, false, onKeyguardExitFinished: exitKeyguardAndFinishSurfaceBehindRemoteAnimation)
10-24 17:41:02.306  1787  2590 D BackgroundInstallControlService: Package event received: 0
10-24 17:41:02.308  1402  1402 D usf_sensor_hal: device pickup: Enter Activate. Enable = 0.
10-24 17:41:02.308  1444  1523 I AF::PthrPatchRecord: creating track with enforcement level 0
10-24 17:41:02.309  1662  1662 D AOC     : A3:MSG: usf_sensor.cc, 1792: USF: Received stop sampling request for Lift to Wake Sensor (active:0).
10-24 17:41:02.310  1662  1662 D AOC     : A3:MSG: vsc_sensor.cc, 68: VSC: [Lift to Wake Sensor] disable.
10-24 17:41:02.310  1662  1662 D AOC     : A3:MSG: usf_vsc_log.cc, 45: USF: [Lift_to_Wake] Lift to wake gesture instance deleted at 0x401551e0
10-24 17:41:02.310  1662  1662 D AOC     : A3:MSG: usf_vsc_log.cc, 45: USF: [Lift_to_Wake] Enable Lift to Wake gesture : 0
10-24 17:41:02.310  2641  2641 D CentralSurfaces: !shouldBeKeyguard mStatusBarStateController.isKeyguardRequested() false keyguardForDozing false wakeAndUnlocking false isWakingAndOccluded false
10-24 17:41:02.310  2641  2641 D CentralSurfaces: hideKeyguardImpl false
10-24 17:41:02.310  1662  1662 D AOC     : A3:MSG: vsc_controller.cc, 602: VSC: [Lift to Wake Sensor] stopSensorEvents: sensor 0x10001
10-24 17:41:02.311  2641  2641 D SbStateController: setState: requested state SHADE!= upcomingState: KEYGUARD. This usually means the status bar state transition was interrupted before the upcoming state could be applied.
10-24 17:41:02.311  2641  3931 I AudioTrack: createTrack_l(0): AUDIO_OUTPUT_FLAG_FAST successful; frameCount 0 -> 4860
10-24 17:41:02.312  1662  1662 D AOC     : A3:MSG: usf_sensor.cc, 1784: USF: Received start sampling request for LSM6DSV Accelerometer (active:7).
10-24 17:41:02.312  1662  1662 D AOC     : A3:MSG: vsc_controller.cc, 602: VSC: [Lift to Wake Sensor] stopSensorEvents: sensor 0x10004
10-24 17:41:02.312  1662  1662 D AOC     : A3:MSG: usf_sensor.cc, 1792: USF: Received stop sampling request for LSM6DSV Gyroscope (active:2).
10-24 17:41:02.313  1662  1662 D AOC     : A3:MSG: vsc_controller.cc, 602: VSC: [Lift to Wake Sensor] stopSensorEvents: sensor 0x20003
10-24 17:41:02.314  2641  2841 D Bubbles : handleKeyguardOrDreamChange isUnlockedShade=true keyguardShowing=false dreamingOrInPreview=false
10-24 17:41:02.314  2641  2675 D Bubbles : onStatusBarStateChanged isShade=true didChange=true mNotifEntryToExpandOnShadeUnlock=null
10-24 17:41:02.314  1662  1662 D AOC     : A3:MSG: usf_sensor.cc, 1792: USF: Received stop sampling request for LSM6DSV Stationary Detect (active:2).
10-24 17:41:02.314  2641  2675 V Bubbles : updateBubbleViews mIsStatusBarShade=true hasBubbles=false
10-24 17:41:02.315  1402  2126 I sensor-suez: Vendor atom [id = 100242] reported.
10-24 17:41:02.316  1402  2126 I sensor-suez: Vendor atom [id = 100243] reported.
10-24 17:41:02.316  2873  2873 D NfcService: applyScreenState: screenState = ON_UNLOCKED
10-24 17:41:02.316  2873  2873 D NfcService: applyScreenState: screenState != mScreenState=4
10-24 17:41:02.316  2873  2873 D NfcService: applyScreenState: screenState = ON_UNLOCKED
10-24 17:41:02.316  2873  2873 D NfcService: applyScreenState: screenState != mScreenState=4
10-24 17:41:02.316  2873  2873 D NfcService: handleMessage: MSG_APPLY_SCREEN_STATE ON_UNLOCKED
10-24 17:41:02.317  1402  1402 D usf_sensor_hal: proximity: Enter Batch. Period = 20000000, latency = 0.
10-24 17:41:02.317  1402  1402 D usf_sensor_hal: proximity: Enter Activate. Enable = 1.
10-24 17:41:02.317  2641  2641 D DLIndicator: onStateChanged(0)
10-24 17:41:02.317  2641  2641 D DLIndicator: updateVisibility(), mDozing=false, mDocking=false, mTopIconShowing=false, mViewAttached=true
10-24 17:41:02.317  1402  2126 I sensor-suez: Vendor atom [id = 100243] reported.
10-24 17:41:02.317  2873  2873 D NfcService: applyRouting
10-24 17:41:02.318  2873  2873 D NfcService: applyRouting: Discovery configuration equal, not updating
10-24 17:41:02.319  1662  1662 D AOC     : A3:MSG: usf_sensor.cc, 1784: USF: Received start sampling request for TMD3733 Proximity (active:1).
10-24 17:41:02.319  2641  2641 D KeyguardService: Finish IRemoteAnimationRunner.
10-24 17:41:02.319  2641  2675 V WindowManagerShell: Transition animation finished (aborted=false), notifying core (#7417) android.os.BinderProxy@d5f59d3@0
10-24 17:41:02.320 27211 27211 D CannedAnimCoordinator: Wrong controller access from Y2.u@d580b6b, actual provider null
10-24 17:41:02.320 27211 27211 D CannedAnimCoordinator: Wrong controller access from Y2.u@d580b6b, actual provider null
10-24 17:41:02.321  1662  1662 D AOC     : A3:MSG: tmd3733_hw.cc, 106: USF: TMD3733: vcsel_ma: 10.000000
10-24 17:41:02.321  1787  3177 D FingerprintProvider/default: Starting watchdog for fingerprint
10-24 17:41:02.321  1787  3177 E BiometricScheduler: Current operation is null,no need to start watchdog
10-24 17:41:02.321  1787  1879 V WindowManager: Finish Transition (#7417): created at 10-24 17:41:01.852 collect-started=0.059ms request-sent=0.129ms started=10.145ms ready=10.139ms sent=25.296ms commit=21.592ms finished=469.055ms
10-24 17:41:02.322  2641  3291 D KeyguardService: setOccluded(false)
10-24 17:41:02.322  2641  3291 D KeyguardViewMediator: setOccluded(false)
10-24 17:41:02.322  2641  2675 V WindowManagerShell: Track 0 became idle
10-24 17:41:02.322  2641  2675 V WindowManagerShell: All active transition animations finished
10-24 17:41:02.323  1662  1662 D AOC     : A3:MSG: tmd3733_device.cc, 3186: USF: TMD3733: vsync_delay_usec: 13700
10-24 17:41:02.324  2873  2873 D libnfc_nci: nfcManager_doSetScreenState: state = 8 prevScreenState= 4, discovry_param = 1
10-24 17:41:02.325   676   779 W VsyncModulator: setTransactionSchedule: Unexpected EarlyEnd EarlyWakeupInfo{token: binder:0xb4000072e96be0b0, trace: com.android.systemui.statusbar.BlurUtils, isStartRequest: false}
10-24 17:41:02.327  1662  1662 D AOC     : A3:MSG: tmd3733_sensor.cc, 286: USF: TMD3733: Report new active state:1
10-24 17:41:02.327  1662  1662 D AOC     : A3:MSG: tmd3733_device.cc, 243: USF: TMD3733: StartSampling(type:0 err:0): client_count P/A+fakeA/F:1/0+0/0
10-24 17:41:02.327  1402  1441 I usf_sensor_hal: Received REPORT_SENSOR_ACTIVE_STATE_CHANGES event from 'TMD3733 Proximity' with state:kActive and desired fps:0!
10-24 17:41:02.327  1402  2126 I sensor-suez: Vendor atom [id = 100242] reported.
10-24 17:41:02.327  2641  2641 D KeyguardViewMediator: handleSetOccluded(false)
10-24 17:41:02.327  2641  2641 D KeyguardViewMediator: KeyguardViewMediator queue processing message: SET_OCCLUDED
10-24 17:41:02.327  1402  2126 I sensor-suez: Vendor atom [id = 100243] reported.
10-24 17:41:02.328   678   727 D hwc-display: setMinIdleRefreshRate requester 0, fps 60
10-24 17:41:02.328   678   727 I hwc-display: ExynosPrimaryDisplay::setMinIdleRefreshRate() writes min_vrefresh(60) to the sysfs node
10-24 17:41:02.328  1402  1402 D usf_sensor_hal: proximity: Enter Activate. Enable = 0.
10-24 17:41:02.328  1787  3177 D SystemServerTiming: getUserSwitchability-0
10-24 17:41:02.328  1787  3177 D SystemServerTiming: TM.isInCall
10-24 17:41:02.329  1787  3177 D SystemServerTiming: hasUserRestriction-DISALLOW_USER_SWITCH
10-24 17:41:02.329  1787  3177 D SystemServerTiming: getInt-ALLOW_USER_SWITCHING_WHEN_SYSTEM_USER_LOCKED
10-24 17:41:02.329  1787  3177 D SystemServerTiming: isUserUnlocked-USER_SYSTEM
10-24 17:41:02.329  1662  1662 D AOC     : A3:MSG: usf_sensor.cc, 1792: USF: Received stop sampling request for TMD3733 Proximity (active:0).
10-24 17:41:02.330  1662  1662 D AOC     : A3:MSG: tmd3733_sensor.cc, 286: USF: TMD3733: Report new active state:0
10-24 17:41:02.330  1402  2126 I sensor-suez: Vendor atom [id = 100242] reported.
10-24 17:41:02.331  1402  2126 I sensor-suez: Vendor atom [id = 100243] reported.
10-24 17:41:02.331  1662  1662 D AOC     : A3:MSG: tmd3733_device.cc, 350: USF: TMD3733: StopSampling(type:0 err:0): client_count P/A+fakeA/F:0/0+0/0
10-24 17:41:02.331   678   727 I hwc-display: setRefreshRateThrottleNanos() requester(0) set delay to 1000000000ns
10-24 17:41:02.332   678   727 I hwc-display: setDisplayIdleDelayNanos() writes idle_delay_ms(1000) to the sysfs node (0x0)
10-24 17:41:02.332  1402  1441 I usf_sensor_hal: Received REPORT_SENSOR_ACTIVE_STATE_CHANGES event from 'TMD3733 Proximity' with state:kInactive and desired fps:0!
10-24 17:41:02.332   678   727 D hwc-display: setMinIdleRefreshRate requester 0, fps 0
10-24 17:41:02.332   678   727 I hwc-display: ExynosPrimaryDisplay::setMinIdleRefreshRate() writes min_vrefresh(0) to the sysfs node
10-24 17:41:02.332   678   727 I hwc-display: setRefreshRateThrottleNanos() requester(0) set delay to 0ns
10-24 17:41:02.332   678   727 I hwc-display: setDisplayIdleDelayNanos() writes idle_delay_ms(0) to the sysfs node (0x0)
10-24 17:41:02.344  2873  3162 D libnfc_nci: nfaDeviceManagementCallback: enter; event=0xB
10-24 17:41:02.344  2873  3162 D libnfc_nci: nfaDeviceManagementCallback: NFA_DM_SET_POWER_SUB_STATE_EVT; status=0x0
10-24 17:41:02.345  2873  3162 D libnfc_nci: nfaDeviceManagementCallback: enter; event=0x2
10-24 17:41:02.345  2873  3162 D libnfc_nci: nfaDeviceManagementCallback: NFA_DM_SET_CONFIG_EVT
10-24 17:41:02.346  2873  2873 D NfcService: handleMessage: MSG_APPLY_SCREEN_STATE ON_UNLOCKED
10-24 17:41:02.346  2873  2873 D NfcService: applyRouting
10-24 17:41:02.346  2873  2873 D NfcService: applyRouting: Discovery configuration equal, not updating
10-24 17:41:02.346  2873  2873 D libnfc_nci: nfcManager_doSetScreenState: state = 8 prevScreenState= 8, discovry_param = 1
10-24 17:41:02.346  2873  2873 D libnfc_nci: nfcManager_doSetScreenState: New screen state is same as previous state. No action taken
