--------- beginning of main
10-24 17:40:58.580  1704  1704 I adbd    : Remote process closed the socket (on MSG_PEEK)
10-24 17:40:58.583  1647  1663 I AIDL    : Gnss::stop: Called
10-24 17:40:58.584  1647  1663 I AIDL    : Gnss::stop: Exit
10-24 17:40:58.584  1647  1668 I AIDL    : GNSSReportStatus: status=2 cbIsNULL=0
10-24 17:40:58.584  1787  1879 W AlarmManager: Unrecognized alarm listener com.android.server.location.gnss.GnssLocationProvider$$ExternalSyntheticLambda14@29eea5d
10-24 17:40:58.584  1787  1879 W AlarmManager: Unrecognized alarm listener com.android.server.location.gnss.GnssLocationProvider$$ExternalSyntheticLambda13@a004fd2
10-24 17:40:58.585  1787  1903 I libprocessgroup: Removed cgroup /sys/fs/cgroup/apps/uid_10421/pid_3422
10-24 17:40:58.582  1357  1357 I Zygote  : Process 3422 exited due to signal 9 (Killed)
10-24 17:40:58.585  1647  1668 I AIDL    : GNSSReportStatus: gnssStatusCb() returned
10-24 17:40:58.585  1647  1668 I GNSS_MEMS: TGT_MEMS TargetMemsStop: mems_started1
10-24 17:40:58.585  1647  1668 I GNSS_MEMS: TGT_MEMS GNSSSensorWDStartRequest
10-24 17:40:58.586  1647  1667 I AIDL    : GNSSReportStatus: status=4 cbIsNULL=0
10-24 17:40:58.586  5004  5004 I EuiccGoogle: [2] NetworkFetcher.getFirstActiveEuiccSlotId: isRemovableEsimDefault: false
10-24 17:40:58.586  1647  1667 I AIDL    : GNSSReportStatus: gnssStatusCb() returned
10-24 17:40:58.586  1402  1402 D usf_sensor_hal: accelerometer: Enter Activate. Enable = 0.
10-24 17:40:58.588  1662  1662 D AOC     : A3:MSG: usf_sensor.cc, 1792: USF: Received stop sampling request for LSM6DSV Accelerometer (active:4).
10-24 17:40:58.588  1662  1662 D AOC     : A3:MSG: lsm6dsv_device.cc, 732: USF: Lsm6dsvDevice: Sensor 0: Enabled 1, odr_index 5, period_ns 20000000.
10-24 17:40:58.589  1662  1662 D AOC     : A3:MSG: lsm6dsv_fifo.cc, 755: USF: Lsm6dsvFifo: ODR: XL/G/T/TS: 60/120/15/15 WM: 1 Intr: 120.
10-24 17:40:58.589  5004  5004 I EuiccGoogle: [2] EuiccServiceImpl.onCreate: onCreate DSDS mode: simCardState is 11
10-24 17:40:58.590  1662  1662 D AOC     : A3:MSG: lsm6dsv_device.cc, 641: USF: Lsm6dsvDevice: Fifo was disabled for 846395ns.
10-24 17:40:58.590  5004  5004 I EuiccGoogle: [2] Partner.getResourceEntry$ar$ds$ar$class_merging$ar$class_merging$ar$class_merging: Partner app=com.google.android.euiccoverlay, Resource name=esim_supported_countries, type=string, partnerResId = 0
10-24 17:40:58.590  1402  1402 D usf_sensor_hal: IMU temperature: Enter Batch. Period = 533334000, latency = 0.
10-24 17:40:58.590  5004  5004 I EuiccGoogle: [2] Partner.getResourceEntry$ar$ds$ar$class_merging$ar$class_merging$ar$class_merging: Partner app=com.google.android.euiccoverlay, Resource name=esim_unsupported_countries, type=string, partnerResId = 2131689525
10-24 17:40:58.592   476   541 I ActivityScheduler: nextTriggerTime: 573907571, in -29324ms, detectorType: 0,  alarmWindowMillis: 30000
10-24 17:40:58.592  1402  2126 I sensor-suez: Vendor atom [id = 100242] reported.
10-24 17:40:58.592  1402  2126 I sensor-suez: Vendor atom [id = 100243] reported.
10-24 17:40:58.593  1402  1402 D usf_sensor_hal: gyroscope: Enter Activate. Enable = 0.
10-24 17:40:58.593  5004  5004 I EuiccGoogle: [2] ViewCompat$Api28Impl.getCarrierInfos: All carrier infos: []
10-24 17:40:58.593  5004  5004 I EuiccGoogle: [2] PhenotypeUpdatedReceiver.setPsimConversionSupportedCarriers: setPsimConversionSupportedCarriers:[1, 3, 16, 576, 1404, 2020, 2021, 2122, 850, 27, 32, 1413, 19, 25, 1187, 2119, 1452, 1779, 959, 1187, 1480, 1670, 1690, 2119, 2018, 2536, 1581, 2110, 14, 1344, 580, 1403, 1962, 1895, 2, 2102, 2419, 2083, 1365]
10-24 17:40:58.594  1662  1662 D AOC     : A3:MSG: usf_sensor.cc, 1792: USF: Received stop sampling request for LSM6DSV Gyroscope (active:1).
10-24 17:40:58.594  2961  3208 D EuiccConnector: handleMessage: E msg.what=4
10-24 17:40:58.594  2961  3208 D EuiccConnector: processMsg: DisconnectedState
10-24 17:40:58.594  2961  3208 D EuiccConnector: transitionTo: destState=ConnectedState
10-24 17:40:58.594  2961  3208 D EuiccConnector: handleMessage: new destination call exit/enter
10-24 17:40:58.594  2961  3208 D EuiccConnector: setupTempStateStackWithStatesToEnter: X mTempStateStackCount=1,curStateInfo: state=DisconnectedState,active=true,parent=null
10-24 17:40:58.594  2961  3208 D EuiccConnector: moveTempStackToStateStack: i=0,j=1
10-24 17:40:58.594  2961  3208 D EuiccConnector: moveTempStackToStateStack: X mStateStackTop=1,startingIndex=1,Top=ConnectedState
10-24 17:40:58.594  2961  3208 D EuiccConnector: invokeEnterMethods: ConnectedState
10-24 17:40:58.594  2961  3208 D EuiccConnector: moveDeferredMessageAtFrontOfQueue; what=103
10-24 17:40:58.594  2961  3208 D EuiccConnector: handleMessage: X
10-24 17:40:58.594  2961  3208 D EuiccConnector: handleMessage: E msg.what=103
10-24 17:40:58.595  2961  3208 D EuiccConnector: processMsg: ConnectedState
10-24 17:40:58.595  1662  1662 D AOC     : A3:MSG: lsm6dsv_device.cc, 732: USF: Lsm6dsvDevice: Sensor 1: Enabled 1, odr_index 5, period_ns 20000000.
10-24 17:40:58.595  1662  1662 D AOC     : A3:MSG: lsm6dsv_fifo.cc, 755: USF: Lsm6dsvFifo: ODR: XL/G/T/TS: 60/60/15/7 WM: 6 Intr: 24.
10-24 17:40:58.596  1662  1662 D AOC     : A3:MSG: lsm6dsv_device.cc, 641: USF: Lsm6dsvDevice: Fifo was disabled for 917074ns.
10-24 17:40:58.596  2961  3208 D EuiccConnector: handleMessage: X
10-24 17:40:58.597  1402  1402 D usf_sensor_hal: IMU temperature: Enter Batch. Period = 533334000, latency = 0.
10-24 17:40:58.597  1402  2126 I sensor-suez: Vendor atom [id = 100242] reported.
10-24 17:40:58.597  1402  2126 I sensor-suez: Vendor atom [id = 100243] reported.
10-24 17:40:58.597  5004  3802 I EuiccGoogle: [1153] EuiccServiceImpl.onGetEuiccProfileInfoList: onGetEuiccProfileInfoList: slotId = 0
10-24 17:40:58.597  1647  1668 I GNSS_MEMS: TGT_MEMS GNSSSensorWDStopRequest
10-24 17:40:58.598  1647  1668 I GNSS_MEMS: TGT_MEMS TargetMemsStop: Exit
10-24 17:40:58.598  1647  1668 I AIDL    : GNSSStopHandler: Success
10-24 17:40:58.598  1647  2718 I GNSS_MEMS: TGT_MEMS GNSSSensorWDThread: ret=0
10-24 17:40:58.602  5004  3802 I EuiccGoogle: [1153] EuiccServiceImpl.onGetEuiccProfileInfoList: slotId = 0, isRemovable = false
10-24 17:40:58.602  5004  3802 I EuiccGoogle: [1153] EuiccServiceImpl.onGetEuiccProfileInfoList: onGetEuiccProfileInfoList: isRemovable = false.
10-24 17:40:58.602  5004  3802 I EuiccGoogle: [1153] EuiccServiceImpl.onGetEuiccProfileInfoList: getSimCardState for slotId: 0
10-24 17:40:58.604  5004  3802 I EuiccGoogle: [1153] EuiccServiceImpl.onGetEuiccProfileInfoList: GetEuiccProfileInfoListResult: simCardState :11and simCardStateAtTelephony:11 for slot:0
10-24 17:40:58.604  5004  3802 I EuiccGoogle: [1153] EuiccServiceImpl.getProfileInfoList: getProfileInfoList: slotId = 0, includeTestProfiles = false
10-24 17:40:58.605  5004  3802 I EuiccGoogle: [1153] EuiccServiceImpl.getProfileInfoList: getProfileInfoList: slotId = 0, includeTestProfiles = false.
10-24 17:40:58.605  5004  3802 I EuiccGoogle: [1153] EuiccServiceImpl.getEidFromSlotId: getEidFromSlotId: slotId = 0.
10-24 17:40:58.605  5004  3802 I EuiccGoogle: [1153] NetworkFetcher.getEidForSlot: getEidForSlot: 0
10-24 17:40:58.606  5004  3802 I EuiccGoogle: [1153] BlockingEuiccCardManager.requestAllProfiles: requestAllProfiles: cardId = [dObYwbwtE5Bd0zTTwuYBCnBV_1c]
10-24 17:40:58.660 21270 21659 W System.err: java.lang.NumberFormatException: For input string: ""
10-24 17:40:58.664 21270 21659 W System.err: 	at java.lang.Integer.parseInt(Integer.java:791)
10-24 17:40:58.664 21270 21659 W System.err: 	at java.lang.Integer.parseInt(Integer.java:897)
10-24 17:40:58.664 21270 21659 W System.err: 	at com.vega.launcher.network.interceptors.CrackingInterceptor.intercept(Native Method)
10-24 17:40:58.664 21270 21659 W System.err: 	at com.bytedance.retrofit2.intercept.RealInterceptorChain.proceed(Unknown Source:17236130)
10-24 17:40:58.664 21270 21659 W System.err: 	at com.vega.launcher.network.interceptors.TimeOutSettingInterceptor.intercept(Unknown Source:17302117)
10-24 17:40:58.664 21270 21659 W System.err: 	at com.bytedance.retrofit2.intercept.RealInterceptorChain.proceed(Unknown Source:17236130)
10-24 17:40:58.664 21270 21659 W System.err: 	at com.vega.launcher.network.interceptors.LynxSignVerifyInterceptor.intercept(Unknown Source:17170503)
10-24 17:40:58.664 21270 21659 W System.err: 	at com.bytedance.retrofit2.intercept.RealInterceptorChain.proceed(Unknown Source:17236130)
10-24 17:40:58.664 21270 21659 W System.err: 	at com.vega.launcher.network.interceptors.SignVerifyInterceptor.intercept(Unknown Source:17170511)
10-24 17:40:58.664 21270 21659 W System.err: 	at com.bytedance.retrofit2.intercept.RealInterceptorChain.proceed(Unknown Source:17236130)
10-24 17:40:58.664 21270 21659 W System.err: 	at com.vega.launcher.network.interceptors.AssistInterceptor.intercept(Unknown Source:17236315)
10-24 17:40:58.664 21270 21659 W System.err: 	at com.bytedance.retrofit2.intercept.RealInterceptorChain.proceed(Unknown Source:17236130)
10-24 17:40:58.664 21270 21659 W System.err: 	at com.vega.effectplatform.artist.net.ArtistCollectInterceptor.intercept(Unknown Source:17105003)
10-24 17:40:58.664 21270 21659 W System.err: 	at com.bytedance.retrofit2.intercept.RealInterceptorChain.proceed(Unknown Source:17236130)
10-24 17:40:58.664 21270 21659 W System.err: 	at com.vega.launcher.network.interceptors.RetrofitHeaderInterceptor.intercept(Unknown Source:17367973)
10-24 17:40:58.664 21270 21659 W System.err: 	at com.bytedance.retrofit2.intercept.RealInterceptorChain.proceed(Unknown Source:17236130)
10-24 17:40:58.664 21270 21659 W System.err: 	at com.vega.libeffectapi.util.VimoNetHeaderInterceptor.intercept(Unknown Source:17170582)
10-24 17:40:58.664 21270 21659 W System.err: 	at com.bytedance.retrofit2.intercept.RealInterceptorChain.proceed(Unknown Source:17236130)
10-24 17:40:58.664 21270 21659 W System.err: 	at com.lm.components.network.extra.HttpHeaderInterceptor.intercept(Unknown Source:17302066)
10-24 17:40:58.664 21270 21659 W System.err: 	at com.bytedance.retrofit2.intercept.RealInterceptorChain.proceed(Unknown Source:17236130)
10-24 17:40:58.664 21270 21659 W System.err: 	at com.ss.android.account.leak.LeakInterceptor.intercept(Unknown Source:17170466)
10-24 17:40:58.664 21270 21659 W System.err: 	at com.bytedance.retrofit2.intercept.RealInterceptorChain.proceed(Unknown Source:17236130)
10-24 17:40:58.665 21270 21659 W System.err: 	at com.bytedance.sdk.account.region.TTPInterceptor.intercept(Unknown Source:17236137)
10-24 17:40:58.665 21270 21659 W System.err: 	at com.bytedance.retrofit2.intercept.RealInterceptorChain.proceed(Unknown Source:17236130)
10-24 17:40:58.665 21270 21659 W System.err: 	at com.ss.android.account.token.TTTokenInterceptor.intercept(Unknown Source:17170547)
10-24 17:40:58.665 21270 21659 W System.err: 	at com.bytedance.retrofit2.intercept.RealInterceptorChain.proceed(Unknown Source:17236130)
10-24 17:40:58.665 21270 21659 W System.err: 	at com.ss.android.account.token.TTTokenInterceptor.intercept(Unknown Source:17170547)
10-24 17:40:58.665 21270 21659 W System.err: 	at com.bytedance.retrofit2.intercept.RealInterceptorChain.proceed(Unknown Source:17236130)
10-24 17:40:58.665 21270 21659 W System.err: 	at com.bytedance.bdturing.ttnet.TTNetUtil$1.intercept(Unknown Source:17104962)
10-24 17:40:58.665 21270 21659 W System.err: 	at com.bytedance.retrofit2.intercept.RealInterceptorChain.proceed(Unknown Source:17236130)
10-24 17:40:58.665 21270 21659 W System.err: 	at com.vega.launcher.privacy.ttp.NetworkRespInterceptor.intercept(Unknown Source:17170441)
10-24 17:40:58.665 21270 21659 W System.err: 	at com.bytedance.retrofit2.intercept.RealInterceptorChain.proceed(Unknown Source:17236130)
10-24 17:40:58.665 21270 21659 W System.err: 	at com.bytedance.privacy.dispatch.intercept.BootDomainInterceptor.intercept(Unknown Source:17104924)
10-24 17:40:58.665 21270 21659 W System.err: 	at com.bytedance.retrofit2.intercept.RealInterceptorChain.proceed(Unknown Source:17236130)
10-24 17:40:58.665 21270 21659 W System.err: 	at com.bytedance.privacy.region.CdnRegionInterceptor.intercept(Unknown Source:17235977)
10-24 17:40:58.665 21270 21659 W System.err: 	at com.bytedance.retrofit2.intercept.RealInterceptorChain.proceed(Unknown Source:17236130)
10-24 17:40:58.665 21270 21659 W System.err: 	at com.bytedance.frameworks.baselib.network.http.retrofit.BaseSsInterceptor.intercept(Unknown Source:16973846)
10-24 17:40:58.665 21270 21659 W System.err: 	at com.bytedance.retrofit2.intercept.RealInterceptorChain.proceed(Unknown Source:17236130)
10-24 17:40:58.665 21270 21659 W System.err: 	at com.bytedance.retrofit2.SsHttpCall.getResponseWithInterceptorChain(Unknown Source:327790)
10-24 17:40:58.665 21270 21659 W System.err: 	at com.bytedance.retrofit2.SsHttpCall.execute(Unknown Source:327713)
10-24 17:40:58.665 21270 21659 W System.err: 	at com.bytedance.retrofit2.ExecutorCallAdapterFactory$ExecutorCallbackCall.execute(Unknown Source:65538)
10-24 17:40:58.665 21270 21659 W System.err: 	at com.lm.components.network.extra.AppLogNetworkClient.post(Unknown Source:67436618)
10-24 17:40:58.665 21270 21659 W System.err: 	at com.ss.android.common.applog.NetUtilWrapper.sendEncryptLog(Unknown Source:168231174)
10-24 17:40:58.665 21270 21659 W System.err: 	at com.ss.android.common.applog.LogReaper.sendLog(Unknown Source:67699436)
10-24 17:40:58.665 21270 21659 W System.err: 	at com.ss.android.common.applog.LogReaper.sendBatchLog(Unknown Source:50593834)
10-24 17:40:58.665 21270 21659 W System.err: 	at com.ss.android.common.applog.LogReaper.switchSession(Unknown Source:101187854)
10-24 17:40:58.665 21270 21659 W System.err: 	at com.ss.android.common.applog.LogReaper.switchSession(Unknown Source:67239943)
10-24 17:40:58.665 21270 21659 W System.err: 	at com.ss.android.common.applog.LogReaper.processItem(Unknown Source:17170482)
10-24 17:40:58.665 21270 21659 W System.err: 	at com.ss.android.common.applog.LogReaper.bpea_origin_run(Unknown Source:458812)
10-24 17:40:58.665 21270 21659 W System.err: 	at com.ss.android.common.applog.LogReaper.run(Unknown Source:8)
10-24 17:40:58.759  5004  3802 I EuiccGoogle: [1153] EuiccServiceImpl.onGetEuiccProfileInfoList: onGetEuiccProfileInfoList: Profile nickname = Other.
10-24 17:40:58.760  5004  3802 I EuiccGoogle: [1153] EuiccServiceImpl.onGetEuiccProfileInfoList: onGetEuiccProfileInfoList: Profile info = EuiccProfileInfo (nickname=Other, serviceProviderName=Telstra, profileName=89610182001727865285, profileClass=2, state=1, CarrierIdentifier=CarrierIdentifier{mcc=505,mnc=01,spn=null,imsi=null,gid1=FFFFFFFFFFFFFFFF,gid2=FFFFFFFFFFFFFFFF,carrierid=-1,specificCarrierId=-1}, policyRules=0, accessRules=[cert: 5DE117677CDD5F4BD8ABC1F72DE3410F274050AC pkg: null access: 1], iccid=896101820[****]).
10-24 17:40:58.764  2961  3208 D EuiccConnector: handleMessage: E msg.what=6
10-24 17:40:58.764  2961  3208 D EuiccConnector: processMsg: ConnectedState
10-24 17:40:58.765  2961  3208 D EuiccConnector: handleMessage: X
10-24 17:40:58.809 32085 32122 I ForwardSyncCache: reclaimMemory: Clearing caches
10-24 17:40:58.811 32085 32122 W Bugle   : TextClassifierLibManagerImpl: Reclaiming memory at level: 40
10-24 17:40:58.814  1787  2542 D InetDiagMessage: Destroyed 0 sockets, proto=IPPROTO_TCP, family=AF_INET, states=14
10-24 17:40:58.816  1787  2542 D InetDiagMessage: Destroyed 0 sockets, proto=IPPROTO_TCP, family=AF_INET6, states=14
10-24 17:40:58.816  1787  2542 D InetDiagMessage: Destroyed live tcp sockets for uids={10134} in 4ms
10-24 17:40:58.816 17689 17699 I pixel-thermal: VIRTUAL-SKIN-CHARGE:32.4659 raw data: VIRTUAL-SKIN-CHARGE:32465.9 VIRTUAL-SKIN-CHARGE-SUB-0:31798.2 VIRTUAL-SKIN-CHARGE-SUB-1:32465.9 btmspkr_therm:30036 charging_therm:35512 disp_therm:30459 north_therm:34978 quiet_therm:35356 rfpa_therm:34666 soc_therm:34399 usb_pwr_therm:30147 
10-24 17:40:58.817  1787  2542 D InetDiagMessage: Destroyed 0 sockets, proto=IPPROTO_TCP, family=AF_INET, states=14
10-24 17:40:58.819  1787  2542 D InetDiagMessage: Destroyed 0 sockets, proto=IPPROTO_TCP, family=AF_INET6, states=14
10-24 17:40:58.819  1787  2542 D InetDiagMessage: Destroyed live tcp sockets for uids={20134} in 4ms
10-24 17:40:58.824 17689 17699 I pixel-thermal: VIRTUAL-SKIN-CHARGE power_budget=4323.72 err=5.53411 s_power=2527 time_elapsed_ms=7007 p=658.56 i=1302 d=0 dt_per_min=nan compensation=0 budget transient=0 control target=2 excluded power budget=163.841 (PARTIAL_SYSTEM_POWER: 1365.34 mW, cdev_weight: 0.120000)
10-24 17:40:58.826  1787  2542 D InetDiagMessage: Destroyed 0 sockets, proto=IPPROTO_TCP, family=AF_INET, states=14
10-24 17:40:58.828  1787  2542 D InetDiagMessage: Destroyed 0 sockets, proto=IPPROTO_TCP, family=AF_INET6, states=14
10-24 17:40:58.828  1787  2542 D InetDiagMessage: Destroyed live tcp sockets for uids={10347} in 4ms
10-24 17:40:58.830  1787  2542 D InetDiagMessage: Destroyed 0 sockets, proto=IPPROTO_TCP, family=AF_INET, states=14
10-24 17:40:58.831  1787  2542 D InetDiagMessage: Destroyed 0 sockets, proto=IPPROTO_TCP, family=AF_INET6, states=14
10-24 17:40:58.831  1787  2542 D InetDiagMessage: Destroyed live tcp sockets for uids={20347} in 3ms
10-24 17:40:58.917  3803  3803 D AndroidRuntime: >>>>>> START com.android.internal.os.RuntimeInit uid 2000 <<<<<<
10-24 17:40:58.934  3803  3803 I AndroidRuntime: Using default boot image
10-24 17:40:58.934  3803  3803 I AndroidRuntime: Leaving lock profiling enabled
10-24 17:40:58.941  3803  3803 I app_process: Using CollectorTypeCMC GC.
10-24 17:40:58.963 21270 21659 W System.err: java.lang.NumberFormatException: For input string: ""
10-24 17:40:58.963 21270 21659 W System.err: 	at java.lang.Integer.parseInt(Integer.java:791)
10-24 17:40:58.963 21270 21659 W System.err: 	at java.lang.Integer.parseInt(Integer.java:897)
10-24 17:40:58.963 21270 21659 W System.err: 	at com.vega.launcher.network.interceptors.CrackingInterceptor.intercept(Native Method)
10-24 17:40:58.963 21270 21659 W System.err: 	at com.bytedance.retrofit2.intercept.RealInterceptorChain.proceed(Unknown Source:17236130)
10-24 17:40:58.963 21270 21659 W System.err: 	at com.vega.launcher.network.interceptors.TimeOutSettingInterceptor.intercept(Unknown Source:17302117)
10-24 17:40:58.963 21270 21659 W System.err: 	at com.bytedance.retrofit2.intercept.RealInterceptorChain.proceed(Unknown Source:17236130)
10-24 17:40:58.963 21270 21659 W System.err: 	at com.vega.launcher.network.interceptors.LynxSignVerifyInterceptor.intercept(Unknown Source:17170503)
10-24 17:40:58.964 21270 21659 W System.err: 	at com.bytedance.retrofit2.intercept.RealInterceptorChain.proceed(Unknown Source:17236130)
10-24 17:40:58.964 21270 21659 W System.err: 	at com.vega.launcher.network.interceptors.SignVerifyInterceptor.intercept(Unknown Source:17170511)
10-24 17:40:58.964 21270 21659 W System.err: 	at com.bytedance.retrofit2.intercept.RealInterceptorChain.proceed(Unknown Source:17236130)
10-24 17:40:58.964 21270 21659 W System.err: 	at com.vega.launcher.network.interceptors.AssistInterceptor.intercept(Unknown Source:17236315)
10-24 17:40:58.964 21270 21659 W System.err: 	at com.bytedance.retrofit2.intercept.RealInterceptorChain.proceed(Unknown Source:17236130)
10-24 17:40:58.964 21270 21659 W System.err: 	at com.vega.effectplatform.artist.net.ArtistCollectInterceptor.intercept(Unknown Source:17105003)
10-24 17:40:58.964 21270 21659 W System.err: 	at com.bytedance.retrofit2.intercept.RealInterceptorChain.proceed(Unknown Source:17236130)
10-24 17:40:58.964 21270 21659 W System.err: 	at com.vega.launcher.network.interceptors.RetrofitHeaderInterceptor.intercept(Unknown Source:17367973)
10-24 17:40:58.964 21270 21659 W System.err: 	at com.bytedance.retrofit2.intercept.RealInterceptorChain.proceed(Unknown Source:17236130)
10-24 17:40:58.964 21270 21659 W System.err: 	at com.vega.libeffectapi.util.VimoNetHeaderInterceptor.intercept(Unknown Source:17170582)
10-24 17:40:58.964 21270 21659 W System.err: 	at com.bytedance.retrofit2.intercept.RealInterceptorChain.proceed(Unknown Source:17236130)
10-24 17:40:58.964 21270 21659 W System.err: 	at com.lm.components.network.extra.HttpHeaderInterceptor.intercept(Unknown Source:17302066)
10-24 17:40:58.964 21270 21659 W System.err: 	at com.bytedance.retrofit2.intercept.RealInterceptorChain.proceed(Unknown Source:17236130)
10-24 17:40:58.964 21270 21659 W System.err: 	at com.ss.android.account.leak.LeakInterceptor.intercept(Unknown Source:17170466)
10-24 17:40:58.964 21270 21659 W System.err: 	at com.bytedance.retrofit2.intercept.RealInterceptorChain.proceed(Unknown Source:17236130)
10-24 17:40:58.964 21270 21659 W System.err: 	at com.bytedance.sdk.account.region.TTPInterceptor.intercept(Unknown Source:17236137)
10-24 17:40:58.964 21270 21659 W System.err: 	at com.bytedance.retrofit2.intercept.RealInterceptorChain.proceed(Unknown Source:17236130)
10-24 17:40:58.964 21270 21659 W System.err: 	at com.ss.android.account.token.TTTokenInterceptor.intercept(Unknown Source:17170547)
10-24 17:40:58.964 21270 21659 W System.err: 	at com.bytedance.retrofit2.intercept.RealInterceptorChain.proceed(Unknown Source:17236130)
10-24 17:40:58.964 21270 21659 W System.err: 	at com.ss.android.account.token.TTTokenInterceptor.intercept(Unknown Source:17170547)
10-24 17:40:58.964 21270 21659 W System.err: 	at com.bytedance.retrofit2.intercept.RealInterceptorChain.proceed(Unknown Source:17236130)
10-24 17:40:58.964 21270 21659 W System.err: 	at com.bytedance.bdturing.ttnet.TTNetUtil$1.intercept(Unknown Source:17104962)
10-24 17:40:58.964 21270 21659 W System.err: 	at com.bytedance.retrofit2.intercept.RealInterceptorChain.proceed(Unknown Source:17236130)
10-24 17:40:58.964 21270 21659 W System.err: 	at com.vega.launcher.privacy.ttp.NetworkRespInterceptor.intercept(Unknown Source:17170441)
10-24 17:40:58.964 21270 21659 W System.err: 	at com.bytedance.retrofit2.intercept.RealInterceptorChain.proceed(Unknown Source:17236130)
10-24 17:40:58.964 21270 21659 W System.err: 	at com.bytedance.privacy.dispatch.intercept.BootDomainInterceptor.intercept(Unknown Source:17104924)
10-24 17:40:58.964 21270 21659 W System.err: 	at com.bytedance.retrofit2.intercept.RealInterceptorChain.proceed(Unknown Source:17236130)
10-24 17:40:58.964 21270 21659 W System.err: 	at com.bytedance.privacy.region.CdnRegionInterceptor.intercept(Unknown Source:17235977)
10-24 17:40:58.964 21270 21659 W System.err: 	at com.bytedance.retrofit2.intercept.RealInterceptorChain.proceed(Unknown Source:17236130)
10-24 17:40:58.964 21270 21659 W System.err: 	at com.bytedance.frameworks.baselib.network.http.retrofit.BaseSsInterceptor.intercept(Unknown Source:16973846)
10-24 17:40:58.964 21270 21659 W System.err: 	at com.bytedance.retrofit2.intercept.RealInterceptorChain.proceed(Unknown Source:17236130)
10-24 17:40:58.964 21270 21659 W System.err: 	at com.bytedance.retrofit2.SsHttpCall.getResponseWithInterceptorChain(Unknown Source:327790)
10-24 17:40:58.964 21270 21659 W System.err: 	at com.bytedance.retrofit2.SsHttpCall.execute(Unknown Source:327713)
10-24 17:40:58.964 21270 21659 W System.err: 	at com.bytedance.retrofit2.ExecutorCallAdapterFactory$ExecutorCallbackCall.execute(Unknown Source:65538)
10-24 17:40:58.964 21270 21659 W System.err: 	at com.lm.components.network.extra.AppLogNetworkClient.post(Unknown Source:67436618)
10-24 17:40:58.964 21270 21659 W System.err: 	at com.ss.android.common.applog.NetUtilWrapper.sendEncryptLog(Unknown Source:168231174)
10-24 17:40:58.965 21270 21659 W System.err: 	at com.ss.android.common.applog.LogReaper.sendLog(Unknown Source:67699436)
10-24 17:40:58.965 21270 21659 W System.err: 	at com.ss.android.common.applog.LogReaper.sendBatchLog(Unknown Source:50593834)
10-24 17:40:58.965 21270 21659 W System.err: 	at com.ss.android.common.applog.LogReaper.scanLog(Unknown Source:458987)
10-24 17:40:58.965 21270 21659 W System.err: 	at com.ss.android.common.applog.LogReaper.bpea_origin_run(Unknown Source:458861)
10-24 17:40:58.965 21270 21659 W System.err: 	at com.ss.android.common.applog.LogReaper.run(Unknown Source:8)
10-24 17:40:59.046  3803  3803 D nativeloader: InitDefaultPublicLibraries for_preload=1: libandroid.so:libaaudio.so:libamidi.so:libbinder_ndk.so:libc.so:libcamera2ndk.so:libdl.so:libEGL.so:libGLESv1_CM.so:libGLESv2.so:libGLESv3.so:libicu.so:libicui18n.so:libicuuc.so:libjnigraphics.so:liblog.so:libmediandk.so:libm.so:libnativehelper.so:libnativewindow.so:libOpenMAXAL.so:libOpenSLES.so:libRS.so:libstdc++.so:libsync.so:libvulkan.so:libwebviewchromium_plat_support.so:libz.so
10-24 17:40:59.058  3803  3803 D nativeloader: Load libicu_jni.so using APEX ns com_android_art for caller /apex/com.android.art/javalib/core-oj.jar: ok
10-24 17:40:59.059  3803  3803 D app_process: u_setTimeZoneFilesDirectory("/apex/com.android.tzdata/etc/tz/versioned/9/icu") succeeded. 
10-24 17:40:59.059  3803  3803 D app_process: I18n APEX ICU file found: /apex/com.android.i18n/etc/icu/icudt76l.dat
10-24 17:40:59.059  3803  3803 D nativeloader: Load libjavacore.so using APEX ns com_android_art for caller /apex/com.android.art/javalib/core-oj.jar: ok
10-24 17:40:59.061  3803  3803 D nativeloader: Load libopenjdk.so using APEX ns com_android_art for caller /apex/com.android.art/javalib/core-oj.jar: ok
10-24 17:40:59.095  3803  3803 D nativeloader: Load libframework-connectivity-tiramisu-jni.so using APEX ns com_android_tethering for caller /apex/com.android.tethering/javalib/framework-connectivity-t.jar: ok
10-24 17:40:59.096  3803  3803 D AndroidRuntime: Calling main entry com.android.commands.svc.Svc
10-24 17:40:59.099  3803  3803 I AconfigPackage: com.android.nfc.flags is mapped to system
10-24 17:40:59.099  3803  3803 I AconfigPackage: android.app.admin.flags is mapped to system
10-24 17:40:59.099  3803  3803 I AconfigPackage: com.android.graphics.graphicsenv.flags is mapped to system
10-24 17:40:59.099  3803  3803 I AconfigPackage: android.database.sqlite is mapped to system
10-24 17:40:59.099  3803  3803 I AconfigPackage: com.android.providers.calendar is mapped to system
10-24 17:40:59.099  3803  3803 I AconfigPackage: com.android.server.power.feature.flags is mapped to system
10-24 17:40:59.099  3803  3803 I AconfigPackage: com.android.settingslib.widget.theme.flags is mapped to system
10-24 17:40:59.099  3803  3803 I AconfigPackage: android.app.contextualsearch.flags is mapped to system
10-24 17:40:59.099  3803  3803 I AconfigPackage: android.app.ondeviceintelligence.flags is mapped to system
10-24 17:40:59.099  3803  3803 I AconfigPackage: com.android.media.projection.flags is mapped to system
10-24 17:40:59.099  3803  3803 I AconfigPackage: android.companion is mapped to system
10-24 17:40:59.099  3803  3803 I AconfigPackage: android.service.controls.flags is mapped to system
10-24 17:40:59.099  3803  3803 I AconfigPackage: com.android.text.flags is mapped to system
10-24 17:40:59.099  3803  3803 I AconfigPackage: com.android.providers.contactkeys.flags is mapped to system
10-24 17:40:59.099  3803  3803 I AconfigPackage: com.android.intentresolver is mapped to system
10-24 17:40:59.099  3803  3803 I AconfigPackage: android.companion.virtualdevice.flags is mapped to system
10-24 17:40:59.099  3803  3803 I AconfigPackage: android.uprobestats.flags is mapped to system
10-24 17:40:59.099  3803  3803 I AconfigPackage: com.android.net.thread.platform.flags is mapped to system
10-24 17:40:59.099  3803  3803 I AconfigPackage: android.view.contentprotection.flags is mapped to system
10-24 17:40:59.099  3803  3803 I AconfigPackage: com.android.graphics.surfaceflinger.flags is mapped to system
10-24 17:40:59.099  3803  3803 I AconfigPackage: com.android.hardware.input is mapped to system
10-24 17:40:59.099  3803  3803 I AconfigPackage: android.sdk is mapped to system
10-24 17:40:59.099  3803  3803 I AconfigPackage: com.android.input.flags is mapped to system
10-24 17:40:59.099  3803  3803 I AconfigPackage: android.tracing is mapped to system
10-24 17:40:59.099  3803  3803 I AconfigPackage: com.android.server.biometrics is mapped to system
10-24 17:40:59.099  3803  3803 I AconfigPackage: android.view.contentcapture.flags is mapped to system
10-24 17:40:59.099  3803  3803 I AconfigPackage: android.app.job is mapped to system
10-24 17:40:59.099  3803  3803 I AconfigPackage: android.content.res is mapped to system
10-24 17:40:59.099  3803  3803 I AconfigPackage: android.net.platform.flags is mapped to system
10-24 17:40:59.099  3803  3803 I AconfigPackage: com.android.aconfig.flags is mapped to system
10-24 17:40:59.099  3803  3803 I AconfigPackage: com.android.graphics.flags is mapped to system
10-24 17:40:59.099  3803  3803 I AconfigPackage: android.server.app is mapped to system
10-24 17:40:59.099  3803  3803 I AconfigPackage: android.speech.flags is mapped to system
10-24 17:40:59.099  3803  3803 I AconfigPackage: com.android.server.stats is mapped to system
10-24 17:40:59.099  3803  3803 I AconfigPackage: android.hardware.biometrics is mapped to system
10-24 17:40:59.099  3803  3803 I AconfigPackage: android.car.feature is mapped to system
10-24 17:40:59.099  3803  3803 I AconfigPackage: android.adpf is mapped to system
10-24 17:40:59.099  3803  3803 I AconfigPackage: android.location.flags is mapped to system
10-24 17:40:59.099  3803  3803 I AconfigPackage: com.android.settingslib.flags is mapped to system
10-24 17:40:59.099  3803  3803 I AconfigPackage: com.android.managedprovisioning.flags is mapped to system
10-24 17:40:59.099  3803  3803 I AconfigPackage: android.app.assist.flags is mapped to system
10-24 17:40:59.099  3803  3803 I AconfigPackage: com.android.server.net is mapped to system
10-24 17:40:59.099  3803  3803 I AconfigPackage: com.android.settingslib.widget.flags is mapped to system
10-24 17:40:59.099  3803  3803 I AconfigPackage: com.android.internal.camera.flags is mapped to system
10-24 17:40:59.099  3803  3803 I AconfigPackage: com.android.hardware.libsensor.flags is mapped to system
10-24 17:40:59.099  3803  3803 I AconfigPackage: com.android.internal.jank is mapped to system
10-24 17:40:59.099  3803  3803 I AconfigPackage: com.android.providers.settings is mapped to system
10-24 17:40:59.099  3803  3803 I AconfigPackage: android.multiuser is mapped to system
10-24 17:40:59.099  3803  3803 I AconfigPackage: com.android.server.power.optimization is mapped to system
10-24 17:40:59.099  3803  3803 I AconfigPackage: com.android.calllogbackup is mapped to system
10-24 17:40:59.099  3803  3803 I AconfigPackage: com.android.media.flags is mapped to system
10-24 17:40:59.099  3803  3803 I AconfigPackage: com.android.media.mediasession.flags is mapped to system
10-24 17:40:59.099  3803  3803 I AconfigPackage: com.android.server.flags is mapped to system
10-24 17:40:59.099  3803  3803 I AconfigPackage: com.android.graphics.libvulkan.flags is mapped to system
10-24 17:40:59.099  3803  3803 I AconfigPackage: android.app.appfunctions.flags is mapped to system
10-24 17:40:59.099  3803  3803 I AconfigPackage: android.app.smartspace.flags is mapped to system
10-24 17:40:59.099  3803  3803 I AconfigPackage: com.android.providers.contacts.flags is mapped to system
10-24 17:40:59.099  3803  3803 I AconfigPackage: com.android.shell.flags is mapped to system
10-24 17:40:59.099  3803  3803 I AconfigPackage: com.android.media.aaudio is mapped to system
10-24 17:40:59.099  3803  3803 I AconfigPackage: android.hardware.radio is mapped to system
10-24 17:40:59.099  3803  3803 I AconfigPackage: com.google.wear.services.infra.flags is mapped to system
10-24 17:40:59.099  3803  3803 I AconfigPackage: suspend_service.flags is mapped to system
10-24 17:40:59.099  3803  3803 I AconfigPackage: android.media.midi is mapped to system
10-24 17:40:59.099  3803  3803 I AconfigPackage: com.android.libcore.readonly is mapped to system
10-24 17:40:59.099  3803  3803 I AconfigPackage: android.service.notification is mapped to system
10-24 17:40:59.099  3803  3803 I AconfigPackage: com.android.systemui.shared is mapped to system
10-24 17:40:59.099  3803  3803 I AconfigPackage: android.app.jank is mapped to system
10-24 17:40:59.099  3803  3803 I AconfigPackage: android.app.wearable is mapped to system
10-24 17:40:59.099  3803  3803 I AconfigPackage: com.android.media.audio is mapped to system
10-24 17:40:59.099  3803  3803 I AconfigPackage: android.service.chooser is mapped to system
10-24 17:40:59.099  3803  3803 I AconfigPackage: com.android.server.compat is mapped to system
10-24 17:40:59.099  3803  3803 I AconfigPackage: com.android.server.alarm is mapped to system
10-24 17:40:59.099  3803  3803 I AconfigPackage: com.android.apex.flags is mapped to system
10-24 17:40:59.099  3803  3803 I AconfigPackage: android.service.quickaccesswallet is mapped to system
10-24 17:40:59.099  3803  3803 I AconfigPackage: android.app.usage is mapped to system
10-24 17:40:59.100  3803  3803 I AconfigPackage: com.android.server.accessibility is mapped to system
10-24 17:40:59.100  3803  3803 I AconfigPackage: android.app.supervision.flags is mapped to system
10-24 17:40:59.100  3803  3803 I AconfigPackage: com.android.server.utils is mapped to system
10-24 17:40:59.100  3803  3803 I AconfigPackage: android.chre.flags is mapped to system
10-24 17:40:59.100  3803  3803 I AconfigPackage: android.content.flags is mapped to system
10-24 17:40:59.100  3803  3803 I AconfigPackage: android.media.codec is mapped to system
10-24 17:40:59.100  3803  3803 I AconfigPackage: com.android.internal.os is mapped to system
10-24 17:40:59.100  3803  3803 I AconfigPackage: com.android.nfc.nci.flags is mapped to system
10-24 17:40:59.100  3803  3803 I AconfigPackage: android.app is mapped to system
10-24 17:40:59.100  3803  3803 I AconfigPackage: android.security.keystore2 is mapped to system
10-24 17:40:59.100  3803  3803 I AconfigPackage: android.crashrecovery.flags is mapped to system
10-24 17:40:59.100  3803  3803 I AconfigPackage: com.android.tradeinmode.flags is mapped to system
10-24 17:40:59.100  3803  3803 I AconfigPackage: android.hardware.flags is mapped to system
10-24 17:40:59.100  3803  3803 I AconfigPackage: com.android.server.telecom.flags is mapped to system
10-24 17:40:59.100  3803  3803 I AconfigPackage: com.android.settingslib.media.flags is mapped to system
10-24 17:40:59.100  3803  3803 I AconfigPackage: com.android.server.policy is mapped to system
10-24 17:40:59.100  3803  3803 I AconfigPackage: android.media.audiopolicy is mapped to system
10-24 17:40:59.100  3803  3803 I AconfigPackage: com.android.egg.flags is mapped to system
10-24 17:40:59.100  3803  3803 I AconfigPackage: com.android.internal.compat.flags is mapped to system
10-24 17:40:59.100  3803  3803 I AconfigPackage: android.security is mapped to system
10-24 17:40:59.100  3803  3803 I AconfigPackage: android.service.autofill is mapped to system
10-24 17:40:59.100  3803  3803 I AconfigPackage: com.example.android.aconfig.demo.flags is mapped to system
10-24 17:40:59.100  3803  3803 I AconfigPackage: com.android.server.clipboard is mapped to system
10-24 17:40:59.100  3803  3803 I AconfigPackage: android.view.flags is mapped to system
10-24 17:40:59.100  3803  3803 I AconfigPackage: android.companion.virtual.flags is mapped to system
10-24 17:40:59.100  3803  3803 I AconfigPackage: com.android.aconfig_new_storage is mapped to system
10-24 17:40:59.100  3803  3803 I AconfigPackage: com.android.server.feature.flags is mapped to system
10-24 17:40:59.100  3803  3803 I AconfigPackage: com.android.systemui is mapped to system
10-24 17:40:59.100  3803  3803 I AconfigPackage: com.android.server.power.batterysaver is mapped to system
10-24 17:40:59.100  3803  3803 I AconfigPackage: android.widget.flags is mapped to system
10-24 17:40:59.100  3803  3803 I AconfigPackage: com.android.media.editing.flags is mapped to system
10-24 17:40:59.100  3803  3803 I AconfigPackage: com.android.media.codec.flags is mapped to system
10-24 17:40:59.100  3803  3803 I AconfigPackage: com.android.server.powerstats is mapped to system
10-24 17:40:59.100  3803  3803 I AconfigPackage: com.android.graphics.egl.flags is mapped to system
10-24 17:40:59.100  3803  3803 I AconfigPackage: com.android.media.audioserver is mapped to system
10-24 17:40:59.100  3803  3803 I AconfigPackage: com.android.server.deviceidle is mapped to system
10-24 17:40:59.100  3803  3803 I AconfigPackage: android.nfc is mapped to system
10-24 17:40:59.100  3803  3803 I AconfigPackage: android.permission.flags is mapped to system
10-24 17:40:59.100  3803  3803 I AconfigPackage: android.service.voice.flags is mapped to system
10-24 17:40:59.100  3803  3803 I AconfigPackage: android.content.pm is mapped to system
10-24 17:40:59.100  3803  3803 I AconfigPackage: com.android.server.power.hint is mapped to system
10-24 17:40:59.100  3803  3803 I AconfigPackage: android.os is mapped to system
10-24 17:40:59.100  3803  3803 I AconfigPackage: android.service.dreams is mapped to system
10-24 17:40:59.100  3803  3803 I AconfigPackage: com.android.graphics.libgui.flags is mapped to system
10-24 17:40:59.100  3803  3803 I AconfigPackage: android.hardware.usb.flags is mapped to system
10-24 17:40:59.100  3803  3803 I AconfigPackage: android.provider is mapped to system
10-24 17:40:59.100  3803  3803 I AconfigPackage: com.android.server.job is mapped to system
10-24 17:40:59.100  3803  3803 I AconfigPackage: com.android.internal.foldables.flags is mapped to system
10-24 17:40:59.100  3803  3803 I AconfigPackage: com.android.internal.telephony.flags is mapped to system
10-24 17:40:59.100  3803  3803 I AconfigPackage: android.webkit is mapped to system
10-24 17:40:59.100  3803  3803 I AconfigPackage: android.credentials.flags is mapped to system
10-24 17:40:59.100  3803  3803 I AconfigPackage: com.android.server.display.feature.flags is mapped to system
10-24 17:40:59.100  3803  3803 I AconfigPackage: com.android.server.notification is mapped to system
10-24 17:40:59.100  3803  3803 I AconfigPackage: android.appwidget.flags is mapped to system
10-24 17:40:59.100  3803  3803 I AconfigPackage: com.android.frameworks.sensorservice.flags is mapped to system
10-24 17:40:59.100  3803  3803 I AconfigPackage: com.android.printspooler.flags is mapped to system
10-24 17:40:59.100  3803  3803 I AconfigPackage: com.android.window.flags is mapped to system
10-24 17:40:59.100  3803  3803 I AconfigPackage: android.net.wifi.flags is mapped to system
10-24 17:40:59.100  3803  3803 I AconfigPackage: android.media.tv.flags is mapped to system
10-24 17:40:59.100  3803  3803 I AconfigPackage: com.android.server.usb.flags is mapped to system
10-24 17:40:59.100  3803  3803 I AconfigPackage: android.os.vibrator is mapped to system
10-24 17:40:59.100  3803  3803 I AconfigPackage: android.vold.flags is mapped to system
10-24 17:40:59.100  3803  3803 I AconfigPackage: android.hardware.devicestate.feature.flags is mapped to system
10-24 17:40:59.100  3803  3803 I AconfigPackage: com.android.server.usage is mapped to system
10-24 17:40:59.100  3803  3803 I AconfigPackage: android.server is mapped to system
10-24 17:40:59.100  3803  3803 I AconfigPackage: com.android.wm.shell is mapped to system
10-24 17:40:59.100  3803  3803 I AconfigPackage: android.view.inputmethod is mapped to system
10-24 17:40:59.100  3803  3803 I AconfigPackage: com.android.graphics.hwui.flags is mapped to system
10-24 17:40:59.100  3803  3803 I AconfigPackage: com.android.server.backup is mapped to system
10-24 17:40:59.100  3803  3803 I AconfigPackage: com.android.internal.pm.pkg.component.flags is mapped to system
10-24 17:40:59.100  3803  3803 I AconfigPackage: android.view.accessibility is mapped to system
10-24 17:40:59.100  3803  3803 I AconfigPackage: com.google.wear.sdk is mapped to system
10-24 17:40:59.100  3803  3803 I AconfigPackage: android.media.audio is mapped to system
10-24 17:40:59.100  3803  3803 I AconfigPackage: com.android.server.am is mapped to system
10-24 17:40:59.100  3803  3803 I AconfigPackage: com.android.server.print is mapped to system
10-24 17:40:59.100  3803  3803 I AconfigPackage: com.google.android.settings.simplemode.flags is mapped to system_ext
10-24 17:40:59.100  3803  3803 I AconfigPackage: com.google.android.systemui is mapped to system_ext
10-24 17:40:59.100  3803  3803 I AconfigPackage: com.google.android.apps.nexuslauncher is mapped to system_ext
10-24 17:40:59.100  3803  3803 I AconfigPackage: com.android.settings.accessibility is mapped to system_ext
10-24 17:40:59.100  3803  3803 I AconfigPackage: com.android.settings.flags is mapped to system_ext
10-24 17:40:59.100  3803  3803 I AconfigPackage: com.google.android.settings.localepicker.flags is mapped to system_ext
10-24 17:40:59.100  3803  3803 I AconfigPackage: com.google.android.apps.pixel.support.boostdatalib.core.flags is mapped to system_ext
10-24 17:40:59.100  3803  3803 I AconfigPackage: com.google.android.pixelsystemservice.appslicer.flags is mapped to system_ext
10-24 17:40:59.100  3803  3803 I AconfigPackage: com.google.pixel.camera.services.flags is mapped to system_ext
10-24 17:40:59.100  3803  3803 I AconfigPackage: com.google.android.pixelsystemservice.flags is mapped to system_ext
10-24 17:40:59.100  3803  3803 I AconfigPackage: com.google.android.apps.miphone.aiai.matchmaker.overview.ui is mapped to system_ext
10-24 17:40:59.100  3803  3803 I AconfigPackage: com.google.android.apps.pixel.impulse.flags is mapped to system_ext
10-24 17:40:59.100  3803  3803 I AconfigPackage: com.google.android.settings.flags is mapped to system_ext
10-24 17:40:59.100  3803  3803 I AconfigPackage: com.android.launcher3 is mapped to system_ext
10-24 17:40:59.100  3803  3803 I AconfigPackage: com.android.wallpaper is mapped to system_ext
10-24 17:40:59.100  3803  3803 I AconfigPackage: com.android.settings.media_drm is mapped to system_ext
10-24 17:40:59.100  3803  3803 I AconfigPackage: com.google.android.pixelsystemservice.wirelesscharger.flags is mapped to system_ext
10-24 17:40:59.100  3803  3803 I AconfigPackage: com.android.systemui.accessibility.accessibilitymenu is mapped to system_ext
10-24 17:40:59.100  3803  3803 I AconfigPackage: com.google.android.settings.future.biometrics.faceenroll.flags is mapped to system_ext
10-24 17:40:59.100  3803  3803 I AconfigPackage: com.android.settings.keyboard is mapped to system_ext
10-24 17:40:59.100  3803  3803 I AconfigPackage: com.android.server.policy.feature.flags is mapped to system_ext
10-24 17:40:59.100  3803  3803 I AconfigPackage: com.android.settings.factory_reset is mapped to system_ext
10-24 17:40:59.100  3803  3803 I AconfigPackage: com.google.android.haptics.flags is mapped to system_ext
10-24 17:40:59.100  3803  3803 I AconfigPackage: com.google.android.iwlan.flags is mapped to system_ext
10-24 17:40:59.101  3803  3803 I AconfigPackage: vendor.google.wireless_charger.service.flags is mapped to vendor
10-24 17:40:59.101  3803  3803 I AconfigPackage: com.android.bluetooth.hal.flags is mapped to vendor
10-24 17:40:59.101  3803  3803 I AconfigPackage: face.flags.policy is mapped to vendor
10-24 17:40:59.101  3803  3803 I AconfigPackage: android.location.motionstate is mapped to vendor
10-24 17:40:59.101  3803  3803 I AconfigPackage: com.google.android.input.twoshay.flags is mapped to vendor
10-24 17:40:59.101  3803  3803 I AconfigPackage: vendor.google.aam.flags is mapped to vendor
10-24 17:40:59.101  3803  3803 I AconfigPackage: vendor.vibrator.hal.flags is mapped to vendor
10-24 17:40:59.101  3803  3803 I AconfigPackage: vendor.google.whitechapel.audio.flags is mapped to vendor
10-24 17:40:59.101  3803  3803 I AconfigPackage: android.graphics.pdf.flags is mapped to com.android.mediaprovider
10-24 17:40:59.101  3803  3803 I AconfigPackage: com.android.providers.media.flags is mapped to com.android.mediaprovider
10-24 17:40:59.101  3803  3803 I AconfigPackage: android.graphics.pdf.flags.readonly is mapped to com.android.mediaprovider
10-24 17:40:59.101  3803  3803 I AconfigPackage: android.os.profiling is mapped to com.android.profiling
10-24 17:40:59.101  3803  3803 I AconfigPackage: com.android.bluetooth.flags is mapped to com.android.bt
10-24 17:40:59.101  3803  3803 I AconfigPackage: com.android.nfc.module.flags is mapped to com.android.nfcservices
10-24 17:40:59.102  3803  3803 I AconfigPackage: android.uprobestats.mainline.flags is mapped to com.android.uprobestats
10-24 17:40:59.102  3803  3803 I AconfigPackage: com.android.net.ct.flags is mapped to com.android.tethering
10-24 17:40:59.102  3803  3803 I AconfigPackage: com.android.net.flags is mapped to com.android.tethering
10-24 17:40:59.102  3803  3803 I AconfigPackage: com.android.nearby.flags is mapped to com.android.tethering
10-24 17:40:59.102  3803  3803 I AconfigPackage: android.net.vcn is mapped to com.android.tethering
10-24 17:40:59.102  3803  3803 I AconfigPackage: com.android.tethering.beta.test is mapped to com.android.tethering
10-24 17:40:59.102  3803  3803 I AconfigPackage: android.net.http is mapped to com.android.tethering
10-24 17:40:59.102  3803  3803 I AconfigPackage: com.android.net.thread.flags is mapped to com.android.tethering
10-24 17:40:59.102  3803  3803 I AconfigPackage: com.android.org.conscrypt.flags is mapped to com.android.conscrypt
10-24 17:40:59.102  3803  3803 I AconfigPackage: com.android.ipsec.flags is mapped to com.android.ipsec
10-24 17:40:59.102  3803  3803 I AconfigPackage: com.android.uwb.flags is mapped to com.android.uwb
10-24 17:40:59.102  3803  3803 I AconfigPackage: com.android.ranging.flags is mapped to com.android.uwb
10-24 17:40:59.103  3803  3803 I AconfigPackage: android.media.swcodec.flags is mapped to com.android.media.swcodec
10-24 17:40:59.103  3803  3803 I AconfigPackage: com.android.wifi.flags is mapped to com.android.wifi
10-24 17:40:59.103  3803  3803 I AconfigPackage: com.android.permission.flags is mapped to com.android.permission
10-24 17:40:59.103  3803  3803 I AconfigPackage: com.android.system.virtualmachine.flags is mapped to com.android.virt
10-24 17:40:59.103  3803  3803 I AconfigPackage: com.android.art.flags is mapped to com.android.art
10-24 17:40:59.103  3803  3803 I AconfigPackage: com.android.libcore is mapped to com.android.art
10-24 17:40:59.103  3803  3803 I AconfigPackage: com.android.icu is mapped to com.android.i18n
10-24 17:40:59.104  3803  3803 I AconfigPackage: com.android.os.statsd.flags is mapped to com.android.os.statsd
10-24 17:40:59.104  3803  3803 I AconfigPackage: com.android.media.extractor.flags is mapped to com.android.media
10-24 17:40:59.104  3803  3803 I AconfigPackage: com.android.media.mainline.flags is mapped to com.android.media
10-24 17:40:59.104  3803  3803 I AconfigPackage: com.android.cellbroadcastreceiver.flags is mapped to com.android.cellbroadcast
10-24 17:40:59.104  3803  3803 I AconfigPackage: com.android.adservices.flags is mapped to com.android.adservices
10-24 17:40:59.104  3803  3803 I AconfigPackage: com.android.sdksandbox.flags is mapped to com.android.adservices
10-24 17:40:59.104  3803  3803 I AconfigPackage: com.android.rkpd.flags is mapped to com.android.rkpd
10-24 17:40:59.105  3803  3803 I AconfigPackage: com.android.appsearch.flags is mapped to com.android.appsearch
10-24 17:40:59.105  3803  3803 I AconfigPackage: com.android.devicelock.flags is mapped to com.android.devicelock
10-24 17:40:59.105  3803  3803 I AconfigPackage: android.provider.flags is mapped to com.android.configinfrastructure
10-24 17:40:59.105  3803  3803 I AconfigPackage: com.android.server.deviceconfig is mapped to com.android.configinfrastructure
10-24 17:40:59.105  3803  3803 I AconfigPackage: com.android.adservices.ondevicepersonalization.flags is mapped to com.android.ondevicepersonalization
10-24 17:40:59.105  3803  3803 I AconfigPackage: com.android.healthfitness.flags is mapped to com.android.healthfitness
10-24 17:40:59.105  3803  3803 E FeatureFlagsImplExport: android.os.flagging.AconfigStorageReadException: ERROR_PACKAGE_NOT_FOUND: package android.xr cannot be found on the device
10-24 17:40:59.109  3803  3814 W libbinder.IPCThreadState: call to talkWithDriver in joinThreadPool returned error: -9 (Bad file descriptor), FD: -1
10-24 17:40:59.109  3803  3812 W libbinder.IPCThreadState: call to talkWithDriver in joinThreadPool returned error: -9 (Bad file descriptor), FD: -1
10-24 17:40:59.109  3803  3803 D AndroidRuntime: Shutting down VM
10-24 17:40:59.248 17689 17699 I pixel-thermal: disp_therm:30.459 raw data: disp_therm:30459 
10-24 17:40:59.255 17689 17699 I pixel-thermal: btmspkr_therm:30.036 raw data: btmspkr_therm:30036 
10-24 17:40:59.296  1390  1412 D CHRE.HAL: Received a nanoapp message from 0x476f6f676c00100b endpoint 0x4b: Type 0x401 size 229 
10-24 17:40:59.297  1390  1412 D CHRE    : @ 573946.516: Parsed nanoapp message from host: app ID 0x476f6f676c00100b endpoint 0x4b msgType 112 payload size 10
10-24 17:40:59.298  1390  1412 I CHRE    : @ 573946.517: [NanoMinion] received MSG Type 0x70, Version 1, 6 bytes
10-24 17:40:59.298  1390  1412 I CHRE    : @ 573946.517: [AR] request.flush
10-24 17:40:59.298  1390  1412 I CHRE    : @ 573946.517: [AR] send to host, reason=3, sampleSize=13, transitionSize=0, lastAccelTime = 573937006, lastAudioTime = 0 
10-24 17:40:59.298  1390  1412 I CHRE    : @ 573946.517: [NanoMinion] sent MSG Type 0x72, Version 0, 221 bytes, MessageId 84
--------- beginning of system
10-24 17:40:59.331  1787  3082 W AppOps  : Noting op not finished: uid 10152 pkg com.google.android.gms code 113 startTime of in progress event=1761287427703
10-24 17:40:59.348  1787  2796 W AppOps  : Noting op not finished: uid 10152 pkg com.google.android.gms code 79 startTime of in progress event=1761287427703
10-24 17:40:59.353  1787  2796 W AppOps  : Noting op not finished: uid 10152 pkg com.google.android.gms code 113 startTime of in progress event=1761287427703
10-24 17:40:59.363   476   541 I ActivityScheduler: nextTriggerTime: 574177666, in 240000ms, detectorType: 0,  alarmWindowMillis: 30000
