10-24 17:41:01.394  1380  2063 I AHal::AudioRoutePathController: ApplyPath: primary-playback-0 -> speaker-safe: true
10-24 17:41:01.394  1380  2063 I AHal::DeviceInterface: Connect: connect primary-playback-0 -> speaker-safe
10-24 17:41:01.394  1380  2063 I AHal::Waves: UpdateActiveDevices: adding speaker-safe
10-24 17:41:01.394  1380  2063 I AHal::Waves: UpdateTuning: Wake up Waves DSP for speaker-safe
10-24 17:41:01.395  1380  2063 I AHal::Waves::CustomAction: GetData: Custom Data: {4194304,0,1,0,}
10-24 17:41:01.395  1662  1662 D AOC     : F1:MSG: controller.cc, 919: AudioOutCtrl: ipc: audio_output_tu, cmd ID: 0x00d1, tag: 0xe9, rc: 0
10-24 17:41:01.395  1380  2063 I AHal::Waves: UpdateTuning: successfully set link law data 1 31.975 31.975
10-24 17:41:01.396  1662  1662 D AOC     : F1:MSG: controller.cc, 275: AudioOutCtrl: cmd ID: 0x010f, tag: 0xbb [cntr = 81494]
10-24 17:41:01.396  1662  1662 D AOC     : F1:Source 1 [Primary] mastered by sink 0 [Speaker]
10-24 17:41:01.396  1662  1662 D AOC     : F1:AT Map:2 (LL:0), 1 EPs active, Power: Yes, Config: No
10-24 17:41:01.396  1662  1662 D AOC     : F1:Mixer 0 configuration changed: (2)
10-24 17:41:01.396  1662  1662 D AOC     : F1:Sink 0 Configuration changed: ULL (enabled)
10-24 17:41:01.397  1662  1662 D AOC     : F1:AHWSinkSPKR started: 48 samples (32-bit,2 ch,48 kHz) block 384 ts_en 0
10-24 17:41:01.397  1662  1662 D AOC     : F1:[SPKR] protection library mips: 160
10-24 17:41:01.397  1662  1662 D AOC     : F1:[AHWSinkSPKR] DL resync B: 2540, A:2540. wo: 4268, target offset: 1728 (align 44) -> ro:1728
10-24 17:41:01.398  1662  1662 D AOC     : F1:Speaker TDM Started with Clk: 6144 KHz, FS: 48 KHz, Slots: 4 (4 ch used) DMA:1+2
10-24 17:41:01.398  1662  1662 D AOC     : F1:[Idle Tracker] long no idle:[0] average between idle:[0.407873ms] max no idle:[67.969775ms]
10-24 17:41:01.398  1662  1662 D AOC     : F1:MSG: controller.cc, 919: AudioOutCtrl: ipc: audio_output_co, cmd ID: 0x010f, tag: 0xbb, rc: 0
10-24 17:41:01.398  1662  1662 D AOC     : F1:MSG: mix_creator.cc, 179: [AHWSinkSPKR] HF overrun. RP(0x80202200) not 3840 bytes behind WP(0x80202f80)
10-24 17:41:01.398  1662  1662 D AOC     : H0:Mixer AMixSPKR: 480 samples (0002/0002) (ON SC) multi out OFF
10-24 17:41:01.398  1662  1662 D AOC     : H0:	 1: 0x406319c8
10-24 17:41:01.398  1662  1662 D AOC     : H0:AMixSPKR PostProcessing Config: WAVES
10-24 17:41:01.398  1662  1662 D AOC     : H0:Mixer configuration updated
10-24 17:41:01.399  1662  1662 D AOC     : H0:[Idle Tracker] long no idle:[27] average between idle:[4.005667ms] max no idle:[239.942416ms]
10-24 17:41:01.399  1662  1662 D AOC     : H0:Mixer state changed
10-24 17:41:01.399  1662  1662 D AOC     : F1:MSG: controller.cc, 275: AudioOutCtrl: cmd ID: 0x00d5, tag: 0xd6 [cntr = 81495]
10-24 17:41:01.400  1380  2063 I AHal::AocPlaybackTuningAdapter: WriteReadTuningBuffer: updated tuning with size 12724
10-24 17:41:01.400  1380  2063 D AHal::Waves: UpdateTuning: update Device: speaker-safe, InstanceId: 1, IsInitialize: false, NeedToUpdate: true, Parameters{is_bypass:false, MaxVolume: 0.299988, ScreenOrientation: 0}, is_any_active_track_on_sink: true
10-24 17:41:01.400  1380  2063 I AHal::Router: InvalidateLocked: ============ apply graph #25555 end ============
10-24 17:41:01.400  3834  3893 I SleepRollupWorker: WAKE_ACCEPT unlock=2025-09-24T06:11:22+10:00[Australia/Sydney] (no SCREEN_OFF in next 20s)
10-24 17:41:01.400  1380  2063 I ASvc::PeriodicWorker: SetLinkedConfigIds: update linked configs [100002]
10-24 17:41:01.401  1380  2063 D BTAudioSessionAidl: UpdateSourceMetadata - SessionType=LE_AUDIO_HARDWARE_OFFLOAD_ENCODING_DATAPATH has NO session
10-24 17:41:01.401  1380  2063 D BTAudioSessionAidl: UpdateSinkMetadata - SessionType=LE_AUDIO_HARDWARE_OFFLOAD_DECODING_DATAPATH has NO session
10-24 17:41:01.401  1662  1662 D AOC     : H0:MSG: controller.cc, 919: AudOutCtrlH0: ipc: C-AO-H0, cmd ID: 0x00d5, tag: 0xa0, rc: 0
10-24 17:41:01.401  1380  2063 I AHal::Stream: Start: start stream primary-playback
10-24 17:41:01.401  1662  1662 D AOC     : F1:MSG: controller.cc, 919: AudioOutCtrl: ipc: audio_output_tu, cmd ID: 0x00d5, tag: 0xa0, rc: 0
10-24 17:41:01.401  1380  2063 D AHal::TinyalsaDriverOperations: OpenAndPrepareLocked: open pcmC0D1p with [channel: 2, rate: 48000, period_size: 480, period_count: 4, format: 9, start_threshold: 0, stop_threshold: 18446744073709551615, silence_threshold: 0, silence_size: 0, avail_min: 0]
10-24 17:41:01.421  1662  1662 D AOC     : F1:MSG: controller.cc, 275: AudioOutCtrl: cmd ID: 0x00ce, tag: 0xbc [cntr = 81496]
10-24 17:41:01.421  1662  1662 D AOC     : F1:MSG: controller_audio_output.cc, 1971: audio_playback1 set default threshold 11520
10-24 17:41:01.421  1662  1662 D AOC     : F1:RAW Endpoint Data Format: 32-bit floating point (XTensa Optimized)
10-24 17:41:01.422  1662  1662 D AOC     : F1:MSG: controller.cc, 919: AudioOutCtrl: ipc: audio_output_co, cmd ID: 0x0132, tag: 0x00, rc: 0
10-24 17:41:01.422  1662  1662 D AOC     : F1:MSG: controller.cc, 275: AudioOutCtrl: cmd ID: 0x012a, tag: 0xbd [cntr = 81497]
10-24 17:41:01.422  1662  1662 D AOC     : F1:MSG: controller_audio_output.cc, 2110: audio_playback1 set threshold 11520 of 15360
10-24 17:41:01.423  1662  1662 D AOC     : F1:MSG: controller.cc, 919: AudioOutCtrl: ipc: audio_output_co, cmd ID: 0x012a, tag: 0xbd, rc: 0
10-24 17:41:01.423  1662  1662 D AOC     : F1:MSG: controller.cc, 275: AudioOutCtrl: cmd ID: 0x00c9, tag: 0xbe [cntr = 81498]
10-24 17:41:01.423  1662  1662 D AOC     : F1:MSG: controller.cc, 919: AudioOutCtrl: ipc: audio_output_co, cmd ID: 0x00c9, tag: 0xbe, rc: 0
10-24 17:41:01.443  1380  1380 I AHal::Waves: UpdateUseCasesState: set active max volume 1
10-24 17:41:01.443  1380  1380 I AHal::Waves::CustomAction: GetData: Custom Data: {4194304,0,1,0,}
10-24 17:41:01.443  1380  1380 D AHal::ThirdPartyEffectAmcs: UpdateAMCSData: update volume index[2] duration 48 ms.
10-24 17:41:01.444  3834  3865 I WM-WorkerWrapper: Worker result SUCCESS for Work [ id=5829597b-c16d-41bb-aff2-a5c9a1eb5603, tags={ com.nick.myrecoverytracker.LogRetentionWorker, LogRetentionBoot } ]
10-24 17:41:01.444  1380  1380 D AHal::Waves: UpdateTuning: update Device: speaker-safe, InstanceId: 1, IsInitialize: true, NeedToUpdate: true, Parameters{is_bypass:false, MaxVolume: 1, ScreenOrientation: 0}, is_any_active_track_on_sink: true
10-24 17:41:01.444  1380  1380 I StHal::SoundTriggerHal: ProcessStreamMetadata: active usage tracks: 0
10-24 17:41:01.444  1380  1380 D BTAudioSessionAidl: UpdateSourceMetadata - SessionType=LE_AUDIO_HARDWARE_OFFLOAD_ENCODING_DATAPATH has NO session
10-24 17:41:01.444  1380  1380 D BTAudioSessionAidl: GetSupportedLatencyModes - SessionType=LE_AUDIO_HARDWARE_OFFLOAD_ENCODING_DATAPATH has NO session
10-24 17:41:01.444  1380  1380 D BTAudioSessionAidl: SetLatencyMode - SessionType=LE_AUDIO_HARDWARE_OFFLOAD_ENCODING_DATAPATH has NO session
10-24 17:41:01.444  1380  1380 D BTAudioSessionAidl: GetSupportedLatencyModes - SessionType=A2DP_HARDWARE_OFFLOAD_ENCODING_DATAPATH has NO session
10-24 17:41:01.444  1380  1380 D BTAudioSessionAidl: SetLatencyMode - SessionType=A2DP_HARDWARE_OFFLOAD_ENCODING_DATAPATH has NO session
10-24 17:41:01.519 21270  3894 W System.err: java.lang.NumberFormatException: For input string: ""
10-24 17:41:01.521 21270  3894 W System.err: 	at java.lang.Integer.parseInt(Integer.java:791)
10-24 17:41:01.521 21270  3894 W System.err: 	at java.lang.Integer.parseInt(Integer.java:897)
10-24 17:41:01.521 21270  3894 W System.err: 	at com.vega.launcher.network.interceptors.CrackingInterceptor.intercept(Native Method)
10-24 17:41:01.522 21270  3894 W System.err: 	at com.bytedance.retrofit2.intercept.RealInterceptorChain.proceed(Unknown Source:17236130)
10-24 17:41:01.522 21270  3894 W System.err: 	at com.vega.launcher.network.interceptors.TimeOutSettingInterceptor.intercept(Unknown Source:17302117)
10-24 17:41:01.522 21270  3894 W System.err: 	at com.bytedance.retrofit2.intercept.RealInterceptorChain.proceed(Unknown Source:17236130)
10-24 17:41:01.522 21270  3894 W System.err: 	at com.vega.launcher.network.interceptors.LynxSignVerifyInterceptor.intercept(Unknown Source:17170503)
10-24 17:41:01.522 21270  3894 W System.err: 	at com.bytedance.retrofit2.intercept.RealInterceptorChain.proceed(Unknown Source:17236130)
10-24 17:41:01.522 21270  3894 W System.err: 	at com.vega.launcher.network.interceptors.SignVerifyInterceptor.intercept(Unknown Source:17170511)
10-24 17:41:01.522 21270  3894 W System.err: 	at com.bytedance.retrofit2.intercept.RealInterceptorChain.proceed(Unknown Source:17236130)
10-24 17:41:01.522 21270  3894 W System.err: 	at com.vega.launcher.network.interceptors.AssistInterceptor.intercept(Unknown Source:17236315)
10-24 17:41:01.522 21270  3894 W System.err: 	at com.bytedance.retrofit2.intercept.RealInterceptorChain.proceed(Unknown Source:17236130)
10-24 17:41:01.522 21270  3894 W System.err: 	at com.vega.effectplatform.artist.net.ArtistCollectInterceptor.intercept(Unknown Source:17105003)
10-24 17:41:01.522 21270  3894 W System.err: 	at com.bytedance.retrofit2.intercept.RealInterceptorChain.proceed(Unknown Source:17236130)
10-24 17:41:01.523 21270  3894 W System.err: 	at com.vega.launcher.network.interceptors.RetrofitHeaderInterceptor.intercept(Unknown Source:17367973)
10-24 17:41:01.523 21270  3894 W System.err: 	at com.bytedance.retrofit2.intercept.RealInterceptorChain.proceed(Unknown Source:17236130)
10-24 17:41:01.523 21270  3894 W System.err: 	at com.vega.libeffectapi.util.VimoNetHeaderInterceptor.intercept(Unknown Source:17170582)
10-24 17:41:01.523 21270  3894 W System.err: 	at com.bytedance.retrofit2.intercept.RealInterceptorChain.proceed(Unknown Source:17236130)
10-24 17:41:01.523 21270  3894 W System.err: 	at com.lm.components.network.extra.HttpHeaderInterceptor.intercept(Unknown Source:17302066)
10-24 17:41:01.523 21270  3894 W System.err: 	at com.bytedance.retrofit2.intercept.RealInterceptorChain.proceed(Unknown Source:17236130)
10-24 17:41:01.523 21270  3894 W System.err: 	at com.ss.android.account.leak.LeakInterceptor.intercept(Unknown Source:17170466)
10-24 17:41:01.523 21270  3894 W System.err: 	at com.bytedance.retrofit2.intercept.RealInterceptorChain.proceed(Unknown Source:17236130)
10-24 17:41:01.523 21270  3894 W System.err: 	at com.bytedance.sdk.account.region.TTPInterceptor.intercept(Unknown Source:17236137)
10-24 17:41:01.523 21270  3894 W System.err: 	at com.bytedance.retrofit2.intercept.RealInterceptorChain.proceed(Unknown Source:17236130)
10-24 17:41:01.523 21270  3894 W System.err: 	at com.ss.android.account.token.TTTokenInterceptor.intercept(Unknown Source:17170547)
10-24 17:41:01.523 21270  3894 W System.err: 	at com.bytedance.retrofit2.intercept.RealInterceptorChain.proceed(Unknown Source:17236130)
10-24 17:41:01.523 21270  3894 W System.err: 	at com.ss.android.account.token.TTTokenInterceptor.intercept(Unknown Source:17170547)
10-24 17:41:01.523 21270  3894 W System.err: 	at com.bytedance.retrofit2.intercept.RealInterceptorChain.proceed(Unknown Source:17236130)
10-24 17:41:01.523 21270  3894 W System.err: 	at com.bytedance.bdturing.ttnet.TTNetUtil$1.intercept(Unknown Source:17104962)
10-24 17:41:01.523 21270  3894 W System.err: 	at com.bytedance.retrofit2.intercept.RealInterceptorChain.proceed(Unknown Source:17236130)
10-24 17:41:01.523 21270  3894 W System.err: 	at com.vega.launcher.privacy.ttp.NetworkRespInterceptor.intercept(Unknown Source:17170441)
10-24 17:41:01.523 21270  3894 W System.err: 	at com.bytedance.retrofit2.intercept.RealInterceptorChain.proceed(Unknown Source:17236130)
10-24 17:41:01.523 21270  3894 W System.err: 	at com.bytedance.privacy.dispatch.intercept.BootDomainInterceptor.intercept(Unknown Source:17104924)
10-24 17:41:01.523 21270  3894 W System.err: 	at com.bytedance.retrofit2.intercept.RealInterceptorChain.proceed(Unknown Source:17236130)
10-24 17:41:01.523 21270  3894 W System.err: 	at com.bytedance.privacy.region.CdnRegionInterceptor.intercept(Unknown Source:17235977)
10-24 17:41:01.523 21270  3894 W System.err: 	at com.bytedance.retrofit2.intercept.RealInterceptorChain.proceed(Unknown Source:17236130)
10-24 17:41:01.523 21270  3894 W System.err: 	at com.bytedance.frameworks.baselib.network.http.retrofit.BaseSsInterceptor.intercept(Unknown Source:16973846)
10-24 17:41:01.523 21270  3894 W System.err: 	at com.bytedance.retrofit2.intercept.RealInterceptorChain.proceed(Unknown Source:17236130)
10-24 17:41:01.523 21270  3894 W System.err: 	at com.bytedance.retrofit2.SsHttpCall.getResponseWithInterceptorChain(Unknown Source:327790)
10-24 17:41:01.523 21270  3894 W System.err: 	at com.bytedance.retrofit2.SsHttpCall.execute(Unknown Source:327713)
10-24 17:41:01.523 21270  3894 W System.err: 	at com.bytedance.retrofit2.ExecutorCallAdapterFactory$ExecutorCallbackCall.execute(Unknown Source:65538)
10-24 17:41:01.523 21270  3894 W System.err: 	at com.lm.components.network.network.NetWorker.k(Unknown Source:134611130)
10-24 17:41:01.523 21270  3894 W System.err: 	at com.lm.components.network.NetworkManager.j(Unknown Source:23)
10-24 17:41:01.523 21270  3894 W System.err: 	at com.lm.components.network.network.INetWorker$DefaultImpls.c(Unknown Source:134414350)
10-24 17:41:01.523 21270  3894 W System.err: 	at com.vega.core.net.NetworkManagerWrapper.j(Unknown Source:84148252)
10-24 17:41:01.523 21270  3894 W System.err: 	at com.vega.libgecko.network.GeckoNetworkTTNetImpl.doPost(Unknown Source:33882156)
10-24 17:41:01.523 21270  3894 W System.err: 	at com.bytedance.geckox.interceptors.CheckUpdateInterceptor.syncRequestServer(Unknown Source:17301717)
10-24 17:41:01.523 21270  3894 W System.err: 	at com.bytedance.geckox.interceptors.CheckUpdateInterceptor.intercept(Unknown Source:33947648)
10-24 17:41:01.523 21270  3894 W System.err: 	at com.bytedance.geckox.interceptors.CheckUpdateInterceptor.intercept(Unknown Source:33619970)
10-24 17:41:01.523 21270  3894 W System.err: 	at com.bytedance.pipeline.RealInterceptorChain.proceed(Unknown Source:17104968)
10-24 17:41:01.523 21270  3894 W System.err: 	at com.bytedance.geckox.interceptors.LoadLocalChannelVersionInterceptor.intercept(Unknown Source:34013527)
10-24 17:41:01.523 21270  3894 W System.err: 	at com.bytedance.pipeline.RealInterceptorChain.proceed(Unknown Source:17104968)
10-24 17:41:01.523 21270  3894 W System.err: 	at com.bytedance.geckox.interceptors.InitInterceptor.intercept(Unknown Source:33619968)
10-24 17:41:01.524 21270  3894 W System.err: 	at com.bytedance.pipeline.RealInterceptorChain.proceed(Unknown Source:17104968)
10-24 17:41:01.524 21270  3894 W System.err: 	at com.bytedance.geckox.policy.loop.OnLoopCallbackImpl$1.run(Unknown Source:327734)
10-24 17:41:01.524 21270  3894 W System.err: 	at java.util.concurrent.ThreadPoolExecutor.runWorker(ThreadPoolExecutor.java:1156)
10-24 17:41:01.524 21270  3894 W System.err: 	at java.util.concurrent.ThreadPoolExecutor$Worker.run(ThreadPoolExecutor.java:651)
10-24 17:41:01.524 21270  3894 W System.err: 	at java.lang.Thread.run(Thread.java:1119)
10-24 17:41:01.524 21270  3894 W System.err: 	at com.bytedance.bpea.transmit.delegate.BPEAThread.run(Unknown Source:196617)
10-24 17:41:01.526 21270  3894 W System.err: 	at com.ss.android.ugc.bytex.pthread.base.convergence.hook.ThreadProxy$start$1.invoke(Unknown Source:23)
10-24 17:41:01.526 21270  3894 W System.err: 	at com.ss.android.ugc.bytex.pthread.base.convergence.hook.ThreadProxy$start$1.invoke(Unknown Source:2)
10-24 17:41:01.526 21270  3894 W System.err: 	at com.ss.android.ugc.bytex.pthread.base.convergence.helper.ThreadWorker.run(Unknown Source:98)
10-24 17:41:01.526 21270  3894 W System.err: 	at java.util.concurrent.ThreadPoolExecutor.runWorker(ThreadPoolExecutor.java:1156)
10-24 17:41:01.526 21270  3894 W System.err: 	at java.util.concurrent.ThreadPoolExecutor$Worker.run(ThreadPoolExecutor.java:651)
10-24 17:41:01.526 21270  3894 W System.err: 	at java.lang.Thread.run(Thread.java:1119)
10-24 17:41:01.550  3834  3893 I SleepRollupWorker: SLEEP_ACCEPT at=2025-09-24T01:05+10:00[Australia/Sydney] type=SCREEN_OFF (60m quiet)
10-24 17:41:01.557  1662  1662 D AOC     : A3:MSG: usf_vsc_log.cc, 45: USF: [Lift_to_Wake_Algo] Lift detected :0x401546a0.
10-24 17:41:01.557  1662  1662 D AOC     : A3:MSG: usf_vsc_log.cc, 45: USF: [Lift_to_Wake_Algo] Lift : 0.694, -.791, 9.753 -> 0.277, 5.883, 7.844, 1
10-24 17:41:01.558  3834  3893 I SleepRollupWorker: Sleep 2025-09-24 -> sleep=01:05:00 wake=06:11:22 hours=5.11 quality=OK
10-24 17:41:01.558  1662  1662 D AOC     : A3:MSG: vsc_controller.cc, 602: VSC: [Lift to Wake Sensor] stopSensorEvents: sensor 0x10001
10-24 17:41:01.560  1662  1662 D AOC     : A3:MSG: usf_sensor.cc, 1784: USF: Received start sampling request for LSM6DSV Accelerometer (active:7).
10-24 17:41:01.560  1662  1662 D AOC     : A3:MSG: vsc_controller.cc, 602: VSC: [Lift to Wake Sensor] stopSensorEvents: sensor 0x10004
10-24 17:41:01.561  1662  1662 D AOC     : A3:MSG: usf_sensor.cc, 1792: USF: Received stop sampling request for LSM6DSV Gyroscope (active:2).
10-24 17:41:01.562  1662  1662 D AOC     : A3:MSG: vsc_controller.cc, 602: VSC: [Lift to Wake Sensor] stopSensorEvents: sensor 0x20003
10-24 17:41:01.563  1662  1662 D AOC     : A3:MSG: usf_sensor.cc, 1792: USF: Received stop sampling request for LSM6DSV Stationary Detect (active:2).
10-24 17:41:01.564  1662  1662 D AOC     : A3:MSG: vsc_controller.cc, 584: VSC: [Lift to Wake Sensor] requestSensorEvents: sensor 0x10008, period=66 latency=0ms.
10-24 17:41:01.567  1662  1662 D AOC     : A3:MSG: usf_sensor.cc, 1784: USF: Received start sampling request for TMD3733 Proximity (active:2).
10-24 17:41:01.568  1662  1662 D AOC     : A3:MSG: usf_vsc_log.cc, 45: USF: [Lift_to_Wake] Prox event: near ? 0
10-24 17:41:01.568  1662  1662 D AOC     : A3:MSG: usf_vsc_log.cc, 45: USF: [Lift_to_Wake] Sending event, ID: 0
10-24 17:41:01.568  1662  1662 D AOC     : A3:MSG: vsc_controller.cc, 584: VSC: [Lift to Wake Sensor] requestSensorEvents: sensor 0x20002, period=18446744073709 
10-24 17:41:01.569  1662  1662 D AOC     : A3:MSG: usf_sensor.cc, 1784: USF: Received start sampling request for LSM6DSV Motion Detect (active:1).
10-24 17:41:01.570  1662  1662 D AOC     : A3:MSG: lsm6dsv_device.cc, 732: USF: Lsm6dsvDevice: Sensor 3: Enabled 1, odr_index 1, period_ns 500000000.
10-24 17:41:01.570  1662  1662 D AOC     : A3:MSG: lsm6dsv_fifo.cc, 755: USF: Lsm6dsvFifo: ODR: XL/G/T/TS: 120/120/15/15 WM: 2 Intr: 120.
10-24 17:41:01.570  1402  2126 I sensor-suez: Vendor atom [id = 100245] reported.
10-24 17:41:01.571  1662  1662 D AOC     : A3:MSG: lsm6dsv_device.cc, 641: USF: Lsm6dsvDevice: Fifo was disabled for 549886ns.
10-24 17:41:01.574  1402  1402 D usf_sensor_hal: device pickup: Enter Batch. Period = 1000000, latency = 0.
10-24 17:41:01.574  1402  2126 I sensor-suez: Vendor atom [id = 100243] reported.
10-24 17:41:01.574  1402  1402 D usf_sensor_hal: device pickup: Enter Activate. Enable = 1.
10-24 17:41:01.574  1662  1662 D AOC     : A3:MSG: vsc_controller.cc, 602: VSC: [Lift to Wake Sensor] stopSensorEvents: sensor 0x10008
10-24 17:41:01.575  1662  1662 D AOC     : A3:MSG: usf_sensor.cc, 1792: USF: Received stop sampling request for TMD3733 Proximity (active:1).
10-24 17:41:01.576  1474  1675 W PixelGnssChreClient: GnssChreClient has already started.
10-24 17:41:01.576  1662  1662 D AOC     : A3:MSG: vsc_sensor.cc, 68: VSC: [Lift to Wake Sensor] disable.
10-24 17:41:01.577  1662  1662 D AOC     : A3:MSG: usf_vsc_log.cc, 45: USF: [Lift_to_Wake] Lift to wake gesture instance deleted at 0x401546a0
10-24 17:41:01.577  1662  1662 D AOC     : A3:MSG: usf_vsc_log.cc, 45: USF: [Lift_to_Wake] Enable Lift to Wake gesture : 0
10-24 17:41:01.577  1662  1662 D AOC     : A3:MSG: vsc_controller.cc, 602: VSC: [Lift to Wake Sensor] stopSensorEvents: sensor 0x20002
10-24 17:41:01.578  1662  1662 D AOC     : A3:MSG: usf_sensor.cc, 1792: USF: Received stop sampling request for LSM6DSV Motion Detect (active:0).
10-24 17:41:01.578  1662  1662 D AOC     : A3:MSG: lsm6dsv_device.cc, 732: USF: Lsm6dsvDevice: Sensor 3: Enabled 0, odr_index 0, period_ns 0.
10-24 17:41:01.578  1662  1662 D AOC     : A3:MSG: lsm6dsv_fifo.cc, 755: USF: Lsm6dsvFifo: ODR: XL/G/T/TS: 120/120/15/15 WM: 2 Intr: 120.
10-24 17:41:01.579  1662  1662 D AOC     : A3:MSG: lsm6dsv_device.cc, 641: USF: Lsm6dsvDevice: Fifo was disabled for 573283ns.
10-24 17:41:01.583  1662  1662 D AOC     : A3:MSG: usf_sensor.cc, 1784: USF: Received start sampling request for Lift to Wake Sensor (active:1).
10-24 17:41:01.583  1662  1662 D AOC     : A3:MSG: vsc_sensor.cc, 37: VSC: [Lift to Wake Sensor] enable: period 1, latency = 0
10-24 17:41:01.584  1662  1662 D AOC     : A3:MSG: usf_vsc_log.cc, 45: USF: [Lift_to_Wake] Create new lift to wake sensor instance at 0x401551e0.
10-24 17:41:01.584  1662  1662 D AOC     : A3:MSG: vsc_controller.cc, 584: VSC: [Lift to Wake Sensor] requestSensorEvents: sensor 0x10008, period=66 latency=0ms.
10-24 17:41:01.585  1662  1662 D AOC     : A3:MSG: usf_sensor.cc, 1784: USF: Received start sampling request for TMD3733 Proximity (active:2).
10-24 17:41:01.586  1662  1662 D AOC     : A3:MSG: vsc_controller.cc, 602: VSC: [Lift to Wake Sensor] stopSensorEvents: sensor 0x10008
10-24 17:41:01.586  1662  1662 D AOC     : A3:MSG: usf_sensor.cc, 1792: USF: Received stop sampling request for TMD3733 Proximity (active:1).
10-24 17:41:01.587  1662  1662 D AOC     : A3:MSG: usf_vsc_log.cc, 45: USF: [Lift_to_Wake] Enable Lift to Wake gesture : 1
10-24 17:41:01.588  1662  1662 D AOC     : A3:MSG: vsc_controller.cc, 584: VSC: [Lift to Wake Sensor] requestSensorEvents: sensor 0x10001, period=20 latency=0ms.
10-24 17:41:01.588  1662  1662 D AOC     : A3:MSG: usf_sensor.cc, 1784: USF: Received start sampling request for LSM6DSV Accelerometer (active:7).
10-24 17:41:01.589  1662  1662 D AOC     : A3:MSG: vsc_controller.cc, 584: VSC: [Lift to Wake Sensor] requestSensorEvents: sensor 0x10004, period=20 latency=0ms.
10-24 17:41:01.590  1662  1662 D AOC     : A3:MSG: usf_sensor.cc, 1784: USF: Received start sampling request for LSM6DSV Gyroscope (active:3).
10-24 17:41:01.592  1662  1662 D AOC     : A3:MSG: vsc_controller.cc, 584: VSC: [Lift to Wake Sensor] requestSensorEvents: sensor 0x20003, period=18446744073709 
10-24 17:41:01.595  1662  1662 D AOC     : A3:MSG: usf_sensor.cc, 1784: USF: Received start sampling request for LSM6DSV Stationary Detect (active:3).
10-24 17:41:01.596  1402  2126 I sensor-suez: Vendor atom [id = 100242] reported.
10-24 17:41:01.596  1662  1662 D AOC     : A3:MSG: usf_sensor_client.cc, 499: USF: Stopping stale sample stream with sampling ID: 95959
10-24 17:41:01.596  1402  2126 I sensor-suez: Vendor atom [id = 100243] reported.
10-24 17:41:01.597  1662  1662 D AOC     : A3:MSG: usf_sensor.cc, 1792: USF: Received stop sampling request for TMD3733 Proximity (active:0).
10-24 17:41:01.597  1662  1662 D AOC     : A3:MSG: usf_sensor.cc, 2354: USF: Sampling configuration 95959 not found.
10-24 17:41:01.612  3834  3893 I SleepRollupWorker: WAKE_ACCEPT unlock=2025-09-25T07:35:43+10:00[Australia/Sydney] (no SCREEN_OFF in next 20s)
10-24 17:41:01.645  3834  3907 I LogExportWorker: Exported 65 CSVs -> /data/user/0/com.nick.myrecoverytracker/files/export_logs.zip (1203134 bytes); status=OK
10-24 17:41:01.647  3834  3877 I WM-WorkerWrapper: Worker result SUCCESS for Work [ id=596b0449-7b89-4f6e-888a-e9ecc0f41ce8, tags={ com.nick.myrecoverytracker.LogExportWorker, LogExportBoot } ]
10-24 17:41:01.648  1639  2264 D GNSS    : GNSS_START_MODE: desired:HOT actual:HOT Loc:1 Time:1 Eph:1
10-24 17:41:01.648  1639  2264 D GNSS    : GNSS_DYNAMIC_L5: 0
10-24 17:41:01.719  3834  3893 I SleepRollupWorker: SLEEP_ACCEPT at=2025-09-25T01:05+10:00[Australia/Sydney] type=SCREEN_OFF (60m quiet)
10-24 17:41:01.727  1635  1646 D RILClient: [OemClient]IND: (clientId = 0, msgId = 2016, dataLength = 996, channel = 1)
10-24 17:41:01.728  3834  3893 I SleepRollupWorker: Sleep 2025-09-25 -> sleep=01:05:00 wake=07:35:43 hours=6.51 quality=OK
10-24 17:41:01.728  1635  1646 D RILClient: [OemClient]IND: (clientId = 0, msgId = 2016, dataLength = 996, channel = 1)
10-24 17:41:01.728  1635  1646 D RILClient: [OemClient]IND: (clientId = 0, msgId = 2016, dataLength = 996, channel = 1)
10-24 17:41:01.731  3229  3449 D IwlanNetworkService$IwlanNetworkServiceHandler: msg.what = EVENT_NETWORK_REGISTRATION_INFO_REQUEST
10-24 17:41:01.731  2906  2906 I SHANNON_IMS: 9801 [DATA] Received mCellStatus [ 1 ]  [  band : 0] (RilIndImsPhysicalChannelConfigs%update:44)
10-24 17:41:01.731  2906  2906 I SHANNON_IMS: 9802 [NETW] #:PURP:# UNSOL {RILC_UNSOL_PHYSICAL_CHANNEL_CONFIGS} :   band : 7  (NetworkAdaptor$AdaptorChannel%onMessage:306)
10-24 17:41:01.733  3229  3449 D IwlanNetworkService$IwlanNetworkServiceHandler[1]: : reg state REGISTRATION_STATE_HOME
10-24 17:41:01.734  1439  1507 I WifiHAL : found interface wlan0
10-24 17:41:01.740  1439  1507 I WifiHAL : Setting Channel Avoidance success
10-24 17:41:01.741  1787  3177 D ActivityManager: sync unfroze 12998 .ShannonImsService for 7
10-24 17:41:01.741  2906  2906 I SHANNON_IMS: 9805 [DATA] Received mCellStatus [ 0 ]  [  band : 7] (RilIndImsPhysicalChannelConfigs%update:44)
10-24 17:41:01.741  2906  2906 I SHANNON_IMS: 9806 [NETW] #:PURP:# UNSOL {RILC_UNSOL_PHYSICAL_CHANNEL_CONFIGS} :   band : 0  (NetworkAdaptor$AdaptorChannel%onMessage:306)
10-24 17:41:01.742  1787  2590 D BackgroundInstallControlService: Package event received: 0
10-24 17:41:01.743  2906  2906 I SHANNON_IMS: 9809 [DATA] Received mCellStatus [ 1 ]  [  band : 0] (RilIndImsPhysicalChannelConfigs%update:44)
10-24 17:41:01.743  2906  2906 I SHANNON_IMS: 9810 [NETW] #:PURP:# UNSOL {RILC_UNSOL_PHYSICAL_CHANNEL_CONFIGS} :   band : 7  (NetworkAdaptor$AdaptorChannel%onMessage:306)
10-24 17:41:01.767  1635  1646 D RILClient: [OemClient]IND: (clientId = 0, msgId = 3005, dataLength = 24, channel = 1)
10-24 17:41:01.768  2906  2906 I SHANNON_IMS: 9813 [NETW] #:PURP:# UNSOL {RILC_UNSOL_IMS_SUPPORT_SERVICE} : VoPS : 1  EMC : 1  SIM_IDX : 1  RAT : 14  REG_STATE : 1  CELL_ID : 135045920  LAC/TAC : 8325  PLMN : 50501  (NetworkAdaptor$AdaptorChannel%onMessage:306)
10-24 17:41:01.768  2906  2906 I SHANNON_IMS: 9814 [CONN] #:ORNG:# supportService [VoPS : 1/ EMC : 1/ RAT_INFO : 14/ REG_STATE : 1/ CELL_ID : 135045920/ LAC-TAC Info : 8325/ PLMN : 50501]  [SLID:1 ] (ImsConnectivityMgr$RegistrationListener%supportService:2895)
10-24 17:41:01.773  2961  2961 D SatelliteController: Satellite for carrier is not supported.
10-24 17:41:01.774  2961  2961 D SatelliteController: Satellite for carrier is not supported.
10-24 17:41:01.774  2961  2961 D SatelliteController: registerForSatelliteModemStateChanged: add Listeners for ModemState
10-24 17:41:01.774  2961  2961 E SatelliteController: registerForSatelliteModemStateChanged: mSatelliteSessionController is not initialized yet
10-24 17:41:01.774  3834  3893 I SleepRollupWorker: WAKE_ACCEPT unlock=2025-09-26T06:47:10+10:00[Australia/Sydney] (no SCREEN_OFF in next 20s)
10-24 17:41:01.775  2961  2961 D SatelliteController: registerForSatelliteModemStateChanged: add Listeners for ModemState
10-24 17:41:01.775  2961  2961 E SatelliteController: registerForSatelliteModemStateChanged: mSatelliteSessionController is not initialized yet
10-24 17:41:01.779  2961  3309 D SatelliteController: isCarrierRoamingNtnEligible: satellite access is not allowed
10-24 17:41:01.779  2961  3309 D SatelliteController: evaluateCarrierRoamingNtnEligibilityChange: isCarrierRoamingNtnEligible=false
10-24 17:41:01.779  2961  3309 E SatelliteController: notifyNtnEligibility: mSatellitePhone is null
10-24 17:41:01.779  2961  3309 V SatelliteController: getWwanIsInService: return true
10-24 17:41:01.780  2961  3309 D SatelliteController: updateLastNotifiedNtnModeAndNotify: subId=1 initialized=true lastNotifiedNtnMode=false currNtnMode=false
10-24 17:41:01.780  2961  3309 D SatelliteController: iisInCarrierRoamingNbIotNtn: satellite is disabled
10-24 17:41:01.781  2961  3309 V SatelliteController: getWwanIsInService: return true
10-24 17:41:01.782  1787  3177 W ContextImpl: Calling a method in the system process without a qualified user: android.app.ContextImpl.sendBroadcastMultiplePermissions:1313 android.content.Context.sendBroadcastMultiplePermissions:2652 com.android.server.TelephonyRegistry.broadcastServiceStateChanged:4165 com.android.server.TelephonyRegistry.notifyServiceStateForPhoneId:1848 com.android.internal.telephony.ITelephonyRegistry$Stub.onTransact:613 
10-24 17:41:01.782  2961  3309 D SatelliteController: updateLastNotifiedNtnModeAndNotify: subId=2 initialized=true lastNotifiedNtnMode=false currNtnMode=false
10-24 17:41:01.782  2961  3309 D SatelliteController: iisInCarrierRoamingNbIotNtn: satellite is disabled
10-24 17:41:01.783  1787  3177 W ContextImpl: Calling a method in the system process without a qualified user: android.app.ContextImpl.sendBroadcastMultiplePermissions:1346 com.android.server.TelephonyRegistry.broadcastServiceStateChanged:4170 com.android.server.TelephonyRegistry.notifyServiceStateForPhoneId:1848 com.android.internal.telephony.ITelephonyRegistry$Stub.onTransact:613 android.os.Binder.execTransactInternal:1441 
10-24 17:41:01.783  3630  6936 D ConnectivityMonitorStateMachine: [onServiceStateChanged] {subId=2} ServiceState= {mVoiceRegState=0(IN_SERVICE), mDataRegState=0(IN_SERVICE), mChannelNumber=3148, duplexMode()=1, mCellBandwidths=[20000, 10000, 20000, 15000], mOperatorAlphaLong=null, mOperatorAlphaShort=null, isManualNetworkSelection=false(automatic), getRilVoiceRadioTechnology=14(LTE), getRilDataRadioTechnology=14(LTE), mCssIndicator=unsupported, mNetworkId=-1, mSystemId=-1, mCdmaRoamingIndicator=-1, mCdmaDefaultRoamingIndicator=-1, mIsEmergencyOnly=false, isUsingCarrierAggregation=true, mArfcnRsrpBoost=0, mNetworkRegistrationInfos=[NetworkRegistrationInfo{ domain=PS transportType=WLAN registrationState=HOME networkRegistrationState=HOME roamingType=NOT_ROAMING accessNetworkTechnology=IWLAN rejectCause=0 emergencyEnabled=false availableServices=[DATA] cellIdentity=null voiceSpecificInfo=null dataSpecificInfo=null nrState=**** rRplmn= isUsingCarrierAggregation=false isNonTerrestrialNetwork=TERRESTRIAL}, NetworkRegistrationInfo{ domain=CS transportType=WWAN registrationState=HOME networkRegistrationState=HOME roamingType=NOT_ROAMING accessNetworkTechnology=LTE rejectCause=0 emergencyEnabled=false availableServices=[VOICE,SMS,VIDEO] cellIdentity=null voiceSpecificInfo=VoiceSpecificRegistrationInfo { mCssSupported=false mRoamingIndicator=0 mSystemIsInPrl=0 mDefaultRoamingIndicator=0} dataSpecificInfo=null nrState=**** rRplmn=50501 isUsingCarrierAggregation=false isNonTerrestrialNetwork=TERRESTRIAL}, NetworkRegistrationInfo{ domain=PS transportType=WWAN registrationState=HOME networkRegistrationState=HOME roamingType=NOT_ROAMING accessNetworkTechnology=LTE rejectCause=0 emergencyEnabled=false availableServices=[DATA,MMS] cellIdentity=null voiceSpecificInfo=null dataSpecificInfo=android.telephony.DataSpecificRegistrationInfo :{ maxDataCalls = 16 isDcNrRestricted = false isNrAvailable = false isEnDcAvailable = false mLteAttachResultType = 2 mLteAttachExtraInfo = 0 LteVopsSupportInfo :  mVopsSupport = 2 mEmcBearerSupport = 2 } nrState=**** rRplmn=50501 isUsingCarrierAggregation=false isNonTerrestrialNetwork=TERRESTRIAL}], mNrFrequencyRange=0, mOperatorAlphaLongRaw=Telstra, mOperatorAlphaShortRaw=Telstra, mIsDataRoamingFromRegistration=false, mIsIwlanPreferred=false, mIsUsingNonTerrestrialNetwork=false}, vops=true
10-24 17:41:01.784  1787  3177 W ContextImpl: Calling a method in the system process without a qualified user: android.app.ContextImpl.sendBroadcastMultiplePermissions:1346 com.android.server.TelephonyRegistry.broadcastServiceStateChanged:4179 com.android.server.TelephonyRegistry.notifyServiceStateForPhoneId:1848 com.android.internal.telephony.ITelephonyRegistry$Stub.onTransact:613 android.os.Binder.execTransactInternal:1441 
10-24 17:41:01.784  1787  3177 W ContextImpl: Calling a method in the system process without a qualified user: android.app.ContextImpl.sendBroadcastMultiplePermissions:1346 com.android.server.TelephonyRegistry.broadcastServiceStateChanged:4185 com.android.server.TelephonyRegistry.notifyServiceStateForPhoneId:1848 com.android.internal.telephony.ITelephonyRegistry$Stub.onTransact:613 android.os.Binder.execTransactInternal:1441 
10-24 17:41:01.785  2906  4077 I SHANNON_IMS: 9822 [PROX] onReceive: intent= [Intent { act=android.intent.action.SERVICE_STATE flg=0x1000010 xflg=0x4 (has extras) }] (ConnectivityBroadcastReceiver%onReceive:91)
10-24 17:41:01.787  3630  6936 D ConnectivityMonitorStateMachine: [onServiceStateChanged] {subId=2} sendMessage(SERVICE_STATE_CHANGED) id=8a968088-6225-4ff5-9fe1-119f7f6f1536
10-24 17:41:01.791  2961  2961 D ServiceStateProvider: subId=2
10-24 17:41:01.791  1787  1901 D ActivityManager: sync unfroze 12978 com.google.android.cellbroadcastreceiver for 3
10-24 17:41:01.793  3630  6936 D ConnectivityEventWriter: Event filtered: SERVICE_STATE_CHANGED
10-24 17:41:01.794  3630  6936 D ImsPreconditionCheck: {subId=2} handleMessage: { when=-7ms what=9 obj={mVoiceRegState=0(IN_SERVICE), mDataRegState=0(IN_SERVICE), mChannelNumber=3148, duplexMode()=1, mCellBandwidths=[20000, 10000, 20000, 15000], mOperatorAlphaLong=null, mOperatorAlphaShort=null, isManualNetworkSelection=false(automatic), getRilVoiceRadioTechnology=14(LTE), getRilDataRadioTechnology=14(LTE), mCssIndicator=unsupported, mNetworkId=-1, mSystemId=-1, mCdmaRoamingIndicator=-1, mCdmaDefaultRoamingIndicator=-1, mIsEmergencyOnly=false, isUsingCarrierAggregation=true, mArfcnRsrpBoost=0, mNetworkRegistrationInfos=[NetworkRegistrationInfo{ domain=PS transportType=WLAN registrationState=HOME networkRegistrationState=HOME roamingType=NOT_ROAMING accessNetworkTechnology=IWLAN rejectCause=0 emergencyEnabled=false availableServices=[DATA] cellIdentity=null voiceSpecificInfo=null dataSpecificInfo=null nrState=**** rRplmn= isUsingCarrierAggregation=false isNonTerrestrialNetwork=TERRESTRIAL}, NetworkRegistrationInfo{ domain=CS transportType=WWAN registrationState=HOME networkRegistrationState=HOME roamingType=NOT_ROAMING accessNetworkTechnology=LTE rejectCause=0 emergencyEnabled=false availableServices=[VOICE,SMS,VIDEO] cellIdentity=null voiceSpecificInfo=VoiceSpecificRegistrationInfo { mCssSupported=false mRoamingIndicator=0 mSystemIsInPrl=0 mDefaultRoamingIndicator=0} dataSpecificInfo=null nrState=**** rRplmn=50501 isUsingCarrierAggregation=false isNonTerrestrialNetwork=TERRESTRIAL}, NetworkRegistrationInfo{ domain=PS transportType=WWAN registrationState=HOME networkRegistrationState=HOME roamingType=NOT_ROAMING accessNetworkTechnology=LTE rejectCause=0 emergencyEnabled=false availableServices=[DATA,MMS] cellIdentity=null voiceSpecificInfo=null dataSpecificInfo=android.telephony.DataSpecificRegistrationInfo :{ maxDataCalls = 16 isDcNrRestricted = false isNrAvailable = false isEnDcAvailable = false mLteAttachResultType = 2 mLteAttachExtraInfo = 0 LteVopsSupportInfo :  mVopsSupport = 2 mEmcBearerSupport = 2 } nrState=**** rRplmn=50501 isUsingCarrierAggregation=false isNonTerrestrialNetwork=TERRESTRIAL}], mNrFrequencyRange=0, mOperatorAlphaLongRaw=Telstra, mOperatorAlphaShortRaw=Telstra, mIsDataRoamingFromRegistration=false, mIsIwlanPreferred=false, mIsUsingNonTerrestrialNetwork=false} target=dei }
10-24 17:41:01.794  2961  2961 D SatelliteController: iisInCarrierRoamingNbIotNtn: satellite is disabled
10-24 17:41:01.795  3630  6936 D ConnectivityMonitorStateMachine: [Default] {subId=2} processMessage(SERVICE_STATE_CHANGED) CMMessage{id=8a968088-6225-4ff5-9fe1-119f7f6f1536, obj={mVoiceRegState=0(IN_SERVICE), mDataRegState=0(IN_SERVICE), mChannelNumber=3148, duplexMode()=1, mCellBandwidths=[20000, 10000, 20000, 15000], mOperatorAlphaLong=null, mOperatorAlphaShort=null, isManualNetworkSelection=false(automatic), getRilVoiceRadioTechnology=14(LTE), getRilDataRadioTechnology=14(LTE), mCssIndicator=unsupported, mNetworkId=-1, mSystemId=-1, mCdmaRoamingIndicator=-1, mCdmaDefaultRoamingIndicator=-1, mIsEmergencyOnly=false, isUsingCarrierAggregation=true, mArfcnRsrpBoost=0, mNetworkRegistrationInfos=[NetworkRegistrationInfo{ domain=PS transportType=WLAN registrationState=HOME networkRegistrationState=HOME roamingType=NOT_ROAMING accessNetworkTechnology=IWLAN rejectCause=0 emergencyEnabled=false availableServices=[DATA] cellIdentity=null voiceSpecificInfo=null dataSpecificInfo=null nrState=**** rRplmn= isUsingCarrierAggregation=false isNonTerrestrialNetwork=TERRESTRIAL}, NetworkRegistrationInfo{ domain=CS transportType=WWAN registrationState=HOME networkRegistrationState=HOME roamingType=NOT_ROAMING accessNetworkTechnology=LTE rejectCause=0 emergencyEnabled=false availableServices=[VOICE,SMS,VIDEO] cellIdentity=null voiceSpecificInfo=VoiceSpecificRegistrationInfo { mCssSupported=false mRoamingIndicator=0 mSystemIsInPrl=0 mDefaultRoamingIndicator=0} dataSpecificInfo=null nrState=**** rRplmn=50501 isUsingCarrierAggregation=false isNonTerrestrialNetwork=TERRESTRIAL}, NetworkRegistrationInfo{ domain=PS transportType=WWAN registrationState=HOME networkRegistrationState=HOME roamingType=NOT_ROAMING accessNetworkTechnology=LTE rejectCause=0 emergencyEnabled=false availableServices=[DATA,MMS] cellIdentity=null voiceSpecificInfo=null dataSpecificInfo=android.telephony.DataSpecificRegistrationInfo :{ maxDataCalls = 16 isDcNrRestricted = false isNrAvailable = false isEnDcAvailable = false mLteAttachResultType = 2 mLteAttachExtraInfo = 0 LteVopsSupportInfo :  mVopsSupport = 2 mEmcBearerSupport = 2 } nrState=**** rRplmn=50501 isUsingCarrierAggregation=false isNonTerrestrialNetwork=TERRESTRIAL}], mNrFrequencyRange=0, mOperatorAlphaLongRaw=Telstra, mOperatorAlphaShortRaw=Telstra, mIsDataRoamingFromRegistration=false, mIsIwlanPreferred=false, mIsUsingNonTerrestrialNetwork=false}, timestamp=2025-10-24T06:41:01.787Z}
10-24 17:41:01.800 28064  9497 I edyx    : (REDACTED) appOpsListener %s %s
10-24 17:41:01.800 28064  9497 I edyx    : (REDACTED) Ignoring irrelevant audio permission changes for package %s
10-24 17:41:01.802 12978 12978 D CellBroadcastReceiver: onReceive Intent { act=android.intent.action.SERVICE_STATE flg=0x1000010 xflg=0x4 cmp=com.google.android.cellbroadcastreceiver/com.android.cellbroadcastreceiver.CellBroadcastReceiver (has extras) }
10-24 17:41:01.804 12978 12978 D CellBroadcastReceiver: onServiceStateChanged, ss: 0
10-24 17:41:01.804 12978 12978 D CellBroadcastReceiver: networkOperator: 50501
10-24 17:41:01.813 12978 12978 D CellBroadcastReceiver: update supported roaming operator as 
10-24 17:41:01.847  2641  2641 D KeyguardViewMediator: keyguardDone: 0
10-24 17:41:01.848  2641  2641 D KeyguardViewMediator: tryKeyguardDone: pendingForUser - NO_KEYGUARD_DONE_PENDING, animRan - false animRunning - false
10-24 17:41:01.848  2641  2641 D KeyguardViewMediator: OnHideAnimationFinished.run(0)
10-24 17:41:01.848  2641  2641 D KeyguardViewMediator: tryKeyguardDone: pendingForUser - NO_KEYGUARD_DONE_PENDING, animRan - true animRunning - false
10-24 17:41:01.848  1402  1402 D usf_sensor_hal: proximity: Enter Activate. Enable = 0.
10-24 17:41:01.849  2641  2717 D KeyguardTransitionRepository: (Internal) Setting current transition info: TransitionInfo(ownerName=FromLockscreenTransitionInteractor(keyguard interactor says keyguard is going away), from=LOCKSCREEN, to=GONE, animated)
10-24 17:41:01.851  2641  2641 D KeyguardViewMediator: keyguardGoingAway requested for userId: 0
10-24 17:41:01.851  1662  1662 D AOC     : A3:MSG: usf_sensor.cc, 1792: USF: Received stop sampling request for TMD3733 Proximity (active:0).
10-24 17:41:01.852  1787 14250 D WindowManager: Remove SleepToken: tag=keyguard, displayId=0
10-24 17:41:01.852  1662  1662 D AOC     : A3:MSG: tmd3733_sensor.cc, 286: USF: TMD3733: Report new active state:0
10-24 17:41:01.853  1787 14250 D ActivityTaskManager: Top Process State changed to PROCESS_STATE_TOP
10-24 17:41:01.853  1787 14250 W TransitionChain: Combining sleepTokens into #7417(TO_BACK|R|0x104) from kgGoAway
10-24 17:41:01.853  2641  2675 V WindowManagerShell: Transition requested (#7417): android.os.BinderProxy@d5f59d3 TransitionRequestInfo { type = TO_BACK, triggerTask = null, pipChange = null, remoteTransition = null, displayChange = null, flags = 260, debugId = 7417 }
10-24 17:41:01.854  2641  2641 I KeyguardTransitionRepository: STARTED transition: TransitionStep(from=LOCKSCREEN, to=GONE, value=0.0, transitionState=STARTED, ownerName=FromLockscreenTransitionInteractor(keyguard interactor says keyguard is going away))
10-24 17:41:01.855  2823 21227 I AdaptiveHaptics: Request params from server: typesMask=2, deadlineElapsedRealtimeMilli=50
10-24 17:41:01.856  1662  1662 D AOC     : A3:MSG: tmd3733_device.cc, 350: USF: TMD3733: StopSampling(type:0 err:0): client_count P/A+fakeA/F:0/0+0/0
10-24 17:41:01.856  2873 26808 D ForegroundUtils: onUidImportance: Foreground UID status
10-24 17:41:01.856  2873 26808 D ForegroundUtils: onUidImportance: UID: 10136 is in foreground: false
10-24 17:41:01.856  2873 26808 D ForegroundUtils: onUidImportance: UID: 10152 is in foreground: false
10-24 17:41:01.856  2873 26808 D ForegroundUtils: onUidImportance: UID: 10155 is in foreground: true
10-24 17:41:01.856  2873 26808 D ForegroundUtils: onUidImportance: UID: 10156 is in foreground: false
10-24 17:41:01.856  2873 26808 D ForegroundUtils: onUidImportance: UID: 10177 is in foreground: false
10-24 17:41:01.856  2873 26808 D ForegroundUtils: onUidImportance: UID: 10179 is in foreground: false
10-24 17:41:01.856  2873 26808 D ForegroundUtils: onUidImportance: UID: 10210 is in foreground: false
10-24 17:41:01.856  2873 26808 D ForegroundUtils: onUidImportance: UID: 10227 is in foreground: false
10-24 17:41:01.856  2873 26808 D ForegroundUtils: onUidImportance: UID: 10232 is in foreground: true
10-24 17:41:01.856  2873 26808 D ForegroundUtils: onUidImportance: UID: 10237 is in foreground: true
10-24 17:41:01.856  2873 26808 D ForegroundUtils: onUidImportance: UID: 10279 is in foreground: true
10-24 17:41:01.856  2873 26808 D ForegroundUtils: onUidImportance: UID: 10281 is in foreground: false
10-24 17:41:01.856  2873 26808 D ForegroundUtils: onUidImportance: UID: 10286 is in foreground: false
10-24 17:41:01.856  2873 26808 D ForegroundUtils: onUidImportance: UID: 10312 is in foreground: false
10-24 17:41:01.856  2873 26808 D ForegroundUtils: onUidImportance: UID: 10332 is in foreground: false
10-24 17:41:01.856  2873 26808 D ForegroundUtils: onUidImportance: UID: 10347 is in foreground: false
10-24 17:41:01.856  2873 26808 D ForegroundUtils: onUidImportance: UID: 10421 is in foreground: true
10-24 17:41:01.857  1402  2126 I sensor-suez: Vendor atom [id = 100242] reported.
10-24 17:41:01.857  1402  2126 I sensor-suez: Vendor atom [id = 100243] reported.
10-24 17:41:01.858   676   743 I libbinder.BpBinder: onLastStrongRef automatically unlinking death recipients: 
10-24 17:41:01.858  1787  2590 D BackgroundInstallControlService: Package event received: 0
10-24 17:41:01.859  1402  1441 I usf_sensor_hal: Received REPORT_SENSOR_ACTIVE_STATE_CHANGES event from 'TMD3733 Proximity' with state:kInactive and desired fps:0!
10-24 17:41:01.859  1787  2590 D BackgroundInstallControlService: Package event received: 0
10-24 17:41:01.859  1787  2590 D BackgroundInstallControlService: Package event received: 0
10-24 17:41:01.862  2641  2675 V ShellStartingWindow: RSO:Start tracking for task=15694
10-24 17:41:01.867  1787  2530 W NetworkPolicy: shared quota unsupported; generating rule for each iface
10-24 17:41:01.868  2641  2698 D WindowOnBackDispatcher: setTopOnBackInvokedCallback (unwrapped): android.view.ViewRootImpl$$ExternalSyntheticLambda12@6cd8627
10-24 17:41:01.869  1787 14250 D CoreBackPreview: Window{19285c8 u0 Splash Screen com.nick.myrecoverytracker}: Setting back callback OnBackInvokedCallbackInfo{mCallback=android.window.IOnBackInvokedCallback$Stub$Proxy@251d7e3, mPriority=0, mIsAnimationCallback=false, mOverrideBehavior=0}
10-24 17:41:01.870   678  3680 D hwc-display: setMinIdleRefreshRate requester 0, fps 0
10-24 17:41:01.872   678  3680 I hwc-display: ExynosPrimaryDisplay::setMinIdleRefreshRate() writes min_vrefresh(0) to the sysfs node
10-24 17:41:01.872   678  3680 I hwc-display: setRefreshRateThrottleNanos() requester(0) set delay to 0ns
10-24 17:41:01.873   678  3680 I hwc-display: setDisplayIdleDelayNanos() writes idle_delay_ms(0) to the sysfs node (0x0)
10-24 17:41:01.876  2641  2675 V ShellStartingWindow: RSO:Receive removal info for task=15694
10-24 17:41:01.878  1787  1879 V WindowManager: Sent Transition (#7417) createdAt=10-24 17:41:01.852 via request=TransitionRequestInfo { type = TO_BACK, triggerTask = null, pipChange = null, remoteTransition = null, displayChange = null, flags = 260, debugId = 7417 }
10-24 17:41:01.878  1787  1879 V WindowManager:     startWCT=WindowContainerTransaction { changes= {} hops= [] errorCallbackToken=null taskFragmentOrganizer=null }
10-24 17:41:01.879  1787  1879 V WindowManager:     info={id=7417 t=TO_BACK f=0x104 trk=0 r=[0@Point(0, 0)] c=[
10-24 17:41:01.879  1787  1879 V WindowManager:         {WCT{RemoteToken{92a296 Task{be442d1 #15694 type=standard A=10421:com.nick.myrecoverytracker}}} m=TO_FRONT f=NONE p=WCT{RemoteToken{495da28 DefaultTaskDisplayArea@21895765}} leash=Surface(name=Task=15694)/@0x93245e0 sb=Rect(0, 0 - 1080, 2424) eb=Rect(0, 0 - 1080, 2424) epz=Point(1080, 2424) d=0 taskParent=-1 winMode=1},
10-24 17:41:01.879  1787  1879 V WindowManager:         {WCT{RemoteToken{495da28 DefaultTaskDisplayArea@21895765}} m=TO_FRONT f=FLAG_IS_TASK_DISPLAY_AREA leash=Surface(name=DefaultTaskDisplayArea)/@0x8775398 sb=Rect(0, 0 - 1080, 2424) eb=Rect(0, 0 - 1080, 2424) epz=Point(1080, 2424) d=0}
10-24 17:41:01.879  1787  1879 V WindowManager:     ]}
10-24 17:41:01.879  2641  3291 V WindowManagerShell: onTransitionReady(transaction=7675106985287)
10-24 17:41:01.879  2641  2675 V WindowManagerShell: onTransitionReady (#7417) android.os.BinderProxy@d5f59d3: {id=7417 t=TO_BACK f=0x104 trk=0 r=[0@Point(0, 0)] c=[
10-24 17:41:01.879  2641  2675 V WindowManagerShell:         {m=TO_FRONT f=NONE p=WCT{android.os.BinderProxy@8e0799e} leash=Surface(name=Task=15694)/@0xe23131f sb=Rect(0, 0 - 1080, 2424) eb=Rect(0, 0 - 1080, 2424) epz=Point(1080, 2424) d=0 taskParent=-1 winMode=1},
10-24 17:41:01.879  2641  2675 V WindowManagerShell:         {m=TO_FRONT f=FLAG_IS_TASK_DISPLAY_AREA leash=Surface(name=DefaultTaskDisplayArea)/@0xdbcc66c sb=Rect(0, 0 - 1080, 2424) eb=Rect(0, 0 - 1080, 2424) epz=Point(1080, 2424) d=0}
10-24 17:41:01.879  2641  2675 V WindowManagerShell:     ]}
10-24 17:41:01.880  2641  2675 V WindowManagerShell: Playing animation for (#7417) android.os.BinderProxy@d5f59d3@0
10-24 17:41:01.881  2641  2675 V WindowManagerShell: start keyguard going-away transition, info = {id=7417 t=TO_BACK f=0x104 trk=0 r=[0@Point(0, 0)] c=[{m=TO_FRONT f=NONE p=WCT{android.os.BinderProxy@8e0799e} leash=Surface(name=Task=15694)/@0xe23131f sb=Rect(0, 0 - 1080, 2424) eb=Rect(0, 0 - 1080, 2424) epz=Point(1080, 2424) d=0 taskParent=-1 winMode=1},{m=TO_FRONT f=FLAG_IS_TASK_DISPLAY_AREA leash=Surface(name=DefaultTaskDisplayArea)/@0xdbcc66c sb=Rect(0, 0 - 1080, 2424) eb=Rect(0, 0 - 1080, 2424) epz=Point(1080, 2424) d=0}]}
10-24 17:41:01.882  2641  2675 D KeyguardService: Starts IRemoteAnimationRunner: info={id=7417 t=TO_BACK f=0x104 trk=0 r=[0@Point(0, 0)] c=[{m=TO_FRONT f=NONE p=WCT{android.os.BinderProxy@8e0799e} leash=Surface(name=Task=15694)/@0xe23131f sb=Rect(0, 0 - 1080, 2424) eb=Rect(0, 0 - 1080, 2424) epz=Point(1080, 2424) d=0 taskParent=-1 winMode=1},{m=TO_FRONT f=FLAG_IS_TASK_DISPLAY_AREA leash=Surface(name=DefaultTaskDisplayArea)/@0xdbcc66c sb=Rect(0, 0 - 1080, 2424) eb=Rect(0, 0 - 1080, 2424) epz=Point(1080, 2424) d=0}]}
10-24 17:41:01.883  2641  2675 V WindowManagerShell:  animated by com.android.wm.shell.keyguard.KeyguardTransitionHandler@9302c95
10-24 17:41:01.883  2641  2641 D KeyguardViewMediator: handleStartKeyguardExitAnimation startTime=0 fadeoutDuration=0
10-24 17:41:01.883  2641  2641 D KeyguardUnlock: playCannedUnlockAnimation
10-24 17:41:01.883  2641  2641 D KeyguardUnlock: playCannedUnlockAnimation, surfaceBehindEntryAnimator#start
10-24 17:41:01.883  2641  2641 D KeyguardViewMediator: KeyguardViewMediator queue processing message: START_KEYGUARD_EXIT_ANIM
10-24 17:41:01.895  2922  3493 D PixelDisplayManager: ZonalAttCompensationManager : 
10-24 17:41:01.895  2922  3493 D PixelDisplayManager:          mDisplayUniqueId : local:4619827612623940864
10-24 17:41:01.895  2922  3493 D PixelDisplayManager:          mDisplayIdIndex : 0
10-24 17:41:01.895  2922  3493 D PixelDisplayManager:          mCompensationConditionIndex : 0
10-24 17:41:01.895  2922  3493 D PixelDisplayManager:          zonalThresholdLevel : 2
10-24 17:41:01.895  2922  3493 D PixelDisplayManager:          shadowThresholdLevel : -1
10-24 17:41:01.895  2922  3493 D PixelDisplayManager:          mScreenOprDataArrayList : [0.48246014]
10-24 17:41:01.895  2922  3493 D PixelDisplayManager:          isOprRatioOn : true
10-24 17:41:01.895  2922  3493 D PixelDisplayManager:          mOprThresholds : 0.3
10-24 17:41:01.895  2922  3493 D CompensationLayout: createImage - baseImageId : 218300437, additionImageId : 0
10-24 17:41:01.898  3834  3893 I SleepRollupWorker: SLEEP_ACCEPT at=2025-09-26T01:05+10:00[Australia/Sydney] type=SCREEN_OFF (60m quiet)
10-24 17:41:01.898  2641  2641 W NotifShadeWindowVC: Canceling current touch event (should be very rare)
10-24 17:41:01.899  2641  2675 V ShellStartingWindow: RSO:Transaction applied for task=15694
10-24 17:41:01.905  3834  3893 I SleepRollupWorker: Sleep 2025-09-26 -> sleep=01:05:00 wake=06:47:10 hours=5.70 quality=OK
