--------- beginning of main
10-24 17:41:02.812  2922  3493 E ldisplayservice: Invalid resource ID 0x00000000.
10-24 17:41:02.812  2922  3493 D CompensationLayout: createImage, isImagePresent: true, mSourceBitmap: android.graphics.Bitmap@5bc4be5, imageRotation: 0.0, requestAnimation: false
10-24 17:41:02.823  3834  3893 I SleepRollupWorker: WAKE_ACCEPT unlock=2025-10-03T07:21:59+10:00[Australia/Sydney] (no SCREEN_OFF in next 20s)
10-24 17:41:02.826   476  2761 I NearbySharing: Screen is unlocked
10-24 17:41:02.828   476  2761 I NearbySharing: Uwb feature is off.
10-24 17:41:02.828   476  2761 I NearbySharing: Uwb feature is off.
10-24 17:41:02.829   476 19342 I NearbyDiscovery: (REDACTED) FastPairHandler: Received action %s
10-24 17:41:02.833   476 19342 I NearbyDiscovery: FastPairController: onSystemStateChanged: skip due to flag disabled [CONTEXT service_id=265 ]
10-24 17:41:02.838   476  2761 I NearbySharing: NearbySharing Internal event ReceiveVisibilityChange(visibility=1)
10-24 17:41:02.839   476  2761 I NearbySharing: [NS_PROVIDER_API]: startDiscovery called with SendManagerOptions(mode=BACKGROUND, flowId=7489029042066713242, uwbSenderInfo=null, deviceType=1, dataUsage=2, vendorId=0).
10-24 17:41:02.841   476  2761 I NearbySharing: NearbySharing Internal event SendManagerStart(mode=BACKGROUND, useCase=0, sendSurfaceState=0, sendSurfaceStartTimeMillis=-1, useQrCode=false, success=true)
10-24 17:41:02.841   476  2761 I NearbySharing: Scanning has started in the BACKGROUND
10-24 17:41:02.841   476  2761 I NearbySharing: Uwb feature is off.
10-24 17:41:02.842   476  2761 I NearbySharing: Stopping Fast Init advertisement because we're not scanning in the foreground.
10-24 17:41:02.848 27211 27211 D WorkspaceRevealAnim: onAnimationEnd: workspace alpha = 1.0
--------- beginning of system
10-24 17:41:02.849  2641  2675 V WindowManagerShell: Transition animation finished (aborted=false), notifying core (#7418) android.os.BinderProxy@4cbc936@0
10-24 17:41:02.850   476  2761 I NearbySharing: Stopping Fast Init advertisement because we're not scanning in the foreground.
10-24 17:41:02.852  1787  1879 V WindowManager: Finish Transition (#7418): created at 10-24 17:41:02.488 collect-started=0.036ms request-sent=0.22ms started=4.058ms ready=8.535ms sent=28.018ms commit=15.868ms finished=363.693ms
10-24 17:41:02.853  3834  3834 D VRI[MainActivity]: visibilityChanged oldVisibility=true newVisibility=false
10-24 17:41:02.855  2641  2675 V WindowManagerShell: Track 0 became idle
10-24 17:41:02.855  2641  2675 V WindowManagerShell: All active transition animations finished
10-24 17:41:02.857   476  3973 I NearbyMediums: ModuleInitializer handles incoming intent android.intent.action.USER_PRESENT
10-24 17:41:02.859   476  2759 I Nearby  : (REDACTED) Beginning attempt #%d out of %d for %s...
10-24 17:41:02.864   476  2759 I NearbyMediums: BluetoothAdapter's name was not set by Nearby Connections, ignoring call to restore default scan mode.
10-24 17:41:02.864   476   503 I NearbyConnections: Client 36229046 requested discovery to start.
10-24 17:41:02.865   476  2759 I NearbyMediums: BluetoothAdapter's name was not set by Nearby Connections, ignoring call to restore device name
10-24 17:41:02.866   476  2761 I NearbySharing: Start advertising with mode BACKGROUND certificate visibility ALL_CONTACTS data usage preference ONLINE, and bt advertising false with vendorId 0
10-24 17:41:02.866   476  2761 I NearbySharing: Uwb feature is off.
10-24 17:41:02.867   476  2761 I NearbySharing: Updating advertising options: dhtq@87f05ed
10-24 17:41:02.867   476  2761 I NearbySharing: [RECEIVE_PROVIDER] update called.
10-24 17:41:02.867   476  3970 I NearbyConnections: 36229046 0p:com.google.android.gms.nearby.sharing startDiscovery in nc mode.
10-24 17:41:02.872   476  2761 I NearbySharing: Advertising has started with mode BACKGROUND, Bt enabled : false
10-24 17:41:02.873  3834  3834 D WindowOnBackDispatcher: setTopOnBackInvokedCallback (unwrapped): null
10-24 17:41:02.873   476 26848 I Nearby  : (REDACTED) Note nearby client %s for operation %s
10-24 17:41:02.874  1787  2796 D CoreBackPreview: Window{5bac371 u0 com.nick.myrecoverytracker/com.nick.myrecoverytracker.MainActivity}: Setting back callback null
10-24 17:41:02.878   476 26848 I NearbyConnections: Get local endpoint id from the existing localEndpointId:HUEZ (last:null) for client 36229046(0p:com.google.android.gms.nearby.sharing)
10-24 17:41:02.878  3834  3834 D ViewRootImpl: Skipping stats log for color mode
10-24 17:41:02.884  1787  2590 D BackgroundInstallControlService: Package event received: 0
10-24 17:41:02.884 27211 27211 D RecentsView: onTaskRemoved: 15694, not handling task stack changes
10-24 17:41:02.884 27211 27211 D RecentsView: onTaskRemoved: 15694, not handling task stack changes
10-24 17:41:02.887 19330 19330 D BoundBrokerSvc: onBind: Intent { act=com.google.android.gms.dck.service.START dat=chimera-action:/... xflg=0x4 cmp=com.google.android.gms/.chimera.GmsApiService }
10-24 17:41:02.887 19330 19330 D BoundBrokerSvc: Loading bound service for intent: Intent { act=com.google.android.gms.dck.service.START dat=chimera-action:/... xflg=0x4 cmp=com.google.android.gms/.chimera.GmsApiService }
10-24 17:41:02.890   476   476 I RCNIntentOperation: RCN is disabled on this network.
10-24 17:41:02.891   476  2761 I NearbySharing: Starting scanning for Fast Initiation.
10-24 17:41:02.893   476  2761 D BluetoothAdapter: isLeEnabled(): ON
10-24 17:41:02.901  2812 23128 I bt_shim_scanner: system/main/shim/le_scanning_manager.cc:137 RegisterScanner: in shim layer, UUID=be29b3d3-b104-4432-a87b-fcedf7a158e3
10-24 17:41:02.902   476   867 D BluetoothLeScanner: onScannerRegistered() - status=0 scannerId=3 mScannerId=0
10-24 17:41:02.906   476 26848 I NearbyMediums: NFC discovery successfully started.
10-24 17:41:02.906   476 26848 I NearbyMediums: In ScanningCancellationFlag, service-id=NearbySharing has become the first scanner. The flag has been reset.
10-24 17:41:02.907   476  3969 D BluetoothAdapter: isLeEnabled(): ON
10-24 17:41:02.910   476  2761 I NearbySharing: Started scanning for FastInitiation with mode: SCAN_MODE_BALANCED
10-24 17:41:02.910  2812  3320 I bt_shim_scanner: system/main/shim/le_scanning_manager.cc:137 RegisterScanner: in shim layer, UUID=3b5cd751-69e4-4e30-b01b-a167feab1026
10-24 17:41:02.910   476   867 D BluetoothLeScanner: onScannerRegistered() - status=0 scannerId=4 mScannerId=0
10-24 17:41:02.912  2812  3249 I bt_shim_scanner: system/main/shim/le_scanning_manager.cc:238 ScanFilterEnable: in shim layer
10-24 17:41:02.914   476  2761 I NearbySharing: Fast Initiation Scanning has started
10-24 17:41:02.915   476 26848 I NearbyMediums: Started BLE scanning, service-id=NearbySharing, is-extended-advert=true, power-level=2, scan-mode=3
10-24 17:41:02.915   476 26848 I NearbyConnections: Listening to visibility changes for client 36229046
10-24 17:41:02.917  2812  3249 I bt_shim_scanner: system/main/shim/le_scanning_manager.cc:215 ScanFilterAdd: in shim layer
10-24 17:41:02.918   476  2761 I NearbySharing: Dismissing HUN as there's no device nearby.
10-24 17:41:02.918  2812  3249 I bt_shim_scanner: system/main/shim/le_scanning_manager.cc:182 ScanFilterParamSetup: in shim layer, clientIf=3
10-24 17:41:02.918  2812  3249 I bt_shim_scanner: system/main/shim/le_scanning_manager.cc:215 ScanFilterAdd: in shim layer
10-24 17:41:02.918  2812  3249 I bt_shim_scanner: system/main/shim/le_scanning_manager.cc:182 ScanFilterParamSetup: in shim layer, clientIf=3
10-24 17:41:02.918  2812  3249 I bt_shim_scanner: system/main/shim/le_scanning_manager.cc:149 Scan: in shim layer stopped
10-24 17:41:02.919  2812  3249 I bt_shim_scanner: system/main/shim/le_scanning_manager.cc:313 SetScanParameters: in shim layer, scannerId1m=3, scannerIdCoded=0
10-24 17:41:02.919  2812  3249 I bt_shim_scanner: system/main/shim/le_scanning_manager.cc:149 Scan: in shim layer started
10-24 17:41:02.920  2812  3249 I bt_shim_scanner: system/main/shim/le_scanning_manager.cc:238 ScanFilterEnable: in shim layer
10-24 17:41:02.920 19330  3972 I Dck     : (REDACTED) disableDckSupport: %s
10-24 17:41:02.920  2812  3249 I bt_shim_scanner: system/main/shim/le_scanning_manager.cc:215 ScanFilterAdd: in shim layer
10-24 17:41:02.920  2812  3249 I bt_shim_scanner: system/main/shim/le_scanning_manager.cc:182 ScanFilterParamSetup: in shim layer, clientIf=4
10-24 17:41:02.920  2812  3249 I bt_shim_scanner: system/main/shim/le_scanning_manager.cc:215 ScanFilterAdd: in shim layer
10-24 17:41:02.920  2812  3249 I bt_shim_scanner: system/main/shim/le_scanning_manager.cc:182 ScanFilterParamSetup: in shim layer, clientIf=4
10-24 17:41:02.920  2812  3249 I bt_shim_scanner: system/main/shim/le_scanning_manager.cc:215 ScanFilterAdd: in shim layer
10-24 17:41:02.920  2812  3249 I bt_shim_scanner: system/main/shim/le_scanning_manager.cc:182 ScanFilterParamSetup: in shim layer, clientIf=4
10-24 17:41:02.920 19330  3972 I Dck     : [WirelessCapabilitiesFeatures] wccSysProp: 2 [CONTEXT service_id=289 ]
10-24 17:41:02.920 19330  3972 I Dck     : [WirelessCapabilitiesFeatures] wccMendel: 3 [CONTEXT service_id=289 ]
10-24 17:41:02.921 19330  3972 I Dck     : [WirelessCapabilitiesFeatures] deviceWccOverride: false [CONTEXT service_id=289 ]
10-24 17:41:02.921 19330  3972 I Dck     : [WirelessCapabilitiesFeatures] replaceSupportedWccWithWccOverride: true [CONTEXT service_id=289 ]
10-24 17:41:02.921 19330  3972 I Dck     : [WirelessCapabilitiesFeatures] wccOverride: not set [CONTEXT service_id=289 ]
10-24 17:41:02.921 19330  3972 I Dck     : (REDACTED) [WirelessCapabilitiesFeatures] wcc: %s
10-24 17:41:02.921 19330  3972 I Dck     : Dck module condition - isDckModuleEligible: true [CONTEXT service_id=289 ]
10-24 17:41:02.921 19330  3972 I Dck     : (REDACTED) [GatedIntentOperation] Intent propagated: %s
10-24 17:41:02.927   476  2759 I NearbySharing: Loading certificates with visibility ALL_CONTACTS
10-24 17:41:02.928  2812  3194 I bluetooth: system/gd/hci/le_scanning_manager_impl.cc:595 stop_scan: Scanning already stopped, return!
10-24 17:41:02.928  2812  3194 I bluetooth: system/gd/hci/le_address_manager.cc:277 unregister_client: Client unregistered
10-24 17:41:02.928  2812  3194 I bluetooth: system/gd/hci/le_address_manager.cc:262 register_client: Client registered
10-24 17:41:02.930  1787  3177 D BiometricService: canAuthenticate: User=0, Caller=0, Authenticators=32768
10-24 17:41:02.930   476  2759 I NearbySharing: Saving the private certificate to file nearby_sharing_private_certificate_file_for_all_contacts.
10-24 17:41:02.931  1787  3177 D BiometricService/PreAuthInfo: getCanAuthenticateInternal Modality: 1 AuthenticatorStatus: 1
10-24 17:41:02.931  1787  3177 D AuthService: canAuthenticate, userId: 0, callingUserId: 0, authenticators: 32768, result: 0
10-24 17:41:02.932  1787  3177 D BiometricService: canAuthenticate: User=0, Caller=0, Authenticators=32768
10-24 17:41:02.933  1787  3177 D BiometricService/PreAuthInfo: getCanAuthenticateInternal Modality: 1 AuthenticatorStatus: 1
10-24 17:41:02.933  1787  3177 D AuthService: canAuthenticate, userId: 0, callingUserId: 0, authenticators: 32768, result: 0
10-24 17:41:02.933  1382  1382 I bthal.activity: LogActivities: Disable LE Scanning, 0x2042
10-24 17:41:02.934  1382  2167 I bthal.debug_central: Command Complete Event of LE_SET_EXTENDED_SCAN_ENABLE, opcode:2042
10-24 17:41:02.934  1382  2167 I bthal.flowcontrol: HciEventPreProcess: HCI Event 0xe Opcode 0x2042 Length 6 unhandled by LeSetExtentedScanEnableEvent
10-24 17:41:02.935  1382  1382 I bthal.activity: LogActivities: LOW_LATENCY ScanMode
10-24 17:41:02.935  1382  1382 I bthal.activity: LogActivities: Enable LE Scanning, 0x2042
10-24 17:41:02.936  1382  2167 I bthal.debug_central: Command Complete Event of LE_SET_EXTENDED_SCAN_ENABLE, opcode:2042
10-24 17:41:02.936  1382  2167 I bthal.flowcontrol: HciEventPreProcess: HCI Event 0xe Opcode 0x2042 Length 6 unhandled by LeSetExtentedScanEnableEvent
10-24 17:41:02.937 19330  3975 I PersonalSafety: ConnectivityProtectionLockingIntentOperation: cancelled task [CONTEXT service_id=310 ]
10-24 17:41:02.938 19330 20446 I Dck     : (REDACTED) disableDckSupport: %s
10-24 17:41:02.940 19330 20446 I Dck     : [WirelessCapabilitiesFeatures] wccSysProp: 2 [CONTEXT service_id=289 ]
10-24 17:41:02.940 19330 20446 I Dck     : [WirelessCapabilitiesFeatures] wccMendel: 3 [CONTEXT service_id=289 ]
10-24 17:41:02.940  1787  2796 I ActivityManager: Broadcasting: Intent { act=com.nick.myrecoverytracker.ACTION_RUN_NOTIFICATION_ENGAGEMENT_ROLLUP flg=0x11400020 cmp=com.nick.myrecoverytracker/.TriggerReceiver }
10-24 17:41:02.940 19330 20446 I Dck     : [WirelessCapabilitiesFeatures] deviceWccOverride: false [CONTEXT service_id=289 ]
10-24 17:41:02.940 19330 20446 I Dck     : [WirelessCapabilitiesFeatures] replaceSupportedWccWithWccOverride: true [CONTEXT service_id=289 ]
10-24 17:41:02.940 19330 20446 I Dck     : [WirelessCapabilitiesFeatures] wccOverride: not set [CONTEXT service_id=289 ]
10-24 17:41:02.940  1787  2796 I ActivityManager: Enqueued broadcast Intent { act=com.nick.myrecoverytracker.ACTION_RUN_NOTIFICATION_ENGAGEMENT_ROLLUP flg=0x11400020 cmp=com.nick.myrecoverytracker/.TriggerReceiver }: 0
10-24 17:41:02.941  1787  2590 D BackgroundInstallControlService: Package event received: 0
10-24 17:41:02.943 19330 19741 I Dck     : Check and resume all keys that were suspended due to device lost if any [CONTEXT service_id=289 ]
10-24 17:41:02.943 19330 19741 I Dck     : [DckEvents] Handling resume all keys that were suspended due to device lost [CONTEXT service_id=289 ]
10-24 17:41:02.943 19330 20446 I Dck     : (REDACTED) [WirelessCapabilitiesFeatures] wcc: %s
10-24 17:41:02.943 19330 20446 I Dck     : Dck module condition - isDckModuleEligible: true [CONTEXT service_id=289 ]
10-24 17:41:02.945  3834  3834 I TriggerReceiver: onReceive action=com.nick.myrecoverytracker.ACTION_RUN_NOTIFICATION_ENGAGEMENT_ROLLUP
10-24 17:41:02.946  3834  3834 I TriggerReceiver: Enqueued NotificationEngagement (once-NotificationEngagementRollup)
10-24 17:41:02.946  3834  3893 I SleepRollupWorker: SLEEP_ACCEPT at=2025-10-03T01:06:04+10:00[Australia/Sydney] type=SCREEN_OFF (60m quiet)
10-24 17:41:02.948  1787  1879 I ActivityManager: Broadcast completed: result=0
10-24 17:41:02.956  3834  3893 I SleepRollupWorker: Sleep 2025-10-03 -> sleep=01:06:04 wake=07:21:59 hours=6.27 quality=OK
10-24 17:41:02.957   476   476 D BoundBrokerSvc: onRebind: Intent { act=com.google.android.gms.nearby.presence.service.START dat=chimera-action:/... xflg=0x4 cmp=com.google.android.gms/.chimera.PersistentApiServiceNoInstantApps }
10-24 17:41:02.958  2641  2641 D DLObserver: onReceive(); android.intent.action.BATTERY_CHANGED
10-24 17:41:02.958  2641  2641 D DLObserver: plugged=2
10-24 17:41:02.959  2641  2641 D SystemEventDataSource: onReceive: intentAction
10-24 17:41:02.959  2641  2641 D PowerNotificationWarningsGoogleImpl: onReceive: android.intent.action.BATTERY_CHANGED
10-24 17:41:02.959  2641  2641 D PulsarController: dispatchIntent: android.intent.action.BATTERY_CHANGED
10-24 17:41:02.960  2641  2641 D IncompatibleChargerNotification: dispatchIntent: android.intent.action.BATTERY_CHANGED
10-24 17:41:02.960  2641  2641 D KeyguardIndicationGoogle: isChargeLimitEnabled= false, user= 0
10-24 17:41:02.960  2641  2714 D GoogleBatteryDataSource: fetchDwellDefendStatus: CONNECTED
10-24 17:41:02.960  2641  2714 D GoogleBatteryDataSource: fetchTempDefendStatus: t_sum=0, time_sum=0 t_avg=0 lst_v=0 lst_t=0 lst_u=0, dt=550845, t=0 e=1
10-24 17:41:02.960  2641  2714 D SystemEventDataSource: updatedEventData: SystemEventData(intentAction=android.intent.action.BATTERY_CHANGED, plugged=EventData(value=2), batteryScale=EventData(value=100), batteryLevel=EventData(value=46), chargingStatus=EventData(value=1), maxChargingCurrent=EventData(value=500000), maxChargingVoltage=EventData(value=5000000), batteryStatus=EventData(value=4), halEventData=HalEventData(dockDefendStatus=EventData(value=-3), tempDefendEventData=EventData(value=false), dwellDefendEventData=EventData(value=false)), settingsEventData=SettingsEventData(dockDefenderBypass=EventData(value=0), chargingLimitSettings=EventData(value=0), dndState=EventData(value=false), airplaneState=EventData(value=false)), frameworkApiEventData=FrameworkApiEventData(batterySaverState=EventData(value=false), extremeBatterySaverState=EventData(value=false)))
10-24 17:41:02.960  2641  2714 D ChargingLimitEventModule: validate()=false, chargingStatus=1
10-24 17:41:02.960  2641  2714 D DwellDefendBatteryModule: validate: false -> false
10-24 17:41:02.960  2641  2714 D TempDefendBatteryModule: validate: false -> false
10-24 17:41:02.961  2641  8383 D PowerUI : can't show warning due to - plugged: true status unknown: false
10-24 17:41:02.965   476   476 D WearableService: Creating wearable service asynchronously.
10-24 17:41:02.967   476  2759 I NearbySharing: Network state changed: NetworkState(isRestricted=false, isOnline=true, isCongested=false, isMetered=false, isWifiConnected=true)
10-24 17:41:02.967   476  2759 I NearbySharing: Network state changed: NetworkState(isRestricted=false, isOnline=true, isCongested=false, isMetered=false, isWifiConnected=true)
10-24 17:41:02.980   476   865 D WearableService: onGetService: waiting for onCreate to be completed.
10-24 17:41:02.986   476   509 I Wear_Controller: Wearable module requires a companion app to be installed.
10-24 17:41:02.986   476   509 I WearableService: onCreate: Wearable Services not starting. Wear is not available on this device.
10-24 17:41:02.987   476   865 W WearableService: onGetService: Wear is not available on this device.
10-24 17:41:02.987  1787  5221 I ActivityManager: Broadcasting: Intent { act=com.nick.myrecoverytracker.ACTION_RUN_DISTANCE_DAILY flg=0x11400020 cmp=com.nick.myrecoverytracker/.TriggerReceiver }
10-24 17:41:02.988  1787  5221 I ActivityManager: Enqueued broadcast Intent { act=com.nick.myrecoverytracker.ACTION_RUN_DISTANCE_DAILY flg=0x11400020 cmp=com.nick.myrecoverytracker/.TriggerReceiver }: 0
10-24 17:41:02.989  3834  3834 I TriggerReceiver: onReceive action=com.nick.myrecoverytracker.ACTION_RUN_DISTANCE_DAILY
10-24 17:41:02.989  1787  2590 D BackgroundInstallControlService: Package event received: 0
10-24 17:41:02.989  3834  3834 I TriggerReceiver: Enqueued DistanceDaily (once-DistanceDaily)
10-24 17:41:02.990  2812  2819 W droid.bluetooth: Reducing the number of considered missed Gc histogram windows from 111 to 100
10-24 17:41:02.990  1787  1879 I ActivityManager: Broadcast completed: result=0
10-24 17:41:02.993  3834  3914 I NotificationEngagementWorker: Engagement rollup wrote 1 date(s) to daily_notification_engagement.csv
10-24 17:41:02.998 19330 19741 W Dck     : [WearManager] failed to list wearables [CONTEXT service_id=289 ]
10-24 17:41:02.998 19330 19741 W Dck     : java.util.concurrent.ExecutionException: m20.jjq: 17: API: Wearable.API is not available on this device. Connection failed with: jhl{statusCode=API_UNAVAILABLE, resolution=null, message=null, clientMethodKey=null}
10-24 17:41:02.998 19330 19741 W Dck     : 	at m20.aabc.f(:com.google.android.gms.optional_dck@254131041@25.41.31 (150400-0):28)
10-24 17:41:02.998 19330 19741 W Dck     : 	at m20.aabc.d(:com.google.android.gms.optional_dck@254131041@25.41.31 (150400-0):39)
10-24 17:41:02.998 19330 19741 W Dck     : 	at m20.pzt.j(:com.google.android.gms.optional_dck@254131041@25.41.31 (150400-0):17)
10-24 17:41:02.998 19330 19741 W Dck     : 	at m20.pzt.i(:com.google.android.gms.optional_dck@254131041@25.41.31 (150400-0):2)
10-24 17:41:02.998 19330 19741 W Dck     : 	at m20.mhx.k(:com.google.android.gms.optional_dck@254131041@25.41.31 (150400-0):145)
10-24 17:41:02.998 19330 19741 W Dck     : 	at m20.rju.c(:com.google.android.gms.optional_dck@254131041@25.41.31 (150400-0):19)
10-24 17:41:02.998 19330 19741 W Dck     : 	at m20.rjp.a(:com.google.android.gms.optional_dck@254131041@25.41.31 (150400-0):10)
10-24 17:41:02.998 19330 19741 W Dck     : 	at m20.ypb.i(:com.google.android.gms.optional_dck@254131041@25.41.31 (150400-0):1)
10-24 17:41:02.998 19330 19741 W Dck     : 	at m20.ypf.run(:com.google.android.gms.optional_dck@254131041@25.41.31 (150400-0):90)
10-24 17:41:02.998 19330 19741 W Dck     : 	at m20.ahec.run(:com.google.android.gms.optional_dck@254131041@25.41.31 (150400-0):21)
10-24 17:41:02.998 19330 19741 W Dck     : 	at m20.jzu.c(:com.google.android.gms.optional_dck@254131041@25.41.31 (150400-0):50)
10-24 17:41:02.998 19330 19741 W Dck     : 	at m20.jzu.run(:com.google.android.gms.optional_dck@254131041@25.41.31 (150400-0):73)
10-24 17:41:02.998 19330 19741 W Dck     : 	at java.util.concurrent.ThreadPoolExecutor.runWorker(ThreadPoolExecutor.java:1156)
10-24 17:41:02.998 19330 19741 W Dck     : 	at java.util.concurrent.ThreadPoolExecutor$Worker.run(ThreadPoolExecutor.java:651)
10-24 17:41:02.998 19330 19741 W Dck     : 	at bcrs.run(:com.google.android.gms@254131035@25.41.31 (260400-820295184):8)
10-24 17:41:02.998 19330 19741 W Dck     : 	at java.lang.Thread.run(Thread.java:1119)
10-24 17:41:02.998 19330 19741 W Dck     : Caused by: m20.jjq: 17: API: Wearable.API is not available on this device. Connection failed with: jhl{statusCode=API_UNAVAILABLE, resolution=null, message=null, clientMethodKey=null}
10-24 17:41:02.998 19330 19741 W Dck     : 	at m20.jqj.a(:com.google.android.gms.optional_dck@254131041@25.41.31 (150400-0):13)
10-24 17:41:02.998 19330 19741 W Dck     : 	at m20.jsq.a(:com.google.android.gms.optional_dck@254131041@25.41.31 (150400-0):29)
10-24 17:41:02.998 19330 19741 W Dck     : 	at m20.jlr.run(:com.google.android.gms.optional_dck@254131041@25.41.31 (150400-0):7)
10-24 17:41:02.998 19330 19741 W Dck     : 	at m20.jzf.c(:com.google.android.gms.optional_dck@254131041@25.41.31 (150400-0):12)
10-24 17:41:02.998 19330 19741 W Dck     : 	at m20.jlt.a(:com.google.android.gms.optional_dck@254131041@25.41.31 (150400-0):12)
10-24 17:41:02.998 19330 19741 W Dck     : 	at com.google.android.gms.common.api.internal.BasePendingResult.p(:com.google.android.gms.optional_dck@254131041@25.41.31 (150400-0):72)
10-24 17:41:02.998 19330 19741 W Dck     : 	at com.google.android.gms.common.api.internal.BasePendingResult.m(:com.google.android.gms.optional_dck@254131041@25.41.31 (150400-0):35)
10-24 17:41:02.998 19330 19741 W Dck     : 	at m20.jll.i(:com.google.android.gms.optional_dck@254131041@25.41.31 (150400-0):16)
10-24 17:41:02.998 19330 19741 W Dck     : 	at m20.jlc.c(:com.google.android.gms.optional_dck@254131041@25.41.31 (150400-0):3)
10-24 17:41:02.998 19330 19741 W Dck     : 	at m20.jmn.q(:com.google.android.gms.optional_dck@254131041@25.41.31 (150400-0):48)
10-24 17:41:02.998 19330 19741 W Dck     : 	at m20.jmn.d(:com.google.android.gms.optional_dck@254131041@25.41.31 (150400-0):10)
10-24 17:41:02.998 19330 19741 W Dck     : 	at m20.jmn.g(:com.google.android.gms.optional_dck@254131041@25.41.31 (150400-0):219)
10-24 17:41:02.998 19330 19741 W Dck     : 	at m20.jmn.onConnectionFailed(:com.google.android.gms.optional_dck@254131041@25.41.31 (150400-0):2)
10-24 17:41:02.998 19330 19741 W Dck     : 	at m20.jrm.a(:com.google.android.gms.optional_dck@254131041@25.41.31 (150400-0):3)
10-24 17:41:02.998 19330 19741 W Dck     : 	at m20.jqs.a(:com.google.android.gms.optional_dck@254131041@25.41.31 (150400-0):7)
10-24 17:41:02.998 19330 19741 W Dck     : 	at m20.jql.c(:com.google.android.gms.optional_dck@254131041@25.41.31 (150400-0):77)
10-24 17:41:02.998 19330 19741 W Dck     : 	at m20.jqm.handleMessage(:com.google.android.gms.optional_dck@254131041@25.41.31 (150400-0):264)
10-24 17:41:02.998 19330 19741 W Dck     : 	at android.os.Handler.dispatchMessage(Handler.java:110)
10-24 17:41:02.998 19330 19741 W Dck     : 	at m20.ytq.b(:com.google.android.gms.optional_dck@254131041@25.41.31 (150400-0):1)
10-24 17:41:02.998 19330 19741 W Dck     : 	at m20.ytq.dispatchMessage(:com.google.android.gms.optional_dck@254131041@25.41.31 (150400-0):139)
10-24 17:41:02.998 19330 19741 W Dck     : 	at android.os.Looper.dispatchMessage(Looper.java:315)
10-24 17:41:02.998 19330 19741 W Dck     : 	at android.os.Looper.loopOnce(Looper.java:251)
10-24 17:41:02.998 19330 19741 W Dck     : 	at android.os.Looper.loop(Looper.java:349)
10-24 17:41:02.998 19330 19741 W Dck     : 	at android.os.HandlerThread.run(HandlerThread.java:100)
10-24 17:41:02.998 19330 19741 I Dck     : (REDACTED) [AllWearableKeysGetter] getAllWearableKeys(%s)
10-24 17:41:02.999 19330 19741 I Dck     : (REDACTED) [AllWearableKeysGetter] transmitting results: %s
10-24 17:41:03.012  3834  3854 I WM-WorkerWrapper: Worker result SUCCESS for Work [ id=8e5a2e20-4a1b-44cd-b786-72fc2de0b087, tags={ com.nick.myrecoverytracker.NotificationEngagementWorker, NotificationEngagement } ]
10-24 17:41:03.012   476   503 W NearbyPresence: TidepoolIdentityProvider: Main Tidepool status toggle not enabled! Returned empty shared credentials. [CONTEXT service_id=317 ]
10-24 17:41:03.012   476   503 W NearbyPresence: TidepoolIdentityProvider: Main Tidepool status toggle not enabled! Returned empty broadcast credentials. [CONTEXT service_id=317 ]
10-24 17:41:03.012   476   503 W NearbyPresence: TidepoolIdentityProvider: Main Tidepool status toggle not enabled! Returned empty shared credentials. [CONTEXT service_id=317 ]
10-24 17:41:03.012   476   503 W NearbyPresence: TidepoolIdentityProvider: Main Tidepool status toggle not enabled! Returned empty broadcast credentials. [CONTEXT service_id=317 ]
10-24 17:41:03.015  3834  3893 I SleepRollupWorker: WAKE_ACCEPT unlock=2025-10-04T05:34:31+10:00[Australia/Sydney] (no SCREEN_OFF in next 20s)
10-24 17:41:03.023   476   503 W NearbyPresence: TidepoolIdentityProvider: Main Tidepool status toggle not enabled! Returned empty broadcast credentials. [CONTEXT service_id=317 ]
10-24 17:41:03.023   476   503 W NearbyPresence: TidepoolIdentityProvider: Main Tidepool status toggle not enabled! Returned empty shared credentials. [CONTEXT service_id=317 ]
10-24 17:41:03.025   476   503 I NearbyConnections: ClientProxy(0p:com.google.android.gms.nearby.sharing) allow WebRtc to use mobile data.
10-24 17:41:03.025   476   503 I NearbyConnections: Client 36229046 requested to update advertising options.
10-24 17:41:03.028   476  2761 I Nearby  : (REDACTED) Note nearby client %s for operation %s
10-24 17:41:03.029   476  2761 I NearbyConnections: [InstantConnectionPcpMgr] In invalidateTxAdvertisementScanning(by pre_updateAdvertising) tx advertisement scanning skipped or stopped for endpointId: serviceId:NearbySharing isScreenUnlocked:true isAdvertising:true powerLevel:LOW isTxScanning:false
10-24 17:41:03.029   476  2761 I NearbyConnections: [PcpManager] In updateAdvertisingOptions() advertisingMediums:[WIFI_DIRECT, WIFI_HOTSPOT, WIFI_AWARE, WIFI_LAN, BLE] upgradeMediums:[USB, WIFI_LAN, WIFI_DIRECT, WIFI_AWARE, WIFI_HOTSPOT, WEB_RTC, BLE_L2CAP, BLUETOOTH, BLE, NFC] requireRegisterWifiStatusChangedCallback:true
10-24 17:41:03.034  3834  3906 I DistanceWorker: DistanceWorker SUCCESS: 2025-10-24 distance_km=53.37 points=3 timeMs=2
10-24 17:41:03.036  3834  3865 I WM-WorkerWrapper: Worker result SUCCESS for Work [ id=4cff9b73-1121-4819-acb4-b4d935c6e02e, tags={ com.nick.myrecoverytracker.DistanceWorker, DistanceDaily } ]
10-24 17:41:03.037   476  2761 I NearbyConnections: Instant Connection Security key rotated.
10-24 17:41:03.037   476  2761 I NearbyConnections: Scheduled invalidation of the HPKE key alarm (delayMillis:8000) for client 36229046
10-24 17:41:03.037   476  2761 I NearbyConnections: Get local endpoint id from random generation EEGJ (last:HUEZ) for client 36229046
10-24 17:41:03.051  1439  1439 I WifiHAL : found interface wlan0
10-24 17:41:03.060  1439  1439 D WifiHAL : In DebugCommand::handleResponse
10-24 17:41:03.066   670  8000 E keystore2: system/security/keystore2/src/error.rs:184 - system/security/keystore2/src/security_level.rs:329
10-24 17:41:03.066   670  8000 E keystore2: 
10-24 17:41:03.066   670  8000 E keystore2: Caused by:
10-24 17:41:03.066   670  8000 E keystore2:     0: system/security/keystore2/src/enforcements.rs:596: matching auth token (challenge=0, userId=8312131020960389902, authId=717093919118508472, authType=0x2, timestamp=572992179ms) rcved=BootTime(572983347) for sids [SecureUserId(8312131020960389902)] type Some(3) is expired (958s old > timeout=30s)
10-24 17:41:03.066   670  8000 E keystore2:     1: Error::Km(r#KEY_USER_NOT_AUTHENTICATED)
10-24 17:41:03.067  1439  1439 I WifiHAL : found interface wlan0
10-24 17:41:03.073   476  3818 W TapAndPay: onHandleIntent: unlock at 573941168 not a manual unlock [CONTEXT service_id=79 ]
10-24 17:41:03.076  1439  1439 D WifiHAL : In DebugCommand::handleResponse
10-24 17:41:03.080  1439  1439 I WifiHAL : found interface wlan0
10-24 17:41:03.081  3834  3844 W System  : A resource failed to call close. 
10-24 17:41:03.088  1439  1439 D WifiHAL : In DebugCommand::handleResponse
10-24 17:41:03.092   476  2761 I NearbyMediums: [DeviceCapabilities] Get wifi usable channels from cache for mode WFD_GC (tryToRefreshCache:true channels:[2412..2472, 5180..5240, 5745..5805])
10-24 17:41:03.097  1439  1439 I WifiHAL : found interface wlan0
10-24 17:41:03.106  1439  1439 D WifiHAL : In DebugCommand::handleResponse
10-24 17:41:03.110  1439  1439 I WifiHAL : found interface wlan0
10-24 17:41:03.118  3834  3893 I SleepRollupWorker: SLEEP_ACCEPT at=2025-10-04T01:05+10:00[Australia/Sydney] type=SCREEN_OFF (60m quiet)
10-24 17:41:03.120  1439  1439 D WifiHAL : In DebugCommand::handleResponse
10-24 17:41:03.125  1439  1439 I WifiHAL : found interface wlan0
10-24 17:41:03.127  3834  3893 I SleepRollupWorker: Sleep 2025-10-04 -> sleep=01:05:00 wake=05:34:31 hours=4.49 quality=OK
10-24 17:41:03.124  1661  1661 W TracingMuxer: type=1400 audit(0.0:251427): avc:  denied  { write } for  name="traced_producer" dev="tmpfs" ino=1353 scontext=u:r:gxp_logging:s0 tcontext=u:object_r:traced_producer_socket:s0 tclass=sock_file permissive=0
10-24 17:41:03.135  1439  1439 D WifiHAL : In DebugCommand::handleResponse
10-24 17:41:03.137   476  2761 I NearbyMediums: [DeviceCapabilities] Get wifi usable channels from cache for mode WFD_GO (tryToRefreshCache:true channels:[2412..2472, 5180..5240, 5745..5805])
10-24 17:41:03.143  1439  1439 I WifiHAL : found interface wlan0
10-24 17:41:03.152  1439  1439 D WifiHAL : In DebugCommand::handleResponse
10-24 17:41:03.158  1439  1439 I WifiHAL : found interface wlan0
10-24 17:41:03.168  1439  1439 D WifiHAL : In DebugCommand::handleResponse
10-24 17:41:03.172  3834  3893 I SleepRollupWorker: WAKE_ACCEPT unlock=2025-10-05T06:47:41+11:00[Australia/Sydney] (no SCREEN_OFF in next 20s)
10-24 17:41:03.174  1439  1439 I WifiHAL : found interface wlan0
10-24 17:41:03.182  1439  1439 D WifiHAL : In DebugCommand::handleResponse
10-24 17:41:03.184   476  2761 I NearbyMediums: [DeviceCapabilities] Get wifi usable channels from cache for mode STA (tryToRefreshCache:true channels:[2412..2472, 5180..5320, 5500..5580, 5660..5700, 5745..5825, 5955..6415])
10-24 17:41:03.187  1439  1439 I WifiHAL : found interface wlan0
10-24 17:41:03.196  1439  1439 D WifiHAL : In DebugCommand::handleResponse
10-24 17:41:03.199  1439  1439 I WifiHAL : found interface wlan0
10-24 17:41:03.208  1439  1439 D WifiHAL : In DebugCommand::handleResponse
10-24 17:41:03.210  1439  1439 I WifiHAL : found interface wlan0
10-24 17:41:03.218  1439  1439 D WifiHAL : In DebugCommand::handleResponse
10-24 17:41:03.223   476  2761 I NearbyMediums: [DeviceCapabilities] Get wifi usable channels from cache for mode AWARE (tryToRefreshCache:true channels:[2412..2472, 5180..5240, 5745..5825, 5955..6415])
10-24 17:41:03.229   476  2761 I NearbyConnections: In generateRxInstantConnectionAdvBytes() advertisingMediums:[WIFI_DIRECT, WIFI_HOTSPOT, WIFI_AWARE, WIFI_LAN, BLE] capabilitiesSize:5 apFreq:5180 wfdGcUsableOrAvailableChs:[2412..2472, 5180..5240, 5745..5805] wfdGoUsableOrAvailableChs:[2412..2472, 5180..5240, 5745..5805] hsStaUsableOrAvailableChs:[2412..2472, 5180..5320, 5500..5580, 5660..5700, 5745..5825, 5955..6415] awareUsableOrAvailableChs:[2412..2472, 5180..5240, 5745..5825, 5955..6415] rxAdvertisement(size:63):A0:17:A5:E4:82:5F:04:51:C6:2C:16:EA:29:80:0C:F8:C6:37:36:23:75:57:32:0F:AD:9F:27:29:FB:F0:A4:34:0D:31:84:15:05:21:00:00:84:15:06:21:00:00:84:15:04:7F:00:00:84:15:07:61:00:00:83:15:01:14:3C
10-24 17:41:03.231   476  2761 I NearbyMediums: Device token rotated, old deviceToken : [ 0x53 0xe9 ].
10-24 17:41:03.231  2812  3245 I bluetooth: bluetooth_core::gatt::server::isolation_manager: removing server (if any) associated with advertiser AdvertiserId(1)
10-24 17:41:03.231  2812  3246 I bt_shim_advertiser: system/main/shim/le_advertising_manager.cc:80 Unregister: in shim layer
10-24 17:41:03.232  2812  3194 I bluetooth: system/gd/hci/le_address_manager.cc:277 unregister_client: Client unregistered
10-24 17:41:03.232   476  2761 D BluetoothAdapter: isLeEnabled(): ON
10-24 17:41:03.234  2812  3246 I bt_shim_advertiser: system/main/shim/le_advertising_manager.cc:161 StartAdvertisingSet: in shim layer
10-24 17:41:03.234  2812  3246 I bt_shim_advertiser: system/main/shim/le_advertising_manager.cc:188 StartAdvertisingSet: create advertising set, client_id:255, reg_id:-3692
10-24 17:41:03.235  2812  3194 I bluetooth: system/gd/hci/le_advertising_manager_impl.cc:662 create_extended_advertiser_with_id: Scheduling address rotation for advertiser_id=0
10-24 17:41:03.235  2812  3194 I bluetooth: system/gd/hci/le_address_manager.cc:575 GetNextPrivateAddressIntervalRange: client=advertising_set_0, nonwake=8m28s, wake=14m34s
10-24 17:41:03.235  2812  3194 I bluetooth: system/gd/hci/le_address_manager.cc:262 register_client: Client registered
10-24 17:41:03.236  2632  2635 I deeptouch: I0000 00:00:1761288063.235626    2635 tf_lite_classifier.cc:413] Event stream classified as kNone
10-24 17:41:03.240  2812  3194 I bluetooth: system/gd/hci/le_advertising_manager_impl.cc:1741 on_set_advertising_set_random_address_complete: update random address for advertising set 0 : xx:xx:xx:xx:e8:19
10-24 17:41:03.240  1787  3082 V WindowManager: DesktopModeLaunchParamsModifier: phase= 0 task=null activity=null display-from-option=0 display-id=0 task-display-area-windowing-mode=1 suggested-display-area=DefaultTaskDisplayArea@21895765 task null, skipping
10-24 17:41:03.240  1787  3082 V WindowManager: TaskLaunchParamsModifier:phase=0 task=null activity=null display-from-option=0 display-id=0 task-display-area-windowing-mode=1 suggested-display-area=DefaultTaskDisplayArea@21895765
10-24 17:41:03.241  1787  3082 V GrammaticalInflectionUtils: AttributionSource: android.content.AttributionSource@b4672ef9 does not have READ_SYSTEM_GRAMMATICAL_GENDER permission.
10-24 17:41:03.242  1787  3082 W OptProp : Cannot read opt property android.window.PROPERTY_COMPAT_ALLOW_RESIZEABLE_ACTIVITY_OVERRIDES
10-24 17:41:03.242  1787  3082 W OptProp : Cannot read opt property android.window.PROPERTY_COMPAT_ALLOW_MIN_ASPECT_RATIO_OVERRIDE
10-24 17:41:03.243  1787  3082 V WindowManager: DesktopModeLaunchParamsModifier: phase= 0 task=null activity=ActivityRecord{125047182 u0 com.textra/com.mplus.lib.ui.main.Main display-from-option=0 display-id=0 task-display-area-windowing-mode=1 suggested-display-area=DefaultTaskDisplayArea@21895765 task null, skipping
10-24 17:41:03.243  1787  3082 V WindowManager: TaskLaunchParamsModifier:phase=0 task=null activity=ActivityRecord{125047182 u0 com.textra/com.mplus.lib.ui.main.Main t-1} display-from-option=0 display-id=0 task-display-area-windowing-mode=1 suggested-display-area=DefaultTaskDisplayArea@21895765
10-24 17:41:03.243  1787  3082 V WindowManager: DesktopModeLaunchParamsModifier: phase= 3 task=Task{da098ce #15552 type=standard A=10347:com.textra} activity=ActivityRecord{125047182 u0 com.textra/com.mplus.lib.ui.main.Main t-1} display-from-option=0 display-id=0 task-display-area-windowing-mode=1 suggested-display-area=DefaultTaskDisplayArea@21895765 not entering desktop mode, skipping
10-24 17:41:03.243  1787  3082 V WindowManager: TaskLaunchParamsModifier:phase=3 task=Task{da098ce #15552 type=standard A=10347:com.textra} activity=ActivityRecord{125047182 u0 com.textra/com.mplus.lib.ui.main.Main t-1} display-from-option=0 display-id=0 task-display-area-windowing-mode=1 suggested-display-area=DefaultTaskDisplayArea@21895765 inherit-from-source=fullscreen non-freeform-task-display-area display-area=DefaultTaskDisplayArea@21895765 default-portrait freeform-size-mismatch=Rect(276, 716 - 804, 1796)
10-24 17:41:03.244  1787  3082 V WindowManager: DesktopModeLaunchParamsModifier: phase= 3 task=Task{da098ce #15552 type=standard A=10347:com.textra} activity=ActivityRecord{125047182 u0 com.textra/com.mplus.lib.ui.main.Main t-1} display-from-option=0 display-id=0 task-display-area-windowing-mode=1 suggested-display-area=DefaultTaskDisplayArea@21895765 not entering desktop mode, skipping
10-24 17:41:03.244  1787  3082 V WindowManager: TaskLaunchParamsModifier:phase=3 task=Task{da098ce #15552 type=standard A=10347:com.textra} activity=ActivityRecord{125047182 u0 com.textra/com.mplus.lib.ui.main.Main t-1} display-from-option=0 display-id=0 task-display-area-windowing-mode=1 suggested-display-area=DefaultTaskDisplayArea@21895765 inherit-from-source=fullscreen non-freeform-task-display-area display-area=DefaultTaskDisplayArea@21895765 default-portrait freeform-size-mismatch=Rect(276, 716 - 804, 1796)
10-24 17:41:03.246  1787  3082 I ActivityTaskManager: START u0 {act=android.intent.action.MAIN cat=[android.intent.category.LAUNCHER] flg=0x10200000 xflg=0x4 pkg=com.textra cmp=com.textra/com.mplus.lib.ui.main.Main bnds=[326,1929][499,2124]} with LAUNCH_SINGLE_TASK from uid 10227 (com.google.android.apps.nexuslauncher) (sr=98500290) (BAL_ALLOW_VISIBLE_WINDOW) result code=2
10-24 17:41:03.246   476   476 I NearbyMediums: [InstantOnLostManager] Start instant onLost extended advertising, hashes = [ 0xea 0x81 0xc5 0x72 ].
10-24 17:41:03.247 27211 27211 D StatsLog: LAUNCHER_APP_LAUNCH_TAP
10-24 17:41:03.247  2641  2675 V WindowManagerShell: Transition requested (#7420): android.os.BinderProxy@e832063 TransitionRequestInfo { type = OPEN, triggerTask = TaskInfo{userId=0 taskId=15552 effectiveUid=10347 displayId=0 isRunning=true baseIntent=Intent { act=android.intent.action.MAIN cat=[android.intent.category.LAUNCHER] flg=0x10200000 pkg=com.textra cmp=com.textra/com.mplus.lib.ui.main.Main } baseActivity=ComponentInfo{com.textra/com.mplus.lib.ui.main.MainActivity} topActivity=ComponentInfo{com.textra/com.mplus.lib.ui.main.MainActivity} origActivity=ComponentInfo{com.textra/com.mplus.lib.ui.main.Main} realActivity=ComponentInfo{com.textra/com.mplus.lib.ui.main.MainActivity} numActivities=1 lastActiveTime=572925565 supportsMultiWindow=true resizeMode=1 isResizeable=true minWidth=-1 minHeight=-1 defaultMinSize=220 token=WCT{android.os.BinderProxy@efa5378} topActivityType=1 pictureInPictureParams=null shouldDockBigOverlays=false launchIntoPipHostTaskId=-1 lastParentTaskIdBeforePip=-1 displayCutoutSafeInsets=Rect(0, 152 - 0, 0) topActivityInfo=ActivityInfo{1452460 com.mplus.lib.ui.main.Main} launchCookies=[android.os.BinderProxy@dc5ed19] positionInParent=Point(0, 0) parentTaskId=-1 isFocused=false isVisible=false isVisibleRequested=false isTopActivityNoDisplay=false isSleeping=false locusId=null displayAreaFeatureId=1 isTopActivityTransparent=false isActivityStackTransparent=false lastNonFullscreenBounds=Rect(276, 716 - 804, 1796) capturedLink=null capturedLinkTimestamp=0 requestedVisibleTypes=-9 topActivityRequestOpenInBrowserEducationTimestamp=0 appCompatTaskInfo=AppCompatTaskInfo { topActivityInSizeCompat=false eligibleForLetterboxEducation= false isLetterboxEducationEnabled= false isLetterboxDoubleTapEnabled= false eligibleForUserAspectRatioButton= false topActivityBoundsLetterboxed= false isFromLetterboxDoubleTap= false topActivityLetterboxVerticalPosition= -1 topActivityLetterboxHorizontalPosition= -1 topActivityLetterboxWidth=-1 topActivityLetterboxHeight=-1 topActivityAppBounds=Rect(0, 0 - 1080, 2424) isUserFullscreenOverrideEnabled=false isSystemFullscreenOverrideEnabled=false hasMinAspectRatioOverride=false topActivityLetterboxBounds=null cameraCompatTaskInfo=CameraCompatTaskInfo { freeformCameraCompatMode=inactiveundefined} topNonResizableActivityAspectRatio=-1.0} topActivityMainWindowFrame=null isAppBubble=false}, pipChange = null, remoteTransition = RemoteTransition { remoteTransition = android.window.IRemoteTransition$Stub$Proxy@5d9c1de, appThread = android.app.IApplicationThread$Stub$Proxy@67d5fbf, debugName = QuickstepLaunch }, displayChange = null, flags = 0, debugId = 7420 }
10-24 17:41:03.247  2641  2675 D ShellSplitScreen: logExit: no-op, mLoggerSessionId is null
10-24 17:41:03.247  2641  2675 V WindowManagerShell: RemoteTransition directly requested for (#7420) android.os.BinderProxy@e832063: RemoteTransition { remoteTransition = android.window.IRemoteTransition$Stub$Proxy@5d9c1de, appThread = android.app.IApplicationThread$Stub$Proxy@67d5fbf, debugName = QuickstepLaunch }
10-24 17:41:03.247  2641  2675 V WindowManagerShell: Transition (#7420): request handled by DefaultMixedHandler
10-24 17:41:03.248 27211 27211 D BaseActivity: Launcher flags updated: [state_started|state_resumed|state_deferred_resumed|state_window_focused] -[state_user_active]
10-24 17:41:03.248 27211 27211 D BaseActivity: Launcher flags updated: [state_started|state_window_focused] -[state_resumed|state_deferred_resumed]
10-24 17:41:03.248 27211 27211 W SplitSelectStateCtor: Missing session instanceIds
10-24 17:41:03.248 27211 27211 D StatsLog: LAUNCHER_SPLIT_SELECTION_EXIT_INTERRUPTED
10-24 17:41:03.248   676  3147 I libbinder.BpBinder: onLastStrongRef automatically unlinking death recipients: 
10-24 17:41:03.248 27211 27231 D QuickstepModelDelegate: notifyAppTargetEvent action=1 launchLocation=hotseat/1/[1,0]/[1,1]
10-24 17:41:03.249  2641  2675 V ShellStartingWindow: RSO:Start tracking for task=15552
10-24 17:41:03.249  2641  2675 D WindowManagerShell: onActivityRestartAttempt: topActivity=ComponentInfo{com.textra/com.mplus.lib.ui.main.MainActivity}, wasVisible=false
10-24 17:41:03.249  1787  2590 D BackgroundInstallControlService: Package event received: 0
10-24 17:41:03.250  2873 26808 D ForegroundUtils: onUidImportance: Foreground UID status
10-24 17:41:03.250  2873 26808 D ForegroundUtils: onUidImportance: UID: 10136 is in foreground: false
10-24 17:41:03.250  2873 26808 D ForegroundUtils: onUidImportance: UID: 10152 is in foreground: false
10-24 17:41:03.251  2873 26808 D ForegroundUtils: onUidImportance: UID: 10155 is in foreground: true
10-24 17:41:03.251  2873 26808 D ForegroundUtils: onUidImportance: UID: 10156 is in foreground: false
10-24 17:41:03.251  2873 26808 D ForegroundUtils: onUidImportance: UID: 10177 is in foreground: false
10-24 17:41:03.251  2873 26808 D ForegroundUtils: onUidImportance: UID: 10179 is in foreground: false
10-24 17:41:03.251  2873 26808 D ForegroundUtils: onUidImportance: UID: 10210 is in foreground: false
10-24 17:41:03.251  2873 26808 D ForegroundUtils: onUidImportance: UID: 10227 is in foreground: true
10-24 17:41:03.251  2873 26808 D ForegroundUtils: onUidImportance: UID: 10232 is in foreground: true
10-24 17:41:03.251  2873 26808 D ForegroundUtils: onUidImportance: UID: 10237 is in foreground: true
10-24 17:41:03.251  2873 26808 D ForegroundUtils: onUidImportance: UID: 10279 is in foreground: true
10-24 17:41:03.251  2873 26808 D ForegroundUtils: onUidImportance: UID: 10281 is in foreground: false
10-24 17:41:03.251  2641  2675 D WindowManagerShell: setLauncherKeepClearAreaHeight: visible=false, height=495
10-24 17:41:03.251  1787 14250 V WindowManager: Defer transition id=7420 for TaskFragmentTransaction=android.os.Binder@ce2b5bc
10-24 17:41:03.251  1787 14250 V WindowManager: deferTransitionReady deferReadyDepth=1 stack=com.android.server.wm.TransitionController.deferTransitionReady:1014 com.android.server.wm.TaskFragmentOrganizerController$TaskFragmentOrganizerState.dispatchTransaction:508 com.android.server.wm.TaskFragmentOrganizerController.dispatchPendingEvents:1250 com.android.server.wm.TaskFragmentOrganizerController.dispatchPendingEvents:1219 com.android.server.wm.RootWindowContainer.performSurfacePlacementNoTrace:808 
10-24 17:41:03.251  2873 26808 D ForegroundUtils: onUidImportance: UID: 10286 is in foreground: false
10-24 17:41:03.251  2873 26808 D ForegroundUtils: onUidImportance: UID: 10312 is in foreground: false
10-24 17:41:03.251  2873 26808 D ForegroundUtils: onUidImportance: UID: 10332 is in foreground: false
10-24 17:41:03.251  2873 26808 D ForegroundUtils: onUidImportance: UID: 10347 is in foreground: true
10-24 17:41:03.251  2873 26808 D ForegroundUtils: onUidImportance: UID: 10421 is in foreground: false
10-24 17:41:03.252   835   835 W powerhal-libperfmgr: Sess(17745), cannot resume, already active
10-24 17:41:03.252   476  2761 I NearbyMediums: Successfully stopped BLE advertising for service NearbySharing
10-24 17:41:03.253 28064  9497 I edyx    : (REDACTED) appOpsListener %s %s
10-24 17:41:03.253 28064  9497 I edyx    : (REDACTED) Ignoring irrelevant audio permission changes for package %s
10-24 17:41:03.255  1787 14250 V WindowManager: Continue transition id=7420 for TaskFragmentTransaction=android.os.Binder@ce2b5bc
10-24 17:41:03.255  1787 14250 V WindowManager: continueTransitionReady deferReadyDepth=0 stack=com.android.server.wm.TransitionController.continueTransitionReady:1023 com.android.server.wm.TaskFragmentOrganizerController$TaskFragmentOrganizerState.onTransactionFinished:537 com.android.server.wm.TaskFragmentOrganizerController.onTransactionHandled:731 android.window.ITaskFragmentOrganizerController$Stub.onTransact:225 android.os.Binder.execTransactInternal:1446 
10-24 17:41:03.257  1787  2590 D BackgroundInstallControlService: Package event received: 0
10-24 17:41:03.257  1787  2590 D BackgroundInstallControlService: Package event received: 0
10-24 17:41:03.257  1787  2590 D BackgroundInstallControlService: Package event received: 0
10-24 17:41:03.257  1787  2590 D BackgroundInstallControlService: Package event received: 0
10-24 17:41:03.257  2641  2698 V SnapshotDrawerUtils: Drawing snapshot surface sizeMismatch=true
10-24 17:41:03.261  1787  1879 V WindowManager: Sent Transition (#7420) createdAt=10-24 17:41:03.243 via request=TransitionRequestInfo { type = OPEN, triggerTask = TaskInfo{userId=0 taskId=15552 effectiveUid=10347 displayId=0 isRunning=true baseIntent=Intent { act=android.intent.action.MAIN cat=[android.intent.category.LAUNCHER] flg=0x10200000 pkg=com.textra cmp=com.textra/com.mplus.lib.ui.main.Main } baseActivity=ComponentInfo{com.textra/com.mplus.lib.ui.main.MainActivity} topActivity=ComponentInfo{com.textra/com.mplus.lib.ui.main.MainActivity} origActivity=ComponentInfo{com.textra/com.mplus.lib.ui.main.Main} realActivity=ComponentInfo{com.textra/com.mplus.lib.ui.main.MainActivity} numActivities=1 lastActiveTime=572925565 supportsMultiWindow=true resizeMode=1 isResizeable=true minWidth=-1 minHeight=-1 defaultMinSize=220 token=WCT{RemoteToken{2a3c6df Task{da098ce #15552 type=standard A=10347:com.textra}}} topActivityType=1 pictureInPictureParams=null shouldDockBigOverlays=false launchIntoPipHostTaskId=-1 lastParentTaskIdBeforePip=-1 displayCutoutSafeInsets=Rect(0, 152 - 0, 0) topActivityInfo=ActivityInfo{5cdcf2c com.mplus.lib.ui.main.Main} launchCookies=[android.os.BinderProxy@7f4c466] positionInParent=Point(0, 0) parentTaskId=-1 isFocused=false isVisible=false isVisibleRequested=false isTopActivityNoDisplay=false isSleeping=false locusId=null displayAreaFeatureId=1 isTopActivityTransparent=false isActivityStackTransparent=false lastNonFullscreenBounds=Rect(276, 716 - 804, 1796) capturedLink=null capturedLinkTimestamp=0 requestedVisibleTypes=-9 topActivityRequestOpenInBrowserEducationTimestamp=0 appCompatTaskInfo=AppCompatTaskInfo { topActivityInSizeCompat=false eligibleForLetterboxEducation= false isLetterboxEducationEnabled= false isLetterboxDoubleTapEnabled= false eligibleForUserAspectRatioButton= false topActivityBoundsLetterboxed= false isFromLetterboxDoubleTap= false topActivityLetterboxVerticalPosition= -1 topActivityLetterboxHorizontalPosition= -1 topActivityLetterboxWidth=-1 topActivityLetterboxHeight=-1 topActivityAppBounds=Rect(0, 0 - 1080, 2424) isUserFullscreenOverrideEnabled=false isSystemFullscreenOverrideEnabled=false hasMinAspectRatioOverride=false topActivityLetterboxBounds=null cameraCompatTaskInfo=CameraCompatTaskInfo { freeformCameraCompatMode=inactiveundefined} topNonResizableActivityAspectRatio=-1.0} topActivityMainWindowFrame=null isAppBubble=false}, pipChange = null, remoteTransition = RemoteTransition { remoteTransition = android.window.IRemoteTransition$Stub$Proxy@3f2e3a7, appThread = android.app.IApplicationThread$Stub$Proxy@9f20054, debugName = QuickstepLaunch }, displayChange = null, flags = 0, debugId = 7420 }
10-24 17:41:03.261  1787  1879 V WindowManager:     startWCT=WindowContainerTransaction { changes= {} hops= [] errorCallbackToken=null taskFragmentOrganizer=null }
10-24 17:41:03.261  1787  1879 V WindowManager:     info={id=7420 t=OPEN f=0x0 trk=0 r=[0@Point(0, 0)] c=[
10-24 17:41:03.261  1787  1879 V WindowManager:         {WCT{RemoteToken{2a3c6df Task{da098ce #15552 type=standard A=10347:com.textra}}} m=TO_FRONT f=MOVE_TO_TOP leash=Surface(name=Task=15552)/@0x5d8f739 sb=Rect(0, 0 - 1080, 2424) eb=Rect(0, 0 - 1080, 2424) epz=Point(1080, 2424) d=0 taskParent=-1 winMode=1},
10-24 17:41:03.261  1787  1879 V WindowManager:         {WCT{RemoteToken{2a46722 Task{57ebf09 #1 type=home}}} m=TO_BACK f=SHOW_WALLPAPER leash=Surface(name=Task=1)/@0x5d717f1 sb=Rect(0, 0 - 1080, 2424) eb=Rect(0, 0 - 1080, 2424) epz=Point(1080, 2424) d=0 taskParent=-1 winMode=1},
