08-03 18:29:20.111  1114  1593 I Lyric   : slc_driver.cc:58: SLC setup: pid = 6 : GTNR Prev : 2 ways (buf fd 299)
08-03 18:29:20.111  1114  1593 W Lyric   : zuma_gtnr_merge_driver_context.cc:149: Zuma GTNR Merge context is inherently async, but the requirement is set to sync. This will be ignored.
08-03 18:29:20.111  1114  1593 I Lyric   : zuma_gtnr_merge_driver.cc:410: Successfully performed GTNR Merge SW reset.
08-03 18:29:20.111  1114  1593 I Lyric   : sequence_helper.cc:221: Ip version: 0x0, common ctrl version: 0x55
08-03 18:29:20.111  1114  1593 I Lyric   : zuma_gtnr_merge_driver.cc:203: Successfully powered up GTNR Merge device.
08-03 18:29:20.111  1114  1594 W G3ACoordinator: awb_engine.cc:520: Failed to register data types in data manager.
08-03 18:29:20.111  1114  1594 I G3ACoordinator: awb_engine.cc:523: [2, 1] AwbEngine_2_1 initialized
08-03 18:29:20.112  1114  1594 I G3ACoordinator: ae_session_config_parser_lyric.cc:178: ispfe_raw_input_resolution [width:2104, height:1536]
08-03 18:29:20.112  1114  1594 I G3ACoordinator: ae_session_config_parser_lyric.cc:231: Map sensor mode property: sobek_enabled = false, g3a_session_info.hdr_mode = 0, sensor_mode_property 0
08-03 18:29:20.112  1114  1594 I G3ACoordinator: ae_session_config_parser_lyric.cc:243: Map sensor name [LESHEN], binning_factor [2, 2] and mode_index [2] to GCam sensor ID [1]
08-03 18:29:20.112  1114  1594 I G3ACoordinator: ae_engine.cc:284: session_type 0
08-03 18:29:20.112  1114  1594 I G3ACoordinator: ae_engine.cc:305: Creating new Gabc instance
08-03 18:29:20.112  1114  1593 I Lyric   : zuma_gtnr_merge_driver.cc:215: [CMU GTNR MERGE] pll_con0_mux(0x1cc00600): 16
08-03 18:29:20.112  1114 24672 W Lyric   : three_a_request_node.cc:124: 18 calls in 117 sec(s): ThreeARequestNode: Error getting  metadata entry [ANDROID_CONTROL_AF_REGIONS]: INVALID_ARGUMENT: Metadata doesn't have the entry for ANDROID_CONTROL_AF_REGIONS
08-03 18:29:20.112  1114  1596 I G3ACoordinator: auto_scene_detection_engine.cc:548: [9, 1] AutoSceneDetectionEngine_9_1 initialized
08-03 18:29:20.112  1114 24672 I Lyric   : three_a_request_node.cc:634: three_a_request: updating 3A max FPS to 30
08-03 18:29:20.113  1114  1593 I Lyric   : tnr_merge_node.cc:407: Starting node tnr_merge with Pipeline (ID: (instance_id: 1320), IPs: [ RawToYuv TnrMerge ], Max Outputs: 1, IPConnections: [ {producer: RawToYuv, consumer: TnrMerge, connection_type: votf}, ], Usecase: Realtime) on camera 1
08-03 18:29:20.113  1114 24695 I Lyric   : conditional_dpm_node.cc:65: conditional_dpm turn to dpm mode: Normal, framte number: 0
08-03 18:29:20.113  1114 24695 W Lyric   : motion_sensor_controller_proxy.cc:119: 8 calls in 117 sec(s): gravity: Attempting to query before the resource is ready.
08-03 18:29:20.113  1114 24695 W Lyric   : motion_sensor_controller_proxy.cc:119: 7 calls in 117 sec(s): accelerometer: Attempting to query before the resource is ready.
08-03 18:29:20.113  1114  1593 I Lyric   : page_release_controller.cc:109: Disabling page releasing.
08-03 18:29:20.117     0     0 I trusty  : sac-ssmt: 111: TPU: Setup TZ SSMT 0
08-03 18:29:20.117     0     0 I trusty  : sac-ssmt: 111: TPU: Setup TZ SSMT 1
08-03 18:29:20.118  1114  1820 I Lyric   : direct_channel_motion_sensor_data_streamer.cc:490: gravity direct channel created.
08-03 18:29:20.118  1114  1820 I Lyric   : direct_channel_motion_sensor_data_streamer.cc:341: Periodic timer is null, sample packet update need to be triggered before query data, type: accelerometer
08-03 18:29:20.121  1114  1594 I G3ACoordinator: ae_engine.cc:310: Syncing exposure parameters from session 2 to 0
08-03 18:29:20.121  1114  1594 I G3ACoordinator: ae_engine.cc:2661: GABC fatp_enable_ = 0
08-03 18:29:20.121  1114  1594 I G3ACoordinator: ae_engine.cc:358: [0, 1] AeEngine_0_1 initialized
08-03 18:29:20.121  1114  1594 W Lyric   : auto_exposure_node.cc:1018: ae failed to acquire eco context: UNAVAILABLE: Not able to create valid eco proxy client
08-03 18:29:20.121  1114 24672 W Lyric   : motion_sensor_controller_proxy.cc:263: 8 calls in 117 sec(s): devive orientation: Attempting to query before the resource is ready.
08-03 18:29:20.121  1114 24672 I G3ACoordinator: ae_input_parser_lyric.cc:1621: Starter frame: rel_frame_num [-3]
08-03 18:29:20.121  1114 24672 W G3ACoordinator: data_manager.cc:154: [5, 25, 9000] can't be found
08-03 18:29:20.121  1114 24672 I G3ACoordinator: ae_engine.cc:440: Starter Frames
08-03 18:29:20.122  1114 24681 I G3ACoordinator: auto_scene_detection_input_parser_lyric.cc:732: Starter frame: rel_frame_num [-3]
08-03 18:29:20.122  1114 24677 I G3ACoordinator: awb_input_parser_lyric.cc:1017: Starter frame: rel_frame_num [-3]
08-03 18:29:20.122  1114 24674 I Lyric   : multisensor_controller.cc:750: Front StartStreaming, waiting on barrier
08-03 18:29:20.122  1114 24677 I G3ACoordinator: awb_engine.cc:1785: Load tuning with previous: Usecase: 1 Sensor mode: -1 Viridian value: -1 Camera position: 2 Camera lens_type: 0 Camera spectrum: -1 Partial Usecases: {} current: Usecase: 13 Sensor mode: -1 Viridian value: -1 Camera position: 2 Camera lens_type: 0 Camera spectrum: -1 Partial Usecases: {}
08-03 18:29:20.122  1114 24674 I Lyric   : multisensor_controller.cc:802: camera Front start prepare spend : 13.713us
08-03 18:29:20.123  1114 24672 W Lyric   : tuning_node.cc:160: 17 calls in 283 sec(s): Cannot get main scaler output size from scaler request node
08-03 18:29:20.123  1114 24679 W Lyric   : dysco_node.cc:171: LscStats payload is missing in frame 0 due to frame drop!
08-03 18:29:20.123  1114 24672 I G3ACoordinator: ae_input_parser_lyric.cc:1621: Starter frame: rel_frame_num [-2]
08-03 18:29:20.123  1114 24672 I G3ACoordinator: ae_engine.cc:440: Starter Frames
08-03 18:29:20.123  1114 24679 I Lyric   : dysco_controller_impl.cc:619: No fresh Dysco controller state found in cache for camera Front
08-03 18:29:20.123  1114 24672 I G3ACoordinator: awb_input_parser_lyric.cc:1017: Starter frame: rel_frame_num [-2]
08-03 18:29:20.123  1114 24677 I Lyric   : unified_zuma_front_end_controller.cc:729: [CAM1] Updating power mode from Standby to Normal on frame 0
08-03 18:29:20.123  1114 24677 I Lyric   : zuma_fe_driver.cc:799: [ISPFE] Acquiring context. Sensor: LESHEN
08-03 18:29:20.123  1114 24677 I Lyric   : switchboard.cc:333: Booked resources: BookedResourceMap below:
08-03 18:29:20.123  1114 24677 I Lyric   :   Resource type Image LoCH at index 0,
08-03 18:29:20.123  1114 24677 I Lyric   :   Resource type Bayer OTF at index 3,
08-03 18:29:20.123  1114 24677 I Lyric   : zuma_csis_core_context.cc:402: [CAM1] Created Zuma CSIS Core context for sensor LESHEN with size: {width: 2104, height: 1536}
08-03 18:29:20.123  1114 24677 I Lyric   : zuma_csis_phy_link_context.cc:165: Zuma CsisPhyLinkContext_6 sensor with image size: {width: 2104, height: 1536}, format: raw_10
08-03 18:29:20.123  1114 24677 I Lyric   : zuma_csis_phy_link_context.cc:1322: Zuma CsisPhyLinkContext_6 Rx CTLE enable: 0, is CPHY: 0, mipi rate: 1105Msps
08-03 18:29:20.123  1114 24677 I Lyric   : zuma_csis_phy_link_context.cc:198: Zuma CsisPhyLinkContext_6 Disable Rx CTLE settings NcCoef: 0x0, CntRout: 0x5, BiasCon: 0x8, RselCnt: 0xa, CapCnt: 0xe
08-03 18:29:20.123  1114 24677 I Lyric   : zuma_fc_bayer_context.cc:44: FC bayer context 3 for camera 1 created, sensor output size: {width: 2104, height: 1536} bayer output size: 2104 x 1536
08-03 18:29:20.123  1114 24681 I G3ACoordinator: auto_scene_detection_input_parser_lyric.cc:732: Starter frame: rel_frame_num [-2]
08-03 18:29:20.124  1114 24672 I G3ACoordinator: ae_input_parser_lyric.cc:1621: Starter frame: rel_frame_num [-1]
08-03 18:29:20.124  1114 24672 I G3ACoordinator: ae_engine.cc:440: Starter Frames
08-03 18:29:20.124  1114 24677 I Lyric   : zuma_lmp_line_buffer.h:50: For LMP bayer context index 3, requested width 2104 compared to last used width -1, after allocation, the available linebuffer size is 16584
08-03 18:29:20.124  1114 24677 I Lyric   : zuma_lmp_bayer_context.cc:61: Created Zuma LMP context with bayer size: 2104 x 1536 for sensor output stream 2104 x 1536
08-03 18:29:20.124  1114 24693 I Lyric   : binder_sensor_vsync_reader.cc:40: Enabled BinderSensorVsyncReader, cam_vsync_id: 1
08-03 18:29:20.124  1114 24693 W Lyric   : shutter_notification_manager.cc:95:  sensor with vsync id : 1 creating vsync sensor spent 20.478841ms
08-03 18:29:20.124  1114 24696 I G3ACoordinator: awb_input_parser_lyric.cc:1017: Starter frame: rel_frame_num [-1]
08-03 18:29:20.124  1114 24681 I G3ACoordinator: auto_scene_detection_input_parser_lyric.cc:732: Starter frame: rel_frame_num [-1]
08-03 18:29:20.124  1114  1654 I Lyric   : zuma_fe_pdma_driver.cc:153: [FEIRQ] FE PDMA event 608 #1, timestamp: 2322659484538, name: IspFe.pdma_rstctl.Context0SwResetDone
08-03 18:29:20.124  1114 24677 I Lyric   : test_pattern_calculator.h:61: TpgSync clock: 465000 KHz, fps: 60
08-03 18:29:20.124  1114 24677 I Lyric   : image_logical_channel.cc:113: CSIS Core: ImgLoch_0 size: {width: 2104, height: 1536} auto_rec hblanking: 14584 auto_rec vblanking: 4283640
08-03 18:29:20.124  1114 24677 I Lyric   : zuma_csis_phy_link_context.cc:243: Zuma CsisPhyLinkContext_6 Camera ID(1) Initialized
08-03 18:29:20.125  1114 24677 I Lyric   : zuma_csis_phy_link_context.cc:955: Zuma CsisPhyLinkContext_6 IspConfigCh0 with virtual channel: 0, parallel mode: 0, size: {width: 2104, height: 1536}, format: raw_10
08-03 18:29:20.125  1114 24677 I Lyric   : zuma_csis_phy_link_context.cc:955: Zuma CsisPhyLinkContext_6 IspConfigCh1 with virtual channel: 0, parallel mode: 2, size: {width: 2104, height: 1}, format: 8_bit_data
08-03 18:29:20.125  1114 24677 I Lyric   : zuma_csis_phy_link_context.cc:251: Zuma CsisPhyLinkContext_6 enabled
08-03 18:29:20.125  1114 24677 I Lyric   : frame_override_helper.cc:17: [CAM1][ISPFE] FrameOverrideHelper is calculating setting_effective_frame_override with a margin of 0
08-03 18:29:20.125  1114 24677 I Lyric   : fe_programming_async.cc:83: Creating FeProgrammingAsync with context_info.indices: {bayer_context_index = [3], pdaf_context_index = nullopt, image_loch_indices = [0], pdaf_loch_indices = [], vc_loch_index = nullopt, rdma_indices = []}, context_info.acquired: {csis_phy_link = true, lmp_bayer = true, lmp_pdaf = false, fc_bayer = true, fc_pdaf = false, csis_image_wdmas = [], csis_pd_wdmas = [], csis_vc_wdma = false, csis_rdmas = []}
08-03 18:29:20.125  1114 24677 I Lyric   : zuma_fe_utils.cc:386: ISP-FE Bandwidth Formula V1.1
08-03 18:29:20.125  1114 24677 I Lyric   : zuma_fe_utils.cc:409: ISP-FE Clock Formula V1.7
08-03 18:29:20.125  1114 24677 I Lyric   : zuma_fe_driver.cc:1235: ISP-FE Qos Update: context(0), csi clock: 111000000, lmp clock: 60083040
08-03 18:29:20.126  1114 24677 I Lyric   : zuma_fe_driver.cc:1298: ISP-FE Qos Update: clock frequency: 111000000, write bandwidth: 305662080, read bandwidth: 0
08-03 18:29:20.126  1114 24677 I Lyric   : unified_zuma_front_end_controller.cc:193: [CAM1] Acquired driver context for exposure 0.
08-03 18:29:20.126  1114 24677 I Lyric   : per_camera_barrier_impl.cc:47: Blocker for FeControllerBlockCam1ToStop#0 acquired
08-03 18:29:20.126  1114 24677 E Lyric   : software_fence.cc:40: Resetting unsignaled fence unnamed
08-03 18:29:20.126  1114 24677 I Lyric   : common_fe.cc:1009: LocalToneMappingDataV1 payload is dropped.
08-03 18:29:20.126  1114 24677 I Lyric   : fe_node.cc:2616: frontend HalPixelFormat for FrontEndNode RAW16_BAYER_SBWC
08-03 18:29:20.126  1114 24677 I Lyric   : unified_zuma_front_end_controller.cc:301: [CAM1] The first sensor frame number is changed from -1 to 1 for exposure index 0.
08-03 18:29:20.127  1114 24677 I Lyric   : fe_programming_async.cc:520: [CAM1][ISPFE] Submitting config for frame number 1 to execute immediately
08-03 18:29:20.127  1114 24677 I Lyric   : register_sets.cc:171: ISPFE RegisterUpdate Expression events: IspFe.fc_bayer.Context3FcRegUpdated 
08-03 18:29:20.127  1114 24677 I Lyric   : fe_programming_async.cc:980: [CAM1][ISPFE] Releasing sensor start blocker with status OK
08-03 18:29:20.127  1114 24677 I Lyric   : per_camera_barrier_impl.cc:58: Blocker for FeControllerBlockCam1ToStartExp0#0 released with status: OK with lwis fence, which will be waited at sensor start transaction in kernel
08-03 18:29:20.127  1114 24677 I Lyric   : fe_programming_async.cc:654: [CAM1][ISPFE] Submitted SensorStartBlocker transaction id 356
08-03 18:29:20.127  1114 24677 I Lyric   : fe_programming_async.cc:596: [CAM1][ISPFE] Submitted config for frame number 1 with transaction id 357
08-03 18:29:20.127  1114 24674 I Lyric   : multisensor_controller.cc:808: camera Front start wait for barrier spend : 5.226725ms
08-03 18:29:20.127  1114 24674 I Lyric   : dpm_bandwidth_controller_v2.cc:952: Update minimum MIF clock to 1000000000 number of active sensor: 1
08-03 18:29:20.127  1114 24674 I Lyric   : dpm_bandwidth_controller_v2.cc:1008: Update minimum INT clock to 200000000 number of active sensor: 1
08-03 18:29:20.127  1114  1653 I Lyric   : fe_programming_async_event_handler.cc:99: [FEIRQ] Received event IspFe.fe_programming.Context0SubmitProgrammingSuccess. Count: 1. Timestamp: 2322662418091 ns.
08-03 18:29:20.127  1114 24674 I Lyric   : sensor_generic_driver.cc:1200:  event thread started.
08-03 18:29:20.127  1114 24704 I Lyric   : sensor_generic_driver.cc:1157: LESHEN init success.
08-03 18:29:20.127  1114 24704 I Lyric   : sensor_generic_driver.cc:1163: LESHEN set mode success.
08-03 18:29:20.127  1114 24674 I Lyric   : sensor_generic_driver.cc:1385: LESHEN stream on, size: {width: 2104, height: 1536}, frame rate range: [15, 60], sensor ispfe sync in kernel with ispfe-side completion fence request id: 0
08-03 18:29:20.127  1114 24674 I Lyric   : per_camera_barrier_impl.cc:47: Blocker for MultiSensorController_Stop acquired
08-03 18:29:20.127  1114  1653 I Lyric   : fe_programming_async_event_handler.cc:99: [FEIRQ] Received event IspFe.fe_programming.Context0SensorStartBlockerSuccess. Count: 1. Timestamp: 2322662722493 ns.
08-03 18:29:20.127  1114  1653 I Lyric   : image_logical_channel.cc:243: CSIS Core: Setting loch_en for ImgLoch_0
08-03 18:29:20.128  1114 24674 W Lyric   : dysco_node.cc:171: LscStats payload is missing in frame 1 due to frame drop!
08-03 18:29:20.128  1114 24704 I Lyric   : sensor_generic_driver.cc:1058: LESHEN stream on success. Transaction delay: 221.924us
08-03 18:29:20.128  1114 24674 I Lyric   : dysco_controller_impl.cc:619: No fresh Dysco controller state found in cache for camera Front
08-03 18:29:20.128  1114 24672 I Lyric   : common_fe.cc:1009: LocalToneMappingDataV1 payload is dropped.
08-03 18:29:20.128  1114 24679 W Lyric   : dysco_node.cc:171: LscStats payload is missing in frame 2 due to frame drop!
08-03 18:29:20.128  1114 24679 I Lyric   : dysco_controller_impl.cc:619: No fresh Dysco controller state found in cache for camera Front
08-03 18:29:20.129  1114 24674 I Lyric   : common_fe.cc:1009: LocalToneMappingDataV1 payload is dropped.
08-03 18:29:20.134  1114  1820 I Lyric   : direct_channel_motion_sensor_data_streamer.cc:490: accelerometer direct channel created.
08-03 18:29:20.139  1114  1654 I Lyric   : zuma_csis_phy_link_driver.cc:220: [FEIRQ] CsisPhyLink context 6 event 2305843009213699458 name: IspFe.csis_int1.Context6FrameStart count: 1 timestamp: 2322674234863
08-03 18:29:20.139  1114  1654 I Lyric   : zuma_csis_phy_link_driver.cc:220: [FEIRQ] CsisPhyLink context 6 event 2305843009213699840 name: IspFe.csis_fs_int.Context6FrameStartCh0 count: 1 timestamp: 2322674263591
08-03 18:29:20.139  1114  1654 I Lyric   : dpm_bandwidth_controller_v2.cc:848: Current CLOCK_FAMILY_MIF clock 3744000
08-03 18:29:20.139  1114  1654 I Lyric   : dpm_bandwidth_controller_v2.cc:848: Current CLOCK_FAMILY_INT clock 1066000
08-03 18:29:20.139  1114  1654 I Lyric   : dpm_bandwidth_controller_v2.cc:848: Current CLOCK_FAMILY_INTCAM clock 664000
08-03 18:29:20.139  1114  1654 I Lyric   : dpm_bandwidth_controller_v2.cc:848: Current CLOCK_FAMILY_TNR clock 664000
08-03 18:29:20.139  1114  1654 I Lyric   : dpm_bandwidth_controller_v2.cc:848: Current CLOCK_FAMILY_CAM clock 111000
08-03 18:29:20.139  1114  1654 I Lyric   : zuma_csis_phy_link_driver.cc:220: [FEIRQ] CsisPhyLink context 6 event 2305843009213699841 name: IspFe.csis_fs_int.Context6FrameStartCh1 count: 1 timestamp: 2322674279500
08-03 18:29:20.139  1114  1653 I Lyric   : fe_programming_async_event_handler.cc:99: [FEIRQ] Received event IspFe.fe_programming.Context0SofSyncSuccess. Count: 1. Timestamp: 2322674337118 ns.
08-03 18:29:20.139  1114  1654 I Lyric   : zuma_csis_core_driver.cc:262: [FEIRQ] CSIS Core context 0: event IspFe.csis_core_cmn_ctl.Loch0 #1, category: 8, count: 1, timestamp: 2322674362671
08-03 18:29:20.139  1114 24704 I Lyric   : sensor_generic_driver.cc:905: LESHEN 1st SOF arrived. Delay from stream on: 11.985759ms Delay from stream on transaction: 11.574585ms (Delay - exposure time): 1.58129125ms
08-03 18:29:20.141  1114  1820 I Lyric   : binder_environment_sensor_reader.cc:78: Enabled BinderEnvironmentSensorReader, type: device_orientation
08-03 18:29:20.141  1114  1820 I Lyric   : motion_sensor_controller_proxy.cc:472: Start to create all sensor readers, enable direct channel: 1, support async query: 0, sample streaming period: 5ms
08-03 18:29:20.141  1114 24704 W Lyric   : shutter_notification_manager.cc:211: 1 calls in 117 sec(s): re-sync SOF and vsync events. counter offset: 0 timestamp drift: -192727ns at frame count: 1
08-03 18:29:20.154  1114  1654 I Lyric   : zuma_lmp_driver.cc:481: [FEIRQ] Lmp bayer context 3, event 2305843009213694817, name: IspFe.lmp_bayer.Context3Eof, count: 1, timestamp: 2322688935588
08-03 18:29:20.154  1114 24674 I Lyric   : refine_gmv_node.cc:212: refine_gmv power mode changed from Undefined to Normal at frame 0
08-03 18:29:20.154  1114 24695 W Lyric   : face_detection_node.cc:774: 4 calls in 283 sec(s): Face Detection: processing stage skipped due to controller IO frame drop
08-03 18:29:20.156  1114 24679 I Lyric   : common_fe.cc:1009: LocalToneMappingDataV1 payload is dropped.
08-03 18:29:20.157     0     0 I trusty  : sac-ssmt: 111: TPU: Setup TZ SSMT 0
08-03 18:29:20.157     0     0 I trusty  : sac-ssmt: 111: TPU: Setup TZ SSMT 1
08-03 18:29:20.159     0     0 I trusty  : sac-ssmt: 126: DSP: Setup TZ SSMT 0
08-03 18:29:20.159     0     0 I trusty  : sac-ssmt: 126: DSP: Setup TZ SSMT 1
08-03 18:29:20.165  1114 24672 I Lyric   : centralized_power_throttle_controller.cc:546: camera thermal status: TNR denoise bypass for camera 1 at frame 0 matching condition: FrameMatch_0 temperature: 0 temperature rate: 0
08-03 18:29:20.165  1114 24674 W Lyric   : tnr_align_node.cc:731: 48 calls in 285 sec(s): Segmentation is enabled but the mask is dropped at frame number = 0
08-03 18:29:20.165  1114 24674 W Lyric   : tnr_align_node.cc:318: Using previous gaussian pyramid from frame -1 as the reference gaussian pyramid for frame 0
08-03 18:29:20.165  1114 24674 W Lyric   : tnr_align_node.cc:324: No valid previous gaussian pyramid to use for frame 0
08-03 18:29:20.165  1114 24672 I Lyric   : raw_to_yuv_node.cc:1291: HalImageFormat for YUV output: HalImageFormat{ pixel_format = YCBCR_420_SPN_10B_SBWC_L40, stride_alignment = 32, num_buffers = 1 }
08-03 18:29:20.165  1114 24695 I Lyric   : whi_rectiface_controller.cc:942: Bypass rectiface algo processing for the first frame
08-03 18:29:20.166  1114 24674 I Lyric   : tnr_merge_node.cc:992: TNR merge decide to switch dpm_mode from -1 to 4 on frame : 0 exposure frame num : 0 gain = 12.234 camera id : 1
08-03 18:29:20.168  1114  1652 I Lyric   : zuma_be_core_event_handler_impl.cc:76: Received Hw event: BeCore.RgbpInt0.FrameEnd counter 1, timestamp: 2322702807292
08-03 18:29:20.168  1114  1652 I Lyric   : zuma_be_core_event_handler_impl.cc:76: Received Hw event: BeCore.YuvpInt0.FrameEnd counter 1, timestamp: 2322702837280
08-03 18:29:20.168  1114 24672 I Lyric   : mesh_warp_node.cc:570: HalPixelFormat for MeshWarpNode YCBCR_420_SPN_10B_SBWC_L40
08-03 18:29:20.168  1114 24674 I Lyric   : scaler_node.cc:801: The 0th output HalPixelFormat for preview_scaler YCBCR_420_888
08-03 18:29:20.169  1114 24692 I Lyric   : camera_latency_analyzer.cc:100: [CLA] Cam1-Open
08-03 18:29:20.169  1114 24692 I Lyric   : camera_latency_analyzer.cc:102: [CLA] Open latency: 17.5472
08-03 18:29:20.169  1114 24692 I Lyric   : camera_latency_analyzer.cc:102: [CLA] <-- IDLE --> latency: 6.03703
08-03 18:29:20.169  1114 24692 I Lyric   : camera_latency_analyzer.cc:102: [CLA] ConfigureStream latency: 3.2476
08-03 18:29:20.169  1114 24692 I Lyric   : camera_latency_analyzer.cc:102: [CLA] <-- IDLE --> latency: 3.38973
08-03 18:29:20.169  1114 24692 I Lyric   : camera_latency_analyzer.cc:102: [CLA] First frame latency: 62.0119
08-03 18:29:20.169  1114 24692 I Lyric   : camera_latency_analyzer.cc:102: [CLA] Overall latency: 92.2555
08-03 18:29:20.169  1114 24692 I Lyric   : camera_latency_analyzer.cc:102: [CLA] HAL Total latency: 82.7993
08-03 18:29:20.173  1114  1654 I Lyric   : zuma_csis_phy_link_driver.cc:220: [FEIRQ] CsisPhyLink context 6 event 2305843009213699457 name: IspFe.csis_int1.Context6FrameEnd count: 1 timestamp: 2322708169963
08-03 18:29:20.173  1114  1654 I Lyric   : zuma_csis_phy_link_driver.cc:220: [FEIRQ] CsisPhyLink context 6 event 2305843009213700224 name: IspFe.csis_fe_int.Context6FrameEndCh0 count: 1 timestamp: 2322708253540
08-03 18:29:20.173  1114  1654 I Lyric   : zuma_csis_phy_link_driver.cc:220: [FEIRQ] CsisPhyLink context 6 event 2305843009213700225 name: IspFe.csis_fe_int.Context6FrameEndCh1 count: 1 timestamp: 2322708283529
08-03 18:29:20.189  1114 24678 I Lyric   : face_detection_engine_face_ssd.cc:290: Face Detection: Face ssd module update the fps cap from 30 to 15
08-03 18:29:20.192  1114 24674 I Lyric   : centralized_power_throttle_controller.cc:546: camera thermal status: TNR denoise no throttle for camera 1 at frame 1 matching condition: Defaulted temperature: 0 temperature rate: 0
08-03 18:29:20.192  1114 24674 I Lyric   : raw_to_yuv_node.cc:1143: ITP decide to switch dma_sync from 0 to 1 on raw frame num : 1 exposure frame num 1 gain = 12.234 power mode = 0 camera id : 1
08-03 18:29:20.193  1114 24672 I Lyric   : tnr_merge_node.cc:992: TNR merge decide to switch dpm_mode from 4 to 0 on frame : 1 exposure frame num : 1 gain = 12.234 camera id : 1
08-03 18:29:20.193  1114 24672 I Lyric   : tnr_merge_node.cc:1347: HalPixelFormat for TnrMergeNode YCBCR_420_SPN_10B_SBWC_L40
08-03 18:29:20.194  1114 24672 I Lyric   : tnr_merge_node.cc:1404: HalImageFormat for TnrMergeNode feedback HalImageFormat{ pixel_format = YCBCR_420_SPN_10B_SBWC_L40, stride_alignment = 64, num_buffers = 1 }
08-03 18:29:20.194  1114 24672 I Lyric   : zuma_gtnr_merge_node_to_driver_io_converter.cc:181: Force sharpen only process at controller level, due to: FAILED_PRECONDITION: Invalid feedback image, force sharpen only process!
08-03 18:29:20.229  1114 24672 W Lyric   : tnr_merge_node.cc:1209: TNR merge uses the previous initial image frame instead of merge feedback for denoise for frame/batch: 2 in context 0xb4000074fb6822b8
08-03 18:29:20.480  1114 24704 W Lyric   : shutter_notification_manager.cc:227: 2 calls in 117 sec(s): vsync timeout for frame 11
08-03 18:29:20.481  1114 24704 I Lyric   : shutter_notification_manager.cc:269: 3 calls in 117 sec(s): vsync_timestamp unavailable. Apply previous vsync_sof_offset -271503
08-03 18:29:21.443  1512  5617 V AttentionDetector: onSuccess: 1, ID: 6
08-03 18:29:21.459  1114 14740 I Lyric   : camera_device_session_hwl_impl.cc:1370: Flush entered, camera_id: 1
08-03 18:29:21.459  1114 14740 I Lyric   : camera_powerhal.cc:173: SetPowerBoost Trigger CAMERA_LAUNCH for 200ms
08-03 18:29:21.459  1114 14740 I Lyric   : camera_device_session_manager_base.cc:1191: Attempting to flush graph:top_graph_for_camera_Front
08-03 18:29:21.463  1114 24679 I Lyric   : camera_device_session_manager_base.cc:1064: Reporting metadata frame drop for camera: Front, request id: 38, partial result count: 1
08-03 18:29:21.464  1114 24674 I Lyric   : fe_node.cc:2672: frontend received incomplete request at frame number: 38, request dropped: 1, sensor_image dropped: 1, sensor_properties dropped: 1, tuning point dropped: 0
08-03 18:29:21.464  1114 24674 I Lyric   : fe_node.cc:1578: frontend Finished processing an incomplete_request at frame 38 when flush_mark is at frame -1 power mode is Normal
08-03 18:29:21.464  1114 24694 W Lyric   : face_detection_node.cc:620: 2 calls in 284 sec(s): Face Detection: producing frame drops due to request frame drop
08-03 18:29:21.464  1114 24680 W Lyric   : sensor_node.cc:743: SensorNode producing drops due to frame request drop on frame 39
08-03 18:29:21.464  1114 14740 I Lyric   : fe_node.cc:1002: frontend flush at flush_mark 39 output frame stats (ignores fence-signaled drops): {process_input_count = 0, dropped_all_outputs = 0, valid_ae = 0, valid_pre_lsc_ae = 0, valid_uae = 0, valid_awb = 0, valid_histogram = 0, valid_flicker = 0, valid_motion = 0, valid_cdaf = 0, valid_pdaf = 0, valid_align = 0, valid_alias_map = 0, valid_gaussian_pyramid = 0, valid_scaled_rgb_stats = 0, valid_scaled_yuv_stats = 0, valid_lsc = 0, valid_bilateral_grid = 0, valid_scaled_rgb = 0, valid_scaled_yuv = 0, valid_cam_data_dump = 0, valid_pixel_patch = 0}
08-03 18:29:21.464  1114 14740 I Lyric   : unified_zuma_front_end_controller.cc:392: [CAM1] Flushing at Normal mode
08-03 18:29:21.464  1114 24694 W Lyric   : face_detection_node.cc:774: 1 calls in 1 sec(s): Face Detection: processing stage skipped due to controller IO frame drop
08-03 18:29:21.464  1114 14740 I Lyric   : per_camera_barrier_impl.cc:47: Blocker for FeControllerBlockCam1ToStop#1ForFlush acquired
08-03 18:29:21.464  1114 14740 I Lyric   : inflight_config_queue.cc:152: [CAM1][ISPFE] Flushing 1 pending configs. Queue: last completed: (frame num: 37, id: 393) pending: (frame num: 38, id: 394), 
08-03 18:29:21.464  1114 24680 I Lyric   : camera_device_session_manager_base.cc:1064: Reporting metadata frame drop for camera: Front, request id: 39, partial result count: 1
08-03 18:29:21.464  1114 24674 W Lyric   : tuning_node.cc:497: 1 calls in 117 sec(s): TuningNode producing frame drop because request frame is drop
08-03 18:29:21.464  1114 24679 E Lyric   : dysco_node.cc:106: tuning_point payload is missing due to frame drop!
08-03 18:29:21.464  1114 24679 W Lyric   : dysco_node.cc:171: LscStats payload is missing in frame 39 due to frame drop!
08-03 18:29:21.464  1114 24679 E Lyric   : dysco_controller_impl.cc:208: 1 calls in 284 sec(s): One of InputData fields is nullptr.
08-03 18:29:21.465  1114 24679 W Lyric   : tnr_align_node.cc:533: 4 calls in 284 sec(s): TnrAlignNode producing alignment and noise frame drops for batch with first frame number: 35 due to error: FAILED_PRECONDITION: TNR stats of the frame is dropped.; Produced 1 alignment and noise frame drops since started. The corresponding image frame(s) will still be processed without denoising in TNR merge.
08-03 18:29:21.465  1114 24672 W Lyric   : tnr_merge_node.cc:557: TnrMergeNode producing frame drops from context 0xb4000074fb6822b8 starting at frame number: 35 due to error: INVALID_ARGUMENT: TNR merge tuning frame is dropped.; TNR merge failed to get tuning data in context 0xb4000074fb6822b8
08-03 18:29:21.465  1114 24674 W Lyric   : mesh_warp_node.cc:453: preview_mesh_warp Request frame is drop, drop all output for frame 35
08-03 18:29:21.465  1114 24672 W Lyric   : scaler_node.cc:651: 5 calls in 284 sec(s): preview_scaler Input is drop, drop all outputs for frame 35
08-03 18:29:21.465  1114 24672 W Lyric   : scaler_node.cc:861: 5 calls in 284 sec(s): FAILED_PRECONDITION: preview_scaler producing drops as all input frames are dropped
08-03 18:29:21.465  1114 24679 I Lyric   : retiming_node.cc:547: retiming Reporting image frame drop to framework for stream id: 0, request id: 35
08-03 18:29:21.465  1114 24674 W Lyric   : tnr_merge_node.cc:557: TnrMergeNode producing frame drops from context 0xb4000074fb6822b8 starting at frame number: 36 due to error: INVALID_ARGUMENT: TNR merge tuning frame is dropped.; TNR merge failed to get tuning data in context 0xb4000074fb6822b8
08-03 18:29:21.465  1114 24672 W Lyric   : tnr_merge_node.cc:557: TnrMergeNode producing frame drops from context 0xb4000074fb6822b8 starting at frame number: 37 due to error: INVALID_ARGUMENT: TNR merge tuning frame is dropped.; TNR merge failed to get tuning data in context 0xb4000074fb6822b8
08-03 18:29:21.465  1114 24672 W Lyric   : tnr_merge_node.cc:557: TnrMergeNode producing frame drops from context 0xb4000074fb6822b8 starting at frame number: 38 due to error: INVALID_ARGUMENT: TNR merge tuning frame is dropped.; TNR merge failed to get tuning data in context 0xb4000074fb6822b8
08-03 18:29:21.465  1114 24672 I Lyric   : camera_device_session_manager_base.cc:1064: Reporting metadata frame drop for camera: Front, request id: 35, partial result count: 2
08-03 18:29:21.465  1114 24672 W Lyric   : mesh_warp_node.cc:453: preview_mesh_warp Request frame is drop, drop all output for frame 36
08-03 18:29:21.465  1114 24672 W Lyric   : mesh_warp_node.cc:453: preview_mesh_warp Request frame is drop, drop all output for frame 37
08-03 18:29:21.466  1114 24674 I Lyric   : retiming_node.cc:547: retiming Reporting image frame drop to framework for stream id: 0, request id: 36
08-03 18:29:21.466  1114 24674 I Lyric   : retiming_node.cc:547: retiming Reporting image frame drop to framework for stream id: 0, request id: 37
08-03 18:29:21.466  1114 24679 I Lyric   : camera_device_session_manager_base.cc:1064: Reporting metadata frame drop for camera: Front, request id: 36, partial result count: 2
08-03 18:29:21.466  1114 24672 W Lyric   : mesh_warp_node.cc:453: preview_mesh_warp Request frame is drop, drop all output for frame 38
08-03 18:29:21.466  1114 24674 I Lyric   : retiming_node.cc:547: retiming Reporting image frame drop to framework for stream id: 0, request id: 38
08-03 18:29:21.466  1114 24679 I Lyric   : camera_device_session_manager_base.cc:1064: Reporting metadata frame drop for camera: Front, request id: 37, partial result count: 2
08-03 18:29:21.466  1114 24679 I Lyric   : camera_device_session_manager_base.cc:1064: Reporting metadata frame drop for camera: Front, request id: 38, partial result count: 2
08-03 18:29:21.466  1114 14740 I Lyric   : fe_programming_async.cc:347: [CAM1][ISPFE] Rewinding PDMA write pointer to end of frame 37 commands. Write pointer: 592
08-03 18:29:21.466  1114 14740 I Lyric   : frame_images_queue_handler.cc:140: [CAM1] Bayer[0] Canceled sensor frames 38 Flushed [CAM1] Bayer[0] frame
08-03 18:29:21.466  1114 14740 I Lyric   : lmp_pipeline.cc:593: [Bayer3][CAM1] Removed obsolete lmp frame (not frame 37) 38
08-03 18:29:21.466  1114 14740 I Lyric   : zuma_lmp_context.cc:117: Flushing Lmp context bayer
08-03 18:29:21.466  1114 14740 I Lyric   : lmp_pipeline.cc:502: [Bayer3][CAM1] Drain(timeout=184.596531ms) entered. Number of frames in the queue is 1
08-03 18:29:21.466  1114 14740 I Lyric   : lmp_pipeline.cc:519: [Bayer3][CAM1] Waiting for pipeline to drain. There are 1 pending transactions for frames: sensor frame numbers: [37], abs frame numbers: [36]
08-03 18:29:21.486  1114  1653 I Lyric   : fe_programming_async_event_handler.cc:99: [FEIRQ] Received event IspFe.fe_programming.Context0SubmitProgrammingError. Count: 1. Timestamp: 2324021087403 ns.
08-03 18:29:21.501  1114 14740 I Lyric   : lmp_pipeline.cc:531: [Bayer3][CAM1] Pipeline drained.
08-03 18:29:21.501  1114 14740 I Lyric   : zuma_lmp_context.cc:120: Done flushing Lmp context bayer
08-03 18:29:21.501  1114 14740 I Lyric   : zuma_csis_core_context.cc:996: [CAM1] Waiting for 0 bayer[0] images: none for 33ms
08-03 18:29:21.501  1114 14740 I Lyric   : zuma_csis_core_context.cc:1005: [CAM1] Flush is done
08-03 18:29:21.501  1114 14740 I Lyric   : unified_zuma_front_end_controller.cc:541: [CAM1] Sensor isn't waiting on the barrier, skip re-acquiring the blocker
08-03 18:29:21.501  1114 14740 I Lyric   : unified_zuma_front_end_controller.cc:462: [CAM1] Flushed.
08-03 18:29:21.501  1114 14740 I Lyric   : per_camera_barrier_impl.cc:58: Blocker for FeControllerBlockCam1ToStop#1ForFlush released with status: OK without lwis fence.
08-03 18:29:21.501  1114 14740 I Lyric   : unified_zuma_front_end_controller.cc:498: [CAM1] Sensor isn't waiting on the barrier, skip re-acquiring the blocker
08-03 18:29:21.501  1114 24677 I Lyric   : fe_node.cc:2672: frontend received incomplete request at frame number: 39, request dropped: 1, sensor_image dropped: 1, sensor_properties dropped: 1, tuning point dropped: 1
08-03 18:29:21.501  1114 24677 I Lyric   : fe_node.cc:1578: frontend Finished processing an incomplete_request at frame 39 when flush_mark is at frame 39 power mode is Normal
08-03 18:29:21.502  1114 14740 I Lyric   : zuma_backend_pipeline_context.cc:1936: Flushing backend pipeline Pipeline (ID: (instance_id: 1320), IPs: [ RawToYuv TnrMerge ], Max Outputs: 1, IPConnections: [ {producer: RawToYuv, consumer: TnrMerge, connection_type: votf}, ], Usecase: Realtime) took 11 us, with flush HW = false
08-03 18:29:21.502  1114 14740 I Lyric   : zuma_backend_pipeline_context.cc:1936: Flushing backend pipeline Pipeline (ID: (instance_id: 1317), IPs: [ RawToYuv ], Max Outputs: 1, IPConnections: [ ], Usecase: Realtime) took 2 us, with flush HW = false
08-03 18:29:21.502  1114 14740 I Lyric   : zuma_backend_pipeline_context.cc:1936: Flushing backend pipeline Pipeline (ID: (instance_id: 1320), IPs: [ RawToYuv TnrMerge ], Max Outputs: 1, IPConnections: [ {producer: RawToYuv, consumer: TnrMerge, connection_type: votf}, ], Usecase: Realtime) took 1 us, with flush HW = false
08-03 18:29:21.502  1114 14740 I Lyric   : zuma_backend_pipeline_context.cc:1936: Flushing backend pipeline Pipeline (ID: (instance_id: 1321), IPs: [ MeshWarp Scaler ], Max Outputs: 1, IPConnections: [ {producer: MeshWarp, consumer: Scaler, connection_type: votf}, ], Usecase: Realtime) took 3 us, with flush HW = false
08-03 18:29:21.502  1114 14740 I Lyric   : zuma_backend_pipeline_context.cc:1936: Flushing backend pipeline Pipeline (ID: (instance_id: 1321), IPs: [ MeshWarp Scaler ], Max Outputs: 1, IPConnections: [ {producer: MeshWarp, consumer: Scaler, connection_type: votf}, ], Usecase: Realtime) took 1 us, with flush HW = false
08-03 18:29:21.502  1114 14740 I Lyric   : auto_exposure_node.cc:1079: {type: Node, name: top_graph_for_camera_Front.ae, class_name: AutoExposureNode}: AE input statistics: {process_input_count = 40, dropped_requests = 1, stats_not_ready_count = 0, motion_stats_not_ready_count = 0, segmentation_mask_not_ready_count = 0, stage_detection_result_not_ready_count = 0, saliency_data_not_ready_count = 0, valid_flash_state = 0, valid_exposure_timestamp = 36, valid_sensor_properties = 36, valid_motion_stats = 0, valid_wb_config = 38, valid_color_correction = 38}
08-03 18:29:21.502  1114 24674 I Lyric   : sensor_node.cc:619: Missing sensor results for frame 39
08-03 18:29:21.502  1114 24672 W Lyric   : tnr_merge_node.cc:557: TnrMergeNode producing frame drops from context 0xb4000074fb6822b8 starting at frame number: 39 due to error: INVALID_ARGUMENT: TNR merge tuning frame is dropped.; TNR merge failed to get tuning data in context 0xb4000074fb6822b8
08-03 18:29:21.502  1114 24674 W Lyric   : mesh_warp_node.cc:453: preview_mesh_warp Request frame is drop, drop all output for frame 39
08-03 18:29:21.502  1114 24674 I Lyric   : retiming_node.cc:547: retiming Reporting image frame drop to framework for stream id: 0, request id: 39
08-03 18:29:21.502  1114 24672 I Lyric   : camera_device_session_manager_base.cc:1064: Reporting metadata frame drop for camera: Front, request id: 39, partial result count: 2
08-03 18:29:21.503  1114 14740 I Lyric   : camera_device_session_manager_base.cc:1242: Finished flushing graph:top_graph_for_camera_Front
08-03 18:29:21.504  1114  1949 I Lyric   : camera_device_session_hwl_impl.cc:1015: DestroyPipelines entered, camera_id: 1
08-03 18:29:21.504  1114  1949 I Lyric   : camera_powerhal.cc:286: CAMERA_GPU_STANDARD mode unset
08-03 18:29:21.504  1114  1949 I Lyric   : camera_powerhal.cc:286: CAMERA_STREAMING_VIDEO_CALL mode unset
08-03 18:29:21.504  1114  1596 I Lyric   : page_release_controller.cc:152: Reenabling page releasing.
08-03 18:29:21.504  1114  1949 I Lyric   : camera_device_session_manager_base.cc:929: Attempting to stop graph:top_graph_for_camera_Front
08-03 18:29:21.505  1114  1949 I Lyric   : fe_node.cc:1002: frontend flush at flush_mark 9223372036854774807 output frame stats (ignores fence-signaled drops): {process_input_count = 0, dropped_all_outputs = 0, valid_ae = 0, valid_pre_lsc_ae = 0, valid_uae = 0, valid_awb = 0, valid_histogram = 0, valid_flicker = 0, valid_motion = 0, valid_cdaf = 0, valid_pdaf = 0, valid_align = 0, valid_alias_map = 0, valid_gaussian_pyramid = 0, valid_scaled_rgb_stats = 0, valid_scaled_yuv_stats = 0, valid_lsc = 0, valid_bilateral_grid = 0, valid_scaled_rgb = 0, valid_scaled_yuv = 0, valid_cam_data_dump = 0, valid_pixel_patch = 0}
08-03 18:29:21.505  1114  1949 I Lyric   : unified_zuma_front_end_controller.cc:392: [CAM1] Flushing at Normal mode
08-03 18:29:21.505  1114  1949 I Lyric   : per_camera_barrier_impl.cc:47: Blocker for FeControllerBlockCam1ToStop#2ForFlush acquired
08-03 18:29:21.505  1114  1949 I Lyric   : fe_programming_async.cc:325: [CAM1][ISPFE] No inflight frame configs to flush
08-03 18:29:21.505  1114  1949 I Lyric   : frame_images_queue_handler.cc:140: [CAM1] Bayer[0] Flushed [CAM1] Bayer[0] frame
08-03 18:29:21.505  1114  1949 I Lyric   : lmp_pipeline.cc:593: [Bayer3][CAM1] Removed obsolete lmp frame
08-03 18:29:21.505  1114  1949 I Lyric   : zuma_lmp_context.cc:117: Flushing Lmp context bayer
08-03 18:29:21.505  1114  1949 I Lyric   : lmp_pipeline.cc:502: [Bayer3][CAM1] Drain(timeout=100ms) entered. Number of frames in the queue is 0
08-03 18:29:21.505  1114  1949 I Lyric   : lmp_pipeline.cc:506: [Bayer3][CAM1] Pipeline drained.
08-03 18:29:21.505  1114  1949 I Lyric   : zuma_lmp_context.cc:120: Done flushing Lmp context bayer
08-03 18:29:21.505  1114  1949 I Lyric   : zuma_csis_core_context.cc:996: [CAM1] Waiting for 0 bayer[0] images: none for 33ms
08-03 18:29:21.505  1114  1949 I Lyric   : zuma_csis_core_context.cc:1005: [CAM1] Flush is done
08-03 18:29:21.505  1114  1949 I Lyric   : unified_zuma_front_end_controller.cc:541: [CAM1] Sensor isn't waiting on the barrier, skip re-acquiring the blocker
08-03 18:29:21.505  1114  1949 I Lyric   : unified_zuma_front_end_controller.cc:462: [CAM1] Flushed.
08-03 18:29:21.505  1114  1949 I Lyric   : per_camera_barrier_impl.cc:58: Blocker for FeControllerBlockCam1ToStop#2ForFlush released with status: OK without lwis fence.
08-03 18:29:21.505  1114  1949 I Lyric   : unified_zuma_front_end_controller.cc:498: [CAM1] Sensor isn't waiting on the barrier, skip re-acquiring the blocker
08-03 18:29:21.505  1114  1949 I Lyric   : zuma_backend_pipeline_context.cc:1936: Flushing backend pipeline Pipeline (ID: (instance_id: 1320), IPs: [ RawToYuv TnrMerge ], Max Outputs: 1, IPConnections: [ {producer: RawToYuv, consumer: TnrMerge, connection_type: votf}, ], Usecase: Realtime) took 10 us, with flush HW = false
08-03 18:29:21.505  1114  1949 I Lyric   : zuma_backend_pipeline_context.cc:1936: Flushing backend pipeline Pipeline (ID: (instance_id: 1317), IPs: [ RawToYuv ], Max Outputs: 1, IPConnections: [ ], Usecase: Realtime) took 3 us, with flush HW = false
08-03 18:29:21.505  1114  1949 I Lyric   : zuma_backend_pipeline_context.cc:1936: Flushing backend pipeline Pipeline (ID: (instance_id: 1320), IPs: [ RawToYuv TnrMerge ], Max Outputs: 1, IPConnections: [ {producer: RawToYuv, consumer: TnrMerge, connection_type: votf}, ], Usecase: Realtime) took 1 us, with flush HW = false
08-03 18:29:21.505  1114  1949 I Lyric   : zuma_backend_pipeline_context.cc:1936: Flushing backend pipeline Pipeline (ID: (instance_id: 1321), IPs: [ MeshWarp Scaler ], Max Outputs: 1, IPConnections: [ {producer: MeshWarp, consumer: Scaler, connection_type: votf}, ], Usecase: Realtime) took 3 us, with flush HW = false
08-03 18:29:21.505  1114  1949 I Lyric   : zuma_backend_pipeline_context.cc:1936: Flushing backend pipeline Pipeline (ID: (instance_id: 1321), IPs: [ MeshWarp Scaler ], Max Outputs: 1, IPConnections: [ {producer: MeshWarp, consumer: Scaler, connection_type: votf}, ], Usecase: Realtime) took 1 us, with flush HW = false
08-03 18:29:21.505  1114  1594 I Lyric   : multisensor_controller.cc:927: Front StopStreaming, waiting on barrier
08-03 18:29:21.507  1114  1596 I Lyric   : face_detection_engine_face_ssd.cc:260: Face Detection: ~FaceDetectionEngineFaceSsd::delete ensemble detector takes 41ns
08-03 18:29:21.507  1114  1596 I Lyric   : unified_zuma_front_end_controller.cc:729: [CAM1] Updating power mode from Normal to Standby with incomplete_request on frame -1
08-03 18:29:21.507  1114  1596 I Lyric   : zuma_lmp_context.cc:103: Lmp context bayer go to standby mode at hw frame 38
08-03 18:29:21.507  1114  1596 I Lyric   : lmp_pipeline.cc:502: [Bayer3][CAM1] Drain(timeout=100ms) entered. Number of frames in the queue is 0
08-03 18:29:21.507  1114  1596 I Lyric   : lmp_pipeline.cc:506: [Bayer3][CAM1] Pipeline drained.
08-03 18:29:21.507  1114  1596 I Lyric   : zuma_lmp_context.cc:109: LMP context bayer is done waiting for frame for standby mode
08-03 18:29:21.507  1114  1596 I Lyric   : zuma_csis_core_context.cc:996: [CAM1] Waiting for 0 bayer[0] images: none for 33ms
08-03 18:29:21.507  1114  1596 I Lyric   : zuma_csis_core_context.cc:1005: [CAM1] Flush is done
08-03 18:29:21.507  1114  1596 I Lyric   : per_camera_barrier_impl.cc:47: Blocker for FeControllerBlockCam1ToStartExp0#1 acquired
08-03 18:29:21.507  1114  1596 I Lyric   : per_camera_barrier_impl.cc:58: Blocker for FeControllerBlockCam1ToStop#0 released with status: OK without lwis fence.
08-03 18:29:21.508  1114  1593 I Lyric   : zuma_backend_pipeline_context.cc:1936: Flushing backend pipeline Pipeline (ID: (instance_id: 1317), IPs: [ RawToYuv ], Max Outputs: 1, IPConnections: [ ], Usecase: Realtime) took 3 us, with flush HW = false
08-03 18:29:21.508  1114 24704 I Lyric   : sensor_generic_driver.cc:1122: LESHEN stream off success.
08-03 18:29:21.508  1114  1593 I Lyric   : zuma_be_core_driver_impl.cc:434: BeCore: receives context release notification
08-03 18:29:21.508  1114  1594 I Lyric   : sensor_generic_driver.cc:1208:  event thread stopped.
08-03 18:29:21.508  1114  1594 I Lyric   : sensor_generic_driver.cc:1601: LESHEN sensor frame drop rate at stream off: 0%. drop rate for hw sync: 0%
08-03 18:29:21.508  1114  1594 I Lyric   : sensor_generic_driver.cc:1637: LESHEN stream off, size: {width: 2104, height: 1536}, frame rate range: [15, 60]
08-03 18:29:21.508  1114  1594 I Lyric   : per_camera_barrier_impl.cc:58: Blocker for MultiSensorController_Stop released with status: OK without lwis fence.
08-03 18:29:21.508  1114  1596 I Lyric   : zuma_fe_driver.cc:1316: [ISPFE] Cleaning up the sub-driver contexts
08-03 18:29:21.508  1114  1594 I Lyric   : dpm_bandwidth_controller_v2.cc:952: Update minimum MIF clock to 0 number of active sensor: 0
08-03 18:29:21.508  1114  1594 I Lyric   : dpm_bandwidth_controller_v2.cc:1008: Update minimum INT clock to 0 number of active sensor: 0
08-03 18:29:21.508  1114  1596 I Lyric   : zuma_csis_phy_link_context.cc:1104: Zuma CsisPhyLinkContext_6 disabled
08-03 18:29:21.508  1114  1594 I Lyric   : zuma_backend_pipeline_context.cc:1936: Flushing backend pipeline Pipeline (ID: (instance_id: 1320), IPs: [ RawToYuv TnrMerge ], Max Outputs: 1, IPConnections: [ {producer: RawToYuv, consumer: TnrMerge, connection_type: votf}, ], Usecase: Realtime) took 10 us, with flush HW = false
08-03 18:29:21.509  1114  1594 I Lyric   : zuma_gtnr_merge_driver.cc:240: Successfully powered down GTNR Merge device.
08-03 18:29:21.510  1114  1593 I Lyric   : dynamic_boost_manager.cc:82: Boost factor reset done
08-03 18:29:21.510  1114  1593 I Lyric   : gtnr_align_driver_context.cc:39: About to flush in ~WhiGtnrAlignDriverContext
08-03 18:29:21.510  1114  1593 I Lyric   : gtnr_align_driver_context.cc:44: Finished flushing in ~WhiGtnrAlignDriverContext
08-03 18:29:21.510  1114  1593 I Lyric   : gtnr_align_driver.cc:610: Canceling 0 pending transaction(s) in TNR align driver for safe power down.
08-03 18:29:21.510  1114  1593 I Lyric   : lwis_event_thread.cc:117: LwEv:TnrAl RemovedLwisClient(gtnr-align|TnrAl) from event thread
08-03 18:29:21.510  1114 24701 I Lyric   : lwis_event_thread.cc:292: LwEv:TnrAl event thread is ending . . .
08-03 18:29:21.510  1114  1593 I Lyric   : zuma_backend_pipeline_context.cc:1936: Flushing backend pipeline Pipeline (ID: (instance_id: 1321), IPs: [ MeshWarp Scaler ], Max Outputs: 1, IPConnections: [ {producer: MeshWarp, consumer: Scaler, connection_type: votf}, ], Usecase: Realtime) took 16 us, with flush HW = false
08-03 18:29:21.510  1114  1596 I Lyric   : zuma_fc_bayer_context.cc:248: Disabling bayer context 3
08-03 18:29:21.511  1114  1596 I Lyric   : zuma_fe_driver.cc:1344: [ISPFE] Skip cleaning up the FC PDAF context.
08-03 18:29:21.511  1114  1596 I Lyric   : lmp_pipeline.cc:593: [Bayer3][CAM1] Removed obsolete lmp frame
08-03 18:29:21.511  1114  1596 I Lyric   : zuma_fe_driver.cc:1356: [ISPFE] Skip cleaning up the LMP PDAF context.
08-03 18:29:21.511  1114  1596 I Lyric   : zuma_pdma_context.cc:163: disabling Pdma context.
08-03 18:29:21.511  1114  1594 I Lyric   : zuma_be_core_driver_impl.cc:434: BeCore: receives context release notification
08-03 18:29:21.511  1114  1594 I Lyric   : zuma_be_core_driver_impl.cc:469: BeCore: release internal memory allocation
08-03 18:29:21.511  1114  1596 I Lyric   : zuma_csis_core_context.cc:318: [CAM1] Destroyed Zuma CSIS Core context for sensor LESHEN with size: {width: 2104, height: 1536}
08-03 18:29:21.512  1114  1596 I Lyric   : zuma_fe_driver.cc:1369: [ISPFE] Received context release notification for camera 1
08-03 18:29:21.512  1114  1594 I Lyric   : zuma_be_core_driver_impl.cc:549: BeCore: power down
08-03 18:29:21.512  1114  1596 I Lyric   : zuma_fe_driver.cc:1298: ISP-FE Qos Update: clock frequency: 0, write bandwidth: 0, read bandwidth: 0
08-03 18:29:21.512  1114  1596 I Lyric   : zuma_fe_driver.cc:1389: [ISPFE] Skipping power down due to active power context
08-03 18:29:21.512  1114  1594 I Lyric   : zuma_be_core_driver_impl.cc:572: BeCore: disabling hardware
08-03 18:29:21.514  1114  1593 I Lyric   : mcsc_driver.cc:439: [CMU MCSC] pll_con0_mux(0x1d000610): 16
08-03 18:29:21.514  1114  1596 I Lyric   : unified_zuma_front_end_controller.cc:467: [CAM1] Received notification that graph has stopped
08-03 18:29:21.518  1114  1594 I Lyric   : dynamic_boost_manager.cc:82: Boost factor reset done
08-03 18:29:21.518  1114  1594 I Lyric   : three_a_request_node.cc:784: three_a_request: Performance statistics for this session: {process_input_count = 40, dropped_request_count = 0}
08-03 18:29:21.519  1114  1593 I Lyric   : dynamic_boost_manager.cc:82: Boost factor reset done
08-03 18:29:21.519  1114  1593 I Lyric   : motion_sensor_controller_proxy.cc:448: MotionSensor context requests resource change to standby.
08-03 18:29:21.519  1114  1820 I Lyric   : motion_sensor_controller_proxy.cc:540: Start to release all sensor readers.
08-03 18:29:21.520  1114  1596 I Lyric   : unified_zuma_front_end_controller.cc:700: Release ZumaFeControllerContext for binding id [CAM1]
08-03 18:29:21.520  1114  1596 I Lyric   : unified_zuma_front_end_controller.cc:112: [CAM1] Context is being destroyed
08-03 18:29:21.520  1114  1596 I Lyric   : per_camera_barrier_impl.cc:58: Blocker for FeControllerBlockCam1ToStartExp0#1 released with status: OK without lwis fence.
08-03 18:29:21.520  1114  1596 I Lyric   : zuma_fe_driver.cc:905: [ISPFE] Received context release notification when releasing power_context.
08-03 18:29:21.520  1114  1596 I Lyric   : zuma_fe_driver.cc:1175: [ISPFE] Disabling the device
08-03 18:29:21.520  1114  1596 I Lyric   : lwis_event_thread.cc:117: LwEv:IspFeEvent RemovedLwisClient(isp-fe|FePhyLink) from event thread
08-03 18:29:21.520  1114  1596 I Lyric   : lwis_event_thread.cc:117: LwEv:IspFeEvent RemovedLwisClient(isp-fe|FeLmp) from event thread
08-03 18:29:21.520  1114  1596 I Lyric   : zuma_fe_pdma_driver.cc:61: Disabling pdma hardware
08-03 18:29:21.520  1114  1596 I Lyric   : lwis_event_thread.cc:117: LwEv:IspFeEvent RemovedLwisClient(isp-fe|FePdma) from event thread
08-03 18:29:21.521  1114  1596 I Lyric   : zuma_fe_resetter.cc:146: FrontEnd: SW Reset begins.
08-03 18:29:21.522  1114  1596 I Lyric   : zuma_fe_resetter.cc:157: FrontEnd: SW Reset done: rstctl_status = 0x0
08-03 18:29:21.524  1114  1820 I Lyric   : direct_channel_motion_sensor_data_streamer.cc:510: gyroscope direct channel released.
08-03 18:29:21.525  1114  1949 I Lyric   : camera_device_session_manager_base.cc:933: Successfully stopped graph:top_graph_for_camera_Front
08-03 18:29:21.525  1114  1949 I Lyric   : processing_graph.cc:512: Starting OutputPort production audit...
08-03 18:29:21.525  1114  1949 I Lyric   : processing_graph.cc:576: OutputPort production audit passed, no anomalies detected :)
08-03 18:29:21.525  1114  1949 I Lyric   : camera_device_session_manager_base.cc:719: Attempting to destroy graph:top_graph_for_camera_Front
08-03 18:29:21.526  1114  1949 W Lyric   : graph_runner.cc:217: GraphRunner::StopGraph(1) called on a graph that is not running.
08-03 18:29:21.536  1114  1949 I Lyric   : dpm_bandwidth_controller_v2.cc:952: Update minimum MIF clock to 0 number of active sensor: 0
08-03 18:29:21.536  1114  1949 I Lyric   : dpm_bandwidth_controller_v2.cc:1008: Update minimum INT clock to 0 number of active sensor: 0
08-03 18:29:21.536  1114  1949 I Lyric   : camera_device_session_manager_base.cc:732: Successfully destroyed graph:top_graph_for_camera_Front
