08-03 18:27:40.223  1512  5616 E AppOps  : attributionTag IWLAN not declared in manifest of com.google.pixel.iwlan
08-03 18:27:40.225  1512  5617 E AppOps  : attributionTag IWLAN not declared in manifest of com.google.pixel.iwlan
08-03 18:27:40.226  1512  5616 E AppOps  : attributionTag IWLAN not declared in manifest of com.google.pixel.iwlan
08-03 18:27:40.227  1512  5616 E AppOps  : attributionTag IWLAN not declared in manifest of com.google.pixel.iwlan
08-03 18:27:40.228  1512  5616 E AppOps  : attributionTag IWLAN not declared in manifest of com.google.pixel.iwlan
08-03 18:27:40.231  1512  5617 E AppOps  : attributionTag IWLAN not declared in manifest of com.google.pixel.iwlan
08-03 18:27:40.234  1512  5616 E AppOps  : attributionTag IWLAN not declared in manifest of com.google.pixel.iwlan
08-03 18:27:40.237  1512  5617 E AppOps  : attributionTag IWLAN not declared in manifest of com.google.pixel.iwlan
08-03 18:27:40.240  1512  5617 E AppOps  : attributionTag IWLAN not declared in manifest of com.google.pixel.iwlan
08-03 18:27:40.243  1512  5616 E AppOps  : attributionTag IWLAN not declared in manifest of com.google.pixel.iwlan
08-03 18:27:40.246  1512  5617 E AppOps  : attributionTag IWLAN not declared in manifest of com.google.pixel.iwlan
08-03 18:27:40.248  1512  5617 E AppOps  : attributionTag IWLAN not declared in manifest of com.google.pixel.iwlan
08-03 18:27:40.250  1512  5617 E AppOps  : attributionTag IWLAN not declared in manifest of com.google.pixel.iwlan
08-03 18:27:40.253  1512  5616 E AppOps  : attributionTag IWLAN not declared in manifest of com.google.pixel.iwlan
08-03 18:27:40.255  1512  5616 E AppOps  : attributionTag IWLAN not declared in manifest of com.google.pixel.iwlan
08-03 18:27:40.258  1512  5617 E AppOps  : attributionTag IWLAN not declared in manifest of com.google.pixel.iwlan
08-03 18:27:40.261  1512  5617 E AppOps  : attributionTag IWLAN not declared in manifest of com.google.pixel.iwlan
08-03 18:27:40.265  1512  5616 E AppOps  : attributionTag IWLAN not declared in manifest of com.google.pixel.iwlan
08-03 18:27:40.269  1512  5617 E AppOps  : attributionTag IWLAN not declared in manifest of com.google.pixel.iwlan
08-03 18:27:40.281  1512  4182 E AppOps  : attributionTag IWLAN not declared in manifest of com.google.pixel.iwlan
08-03 18:27:40.286  1512  5617 E AppOps  : attributionTag IWLAN not declared in manifest of com.google.pixel.iwlan
08-03 18:27:40.290  1512  4182 E AppOps  : attributionTag IWLAN not declared in manifest of com.google.pixel.iwlan
08-03 18:27:40.294  1512  4182 E AppOps  : attributionTag IWLAN not declared in manifest of com.google.pixel.iwlan
08-03 18:27:40.297  1512  4182 E AppOps  : attributionTag IWLAN not declared in manifest of com.google.pixel.iwlan
08-03 18:27:40.301  1512  4182 E AppOps  : attributionTag IWLAN not declared in manifest of com.google.pixel.iwlan
08-03 18:27:40.305  1512  5617 E AppOps  : attributionTag IWLAN not declared in manifest of com.google.pixel.iwlan
08-03 18:27:40.309  1512  4182 E AppOps  : attributionTag IWLAN not declared in manifest of com.google.pixel.iwlan
08-03 18:27:40.313  1512  4182 E AppOps  : attributionTag IWLAN not declared in manifest of com.google.pixel.iwlan
08-03 18:27:40.317  1512  5617 E AppOps  : attributionTag IWLAN not declared in manifest of com.google.pixel.iwlan
08-03 18:27:40.321  1512  5617 E AppOps  : attributionTag IWLAN not declared in manifest of com.google.pixel.iwlan
08-03 18:27:40.325  1512  4182 E AppOps  : attributionTag IWLAN not declared in manifest of com.google.pixel.iwlan
08-03 18:27:40.479  1512  2014 D ActivityManager: freezing 8360 com.google.android.apps.safetyhub
08-03 18:27:41.420  2196  2250 V ShellRecents: RecentsTransitionHandler.startRecentsTransition
08-03 18:27:41.420  2196  2250 V WindowManagerShell: Directly starting a new transition type=TO_FRONT wct=WindowContainerTransaction { changes = {} hops = [{PendingIntent: options=Bundle[{android.activity.splashScreenStyle=-1, android.activity.sourceInfo=Supplier{VAL_PARCELABLE@148+104}, android.pendingIntent.backgroundActivityAllowed=3, android:activity.animAbortListener=null, android.activity.transientLaunch=true}]}] errorCallbackToken=null taskFragmentOrganizer=null } handler=com.android.wm.shell.recents.RecentsTransitionHandler@5df855e
08-03 18:27:41.430  2196  2250 V ShellRecents: [240066621] RecentsController.setTransition: id=android.os.BinderProxy@65c5d94
08-03 18:27:41.467  2196  3233 V WindowManagerShell: onTransitionReady(transaction=6493990555323)
08-03 18:27:41.468  2196  2250 V WindowManagerShell: onTransitionReady (#79) android.os.BinderProxy@65c5d94: {id=79 t=TO_FRONT f=0x80 trk=0 r=[0@Point(0, 0)] c=[{WCT{android.window.IWindowContainerToken$Stub$Proxy@7626e18} m=TO_FRONT f=SHOW_WALLPAPER|MOVE_TO_TOP leash=Surface(name=Task=1)/@0x94dcb2c sb=Rect(0, 0 - 1080, 2424) eb=Rect(0, 0 - 1080, 2424) epz=Point(1080, 2424) d=0 taskParent=-1},{WCT{android.window.IWindowContainerToken$Stub$Proxy@1046071} m=TO_BACK f=NONE leash=Surface(name=Task=8433)/@0xa0f19f5 sb=Rect(0, 0 - 1080, 2424) eb=Rect(0, 0 - 1080, 2424) epz=Point(1080, 2424) d=0 taskParent=-1},{null m=TO_FRONT f=IS_WALLPAPER leash=Surface(name=WallpaperWindowToken{3a32816 token=android.os.Binder@d88a931})/@0xad4e38a sb=Rect(0, 0 - 1080, 2424) eb=Rect(0, 0 - 1080, 2424) epz=Point(1080, 2424) d=0}]}
08-03 18:27:41.468  2196  2250 V WindowManagerShell: Playing animation for (#79) android.os.BinderProxy@65c5d94@0
08-03 18:27:41.468  2196  2250 V WindowManagerShell:  try firstHandler com.android.wm.shell.recents.RecentsTransitionHandler@5df855e
08-03 18:27:41.468  2196  2250 V ShellRecents: [240066621] RecentsController.start
08-03 18:27:41.468  2196  2250 V ShellRecents:   adding pausing leaf taskId=8433 at layer=8
08-03 18:27:41.469  2196  2250 V ShellRecents: Applying transaction=6493990555323
08-03 18:27:41.469  1512  5565 W UserManagerService: Requested status bar icon for non-badged user 0
08-03 18:27:41.469  2196  2250 V ShellRecents: Trying to get a handler for takeover but the flag is disabled
08-03 18:27:41.469  2196  2250 V ShellRecents: [240066621] RecentsController.start: calling onAnimationStart with 2 apps
08-03 18:27:41.470  2196  2250 V WindowManagerShell:  animated by firstHandler
08-03 18:27:41.470  1512  2038 E HandwritingModeController: Cannot get requestId: Handwriting was not initialized.
08-03 18:27:41.471  1512  1610 V WindowManager: Sent Transition (#79) createdAt=08-03 18:27:41.421
08-03 18:27:41.471  1512  1610 V WindowManager:     startWCT=WindowContainerTransaction { changes = {} hops = [{PendingIntent: options=Bundle[{android.activity.splashScreenStyle=-1, android.activity.sourceInfo=android.app.ActivityOptions$SourceInfo@986f7dc, android.pendingIntent.backgroundActivityAllowed=3, android:activity.animAbortListener=null, android.activity.transientLaunch=true}]}] errorCallbackToken=null taskFragmentOrganizer=null }
08-03 18:27:41.471  1512  1610 V WindowManager:     info={id=79 t=TO_FRONT f=0x80 trk=0 r=[0@Point(0, 0)] c=[
08-03 18:27:41.471  1512  1610 V WindowManager:         {WCT{RemoteToken{3c5f6a2 Task{9653b6b #1 type=home isResizeable=true minWidth=-1 minHeight=-1}}} m=TO_FRONT f=SHOW_WALLPAPER|MOVE_TO_TOP leash=Surface(name=Task=1)/@0x14c5ffe sb=Rect(0, 0 - 1080, 2424) eb=Rect(0, 0 - 1080, 2424) epz=Point(1080, 2424) d=0 taskParent=-1},
08-03 18:27:41.471  1512  1610 V WindowManager:         {WCT{RemoteToken{4e4e443 Task{aaf8eaf #8433 type=standard A=10373:com.nick.myrecoverytracker isResizeable=true minWidth=-1 minHeight=-1}}} m=TO_BACK f=NONE leash=Surface(name=Task=8433)/@0xb5614fd sb=Rect(0, 0 - 1080, 2424) eb=Rect(0, 0 - 1080, 2424) epz=Point(1080, 2424) d=0 taskParent=-1},
08-03 18:27:41.471  1512  1610 V WindowManager:         {null m=TO_FRONT f=IS_WALLPAPER leash=Surface(name=WallpaperWindowToken{3a32816 token=android.os.Binder@d88a931})/@0xf5cd80 sb=Rect(0, 0 - 1080, 2424) eb=Rect(0, 0 - 1080, 2424) epz=Point(1080, 2424) d=0}
08-03 18:27:41.471  1512  1610 V WindowManager:     ]}
08-03 18:27:41.473  2196  2250 D WindowManagerShell: setLauncherKeepClearAreaHeight: visible=true, height=527
08-03 18:27:41.473  2196  2250 V ShellRecents: [240066621] RecentsController.setInputConsumerEnabled: set focus to recents
08-03 18:27:41.474  2196  2789 V ShellRecents: [240066621] RecentsController.detachNavigationBarFromApp
08-03 18:27:41.922  2196  2212 V ShellRecents: [240066621] RecentsController.screenshotTask: taskId=8433
08-03 18:27:41.940  2196  2250 V ShellRecents: [240066621] RecentsController.finishInner: toHome=true userLeave=true willFinishToHome=true state=0
08-03 18:27:41.940  2196  2250 V ShellRecents:   normal finish
08-03 18:27:41.941  2196  2250 V ShellRecents: [240066621] RecentsController.cleanup
08-03 18:27:41.941  2196  2250 V WindowManagerShell: Transition animation finished (aborted=false), notifying core (#79) android.os.BinderProxy@65c5d94@0
08-03 18:27:41.941  1512  1610 V WindowManager: Finish Transition (#79): created at 08-03 18:27:41.421 collect-started=0.183ms started=0.203ms ready=19.825ms sent=45.637ms finished=520.394ms
08-03 18:27:41.943  2196  2250 V WindowManagerShell: Track 0 became idle
08-03 18:27:41.943  2196  2250 V WindowManagerShell: All active transition animations finished
08-03 18:27:41.943  2196  2250 V ShellRecents: [240066621] RecentsController.finishInner: calling finish callback
08-03 18:27:41.944  1512  2253 W UserManagerService: Requested status bar icon for non-badged user 0
08-03 18:27:41.944  1512  2253 W UserManagerService: Requested status bar icon for non-badged user 0
08-03 18:27:41.959  1512  1613 V WindowManager: Unknown focus tokens, dropping reportFocusChanged
08-03 18:27:41.984  1512  4182 W PackageConfigPersister: App-specific configuration not found for packageName: com.google.android.apps.nexuslauncher and userId: 0
08-03 18:27:42.056  2196  2250 D WindowManagerShell: setLauncherKeepClearAreaHeight: visible=false, height=527
08-03 18:27:45.225  1512  1626 D ActivityManager: sync unfroze 8097 com.google.android.apps.privacy.wildlife for 3
08-03 18:27:50.083  1512  2014 D ActivityManager: freezing 22287 com.textra
08-03 18:27:50.087  1512  2014 D ActivityManager: freezing 2864 com.google.android.cellbroadcastreceiver
08-03 18:27:52.480  1512  2014 D ActivityManager: freezing 2964 com.google.android.gms
08-03 18:27:52.489  1512  2014 D ActivityManager: freezing 23222 com.google.android.webview:sandboxed_process0:org.chromium.content.app.SandboxedProcessService0:0
08-03 18:27:52.491  1512  2014 D ActivityManager: freezing 7091 com.google.android.gms.unstable
08-03 18:27:53.651  1512  2020 D ActivityManager: sync unfroze 2964 com.google.android.gms for 6
08-03 18:27:53.654  1512  2020 D ActivityManager: sync unfroze 23222 com.google.android.webview:sandboxed_process0:org.chromium.content.app.SandboxedProcessService0:0 for 6
08-03 18:27:53.656  1512  2020 D ActivityManager: sync unfroze 7091 com.google.android.gms.unstable for 6
08-03 18:27:53.673  1512  4182 W ProcessStats: Tracking association SourceState{498636c com.google.android.gms/10152 Service #11019} whose proc state 8 is better than process ProcessState{e7fdd81 com.google.android.gms.unstable/10152 pkg=com.google.android.gms} proc state 14 (3 skipped)
08-03 18:27:55.237  1512  2014 D ActivityManager: freezing 8097 com.google.android.apps.privacy.wildlife
08-03 18:27:55.348  1512  4182 E AppOps  : attributionTag IWLAN not declared in manifest of com.google.pixel.iwlan
08-03 18:27:55.364  1512  4182 W ContextImpl: Calling a method in the system process without a qualified user: android.app.ContextImpl.sendBroadcastMultiplePermissions:1352 android.content.Context.sendBroadcastMultiplePermissions:2483 android.content.Context.sendBroadcastMultiplePermissions:2471 com.android.server.TelephonyRegistry.broadcastDataConnectionStateChanged:3993 com.android.server.TelephonyRegistry.notifyDataConnectionForSubscriber:2248 
08-03 18:27:55.409  1512  4182 W ContextImpl: Calling a method in the system process without a qualified user: android.app.ContextImpl.sendBroadcastMultiplePermissions:1319 android.content.Context.sendBroadcastMultiplePermissions:2537 com.android.server.TelephonyRegistry.broadcastServiceStateChanged:3774 com.android.server.TelephonyRegistry.notifyServiceStateForPhoneId:1779 com.android.internal.telephony.ITelephonyRegistry$Stub.onTransact:553 
08-03 18:27:55.410  1512  4182 W ContextImpl: Calling a method in the system process without a qualified user: android.app.ContextImpl.sendBroadcastMultiplePermissions:1352 com.android.server.TelephonyRegistry.broadcastServiceStateChanged:3779 com.android.server.TelephonyRegistry.notifyServiceStateForPhoneId:1779 com.android.internal.telephony.ITelephonyRegistry$Stub.onTransact:553 android.os.Binder.execTransactInternal:1391 
08-03 18:27:55.411  1512  4182 W ContextImpl: Calling a method in the system process without a qualified user: android.app.ContextImpl.sendBroadcastMultiplePermissions:1352 com.android.server.TelephonyRegistry.broadcastServiceStateChanged:3788 com.android.server.TelephonyRegistry.notifyServiceStateForPhoneId:1779 com.android.internal.telephony.ITelephonyRegistry$Stub.onTransact:553 android.os.Binder.execTransactInternal:1391 
08-03 18:27:55.412  1512  4182 W ContextImpl: Calling a method in the system process without a qualified user: android.app.ContextImpl.sendBroadcastMultiplePermissions:1352 com.android.server.TelephonyRegistry.broadcastServiceStateChanged:3794 com.android.server.TelephonyRegistry.notifyServiceStateForPhoneId:1779 com.android.internal.telephony.ITelephonyRegistry$Stub.onTransact:553 android.os.Binder.execTransactInternal:1391 
08-03 18:27:55.414  1512  1626 D ActivityManager: sync unfroze 22287 com.textra for 3
08-03 18:27:55.421  1512  1626 D ActivityManager: sync unfroze 2864 com.google.android.cellbroadcastreceiver for 3
08-03 18:27:55.948  1512  4182 E AppOps  : attributionTag IWLAN not declared in manifest of com.google.pixel.iwlan
08-03 18:27:55.958  1512  4182 W ContextImpl: Calling a method in the system process without a qualified user: android.app.ContextImpl.sendBroadcastMultiplePermissions:1352 android.content.Context.sendBroadcastMultiplePermissions:2483 android.content.Context.sendBroadcastMultiplePermissions:2471 com.android.server.TelephonyRegistry.broadcastDataConnectionStateChanged:3993 com.android.server.TelephonyRegistry.notifyDataConnectionForSubscriber:2248 
08-03 18:27:55.961  1512  5616 I Telecom : TelecomServiceImpl$1: isInEmergencyCall: false: TSI.iIEC@A4U
08-03 18:27:56.006  1512  4182 W ContextImpl: Calling a method in the system process without a qualified user: android.app.ContextImpl.sendBroadcastMultiplePermissions:1319 android.content.Context.sendBroadcastMultiplePermissions:2537 com.android.server.TelephonyRegistry.broadcastServiceStateChanged:3774 com.android.server.TelephonyRegistry.notifyServiceStateForPhoneId:1779 com.android.internal.telephony.ITelephonyRegistry$Stub.onTransact:553 
08-03 18:27:56.008  1512  4182 W ContextImpl: Calling a method in the system process without a qualified user: android.app.ContextImpl.sendBroadcastMultiplePermissions:1352 com.android.server.TelephonyRegistry.broadcastServiceStateChanged:3779 com.android.server.TelephonyRegistry.notifyServiceStateForPhoneId:1779 com.android.internal.telephony.ITelephonyRegistry$Stub.onTransact:553 android.os.Binder.execTransactInternal:1391 
08-03 18:27:56.009  1512  4182 W ContextImpl: Calling a method in the system process without a qualified user: android.app.ContextImpl.sendBroadcastMultiplePermissions:1352 com.android.server.TelephonyRegistry.broadcastServiceStateChanged:3788 com.android.server.TelephonyRegistry.notifyServiceStateForPhoneId:1779 com.android.internal.telephony.ITelephonyRegistry$Stub.onTransact:553 android.os.Binder.execTransactInternal:1391 
08-03 18:27:56.012  1512  4182 W ContextImpl: Calling a method in the system process without a qualified user: android.app.ContextImpl.sendBroadcastMultiplePermissions:1352 com.android.server.TelephonyRegistry.broadcastServiceStateChanged:3794 com.android.server.TelephonyRegistry.notifyServiceStateForPhoneId:1779 com.android.internal.telephony.ITelephonyRegistry$Stub.onTransact:553 android.os.Binder.execTransactInternal:1391 
08-03 18:28:06.067  1512  2014 D ActivityManager: freezing 22287 com.textra
08-03 18:28:06.071  1512  2014 D ActivityManager: freezing 2864 com.google.android.cellbroadcastreceiver
08-03 18:28:10.727  1512  2014 D ActivityManager: freezing 2964 com.google.android.gms
08-03 18:28:10.737  1512  2014 D ActivityManager: freezing 23222 com.google.android.webview:sandboxed_process0:org.chromium.content.app.SandboxedProcessService0:0
08-03 18:28:10.739  1512  2014 D ActivityManager: freezing 7091 com.google.android.gms.unstable
08-03 18:28:14.496  1512  5616 W ActivityManager: Unbind failed: could not find connection for android.os.BinderProxy@836b881
08-03 18:28:14.501  1512  5616 W ActivityManager: Unable to start service Intent { act=android.telephony.satellite.SatelliteService pkg=com.google.android.satellite } U=0: not found
08-03 18:28:17.154  1512  1685 D KernelCpuUidUserSysTimeReader: Removing uids 99000-99000
08-03 18:28:19.025  1512  5616 I SoundTriggerMiddlewareLogging: RECOGNITION (1, RecognitionEventSys{recognitionEvent: RecognitionEvent{status: 0, type: 1, captureAvailable: true, captureDelayMs: 0, capturePreambleMs: 0, triggerInData: false, audioConfig: AudioConfig{base: AudioConfigBase{sampleRate: 16000, channelMask: AudioChannelLayout.layoutMask(1), format: AudioFormatDescription{type: 1, pcm: 1, encoding: }}, offloadInfo: AudioOffloadInfo{base: AudioConfigBase{sampleRate: 0, channelMask: AudioChannelLayout.none(0), format: AudioFormatDescription{type: 0, pcm: 0, encoding: }}, streamType: -2, bitRatePerSecond: 0, durationUs: 0, hasVideo: false, isStreaming: false, bitWidth: 16, offloadBufferSize: 0, usage: -1, encapsulationMode: -1, contentId: 0, syncId: 0}, frameCount: 0}, data: [112, 111, 115, 95, 109, 117, 115, 105, 99, 44, 118, 97, 108, 58, 50, 56, 49, 49, 53], recognitionStillActive: false}, halEventReceivedMillis: 2261556011730, token: android.os.Binder@a21549c}, 897)
08-03 18:28:19.030  1512  1512 V SoundTriggerService: 9f6ad62a-1f0b-11e7-87c5-40a8f03d3f15: onServiceConnected(android.os.BinderProxy@9208f71)
08-03 18:28:19.033  1512  1512 V SoundTriggerService: 9f6ad62a-1f0b-11e7-87c5-40a8f03d3f15: runOp 0
08-03 18:28:19.246  1512  2188 I SoundTriggerMiddlewareLogging: UNLOAD_MODEL (1)
08-03 18:28:19.247  1512  2188 W SoundTriggerHelper: Unload error: Attempting unload invalid generic model with id:9f6ad62a-1f0b-11e7-87c5-40a8f03d3f15
08-03 18:28:19.269  1512  2188 I SoundTriggerMiddlewareLogging: LOAD_MODEL ("9f6ad62a-1f0b-11e7-87c5-40a8f03d3f15") -> 1
08-03 18:28:19.327  1512  2188 I SoundTriggerMiddlewareLogging: START_RECOGNITION (1, RecognitionConfig{captureRequested: true, phraseRecognitionExtras: [], audioCapabilities: 0, data: []}) -> android.os.Binder@3fd6860
08-03 18:28:19.327  1512  2188 I SoundTriggerHelper: startRecognition successful.
08-03 18:28:19.327  1512  2188 W SoundTriggerService: error onStart(): Model 9f6ad62a-1f0b-11e7-87c5-40a8f03d3f15 already started
08-03 18:28:19.330  1512  2188 W SoundTriggerHelper: Unload error: Attempting unload invalid generic model with id:12caddb1-acdb-4dce-8cb0-2e95a2313aee
08-03 18:28:19.330  1512  2188 I SoundTriggerService: error onStop(): Model 12caddb1-acdb-4dce-8cb0-2e95a2313aee has no stats available
08-03 18:28:21.943  1512  2014 D ActivityManager: freezing 7453 com.android.settings
08-03 18:28:21.949  1512  2014 D ActivityManager: freezing 3102 com.google.android.apps.wellbeing
08-03 18:28:21.952  1512  2014 D ActivityManager: freezing 16003 com.android.keychain
08-03 18:28:21.953  1512  2014 D ActivityManager: freezing 14777 com.android.DeviceAsWebcam
08-03 18:28:32.875  1512  2014 D ActivityManager: freezing 7400 com.google.android.apps.turbo
08-03 18:28:36.759  1512  1512 I ContentCaptureManagerService: Content capture data sharing session terminated successfully for package 'com.google.android.googlequicksearchbox'
08-03 18:28:42.521  1512  2253 I MediaSessionStack: addSession to bottom of stack | record: com.google.android.gms/cast_rcn_media_session/68 (userId=0)
08-03 18:28:42.694  1512  5617 I MediaSessionStack: removeSession | record: com.google.android.gms/cast_rcn_media_session/68 (userId=0)
08-03 18:28:42.776  1512  5617 I MediaSessionStack: addSession to bottom of stack | record: com.google.android.gms/cast_rcn_media_session/69 (userId=0)
08-03 18:28:42.885  1512  5616 D ActivityManager: sync unfroze 7400 com.google.android.apps.turbo for 6
08-03 18:28:42.982  1512  5616 I MediaSessionStack: removeSession | record: com.google.android.gms/cast_rcn_media_session/69 (userId=0)
08-03 18:28:43.680  1512  5616 I MediaSessionStack: addSession to bottom of stack | record: com.google.android.gms/cast_rcn_media_session/70 (userId=0)
08-03 18:28:44.012  1512  5617 I MediaSessionStack: removeSession | record: com.google.android.gms/cast_rcn_media_session/70 (userId=0)
08-03 18:28:55.185  1512  5617 W ActivityManager: Unbind failed: could not find connection for android.os.BinderProxy@9b01a42
08-03 18:28:55.189  1512  5617 W ActivityManager: Unable to start service Intent { act=android.telephony.satellite.SatelliteService pkg=com.google.android.satellite } U=0: not found
08-03 18:29:14.466  1512  5617 I SoundTriggerMiddlewareLogging: RECOGNITION (1, RecognitionEventSys{recognitionEvent: RecognitionEvent{status: 0, type: 1, captureAvailable: true, captureDelayMs: 0, capturePreambleMs: 0, triggerInData: false, audioConfig: AudioConfig{base: AudioConfigBase{sampleRate: 16000, channelMask: AudioChannelLayout.layoutMask(1), format: AudioFormatDescription{type: 1, pcm: 1, encoding: }}, offloadInfo: AudioOffloadInfo{base: AudioConfigBase{sampleRate: 0, channelMask: AudioChannelLayout.none(0), format: AudioFormatDescription{type: 0, pcm: 0, encoding: }}, streamType: -2, bitRatePerSecond: 0, durationUs: 0, hasVideo: false, isStreaming: false, bitWidth: 16, offloadBufferSize: 0, usage: -1, encapsulationMode: -1, contentId: 0, syncId: 0}, frameCount: 0}, data: [112, 111, 115, 95, 109, 117, 115, 105, 99, 44, 118, 97, 108, 58, 50, 51, 56, 49, 48], recognitionStillActive: false}, halEventReceivedMillis: 2316998338783, token: android.os.Binder@3fd6860}, 905)
08-03 18:29:14.480  1512  1512 V SoundTriggerService: 9f6ad62a-1f0b-11e7-87c5-40a8f03d3f15: onServiceConnected(android.os.BinderProxy@2fc5d21)
08-03 18:29:14.480  1512  1512 V SoundTriggerService: 9f6ad62a-1f0b-11e7-87c5-40a8f03d3f15: runOp 0
08-03 18:29:14.754  1512  5617 I SoundTriggerMiddlewareLogging: UNLOAD_MODEL (1)
08-03 18:29:14.755  1512  5617 W SoundTriggerHelper: Unload error: Attempting unload invalid generic model with id:9f6ad62a-1f0b-11e7-87c5-40a8f03d3f15
08-03 18:29:14.770  1512  5617 I SoundTriggerMiddlewareLogging: LOAD_MODEL ("9f6ad62a-1f0b-11e7-87c5-40a8f03d3f15") -> 1
08-03 18:29:14.827  1512  5617 I SoundTriggerMiddlewareLogging: START_RECOGNITION (1, RecognitionConfig{captureRequested: true, phraseRecognitionExtras: [], audioCapabilities: 0, data: []}) -> android.os.Binder@da571e
08-03 18:29:14.827  1512  5617 I SoundTriggerHelper: startRecognition successful.
08-03 18:29:14.827  1512  5617 W SoundTriggerService: error onStart(): Model 9f6ad62a-1f0b-11e7-87c5-40a8f03d3f15 already started
08-03 18:29:14.828  1512  5617 W SoundTriggerHelper: Unload error: Attempting unload invalid generic model with id:12caddb1-acdb-4dce-8cb0-2e95a2313aee
08-03 18:29:14.828  1512  5617 I SoundTriggerService: error onStop(): Model 12caddb1-acdb-4dce-8cb0-2e95a2313aee has no stats available
08-03 18:29:19.932  1512  1747 V AttentionDetector: Checking user attention, ID: 6
08-03 18:29:20.077  1114 14740 I Lyric   : camera_powerhal.cc:173: SetPowerBoost Trigger CAMERA_LAUNCH for 1000ms
08-03 18:29:20.082  1114 14740 I Lyric   : thread_pool.h:192: ThreadPool: SessionPool resized to 11 active threads, and 0 inactive ones.
08-03 18:29:20.082  1114 24678 W Lyric   : device_context.cc:317: NotifyCaptureSessionOpen: No OisController found for physical camera Front. Status: NOT_FOUND: Failed to find controller by type and camera id(Front); Controller with ID: optical image stabilization controller for camera: Front not present in device_context
08-03 18:29:20.083  1114 24678 I G3ACoordinator: coordinator.cc:1149: Coordinator::AeNotifyCaptureSessionOpen called for camera: {position: front, lens_type: normal, spectrum: visible, instance: real}
08-03 18:29:20.083  1114 24678 I G3ACoordinator: coordinator.cc:1173: Coordinator::AfNotifyCaptureSessionOpen called for camera: {position: front, lens_type: normal, spectrum: visible, instance: real}
08-03 18:29:20.083  1114 24678 I G3ACoordinator: coordinator.cc:1198: Coordinator::AsdNotifyCaptureSessionOpen called for camera: {position: front, lens_type: normal, spectrum: visible, instance: real}
08-03 18:29:20.083  1114 24678 I G3ACoordinator: coordinator.cc:1215: Coordinator::AwbNotifyCaptureSessionOpen called for camera: {position: front, lens_type: normal, spectrum: visible, instance: real}
08-03 18:29:20.083  1114 24678 I Lyric   : device_context.cc:135: Unable to get SaliencyController. Status: NOT_FOUND: Failed to find controller by type; Controller with ID: saliency controller not present in device_context
08-03 18:29:20.083  1114  1820 I Lyric   : motion_sensor_controller_proxy.cc:472: Start to create all sensor readers, enable direct channel: 1, support async query: 0, sample streaming period: 5ms
08-03 18:29:20.083  1114  1820 I Lyric   : direct_channel_motion_sensor_data_streamer.cc:341: Periodic timer is null, sample packet update need to be triggered before query data, type: gyroscope
08-03 18:29:20.084  1114 24678 I Lyric   : device_context.cc:157: Unable to get RoiTrackingController. Status: NOT_FOUND: Failed to find controller by type; Controller with ID: Roi tracking controller not present in device_context
08-03 18:29:20.084  1114 24678 I G3ACoordinator: coordinator.cc:1132: Coordinator::NotifyCaptureSessionOpen called for camera: {position: front, lens_type: normal, spectrum: visible, instance: real}
08-03 18:29:20.084  1114 14740 I Lyric   : camera_device_session_manager_base.cc:375: CameraDeviceSessionManager for camera id(Front) is created.
08-03 18:29:20.085  1114 14740 I Lyric   : camera_device_session_hwl_impl.cc:352: Created CameraDeviceSessionHwlImpl for camera 1
08-03 18:29:20.086  1114 14740 I Lyric   : camera_device_manager_impl.cc:212: Pinning memory flag is set to 0.
08-03 18:29:20.098  1114  1593 I G3ACoordinator: front_als_manager.cc:173: Front ALS sensor enabled
08-03 18:29:20.101  1114 20571 I Lyric   : lyric_basic_capture_session.cc:37: LyricBasicCaptureSession only support logical camera
08-03 18:29:20.101  1114 20571 I Lyric   : camera_powerhal.cc:173: SetPowerBoost Trigger CAMERA_BACKEND_BOOST for 300ms
08-03 18:29:20.101  1114 20571 I Lyric   : camera_powerhal.cc:248: SetPowerStreamingMode CAMERA_GPU_STANDARD mode
08-03 18:29:20.101  1114 20571 I Lyric   : camera_powerhal.cc:248: SetPowerStreamingMode CAMERA_STREAMING_VIDEO_CALL mode
08-03 18:29:20.101  1114 24674 I Lyric   : camera_device_session_hwl_impl.cc:878: BuildPipelines entered, camera_id: 1
08-03 18:29:20.101  1114 24674 I Lyric   : active_camera_device_tracker.cc:51: Adding camera: 1, is_logical_camera: 0, is_front_camera: 1, is_1p_camera_app: 0, active devices: 0, is_tele_camera_participant: 0
08-03 18:29:20.101  1114 24683 I Lyric   : sensor_generic_driver.cc:5073: LESHEN ReadSensorId success: 0x712 setting version: 10.11 setting type: 0
08-03 18:29:20.101  1114 24674 I Lyric   : active_camera_device_tracker.cc:194: No specific graph requested, allowing lyric to select based on stream configuration.
08-03 18:29:20.101  1114 24674 I Lyric   : camera_device_session_manager_base.cc:567: Attempting to build a processing graph
08-03 18:29:20.101  1114 24674 W Lyric   : generic_graph.cc:97: Force LTMPostProcessingNode to be disabled because is not supported by current device or LTM is disabled.
08-03 18:29:20.101  1114 24674 I Lyric   : stream_info_parser.cc:138: Project11 enabled: 0
08-03 18:29:20.101  1114 24674 W Lyric   : stream_info_parser.cc:438: Camera Front unknown stream: {type: Streaminfo, stream_id: 0, camera_id: Front, format: YCBCR_420_888, width: 640, height: 480, usage: [], stream_type: Output, use_case: Default, data_space: DataSpace(Color)::(Standard: BT601_625, Transfer: SMPTE_170M, Range: Full), is_framework_physical_stream: 0, dynamic_range_profile: Standard, intended_for_max_resolution_mode: 0, group_id: -1, is_tunable: 1} does not fall in any known use case
08-03 18:29:20.101  1114 24674 I Lyric   : stream_info_parser.cc:329: 3P ZSL not supported: no eligible JPEG or YUV snapshot stream
08-03 18:29:20.101  1114 24674 I Lyric   : generic_subgraph.cc:886: Front request sensor binning for resolution 640x480
08-03 18:29:20.101  1114 24674 I Lyric   : generic_subgraph.cc:1118: The aligner on camera Front is Hw Tnr Align
08-03 18:29:20.101  1114 24674 I Lyric   : generic_subgraph.cc:1144: Roshi not supported in Front
08-03 18:29:20.101  1114 24674 I Lyric   : graph_states.cc:56: Failed to add camera id to priority map as the device doesn't support it: NOT_FOUND: Couldn't find the CameraId which has {position: front, lens_type: normal, spectrum: visible, instance: virtual}
08-03 18:29:20.101  1114 24674 I Lyric   : generic_graph.cc:463: [MULTICAM_DEBUG] Making Generic graph.
08-03 18:29:20.101  1114 24674 I Lyric   : generic_subgraph.cc:1405: Camera id 1 supports settings override.
08-03 18:29:20.101  1114 24674 I Lyric   : sensor_generic_driver.cc:1905: LESHEN GetModeIndex requirement {size = {width: 640, height: 480}, frame_rate_range = [15, 30], request_binning_mode = true, request_pd_stream = false, only_config_logical_cam_stream = false, camera_id = [<recursive>], require_full_fov = true, is_high_frame_rate = false, crop_margin = 0, is_sibling_camera_participating = false, sub_image_count = 1, is_face_auth = false, is_video_mode = false, is_high_resolution_mode = false, is_roshi_enabled = false, is_specific_aspect_ratio_video = false, require_exact_size = false, force_sensor_mode_index = -1, is_multi_cam_usecase = false, raw_stream_usecase = 0} required aspect ratio 1.36979 pick_transition_mode 0 require exact size 0
08-03 18:29:20.101  1114 24674 I Lyric   : sensor_generic_driver.cc:1999: LESHEN GetModeIndex requirement use_binning_mode 1
08-03 18:29:20.101  1114 24674 I Lyric   : sensor_generic_driver.cc:2006: LESHEN candidate mode index 0, size = {width: 4208, height: 3072}, pd = 0, frame rate range = [7.5, 30], is faceauth mode 0
08-03 18:29:20.101  1114 24674 I Lyric   : sensor_generic_driver.cc:2006: LESHEN candidate mode index 1, size = {width: 4208, height: 2368}, pd = 0, frame rate range = [7.5, 30], is faceauth mode 0
08-03 18:29:20.101  1114 24674 I Lyric   : sensor_generic_driver.cc:2006: LESHEN candidate mode index 2, size = {width: 2104, height: 1536}, pd = 0, frame rate range = [15, 60], is faceauth mode 0
08-03 18:29:20.101  1114 24674 I Lyric   : sensor_generic_driver.cc:2006: LESHEN candidate mode index 3, size = {width: 2104, height: 1184}, pd = 0, frame rate range = [15, 60], is faceauth mode 0
08-03 18:29:20.101  1114 24674 I Lyric   : sensor_generic_driver.cc:2006: LESHEN candidate mode index 4, size = {width: 2104, height: 1536}, pd = 0, frame rate range = [15, 30.02], is faceauth mode 1
08-03 18:29:20.101  1114 24674 I Lyric   : sensor_generic_driver.cc:2154: LESHEN Matching sensor mode found, mode index: 2
08-03 18:29:20.101  1114 24674 I Lyric   : sensor_generic_driver.cc:2334: LESHEN Mode size {width: 2104, height: 1536} FPS [15, 60] requested FPS [15, 30] MIPI rate 1105.92Mbps rss 14.4672ms
08-03 18:29:20.101  1114 24674 I Lyric   : sensor_generic_driver.cc:2475: dpm: camera LESHEN, line time: 9.41875us, pixel_rate_vt: 311296000, width: 2104, height: 1536, dual pd size: {width: 0, height: 0}, sparse pd size: {width: 0, height: 0}, emb height: 1, hblanking: 2062, mode.hblanking: 2062, vblanking: 1996(18.799825ms), mode.vblanking: 228(2.147475ms), frame lines: 1768, frame lines for required fps: 3536, line pixels: 2932, FPS: 60, requested FPS: 30, binning factor: {x: 2, y: 2}, analog_gain_range: [1, 16], digital_gain_range: [1, 8], mode index = 2, size = {width: 2104, height: 1536}, pd = 0, frame rate range = [15, 60]
08-03 18:29:20.101  1114 24674 I Lyric   : sensor_node.cc:492: sensor: CPU affinity setting: Auto
08-03 18:29:20.101  1114 24674 W Lyric   : sensor_node.cc:269:  Failed to get pdaf calibration data
08-03 18:29:20.101  1114 24674 I Lyric   : generic_subgraph.cc:1775: minimum pipeline delay: 3, is_portrait_mode: 0 pipeline delay: 3
08-03 18:29:20.101  1114 24674 I Lyric   : generic_subgraph.cc:1789: positive_offsets_enabled: DISABLED
08-03 18:29:20.101  1114 24674 I Lyric   : generic_subgraph.cc:1793: hal_touch_roi_tracking_enabled: ENABLED
08-03 18:29:20.101  1114 24674 I Lyric   : generic_subgraph.cc:1891: enable_eis_blur_refinement_mask_data_flow=0 camera=1
08-03 18:29:20.101  1114 24674 I Lyric   : generic_subgraph.cc:2017: Adding segmentation node
08-03 18:29:20.101  1114 24674 I Lyric   : segmentation_node.cc:189: using multiclass segmentor v1
08-03 18:29:20.101  1114 24674 I Lyric   : segmentation_node.cc:195: using multiclass segmentor v2
08-03 18:29:20.101  1114 24674 I Lyric   : segmentation_node.cc:229: segmentation: CPU affinity setting: Big Core
08-03 18:29:20.102  1114 24674 I Lyric   : generic_subgraph.cc:2628: Attempt to obtain pd dma output format from sensor mode
08-03 18:29:20.102  1114 24674 I Lyric   : zuma_isp_subgraph.cc:834: DSNR is disabled and Skin Texture is disabled in Lyric for camera Front
08-03 18:29:20.102  1114 24674 I Lyric   : zuma_isp_subgraph.cc:498: all backend pipelines for nodes: 
08-03 18:29:20.102  1114 24674 I Lyric   : zuma_isp_subgraph.cc:499: scaled_streams_raw_to_yuv: Pipeline (ID: (instance_id: 1320), IPs: [ RawToYuv TnrMerge ], Max Outputs: 1, IPConnections: [ {producer: RawToYuv, consumer: TnrMerge, connection_type: votf}, ], Usecase: Realtime)
08-03 18:29:20.102  1114 24674 I Lyric   : zuma_isp_subgraph.cc:502: raw_to_yuv_for_snapshot_exceeding_video: Pipeline (ID: (instance_id: 1305), IPs: [ RawToYuv ], Max Outputs: 1, IPConnections: [ ], Usecase: Snapshot)
08-03 18:29:20.102  1114 24674 I Lyric   : zuma_isp_subgraph.cc:505: tnr_merge: Pipeline (ID: (instance_id: 1320), IPs: [ RawToYuv TnrMerge ], Max Outputs: 1, IPConnections: [ {producer: RawToYuv, consumer: TnrMerge, connection_type: votf}, ], Usecase: Realtime)
08-03 18:29:20.102  1114 24674 I Lyric   : zuma_isp_subgraph.cc:507: preview_mesh_warp: Pipeline (ID: (instance_id: 1321), IPs: [ MeshWarp Scaler ], Max Outputs: 1, IPConnections: [ {producer: MeshWarp, consumer: Scaler, connection_type: votf}, ], Usecase: Realtime)
08-03 18:29:20.102  1114 24674 I Lyric   : zuma_isp_subgraph.cc:509: video_mesh_warp: Pipeline (ID: (instance_id: 1308), IPs: [ MeshWarp ], Max Outputs: 1, IPConnections: [ ], Usecase: Video)
08-03 18:29:20.102  1114 24674 I Lyric   : zuma_isp_subgraph.cc:511: mesh_warp_for_snapshot_exceeding_video: Pipeline (ID: (instance_id: 1309), IPs: [ MeshWarp ], Max Outputs: 1, IPConnections: [ ], Usecase: Snapshot)
08-03 18:29:20.102  1114 24674 I Lyric   : zuma_isp_subgraph.cc:514: pipeline_info_for_dsnr_snapshot_mesh_warp: Pipeline (ID: (instance_id: 1310), IPs: [ MeshWarp ], Max Outputs: 1, IPConnections: [ ], Usecase: Snapshot)
08-03 18:29:20.102  1114 24674 I Lyric   : zuma_isp_subgraph.cc:517: post_itsc_scaler: Pipeline (ID: (instance_id: 1311), IPs: [ Scaler ], Max Outputs: 0, IPConnections: [ ], Usecase: PostItsc)
08-03 18:29:20.102  1114 24674 I Lyric   : zuma_isp_subgraph.cc:519: preview_scaler: Pipeline (ID: (instance_id: 1321), IPs: [ MeshWarp Scaler ], Max Outputs: 1, IPConnections: [ {producer: MeshWarp, consumer: Scaler, connection_type: votf}, ], Usecase: Realtime)
08-03 18:29:20.102  1114 24674 I Lyric   : zuma_isp_subgraph.cc:521: video_scaler: Pipeline (ID: (instance_id: 1313), IPs: [ Scaler ], Max Outputs: 0, IPConnections: [ ], Usecase: Video)
08-03 18:29:20.102  1114 24674 I Lyric   : zuma_isp_subgraph.cc:523: scaler_for_snapshot_exceeding_video: Pipeline (ID: (instance_id: 1314), IPs: [ Scaler ], Max Outputs: 0, IPConnections: [ ], Usecase: Snapshot)
08-03 18:29:20.102  1114 24674 I Lyric   : zuma_isp_subgraph.cc:526: recomp_scaler: Pipeline (ID: (instance_id: 1315), IPs: [ Scaler ], Max Outputs: 0, IPConnections: [ ], Usecase: Recomposition)
08-03 18:29:20.102  1114 24674 I Lyric   : zuma_isp_subgraph.cc:528: pipeline_info_for_dsnr_snapshot_scaler: Pipeline (ID: (instance_id: 1316), IPs: [ Scaler ], Max Outputs: 0, IPConnections: [ ], Usecase: Snapshot)
08-03 18:29:20.102  1114 24674 I Lyric   : zuma_isp_subgraph.cc:532: pipeline_info_for_throttled_scaled_streams_raw_to_yuv: Pipeline (ID: (instance_id: 1317), IPs: [ RawToYuv ], Max Outputs: 1, IPConnections: [ ], Usecase: Realtime)
08-03 18:29:20.102  1114 24674 I Lyric   : zuma_isp_subgraph.cc:535: pipeline_info_for_throttled_recomposition_scaler: Pipeline (ID: (instance_id: 1318), IPs: [ Scaler ], Max Outputs: 0, IPConnections: [ ], Usecase: Recomposition)
08-03 18:29:20.102  1114 24674 I Lyric   : zuma_isp_subgraph.cc:538: pipeline_info_for_throttled_preview_scaler: Pipeline (ID: (instance_id: 1319), IPs: [ Scaler ], Max Outputs: 1, IPConnections: [ ], Usecase: Realtime)
08-03 18:29:20.102  1114 24674 I Lyric   : fe_node.cc:633: frontend enabling setting_effective_frame_override output
08-03 18:29:20.102  1114 24674 I Lyric   : fe_node.cc:2841: frontendLMP DDS crop enabled: false, debug property value: false, AutoCal crop enabled: false, YUV to framework enabled: false
08-03 18:29:20.102  1114 24674 I Lyric   : whi_like_isp_back_end_core_subgraph.cc:418: Enable TNR nodes in graph
08-03 18:29:20.102  1114 24674 I Lyric   : whi_like_isp_back_end_core_subgraph.cc:538: TnrMergeNode is configured to output consumer type 2 fmt: HalImageFormat{ pixel_format = YCBCR_420_SPN_10B, stride_alignment = 64, num_buffers = 1 } for Front
08-03 18:29:20.102  1114 24674 I Lyric   : whi_like_isp_back_end_core_subgraph.cc:821: RawToYuvNode is configured to output consumer type 0 fmt: HalImageFormat{ pixel_format = YCBCR_420_SPN_10B, stride_alignment = 16, num_buffers = 1 } for Front
08-03 18:29:20.102  1114 24674 I Lyric   : whi_like_isp_back_end_core_subgraph.cc:921: RawToYuvNode for snapshot exceeding video is configured to output consumer type 2 fmt: HalImageFormat{ pixel_format = YCBCR_420_SPN_10B, stride_alignment = 64, num_buffers = 1 } for Front
08-03 18:29:20.102  1114 24674 I Lyric   : whi_like_isp_post_proc_subgraph.cc:270: Including MeshWarpNode
08-03 18:29:20.102  1114 24674 I Lyric   : whi_like_isp_post_proc_subgraph.cc:296: Including mesh warp pipeline for preview
08-03 18:29:20.102  1114 24674 I Lyric   : whi_like_isp_post_proc_subgraph.cc:327: Preview mesh warp is configured to output HalImageFormat{ pixel_format = YCBCR_420_SPN_10B, stride_alignment = 64, num_buffers = 1 }
08-03 18:29:20.102  1114 24674 I Lyric   : camera_device_session_manager_base.cc:1412: Stream 0 limited to 7 inflight requests
08-03 18:29:20.102  1114 24674 I Lyric   : camera_device_session_manager_base.cc:1422: Front frontend limited to 3 inflight requests
08-03 18:29:20.102  1114 24674 I Lyric   : generic_subgraph.cc:3018: camera_id = 1; is_front_camera = 1; is_1p_camera_app = 0; video_call = 1
08-03 18:29:20.102  1114 24674 I Lyric   : auto_exposure_node.cc:633: ae: CPU affinity setting: Medium Core
08-03 18:29:20.103  1114 24674 I Lyric   : face_detection_node.cc:349: Face Detection: FaceDetectionNode: update expected scaled YUV size to 640 x 480
08-03 18:29:20.103  1114 24674 W Lyric   : rectiface_node.cc:400: Deferrable rectiface spec does not have any value
08-03 18:29:20.103  1114 24674 I Lyric   : whi_like_isp_back_end_core_subgraph.cc:189: RawToYuvNode(Front) output size: {width: 1024, height: 768}
08-03 18:29:20.103  1114 24674 I Lyric   : camera_device_session_manager_base.cc:580: Successfully constructed graph: top_graph_for_camera_Front, graph class: GenericGraph, graph_configuration:
08-03 18:29:20.103  1114 24674 I Lyric   : graph_configuration.cc:378: {type: Streaminfo, stream_id: 0, camera_id: Front, format: YCBCR_420_888, width: 640, height: 480, usage: [], stream_type: Output, use_case: Default, data_space: DataSpace(Color)::(Standard: BT601_625, Transfer: SMPTE_170M, Range: Full), is_framework_physical_stream: 0, dynamic_range_profile: Standard, intended_for_max_resolution_mode: 0, group_id: -1, is_tunable: 1}
08-03 18:29:20.103  1114 24674 I Lyric   : graph_configuration.cc:381: {type: StreamConfigurationMode, Front: Normal}
08-03 18:29:20.103  1114 24674 I Lyric   : camera_performance_analyzer.cc:21: [CPA] CPA-Lite is enabled.
08-03 18:29:20.103  1114 24674 I Lyric   : graph_runner_deferring_work_queue.cc:120: GraphRunner: Using GraphRunnerDeferringWorkQueue
08-03 18:29:20.103  1114 24674 I Lyric   : graph_runner_deferring_work_queue.cc:122: Thread pool config , Input Priority: High, affinity: Auto, process group: CameraServicePerformance, # of threads: 4
08-03 18:29:20.103  1114 24674 I Lyric   : graph_runner_deferring_work_queue.cc:122: Thread pool config , Input Priority: Realtime, affinity: Auto, process group: CameraServicePerformance, # of threads: 6
08-03 18:29:20.103  1114 24674 I Lyric   : graph_runner_deferring_work_queue.cc:122: Thread pool config , Input Priority: Normal, affinity: Auto, process group: CameraServicePerformance, # of threads: 3
08-03 18:29:20.103  1114 24674 I Lyric   : thread_pool.h:192: ThreadPool: SessionPool resized to 14 active threads, and 0 inactive ones.
08-03 18:29:20.103  1114 24674 I Lyric   : camera_device_session_manager_base.cc:654: CameraMode: 8
08-03 18:29:20.103  1114 24674 I Lyric   : camera_device_session_manager_base.cc:878: Attempting to start graph:top_graph_for_camera_Front
08-03 18:29:20.103  1114 24693 I Lyric   : binder_sensor_vsync_reader.cc:25: Created BinderSensorVsyncReader, cam_vsync_id: 1
08-03 18:29:20.104  1114 24674 I Lyric   : camera_device_session_manager_base.cc:882: Successfully started graph:top_graph_for_camera_Front
08-03 18:29:20.104  1114  1596 I Lyric   : sensor_node.cc:499: SensorNode starting for sensor: LESHEN, camera: Front
08-03 18:29:20.104  1114  1596 I Lyric   : face_detection_engine_face_ssd.cc:238: Face Detection: FaceDetectionEngineFaceSsd::Initialize::CreateDetector takes 32.674us
08-03 18:29:20.104  1114  1596 I Lyric   : face_detection_controller.cc:499: Face Detection: Using graph runner thread pool.
08-03 18:29:20.104  1114  1593 I Lyric   : motion_sensor_controller_proxy.cc:438: MotionSensor context requests resource change to normal.
08-03 18:29:20.104  1114  1596 W Lyric   : fe_node.cc:779: frontend Failed to get pdaf calibration data
08-03 18:29:20.104  1114  1596 I Lyric   : fe_node.cc:2841: frontendLMP DDS crop enabled: false, debug property value: false, AutoCal crop enabled: false, YUV to framework enabled: false
08-03 18:29:20.104  1114  1596 I Lyric   : per_camera_barrier_impl.cc:47: Blocker for FeControllerBlockCam1ToStartExp0#0 acquired
08-03 18:29:20.104  1114  1596 I Lyric   : unified_zuma_front_end_controller.cc:1075: [CAM1] Ready to acquire driver context for sensor LESHEN, mode_index 2, csi-ch 6, at (4208x3072). With a normal lens at front position.
08-03 18:29:20.104  1114  1596 I Lyric   : zuma_fe_driver.cc:910: Power Context acquired in FE driver.
08-03 18:29:20.104  1114  1596 I Lyric   : zuma_fe_driver.cc:1132: [ISPFE] Enabling the device
08-03 18:29:20.104  1114  1593 I Lyric   : whi_rectiface_controller.cc:65: camera_hal_id 1 active array 4208 3072
08-03 18:29:20.105  1114  1596 I Lyric   : zuma_fe_resetter.cc:146: FrontEnd: SW Reset begins.
08-03 18:29:20.106  1114  1820 I Lyric   : direct_channel_motion_sensor_data_streamer.cc:490: gyroscope direct channel created.
08-03 18:29:20.106  1114  1820 I Lyric   : direct_channel_motion_sensor_data_streamer.cc:341: Periodic timer is null, sample packet update need to be triggered before query data, type: gravity
08-03 18:29:20.106  1114  1596 I Lyric   : zuma_fe_resetter.cc:157: FrontEnd: SW Reset done: rstctl_status = 0x0
08-03 18:29:20.106  1114  1596 I Lyric   : zuma_lmp_driver.cc:382: Configuring global system CSRs
08-03 18:29:20.107  1114  1593 I Lyric   : zuma_votf_c2serv.cc:19: chip revision = 9, votf ip = TNR, register block id = 2
08-03 18:29:20.107  1114  1596 I Lyric   : zuma_csis_core_driver.cc:198: CSIS Core: ebuf_free_byte_size: 0x75800, ebuf_fifo_intf0_ctl0: 0x967b5c2e
08-03 18:29:20.107  1114  1593 I Lyric   : zuma_votf_c2serv.cc:23: num write dma = 0, num read dma = 2, process lines = 32
08-03 18:29:20.107  1114  1593 I Lyric   : zuma_votf_c2serv.cc:19: chip revision = 9, votf ip = MCSC, register block id = 3
08-03 18:29:20.107  1114  1593 I Lyric   : zuma_votf_c2serv.cc:23: num write dma = 0, num read dma = 4, process lines = 1
08-03 18:29:20.107  1114  1593 I Lyric   : zuma_votf_c2serv.cc:19: chip revision = 9, votf ip = GDC0, register block id = 4
08-03 18:29:20.107  1114  1593 I Lyric   : zuma_votf_c2serv.cc:23: num write dma = 2, num read dma = 0, process lines = 64
08-03 18:29:20.107  1114  1593 I Lyric   : zuma_votf_c2serv.cc:19: chip revision = 9, votf ip = GDC1, register block id = 5
08-03 18:29:20.107  1114  1593 I Lyric   : zuma_votf_c2serv.cc:23: num write dma = 2, num read dma = 0, process lines = 64
08-03 18:29:20.107  1114  1593 I Lyric   : zuma_votf_c2serv.cc:19: chip revision = 9, votf ip = RGBP, register block id = 0
08-03 18:29:20.107  1114  1593 I Lyric   : zuma_votf_c2serv.cc:23: num write dma = 1, num read dma = 0, process lines = 1
08-03 18:29:20.107  1114  1593 I Lyric   : zuma_votf_c2serv.cc:19: chip revision = 9, votf ip = YUVP, register block id = 1
08-03 18:29:20.107  1114  1593 I Lyric   : zuma_votf_c2serv.cc:23: num write dma = 2, num read dma = 0, process lines = 1
08-03 18:29:20.107  1114  1593 I Lyric   : zuma_votf_c2serv.cc:19: chip revision = 9, votf ip = GSE, register block id = 6
08-03 18:29:20.107  1114  1593 I Lyric   : zuma_votf_c2serv.cc:23: num write dma = 0, num read dma = 2, process lines = 1
08-03 18:29:20.107  1114  1594 I Lyric   : rgbp_driver.cc:449: Ip version: 0x1050001
08-03 18:29:20.107  1114  1594 I Lyric   : mcfp_driver.cc:804: Ip version: 0x10050000
08-03 18:29:20.107  1114  1594 I Lyric   : yuvp_driver.cc:529: Ip version: 0x1050001
08-03 18:29:20.107  1114  1594 I Lyric   : zuma_be_core_driver_impl.cc:542: Successfully powered up BeCore block.
08-03 18:29:20.108  1114 20571 I Lyric   : camera_powerhal.cc:173: SetPowerBoost Trigger CAMERA_LAUNCH_EXTENDED for 2000ms
08-03 18:29:20.108  1114 20571 I Lyric   : retiming_node.cc:1313: ******** dpm: retiming change DPM mode from -1 to 0, is virtual transition: 0, framework request id 0, frame number: 0
08-03 18:29:20.108  1114  1593 I Lyric   : slc_driver.cc:58: SLC setup: pid = 5 : StrItf_YUVP_to_TNR : 3 ways (buf fd 222)
08-03 18:29:20.108  1114  1594 I Lyric   : raw_to_yuv_node.cc:754: Starting node raw_to_yuv with Pipeline (ID: (instance_id: 1320), IPs: [ RawToYuv TnrMerge ], Max Outputs: 1, IPConnections: [ {producer: RawToYuv, consumer: TnrMerge, connection_type: votf}, ], Usecase: Realtime) on camera 1
08-03 18:29:20.108  1114  1594 I Lyric   : raw_to_yuv_node.cc:758: Also starting node raw_to_yuv with throttled Pipeline (ID: (instance_id: 1317), IPs: [ RawToYuv ], Max Outputs: 1, IPConnections: [ ], Usecase: Realtime) on camera 1
08-03 18:29:20.109  1114  1594 I Lyric   : mesh_warp_node.cc:348: Starting node preview_mesh_warp with Pipeline (ID: (instance_id: 1321), IPs: [ MeshWarp Scaler ], Max Outputs: 1, IPConnections: [ {producer: MeshWarp, consumer: Scaler, connection_type: votf}, ], Usecase: Realtime) on camera 1
08-03 18:29:20.109  1114  1594 I Lyric   : slc_driver.cc:58: SLC setup: pid = 7 : StrItf_GDC0_to_MCSC : 3 ways (buf fd 280)
08-03 18:29:20.110  1114 24701 I Lyric   : lwis_event_thread.cc:209: LwEv:TnrAl event thread is starting . . .
08-03 18:29:20.110  1114  1594 I Lyric   : gdc_driver.cc:185: GDC Version: 16.5.0
08-03 18:29:20.110  1114  1594 I Lyric   : mcsc_driver.cc:439: [CMU MCSC] pll_con0_mux(0x1d000610): 16
08-03 18:29:20.110  1114  1594 I Lyric   : common_scaler_driver.cc:504: zuma-mcsc: successfully powered up, version: 16.5.0
08-03 18:29:20.110  1114  1594 I Lyric   : scaler_node.cc:337: Starting node preview_scaler with Pipeline (ID: (instance_id: 1321), IPs: [ MeshWarp Scaler ], Max Outputs: 1, IPConnections: [ {producer: MeshWarp, consumer: Scaler, connection_type: votf}, ], Usecase: Realtime) on camera 1
08-03 18:29:20.110  1114  1594 I G3ACoordinator: awb_session_config_parser_lyric.cc:245: sensor_mode ptr [0xb40000757b6a1ac0], sobek_enabled [false], post_process [0]
08-03 18:29:20.110  1114  1594 I G3ACoordinator: awb_session_config_parser_lyric.cc:285: Map sensor mode property: sobek_enabled [false], hdr_mode [0]
08-03 18:29:20.110  1114  1594 I G3ACoordinator: awb_session_config_parser_lyric.cc:210: Map sensor name [LESHEN] binning_factor [2 2] mode_index [2] to GCam sensor ID [1]
08-03 18:29:20.110  1114  1594 I G3ACoordinator: awb_session_config_parser_lyric.cc:145: Fail to read calibration data for camera[front normal]]. Use the default LED decision in tuning!
08-03 18:29:20.110  1114  1594 I G3ACoordinator: awb_engine.cc:423: Use lut file ghawb_para_lut_front_normal.binarypb
08-03 18:29:20.110  1114  1594 I G3ACoordinator: awb_engine.cc:476: Camera 1 Initial decision [1.9864472 1 1.6004219] CCT [5164] CCM [1.605597 -0.46809068 -0.13750625, -0.2327016 1.3762114 -0.14350992, -0.038102575 -0.6051936 1.6432962, 0 0 0, 1->1]
08-03 18:29:20.111  1114  1593 I Lyric   : slc_driver.cc:58: SLC setup: pid = 4 : GTNR iVOTF : 4 ways (buf fd 296)
