08-03 18:27:23.565  1114  1593 I Lyric   : per_camera_barrier_impl.cc:47: Blocker for FeControllerBlockCam1ToStartExp0#0 acquired
08-03 18:27:23.565  1114  1593 I Lyric   : unified_zuma_front_end_controller.cc:1075: [CAM1] Ready to acquire driver context for sensor LESHEN, mode_index 4, csi-ch 6, at (4208x3072). With a normal lens at front position.
08-03 18:27:23.565  1114  1593 I Lyric   : zuma_fe_driver.cc:910: Power Context acquired in FE driver.
08-03 18:27:23.565  1114  1593 I Lyric   : zuma_fe_driver.cc:1132: [ISPFE] Enabling the device
08-03 18:27:23.567  1114  1820 I Lyric   : direct_channel_motion_sensor_data_streamer.cc:490: gyroscope direct channel created.
08-03 18:27:23.567  1114  1820 I Lyric   : direct_channel_motion_sensor_data_streamer.cc:341: Periodic timer is null, sample packet update need to be triggered before query data, type: gravity
08-03 18:27:23.567  1114  1594 I G3ACoordinator: front_als_manager.cc:173: Front ALS sensor enabled
08-03 18:27:23.567  1114  1594 I G3ACoordinator: awb_session_config_parser_lyric.cc:245: sensor_mode ptr [0xb40000757b6936f0], sobek_enabled [false], post_process [0]
08-03 18:27:23.567  1114  1594 I G3ACoordinator: awb_session_config_parser_lyric.cc:285: Map sensor mode property: sobek_enabled [false], hdr_mode [0]
08-03 18:27:23.567  1114  1594 I G3ACoordinator: awb_session_config_parser_lyric.cc:210: Map sensor name [LESHEN] binning_factor [2 2] mode_index [4] to GCam sensor ID [1]
08-03 18:27:23.567  1114  1594 I G3ACoordinator: awb_session_config_parser_lyric.cc:145: Fail to read calibration data for camera[front normal]]. Use the default LED decision in tuning!
08-03 18:27:23.567  1114  1594 I G3ACoordinator: awb_engine.cc:423: Use lut file ghawb_para_lut_front_normal.binarypb
08-03 18:27:23.567  1114  1594 I G3ACoordinator: awb_engine.cc:476: Camera 1 Initial decision [2.0230525 1 1.5581659] CCT [5369] CCM [1.6643001 -0.67980003 0.0155, -0.29790002 1.4873002 -0.18940002, -0.021699999 -0.5896001 1.6113, 0 0 0, 1->1]
08-03 18:27:23.568  1114  1593 I Lyric   : zuma_fe_resetter.cc:146: FrontEnd: SW Reset begins.
08-03 18:27:23.568  1114 24535 I Lyric   : binder_sensor_vsync_reader.cc:25: Created BinderSensorVsyncReader, cam_vsync_id: 1
08-03 18:27:23.569  1114  1593 I Lyric   : zuma_fe_resetter.cc:157: FrontEnd: SW Reset done: rstctl_status = 0x0
08-03 18:27:23.569  1114  1593 I Lyric   : zuma_lmp_driver.cc:382: Configuring global system CSRs
08-03 18:27:23.578     0     0 I trusty  : gxp_device_impl: 423: Loaded GXP library:
08-03 18:27:23.569  1114  1593 I Lyric   : zuma_csis_core_driver.cc:198: CSIS Core: ebuf_free_byte_size: 0x75800, ebuf_fifo_intf0_ctl0: 0x967b5c2e
08-03 18:27:23.569  1114  1594 W G3ACoordinator: awb_engine.cc:520: Failed to register data types in data manager.
08-03 18:27:23.569  1114  1594 I G3ACoordinator: awb_engine.cc:523: [2, 1] AwbEngine_2_1 initialized
08-03 18:27:23.569  1114  1594 I Lyric   : motion_sensor_controller_proxy.cc:438: MotionSensor context requests resource change to normal.
08-03 18:27:23.570  1114  1594 I G3ACoordinator: ae_session_config_parser_lyric.cc:178: ispfe_raw_input_resolution [width:2104, height:1536]
08-03 18:27:23.570  1114  1594 I G3ACoordinator: ae_session_config_parser_lyric.cc:231: Map sensor mode property: sobek_enabled = false, g3a_session_info.hdr_mode = 0, sensor_mode_property 0
08-03 18:27:23.570  1114  1594 I G3ACoordinator: ae_session_config_parser_lyric.cc:243: Map sensor name [LESHEN], binning_factor [2, 2] and mode_index [4] to GCam sensor ID [1]
08-03 18:27:23.570  1114  1594 I G3ACoordinator: ae_engine.cc:284: session_type 2
08-03 18:27:23.570  1114  1594 I G3ACoordinator: ae_engine.cc:305: Creating new Gabc instance
08-03 18:27:23.571  1114  1949 I Lyric   : camera_powerhal.cc:173: SetPowerBoost Trigger CAMERA_LAUNCH_EXTENDED for 2000ms
08-03 18:27:23.571  1114  1949 I Lyric   : retiming_node.cc:1313: ******** dpm: retiming change DPM mode from -1 to 0, is virtual transition: 0, framework request id 0, frame number: 0
08-03 18:27:23.573  1512  2152 V Biometrics/AcquisitionClient: Acquired: 24 0, shouldSend: false
08-03 18:27:23.573  1114  1596 I Lyric   : rgbp_driver.cc:449: Ip version: 0x1050001
08-03 18:27:23.573  1114  1596 I Lyric   : mcfp_driver.cc:804: Ip version: 0x10050000
08-03 18:27:23.573  1114  1596 I Lyric   : yuvp_driver.cc:529: Ip version: 0x1050001
08-03 18:27:23.573  1114  1596 I Lyric   : zuma_be_core_driver_impl.cc:542: Successfully powered up BeCore block.
08-03 18:27:23.573  1512  2152 W FaceManager: Unknown authentication acquired message: 24, 0
08-03 18:27:23.579     0     0 I trusty  : gxp_device_impl: 425:  - Name: tuscany_dsp_lib
08-03 18:27:23.578  1512  1747 W PowerManagerService: Screen on took 201 ms
08-03 18:27:23.578  1512  1747 D BrightnessThermalClamper: Thermal status observer already started
08-03 18:27:23.578  1512  1747 I DreamManagerService: Gently waking up from dream.
08-03 18:27:23.578  1114 24516 W Lyric   : three_a_request_node.cc:124: 52 calls in 168 sec(s): ThreeARequestNode: Error getting  metadata entry [ANDROID_CONTROL_AF_REGIONS]: INVALID_ARGUMENT: Metadata doesn't have the entry for ANDROID_CONTROL_AF_REGIONS
08-03 18:27:23.578  1114 24516 I Lyric   : three_a_request_node.cc:634: three_a_request: updating 3A max FPS to 30
08-03 18:27:23.578  1114 24517 W Lyric   : motion_sensor_controller_proxy.cc:119: 8 calls in 355 sec(s): gravity: Attempting to query before the resource is ready.
08-03 18:27:23.578  1114 24517 W Lyric   : motion_sensor_controller_proxy.cc:119: 1 calls in 354 sec(s): accelerometer: Attempting to query before the resource is ready.
08-03 18:27:23.579  1114 24515 I Lyric   : conditional_dpm_node.cc:65: conditional_dpm turn to dpm mode: Normal, framte number: 0
08-03 18:27:23.579  1114  1593 I Lyric   : page_release_controller.cc:109: Disabling page releasing.
08-03 18:27:23.581     0     0 I trusty  : gxp_device_impl: 426:  - Functions: ExtractThumbnailKernel,Yuv2RgbKernel
08-03 18:27:23.581     0     0 I trusty  : logging.cc: 75: ***: :100: Creating dsp pal.
08-03 18:27:23.585  1114  1596 I Lyric   : zuma_secure_operation_controller.cc:71: ZumaSecureOperationController: Requested secure session for zuma-mcfp
08-03 18:27:23.586  1114  1596 I Lyric   : zuma_secure_operation_controller.cc:71: ZumaSecureOperationController: Requested secure session for zuma-rgbp
08-03 18:27:23.587  1114  1596 I Lyric   : zuma_secure_operation_controller.cc:71: ZumaSecureOperationController: Requested secure session for zuma-yuvp
08-03 18:27:23.588  1114  1596 I Lyric   : raw_to_yuv_node.cc:754: Starting node raw_to_yuv with Pipeline (ID: (instance_id: 1260), IPs: [ RawToYuv ], Max Outputs: 1, IPConnections: [ ], Usecase: Realtime) on camera 1
08-03 18:27:23.591  1114  1594 I G3ACoordinator: ae_engine.cc:310: Syncing exposure parameters from session 0 to 2
08-03 18:27:23.591  1114  1594 I G3ACoordinator: ae_engine.cc:2661: GABC fatp_enable_ = 0
08-03 18:27:23.591  1114  1594 I G3ACoordinator: ae_engine.cc:358: [0, 1] AeEngine_0_1 initialized
08-03 18:27:23.592  1114  1594 W Lyric   : auto_exposure_node.cc:1018: ae failed to acquire eco context: UNAVAILABLE: Not able to create valid eco proxy client
08-03 18:27:23.592  1114 24516 W Lyric   : motion_sensor_controller_proxy.cc:263: 6 calls in 355 sec(s): devive orientation: Attempting to query before the resource is ready.
08-03 18:27:23.592  1114 24516 I G3ACoordinator: ae_input_parser_lyric.cc:1621: Starter frame: rel_frame_num [-3]
08-03 18:27:23.592  1114 24516 W G3ACoordinator: data_manager.cc:154: [5, 25, 9000] can't be found
08-03 18:27:23.592  1114 24516 I G3ACoordinator: ae_engine.cc:440: Starter Frames
08-03 18:27:23.592  1114 24537 I Lyric   : multisensor_controller.cc:750: Front StartStreaming, waiting on barrier
08-03 18:27:23.592  1114 24538 I G3ACoordinator: awb_input_parser_lyric.cc:1017: Starter frame: rel_frame_num [-3]
08-03 18:27:23.592  1114 24537 I Lyric   : multisensor_controller.cc:802: camera Front start prepare spend : 11.393us
08-03 18:27:23.592  1114 24538 I G3ACoordinator: awb_engine.cc:1785: Load tuning with previous: Usecase: 1 Sensor mode: -1 Viridian value: -1 Camera position: 2 Camera lens_type: 0 Camera spectrum: -1 Partial Usecases: {} current: Usecase: 0 Sensor mode: -1 Viridian value: -1 Camera position: 2 Camera lens_type: 0 Camera spectrum: -1 Partial Usecases: {}
08-03 18:27:23.593  1114 24538 I G3ACoordinator: ae_input_parser_lyric.cc:1621: Starter frame: rel_frame_num [-2]
08-03 18:27:23.594  1114 24513 I Lyric   : unified_zuma_front_end_controller.cc:729: [CAM1] Updating power mode from Standby to Normal on frame 0
08-03 18:27:23.594  1114 24538 I G3ACoordinator: ae_engine.cc:440: Starter Frames
08-03 18:27:23.594  1114 24513 I Lyric   : zuma_fe_driver.cc:799: [ISPFE] Acquiring context. Sensor: LESHEN
08-03 18:27:23.594  1114 24513 I Lyric   : switchboard.cc:333: Booked resources: BookedResourceMap below:
08-03 18:27:23.594  1114 24513 I Lyric   :   Resource type Bayer OTF at index 4,
08-03 18:27:23.594  1114 24513 I Lyric   :   Resource type Image LoCH at index 0,
08-03 18:27:23.594  1114 24513 I Lyric   : zuma_csis_core_context.cc:402: [CAM1] Created Zuma CSIS Core context for sensor LESHEN with size: {width: 2104, height: 1536}
08-03 18:27:23.594  1114 24513 I Lyric   : zuma_csis_phy_link_context.cc:165: Zuma CsisPhyLinkContext_6 sensor with image size: {width: 2104, height: 1536}, format: raw_10
08-03 18:27:23.594  1114 24513 I Lyric   : zuma_csis_phy_link_context.cc:1322: Zuma CsisPhyLinkContext_6 Rx CTLE enable: 0, is CPHY: 0, mipi rate: 1105Msps
08-03 18:27:23.594  1114 24513 I Lyric   : zuma_csis_phy_link_context.cc:198: Zuma CsisPhyLinkContext_6 Disable Rx CTLE settings NcCoef: 0x0, CntRout: 0x5, BiasCon: 0x8, RselCnt: 0xa, CapCnt: 0xe
08-03 18:27:23.594  1114 24513 I Lyric   : zuma_fc_bayer_context.cc:44: FC bayer context 4 for camera 1 created, sensor output size: {width: 2104, height: 1536} bayer output size: 2104 x 1536
08-03 18:27:23.594  1114 24513 I Lyric   : zuma_lmp_line_buffer.h:50: For LMP bayer context index 4, requested width 2104 compared to last used width -1, after allocation, the available linebuffer size is 16584
08-03 18:27:23.594  1114 24513 I Lyric   : zuma_lmp_bayer_context.cc:61: Created Zuma LMP context with bayer size: 2104 x 1536 for sensor output stream 2104 x 1536
08-03 18:27:23.594  1114 24520 I G3ACoordinator: awb_input_parser_lyric.cc:1017: Starter frame: rel_frame_num [-2]
08-03 18:27:23.594  1114 24520 I G3ACoordinator: ae_input_parser_lyric.cc:1621: Starter frame: rel_frame_num [-1]
08-03 18:27:23.594  1114 24520 I G3ACoordinator: ae_engine.cc:440: Starter Frames
08-03 18:27:23.594  1114  1654 I Lyric   : zuma_fe_pdma_driver.cc:153: [FEIRQ] FE PDMA event 608 #1, timestamp: 2206129654362, name: IspFe.pdma_rstctl.Context0SwResetDone
08-03 18:27:23.595  1114 24513 I Lyric   : test_pattern_calculator.h:61: TpgSync clock: 465000 KHz, fps: 30.02
08-03 18:27:23.595  1114 24513 I Lyric   : image_logical_channel.cc:113: CSIS Core: ImgLoch_0 size: {width: 2104, height: 1536} auto_rec hblanking: 20248 auto_rec vblanking: 48804096
08-03 18:27:23.595  1114 24513 I Lyric   : zuma_csis_phy_link_context.cc:243: Zuma CsisPhyLinkContext_6 Camera ID(1) Initialized
08-03 18:27:23.595  1114 24538 I G3ACoordinator: awb_input_parser_lyric.cc:1017: Starter frame: rel_frame_num [-1]
08-03 18:27:23.595  1114 24513 I Lyric   : zuma_csis_phy_link_context.cc:955: Zuma CsisPhyLinkContext_6 IspConfigCh0 with virtual channel: 0, parallel mode: 0, size: {width: 2104, height: 1536}, format: raw_10
08-03 18:27:23.595  1114 24513 I Lyric   : zuma_csis_phy_link_context.cc:955: Zuma CsisPhyLinkContext_6 IspConfigCh1 with virtual channel: 0, parallel mode: 2, size: {width: 2104, height: 1}, format: 8_bit_data
08-03 18:27:23.595  1114 24513 I Lyric   : zuma_csis_phy_link_context.cc:251: Zuma CsisPhyLinkContext_6 enabled
08-03 18:27:23.595  1114 24513 I Lyric   : frame_override_helper.cc:17: [CAM1][ISPFE] FrameOverrideHelper is calculating setting_effective_frame_override with a margin of 0
08-03 18:27:23.595  1114 24513 I Lyric   : fe_programming_async.cc:83: Creating FeProgrammingAsync with context_info.indices: {bayer_context_index = [4], pdaf_context_index = nullopt, image_loch_indices = [0], pdaf_loch_indices = [], vc_loch_index = nullopt, rdma_indices = []}, context_info.acquired: {csis_phy_link = true, lmp_bayer = true, lmp_pdaf = false, fc_bayer = true, fc_pdaf = false, csis_image_wdmas = [], csis_pd_wdmas = [], csis_vc_wdma = false, csis_rdmas = []}
08-03 18:27:23.595  1114 24513 I Lyric   : zuma_fe_utils.cc:386: ISP-FE Bandwidth Formula V1.1
08-03 18:27:23.595  1114 24513 I Lyric   : zuma_fe_utils.cc:409: ISP-FE Clock Formula V1.7
08-03 18:27:23.595  1114 24513 I Lyric   : zuma_fe_driver.cc:1235: ISP-FE Qos Update: context(0), csi clock: 111000000, lmp clock: 60134160
08-03 18:27:23.596  1114 24513 I Lyric   : zuma_fe_driver.cc:1298: ISP-FE Qos Update: clock frequency: 111000000, write bandwidth: 271227840, read bandwidth: 0
08-03 18:27:23.596  1114 24513 I Lyric   : zuma_secure_operation_controller.cc:71: ZumaSecureOperationController: Requested secure session for zuma-fe
08-03 18:27:23.596  1114 24513 I Lyric   : unified_zuma_front_end_controller.cc:193: [CAM1] Acquired driver context for exposure 0.
08-03 18:27:23.596  1114 24513 I Lyric   : per_camera_barrier_impl.cc:47: Blocker for FeControllerBlockCam1ToStop#0 acquired
08-03 18:27:23.596  1114 24513 E Lyric   : software_fence.cc:40: Resetting unsignaled fence unnamed
08-03 18:27:23.596  1114 24513 I Lyric   : fe_node.cc:2616: frontend HalPixelFormat for FrontEndNode RAW16_BAYER_SBWC
08-03 18:27:23.596  1114 24513 I Lyric   : unified_zuma_front_end_controller.cc:301: [CAM1] The first sensor frame number is changed from -1 to 1 for exposure index 0.
08-03 18:27:23.597  1114 24513 I Lyric   : fe_programming_async.cc:520: [CAM1][ISPFE] Submitting config for frame number 1 to execute immediately
08-03 18:27:23.597  1114 24513 I Lyric   : register_sets.cc:171: ISPFE RegisterUpdate Expression events: IspFe.fc_bayer.Context4FcRegUpdated 
08-03 18:27:23.597  1114 24513 I Lyric   : fe_programming_async.cc:980: [CAM1][ISPFE] Releasing sensor start blocker with status OK
08-03 18:27:23.597  1114 24513 I Lyric   : per_camera_barrier_impl.cc:58: Blocker for FeControllerBlockCam1ToStartExp0#0 released with status: OK with lwis fence, which will be waited at sensor start transaction in kernel
08-03 18:27:23.597  1114 24513 I Lyric   : fe_programming_async.cc:654: [CAM1][ISPFE] Submitted SensorStartBlocker transaction id 335
08-03 18:27:23.597  1114 24513 I Lyric   : fe_programming_async.cc:596: [CAM1][ISPFE] Submitted config for frame number 1 with transaction id 336
08-03 18:27:23.597  1114  1653 I Lyric   : fe_programming_async_event_handler.cc:99: [FEIRQ] Received event IspFe.fe_programming.Context0SubmitProgrammingSuccess. Count: 1. Timestamp: 2206132588566 ns.
08-03 18:27:23.597  1114 24537 I Lyric   : multisensor_controller.cc:808: camera Front start wait for barrier spend : 5.006592ms
08-03 18:27:23.597  1114 24537 I Lyric   : dpm_bandwidth_controller_v2.cc:952: Update minimum MIF clock to 1000000000 number of active sensor: 1
08-03 18:27:23.597  1114 24537 I Lyric   : dpm_bandwidth_controller_v2.cc:1008: Update minimum INT clock to 200000000 number of active sensor: 1
08-03 18:27:23.598  1114  1653 I Lyric   : fe_programming_async_event_handler.cc:99: [FEIRQ] Received event IspFe.fe_programming.Context0SensorStartBlockerSuccess. Count: 1. Timestamp: 2206132853255 ns.
08-03 18:27:23.598  1114  1653 I Lyric   : image_logical_channel.cc:243: CSIS Core: Setting loch_en for ImgLoch_0
08-03 18:27:23.598  1114 24537 I Lyric   : sensor_generic_driver.cc:1200:  event thread started.
08-03 18:27:23.598  1114 24543 I Lyric   : sensor_generic_driver.cc:1157: LESHEN init success.
08-03 18:27:23.598  1114 24543 I Lyric   : sensor_generic_driver.cc:1163: LESHEN set mode success.
08-03 18:27:23.598  1114 24537 I Lyric   : sensor_generic_driver.cc:1385: LESHEN stream on, size: {width: 2104, height: 1536}, frame rate range: [15, 30.02], sensor ispfe sync in kernel with ispfe-side completion fence request id: 0
08-03 18:27:23.598  1114 24537 I Lyric   : per_camera_barrier_impl.cc:47: Blocker for MultiSensorController_Stop acquired
08-03 18:27:23.598  1114 24543 I Lyric   : sensor_generic_driver.cc:1058: LESHEN stream on success. Transaction delay: 141.683us
08-03 18:27:23.607  1114  1820 I Lyric   : direct_channel_motion_sensor_data_streamer.cc:490: gravity direct channel created.
08-03 18:27:23.607  1114  1820 W Lyric   : direct_channel_motion_sensor_data_streamer.cc:330: DirectChannelMotionSensorDataStreamer create sensor connection for gravity spent 39.912801ms: {type: DirectChannelDataStreamer, name: gravity, sensor_hal_latencies: {get_service_manager = 11.364584ms, get_default_sensor = 8.723145ms, create_shared_buffer = 1.06246ms, lock_shared_buffer = 1.145264ms, create_direct_channel = 10.336181ms, configure_direct_channel = 7.236043ms, disable_direct_channel = 0, unlock_shared_buffer = 0}}
08-03 18:27:23.607  1114  1820 I Lyric   : direct_channel_motion_sensor_data_streamer.cc:341: Periodic timer is null, sample packet update need to be triggered before query data, type: accelerometer
08-03 18:27:23.609  1114  1653 I Lyric   : fe_programming_async_event_handler.cc:99: [FEIRQ] Received event IspFe.fe_programming.Context0SofSyncSuccess. Count: 1. Timestamp: 2206144609562 ns.
08-03 18:27:23.609  1114  1654 I Lyric   : zuma_csis_core_driver.cc:262: [FEIRQ] CSIS Core context 0: event IspFe.csis_core_cmn_ctl.Loch0 #1, category: 8, count: 1, timestamp: 2206144638737
08-03 18:27:23.609  1114  1654 I Lyric   : zuma_csis_phy_link_driver.cc:220: [FEIRQ] CsisPhyLink context 6 event 2305843009213699458 name: IspFe.csis_int1.Context6FrameStart count: 1 timestamp: 2206144665593
08-03 18:27:23.609  1114  1654 I Lyric   : zuma_csis_phy_link_driver.cc:220: [FEIRQ] CsisPhyLink context 6 event 2305843009213699840 name: IspFe.csis_fs_int.Context6FrameStartCh0 count: 1 timestamp: 2206144675724
08-03 18:27:23.609  1114  1654 I Lyric   : dpm_bandwidth_controller_v2.cc:848: Current CLOCK_FAMILY_MIF clock 3744000
08-03 18:27:23.609  1114  1654 I Lyric   : dpm_bandwidth_controller_v2.cc:848: Current CLOCK_FAMILY_INT clock 533000
08-03 18:27:23.609  1114 24543 I Lyric   : sensor_generic_driver.cc:905: LESHEN 1st SOF arrived. Delay from stream on: 11.957926ms Delay from stream on transaction: 11.603719ms (Delay - exposure time): 1.61042525ms
08-03 18:27:23.609  1114 24543 I Lyric   : shutter_notification_manager.cc:269: 1 calls in 166 sec(s): vsync_timestamp unavailable. Apply previous vsync_sof_offset -187029
08-03 18:27:23.609  1114  1654 I Lyric   : dpm_bandwidth_controller_v2.cc:848: Current CLOCK_FAMILY_INTCAM clock 111000
08-03 18:27:23.610  1114  1654 I Lyric   : dpm_bandwidth_controller_v2.cc:848: Current CLOCK_FAMILY_TNR clock 111000
08-03 18:27:23.610  1114  1654 I Lyric   : dpm_bandwidth_controller_v2.cc:848: Current CLOCK_FAMILY_CAM clock 111000
08-03 18:27:23.610  1114  1654 I Lyric   : zuma_csis_phy_link_driver.cc:220: [FEIRQ] CsisPhyLink context 6 event 2305843009213699841 name: IspFe.csis_fs_int.Context6FrameStartCh1 count: 1 timestamp: 2206144690251
08-03 18:27:23.617  1512  1626 D ActivityManager: sync unfroze 8097 com.google.android.apps.privacy.wildlife for 3
08-03 18:27:23.624  1114  1654 I Lyric   : zuma_lmp_driver.cc:481: [FEIRQ] Lmp bayer context 4, event 2305843009213694849, name: IspFe.lmp_bayer.Context4Eof, count: 1, timestamp: 2206159235213
08-03 18:27:23.625  1114 24537 I Lyric   : raw_to_yuv_node.cc:1291: HalImageFormat for YUV output: HalImageFormat{ pixel_format = YCBCR_420_888, stride_alignment = 16, num_buffers = 1 }
08-03 18:27:23.637     0     0 I trusty  : logging.cc: 75: ***: :214: Command Received: AuthenticationEvaluate
08-03 18:27:23.633  1114  1820 I Lyric   : direct_channel_motion_sensor_data_streamer.cc:490: accelerometer direct channel created.
08-03 18:27:23.634  1114  1652 I Lyric   : zuma_be_core_event_handler_impl.cc:76: Received Hw event: BeCore.RgbpInt0.FrameEnd counter 1, timestamp: 2206169094792
08-03 18:27:23.634  1114  1652 I Lyric   : zuma_be_core_event_handler_impl.cc:76: Received Hw event: BeCore.YuvpInt0.FrameEnd counter 1, timestamp: 2206169158594
08-03 18:27:23.634  1114 24534 I Lyric   : camera_latency_analyzer.cc:100: [CLA] Cam1-Open
08-03 18:27:23.634  1114 24534 I Lyric   : camera_latency_analyzer.cc:102: [CLA] Open latency: 12.2256
08-03 18:27:23.634  1114 24534 I Lyric   : camera_latency_analyzer.cc:102: [CLA] <-- IDLE --> latency: 9.36043
08-03 18:27:23.634  1114 24534 I Lyric   : camera_latency_analyzer.cc:102: [CLA] ConfigureStream latency: 6.38489
08-03 18:27:23.634  1114 24534 I Lyric   : camera_latency_analyzer.cc:102: [CLA] <-- IDLE --> latency: 1.84855
08-03 18:27:23.634  1114 24534 I Lyric   : camera_latency_analyzer.cc:102: [CLA] First frame latency: 64.1454
08-03 18:27:23.634  1114 24534 I Lyric   : camera_latency_analyzer.cc:102: [CLA] Overall latency: 93.9771
08-03 18:27:23.634  1114 24534 I Lyric   : camera_latency_analyzer.cc:102: [CLA] HAL Total latency: 82.7511
08-03 18:27:23.639  1114 24535 I Lyric   : binder_sensor_vsync_reader.cc:40: Enabled BinderSensorVsyncReader, cam_vsync_id: 1
08-03 18:27:23.639  1114 24535 W Lyric   : shutter_notification_manager.cc:95:  sensor with vsync id : 1 creating vsync sensor spent 70.237874ms
08-03 18:27:23.649     0     0 I trusty  : logging.cc: 75: ***: :55: Unrecognized warp rescale mode: 448, 448 (1)
08-03 18:27:23.643  1114  1654 I Lyric   : zuma_csis_phy_link_driver.cc:220: [FEIRQ] CsisPhyLink context 6 event 2305843009213699457 name: IspFe.csis_int1.Context6FrameEnd count: 1 timestamp: 2206177985661
08-03 18:27:23.643  1114  1654 I Lyric   : zuma_csis_phy_link_driver.cc:220: [FEIRQ] CsisPhyLink context 6 event 2305843009213700224 name: IspFe.csis_fe_int.Context6FrameEndCh0 count: 1 timestamp: 2206178047225
08-03 18:27:23.643  1114  1654 I Lyric   : zuma_csis_phy_link_driver.cc:220: [FEIRQ] CsisPhyLink context 6 event 2305843009213700225 name: IspFe.csis_fe_int.Context6FrameEndCh1 count: 1 timestamp: 2206178053735
08-03 18:27:23.643  1114  1820 I Lyric   : binder_environment_sensor_reader.cc:78: Enabled BinderEnvironmentSensorReader, type: device_orientation
08-03 18:27:23.643  1114  1820 I Lyric   : motion_sensor_controller_proxy.cc:472: Start to create all sensor readers, enable direct channel: 1, support async query: 0, sample streaming period: 5ms
08-03 18:27:23.645  2196  2196 W FaceManager: Unknown authentication acquired message: 24, 0
08-03 18:27:23.645  1114 24543 W Lyric   : shutter_notification_manager.cc:211: 1 calls in 579 sec(s): re-sync SOF and vsync events. counter offset: 1 timestamp drift: -181021ns at frame count: 2
08-03 18:27:23.645  1512  2186 I DreamManagerService: Leaving dreamland.
08-03 18:27:23.647  2196  2250 D ShellSplitScreen: onFinishedWakingUp
08-03 18:27:23.647  1512  1610 I DreamController: Stopping dream: name=ComponentInfo{com.android.systemui/com.android.systemui.doze.DozeService}, isPreviewMode=false, canDoze=true, userId=0, reason='finished self'(from 'power manager request')
08-03 18:27:23.649  1512  2152 V Biometrics/AcquisitionClient: Acquired: 1 0, shouldSend: false
08-03 18:27:23.670     0     0 I trusty  : logging.cc: 75: ***: :214: Command Received: AuthenticationEvaluate
08-03 18:27:23.672     0     0 I trusty  : logging.cc: 75: ***: :55: Unrecognized warp rescale mode: 448, 448 (1)
08-03 18:27:23.679  1114 24543 W Lyric   : shutter_notification_manager.cc:227: 1 calls in 166 sec(s): vsync timeout for frame 3
08-03 18:27:23.683  1512  2152 V Biometrics/AcquisitionClient: Acquired: 1 0, shouldSend: false
08-03 18:27:23.702     0     0 I trusty  : logging.cc: 75: ***: :214: Command Received: AuthenticationEvaluate
08-03 18:27:23.705     0     0 I trusty  : logging.cc: 75: ***: :55: Unrecognized warp rescale mode: 448, 448 (1)
08-03 18:27:23.744     0     0 I trusty  : logging.cc: 75: ***: :214: Command Received: AuthenticationEvaluate
08-03 18:27:23.744  1512  2152 V Biometrics/AcquisitionClient: Acquired: 0 0, shouldSend: false
08-03 18:27:23.748     0     0 I trusty  : logging.cc: 75: ***: :55: Unrecognized warp rescale mode: 448, 448 (1)
08-03 18:27:23.757  1512  2152 V Biometrics/AcquisitionClient: Acquired: 1 0, shouldSend: false
08-03 18:27:23.770     0     0 I trusty  : logging.cc: 75: ***: :214: Command Received: AuthenticationEvaluate
08-03 18:27:23.773     0     0 I trusty  : logging.cc: 75: ***: :55: Unrecognized warp rescale mode: 448, 448 (1)
08-03 18:27:23.783  1512  2152 V Biometrics/AcquisitionClient: Acquired: 1 0, shouldSend: false
08-03 18:27:23.804     0     0 I trusty  : logging.cc: 75: ***: :214: Command Received: AuthenticationEvaluate
08-03 18:27:23.813     0     0 I trusty  : logging.cc: 75: ***: :55: Unrecognized warp rescale mode: 448, 448 (1)
08-03 18:27:23.812  1512  5617 I SoundTriggerMiddlewareLogging: UNLOAD_MODEL (1)
08-03 18:27:23.813  1512  5565 W SoundTriggerHelper: Unload error: Attempting unload invalid generic model with id:9f6ad62a-1f0b-11e7-87c5-40a8f03d3f15
08-03 18:27:23.823  1512  2152 V Biometrics/AcquisitionClient: Acquired: 1 0, shouldSend: false
08-03 18:27:23.827  1512  4182 I SoundTriggerMiddlewareLogging: LOAD_MODEL ("9f6ad62a-1f0b-11e7-87c5-40a8f03d3f15") -> 1
08-03 18:27:23.836     0     0 I trusty  : logging.cc: 75: ***: :214: Command Received: AuthenticationEvaluate
08-03 18:27:23.840     0     0 I trusty  : logging.cc: 75: ***: :55: Unrecognized warp rescale mode: 448, 448 (1)
08-03 18:27:23.848  1512  2152 V Biometrics/AcquisitionClient: Acquired: 1 0, shouldSend: false
08-03 18:27:23.872     0     0 I trusty  : logging.cc: 75: ***: :214: Command Received: AuthenticationEvaluate
08-03 18:27:23.874     0     0 I trusty  : logging.cc: 75: ***: :55: Unrecognized warp rescale mode: 448, 448 (1)
08-03 18:27:23.884  1512  4182 I SoundTriggerMiddlewareLogging: START_RECOGNITION (1, RecognitionConfig{captureRequested: true, phraseRecognitionExtras: [], audioCapabilities: 0, data: []}) -> android.os.Binder@a21549c
08-03 18:27:23.884  1512  4182 I SoundTriggerHelper: startRecognition successful.
08-03 18:27:23.884  1512  4182 W SoundTriggerService: error onStart(): Model 9f6ad62a-1f0b-11e7-87c5-40a8f03d3f15 already started
08-03 18:27:23.884  1512  4182 W SoundTriggerHelper: Unload error: Attempting unload invalid generic model with id:12caddb1-acdb-4dce-8cb0-2e95a2313aee
08-03 18:27:23.884  1512  4182 I SoundTriggerService: error onStop(): Model 12caddb1-acdb-4dce-8cb0-2e95a2313aee has no stats available
08-03 18:27:23.885  1512  2152 V Biometrics/AcquisitionClient: Acquired: 1 0, shouldSend: false
08-03 18:27:23.905     0     0 I trusty  : logging.cc: 75: ***: :214: Command Received: AuthenticationEvaluate
08-03 18:27:23.914     0     0 I trusty  : logging.cc: 75: ***: :55: Unrecognized warp rescale mode: 448, 448 (1)
08-03 18:27:23.916  1512  5616 I MediaSessionStack: addSession to bottom of stack | record: com.google.android.gms/cast_rcn_media_session/66 (userId=0)
08-03 18:27:23.919  1512  2152 V Biometrics/AcquisitionClient: Acquired: 17 0, shouldSend: false
08-03 18:27:23.939     0     0 I trusty  : logging.cc: 75: ***: :214: Command Received: AuthenticationEvaluate
08-03 18:27:23.941     0     0 I trusty  : logging.cc: 75: ***: :55: Unrecognized warp rescale mode: 448, 448 (1)
08-03 18:27:23.982  1512  2152 V Biometrics/AcquisitionClient: Acquired: 0 0, shouldSend: false
08-03 18:27:23.984     0     0 I trusty  : logging.cc: 75: ***: :214: Command Received: AuthenticationEvaluate
08-03 18:27:23.986     0     0 I trusty  : logging.cc: 75: ***: :55: Unrecognized warp rescale mode: 448, 448 (1)
08-03 18:27:24.033     0     0 I trusty  : logging.cc: 79: ***: :116: FixedPointWarpRescale source buffer is not mapped to DSP, expect slower runtime performance.
08-03 18:27:24.033     0     0 I trusty  : logging.cc: 79: ***: :116: FixedPointWarpRescale source buffer is not mapped to DSP, expect slower runtime performance.
08-03 18:27:24.034     0     0 I trusty  : logging.cc: 79: ***: :116: FixedPointWarpRescale source buffer is not mapped to DSP, expect slower runtime performance.
08-03 18:27:24.035     0     0 I trusty  : logging.cc: 79: ***: :116: FixedPointWarpRescale source buffer is not mapped to DSP, expect slower runtime performance.
08-03 18:27:24.036     0     0 I trusty  : logging.cc: 79: ***: :116: FixedPointWarpRescale source buffer is not mapped to DSP, expect slower runtime performance.
08-03 18:27:24.043     0     0 I trusty  : logging.cc: 79: ***: :89: ExtractFaceThumbnail source buffer is not mapped to DSP, expect slower runtime performance.
08-03 18:27:24.044     0     0 I trusty  : logging.cc: 79: ***: :89: ExtractFaceThumbnail source buffer is not mapped to DSP, expect slower runtime performance.
08-03 18:27:24.045     0     0 I trusty  : logging.cc: 79: ***: :89: ExtractFaceThumbnail source buffer is not mapped to DSP, expect slower runtime performance.
08-03 18:27:24.045     0     0 I trusty  : logging.cc: 79: ***: :89: ExtractFaceThumbnail source buffer is not mapped to DSP, expect slower runtime performance.
08-03 18:27:24.047     0     0 I trusty  : logging.cc: 79: ***: :89: ExtractFaceThumbnail source buffer is not mapped to DSP, expect slower runtime performance.
08-03 18:27:24.052     0     0 I trusty  : logging.cc: 79: ***: :89: ExtractFaceThumbnail source buffer is not mapped to DSP, expect slower runtime performance.
08-03 18:27:24.053     0     0 I trusty  : logging.cc: 79: ***: :89: ExtractFaceThumbnail source buffer is not mapped to DSP, expect slower runtime performance.
08-03 18:27:24.059  1512  2152 V Biometrics/AcquisitionClient: Acquired: 0 0, shouldSend: false
08-03 18:27:24.063     0     0 I trusty  : logging.cc: 75: ***: :214: Command Received: AuthenticationDecide
08-03 18:27:24.064     0     0 I trusty  : logging.cc: 75: ***: :153: Auth decision: authenticated
08-03 18:27:24.066  1512  2152 V BiometricLogger: Authentication latency: 581
08-03 18:27:24.068  1512  2152 V Biometrics/AuthenticationClient: onAuthenticated(true), ID:1, Owner: com.android.systemui, isBP: false, listener: com.android.server.biometrics.sensors.ClientMonitorCallbackConverter@7b346ff, requireConfirmation: false, user: 0, clientMonitor: {[31] com.android.server.biometrics.sensors.face.aidl.FaceAuthenticationClient, proto=3, owner=com.android.systemui, cookie=0, requestId=5, userId=0}
08-03 18:27:24.068  1512  2152 W Biometrics/AuthenticationClient: Allowing background authentication, this is allowed only for platform or test invocations
08-03 18:27:24.068  1512  2152 D BaseClientMonitor: marking operation as done: {[31] com.android.server.biometrics.sensors.face.aidl.FaceAuthenticationClient, proto=3, owner=com.android.systemui, cookie=0, requestId=5, userId=0}
08-03 18:27:24.068  1512  2152 D BiometricService: resetLockout from: 1, for: 0, userId: 0
08-03 18:27:24.069  1512  2150 D BiometricScheduler: [Added] {[32] com.android.server.biometrics.sensors.fingerprint.aidl.FingerprintResetLockoutClient, proto=12, owner=android, cookie=0, requestId=-1, userId=0}, new queue size: 1
08-03 18:27:24.069  1512  2150 D BiometricScheduler: [Cancelling Interruptable]: {[30] com.android.server.biometrics.sensors.fingerprint.aidl.FingerprintAuthenticationClient, proto=3, owner=com.android.systemui, cookie=0, requestId=5, userId=0}, State: 2
08-03 18:27:24.069  1512  2150 D BiometricSchedulerOperation: [Cancelling] Current client: {[30] com.android.server.biometrics.sensors.fingerprint.aidl.FingerprintAuthenticationClient, proto=3, owner=com.android.systemui, cookie=0, requestId=5, userId=0}
08-03 18:27:24.071   434 10515 I keystore2: system/security/keystore2/src/authorization.rs:114 - add_auth_token(challenge=0, userId=8312131020960389902, authId=717093919118508472, authType=0x2, timestamp=2208746ms)
08-03 18:27:24.072  1512  2150 D Biometrics/AcquisitionClient: onErrorInternal code: 5, finish: true
08-03 18:27:24.073  1512  2150 V BiometricLogger: Error latency: -1
08-03 18:27:24.073  1512  2150 W BiometricFrameworkStatsLogger: found a negative latency : -1
08-03 18:27:24.073  1512  2152 D Biometrics/AuthenticationClient: addAuthToken succeeded
08-03 18:27:24.073  1512  2150 D BiometricStateCallback: Client finished, state updated to 0, client {[30] com.android.server.biometrics.sensors.fingerprint.aidl.FingerprintAuthenticationClient, proto=3, owner=com.android.systemui, cookie=0, requestId=5, userId=0}
08-03 18:27:24.073  1512  2150 D BiometricSchedulerOperation: [Finished / destroy]: {[30] com.android.server.biometrics.sensors.fingerprint.aidl.FingerprintAuthenticationClient, proto=3, owner=com.android.systemui, cookie=0, requestId=5, userId=0}
08-03 18:27:24.074  1512  2152 D BiometricSchedulerOperation: [Finished / destroy]: {[31] com.android.server.biometrics.sensors.face.aidl.FaceAuthenticationClient, proto=3, owner=com.android.systemui, cookie=0, requestId=5, userId=0}
08-03 18:27:24.076  1114 14740 I Lyric   : camera_device_session_hwl_impl.cc:1370: Flush entered, camera_id: 1
08-03 18:27:24.076  1114 14740 I Lyric   : camera_powerhal.cc:173: SetPowerBoost Trigger CAMERA_LAUNCH for 200ms
08-03 18:27:24.077  1512  5616 I MediaSessionStack: removeSession | record: com.google.android.gms/cast_rcn_media_session/66 (userId=0)
08-03 18:27:24.077  1114 14740 I Lyric   : camera_device_session_manager_base.cc:1191: Attempting to flush graph:top_graph_for_camera_Front
08-03 18:27:24.078  1114 24537 I Lyric   : retiming_node.cc:547: retiming Reporting image frame drop to framework for stream id: 0, request id: 14
08-03 18:27:24.078  1114 24537 I Lyric   : retiming_node.cc:547: retiming Reporting image frame drop to framework for stream id: 0, request id: 15
08-03 18:27:24.079  1114 24516 I Lyric   : retiming_node.cc:547: retiming Reporting image frame drop to framework for stream id: 0, request id: 16
08-03 18:27:24.079  1114 24516 I Lyric   : camera_device_session_manager_base.cc:1064: Reporting metadata frame drop for camera: Front, request id: 14, partial result count: 2
08-03 18:27:24.079  1114 24537 I Lyric   : camera_device_session_manager_base.cc:1064: Reporting metadata frame drop for camera: Front, request id: 15, partial result count: 2
08-03 18:27:24.081  1512  2150 V ALSProbe: Disable ALS: 44177113
08-03 18:27:24.081  1114 24537 I Lyric   : camera_device_session_manager_base.cc:1064: Reporting metadata frame drop for camera: Front, request id: 16, partial result count: 2
08-03 18:27:24.081  1114 24520 W Lyric   : sensor_node.cc:743: SensorNode producing drops due to frame request drop on frame 17
08-03 18:27:24.081  1114 24516 I Lyric   : camera_device_session_manager_base.cc:1064: Reporting metadata frame drop for camera: Front, request id: 17, partial result count: 1
08-03 18:27:24.081  1512  2150 D BiometricScheduler: [Finishing] {[30] com.android.server.biometrics.sensors.fingerprint.aidl.FingerprintAuthenticationClient, proto=3, owner=com.android.systemui, cookie=0, requestId=5, userId=0}, success: false
08-03 18:27:24.081  1512  2150 D GestureAvailabilityTracker: Notifying gesture availability, active=true
08-03 18:27:24.081  1114 24538 W Lyric   : tuning_node.cc:497: 1 calls in 167 sec(s): TuningNode producing frame drop because request frame is drop
08-03 18:27:24.081  1114 24516 I Lyric   : fe_node.cc:2672: frontend received incomplete request at frame number: 17, request dropped: 1, sensor_image dropped: 1, sensor_properties dropped: 1, tuning point dropped: 0
08-03 18:27:24.081  1512  2150 D BiometricScheduler: [Polled] {[32] com.android.server.biometrics.sensors.fingerprint.aidl.FingerprintResetLockoutClient, proto=12, owner=android, cookie=0, requestId=-1, userId=0}, State: 0
08-03 18:27:24.082  1114 24516 I Lyric   : fe_node.cc:1578: frontend Finished processing an incomplete_request at frame 17 when flush_mark is at frame -1 power mode is Normal
08-03 18:27:24.082  1512  2150 D BiometricScheduler: [Started] {[32] com.android.server.biometrics.sensors.fingerprint.aidl.FingerprintResetLockoutClient, proto=12, owner=android, cookie=0, requestId=-1, userId=0}
08-03 18:27:24.082  1114 24520 I Lyric   : sensor_node.cc:619: Missing sensor results for frame 17
08-03 18:27:24.082  1114 14740 I Lyric   : fe_node.cc:1002: frontend flush at flush_mark 17 output frame stats (ignores fence-signaled drops): {process_input_count = 0, dropped_all_outputs = 0, valid_ae = 0, valid_pre_lsc_ae = 0, valid_uae = 0, valid_awb = 0, valid_histogram = 0, valid_flicker = 0, valid_motion = 0, valid_cdaf = 0, valid_pdaf = 0, valid_align = 0, valid_alias_map = 0, valid_gaussian_pyramid = 0, valid_scaled_rgb_stats = 0, valid_scaled_yuv_stats = 0, valid_lsc = 0, valid_bilateral_grid = 0, valid_scaled_rgb = 0, valid_scaled_yuv = 0, valid_cam_data_dump = 0, valid_pixel_patch = 0}
08-03 18:27:24.082  1114 14740 I Lyric   : unified_zuma_front_end_controller.cc:392: [CAM1] Flushing at Normal mode
08-03 18:27:24.082  1114 14740 I Lyric   : per_camera_barrier_impl.cc:47: Blocker for FeControllerBlockCam1ToStop#1ForFlush acquired
08-03 18:27:24.082  1114 24516 I Lyric   : retiming_node.cc:547: retiming Reporting image frame drop to framework for stream id: 0, request id: 17
08-03 18:27:24.082  1114 14740 I Lyric   : inflight_config_queue.cc:152: [CAM1][ISPFE] Flushing 1 pending configs. Queue: last completed: (frame num: 16, id: 351) pending: (frame num: 17, id: 352), 
08-03 18:27:24.082  1114 24516 I Lyric   : camera_device_session_manager_base.cc:1064: Reporting metadata frame drop for camera: Front, request id: 17, partial result count: 2
08-03 18:27:24.082  1114 14740 I Lyric   : fe_programming_async.cc:347: [CAM1][ISPFE] Rewinding PDMA write pointer to end of frame 16 commands. Write pointer: 256
08-03 18:27:24.082  1114 14740 I Lyric   : frame_images_queue_handler.cc:140: [CAM1] Bayer[0] Canceled sensor frames 17 Flushed [CAM1] Bayer[0] frame
08-03 18:27:24.082  1114 14740 I Lyric   : lmp_pipeline.cc:593: [Bayer4][CAM1] Removed obsolete lmp frame (not frame 15) (not frame 16) 17
08-03 18:27:24.082  1114 14740 I Lyric   : zuma_lmp_context.cc:117: Flushing Lmp context bayer
08-03 18:27:24.082  1114 14740 I Lyric   : lmp_pipeline.cc:502: [Bayer4][CAM1] Drain(timeout=200.47034875ms) entered. Number of frames in the queue is 2
08-03 18:27:24.082  1114 14740 I Lyric   : lmp_pipeline.cc:519: [Bayer4][CAM1] Waiting for pipeline to drain. There are 2 pending transactions for frames: sensor frame numbers: [15 16], abs frame numbers: [14 15]
08-03 18:27:24.084     0     0 I trusty  : INFO: trusty/user/app/keymint/ipc_manager.rs:503 Accepted connection from uuid 8db26df6-9e77-4f61-b3c2-b88a788cbac2.
08-03 18:27:24.084     0     0 I trusty  : [GF_TA][I][gf_tee_storage][trusty_file_open] 0 LHBM_auth_att.so 0
08-03 18:27:24.083  2196  2196 D FingerprintManager: Cancel fingerprint authentication requested for: 5
08-03 18:27:24.084  1512  2152 V ALSProbe: Disable ALS: 114296990
08-03 18:27:24.084  1512  2152 D BiometricScheduler: [Finishing] {[31] com.android.server.biometrics.sensors.face.aidl.FaceAuthenticationClient, proto=3, owner=com.android.systemui, cookie=0, requestId=5, userId=0}, success: true
08-03 18:27:24.084  1512  2152 D BiometricScheduler: No operations, returning to idle
08-03 18:27:24.085  1512  2150 V BiometricSchedulerOperation: started: {[32] com.android.server.biometrics.sensors.fingerprint.aidl.FingerprintResetLockoutClient, proto=12, owner=android, cookie=0, requestId=-1, userId=0}, State: 2
08-03 18:27:24.085  1512  2150 D BiometricScheduler: cancelAuthenticationOrDetection, requestId: 5
08-03 18:27:24.088   434 10515 I keystore2: system/security/keystore2/src/authorization.rs:128 - on_device_unlocked(user_id=0, password.is_some()=false)
08-03 18:27:24.095     0     0 I trusty  : file_delete():1110: file 8db26df69e774f61b3c2b88a788cbac2/LHBM_auth_att.so not found
08-03 18:27:24.096  1512  2150 D LockoutCache: Lockout for user: 0 is 0
08-03 18:27:24.096  1512  2150 D BiometricSchedulerOperation: [Finished / destroy]: {[32] com.android.server.biometrics.sensors.fingerprint.aidl.FingerprintResetLockoutClient, proto=12, owner=android, cookie=0, requestId=-1, userId=0}
08-03 18:27:24.097  1512  2150 D BiometricScheduler: [Finishing] {[32] com.android.server.biometrics.sensors.fingerprint.aidl.FingerprintResetLockoutClient, proto=12, owner=android, cookie=0, requestId=-1, userId=0}, success: true
08-03 18:27:24.097  1512  2150 D BiometricScheduler: No operations, returning to idle
08-03 18:27:24.099  1512  5616 W UserManagerService: Requested status bar icon for non-badged user 0
08-03 18:27:24.100   434 10515 I keystore2: system/security/keystore2/src/super_key.rs:1036 - Successfully unlocked user 0 with biometric 717093919118508472
08-03 18:27:24.101  1512  5616 D FingerprintProvider/default: setIgnoreDisplayTouches set to true
08-03 18:27:24.112  1114  1653 I Lyric   : fe_programming_async_event_handler.cc:99: [FEIRQ] Received event IspFe.fe_programming.Context0SubmitProgrammingError. Count: 1. Timestamp: 2206646994816 ns.
08-03 18:27:24.126  1114 14740 I Lyric   : lmp_pipeline.cc:531: [Bayer4][CAM1] Pipeline drained.
08-03 18:27:24.126  1114 14740 I Lyric   : zuma_lmp_context.cc:120: Done flushing Lmp context bayer
08-03 18:27:24.127  1114 14740 I Lyric   : zuma_csis_core_context.cc:996: [CAM1] Waiting for 0 bayer[0] images: none for 33ms
08-03 18:27:24.127  1114 14740 I Lyric   : zuma_csis_core_context.cc:1005: [CAM1] Flush is done
08-03 18:27:24.127  1114 14740 I Lyric   : unified_zuma_front_end_controller.cc:541: [CAM1] Sensor isn't waiting on the barrier, skip re-acquiring the blocker
08-03 18:27:24.127  1114 14740 I Lyric   : unified_zuma_front_end_controller.cc:462: [CAM1] Flushed.
08-03 18:27:24.127  1114 14740 I Lyric   : per_camera_barrier_impl.cc:58: Blocker for FeControllerBlockCam1ToStop#1ForFlush released with status: OK without lwis fence.
08-03 18:27:24.127  1114 14740 I Lyric   : unified_zuma_front_end_controller.cc:498: [CAM1] Sensor isn't waiting on the barrier, skip re-acquiring the blocker
08-03 18:27:24.127  1114 14740 I Lyric   : zuma_backend_pipeline_context.cc:1936: Flushing backend pipeline Pipeline (ID: (instance_id: 1260), IPs: [ RawToYuv ], Max Outputs: 1, IPConnections: [ ], Usecase: Realtime) took 12 us, with flush HW = false
08-03 18:27:24.127  1114 14740 I Lyric   : auto_exposure_node.cc:1079: {type: Node, name: top_graph_for_camera_Front.ae, class_name: AutoExposureNode}: AE input statistics: {process_input_count = 18, dropped_requests = 1, stats_not_ready_count = 0, motion_stats_not_ready_count = 0, segmentation_mask_not_ready_count = 0, stage_detection_result_not_ready_count = 0, saliency_data_not_ready_count = 0, valid_flash_state = 0, valid_exposure_timestamp = 14, valid_sensor_properties = 14, valid_motion_stats = 0, valid_wb_config = 16, valid_color_correction = 16}
08-03 18:27:24.127  1114 14740 I Lyric   : camera_device_session_manager_base.cc:1242: Finished flushing graph:top_graph_for_camera_Front
08-03 18:27:24.128  1114 14740 I Lyric   : camera_device_session_hwl_impl.cc:1015: DestroyPipelines entered, camera_id: 1
08-03 18:27:24.128  1114 14740 I Lyric   : camera_powerhal.cc:286: CAMERA_STREAMING_STANDARD mode unset
08-03 18:27:24.128  1114 14740 I Lyric   : camera_powerhal.cc:286: CAMERA_GPU_STANDARD mode unset
08-03 18:27:24.128  1114 14740 I Lyric   : camera_device_session_manager_base.cc:929: Attempting to stop graph:top_graph_for_camera_Front
08-03 18:27:24.128  1114  1593 I Lyric   : page_release_controller.cc:152: Reenabling page releasing.
08-03 18:27:24.128  1114 14740 I Lyric   : fe_node.cc:1002: frontend flush at flush_mark 9223372036854774807 output frame stats (ignores fence-signaled drops): {process_input_count = 0, dropped_all_outputs = 0, valid_ae = 0, valid_pre_lsc_ae = 0, valid_uae = 0, valid_awb = 0, valid_histogram = 0, valid_flicker = 0, valid_motion = 0, valid_cdaf = 0, valid_pdaf = 0, valid_align = 0, valid_alias_map = 0, valid_gaussian_pyramid = 0, valid_scaled_rgb_stats = 0, valid_scaled_yuv_stats = 0, valid_lsc = 0, valid_bilateral_grid = 0, valid_scaled_rgb = 0, valid_scaled_yuv = 0, valid_cam_data_dump = 0, valid_pixel_patch = 0}
08-03 18:27:24.128  1114 14740 I Lyric   : unified_zuma_front_end_controller.cc:392: [CAM1] Flushing at Normal mode
08-03 18:27:24.128  1114 14740 I Lyric   : per_camera_barrier_impl.cc:47: Blocker for FeControllerBlockCam1ToStop#2ForFlush acquired
08-03 18:27:24.128  1114 14740 I Lyric   : fe_programming_async.cc:325: [CAM1][ISPFE] No inflight frame configs to flush
08-03 18:27:24.128  1114 14740 I Lyric   : frame_images_queue_handler.cc:140: [CAM1] Bayer[0] Flushed [CAM1] Bayer[0] frame
08-03 18:27:24.128  1114 14740 I Lyric   : lmp_pipeline.cc:593: [Bayer4][CAM1] Removed obsolete lmp frame
08-03 18:27:24.128  1114 14740 I Lyric   : zuma_lmp_context.cc:117: Flushing Lmp context bayer
08-03 18:27:24.128  1114 14740 I Lyric   : lmp_pipeline.cc:502: [Bayer4][CAM1] Drain(timeout=100ms) entered. Number of frames in the queue is 0
08-03 18:27:24.128  1114 14740 I Lyric   : lmp_pipeline.cc:506: [Bayer4][CAM1] Pipeline drained.
08-03 18:27:24.128  1114 14740 I Lyric   : zuma_lmp_context.cc:120: Done flushing Lmp context bayer
08-03 18:27:24.128  1114 14740 I Lyric   : zuma_csis_core_context.cc:996: [CAM1] Waiting for 0 bayer[0] images: none for 33ms
08-03 18:27:24.128  1114 14740 I Lyric   : zuma_csis_core_context.cc:1005: [CAM1] Flush is done
08-03 18:27:24.128  1114 14740 I Lyric   : unified_zuma_front_end_controller.cc:541: [CAM1] Sensor isn't waiting on the barrier, skip re-acquiring the blocker
08-03 18:27:24.128  1114 14740 I Lyric   : unified_zuma_front_end_controller.cc:462: [CAM1] Flushed.
08-03 18:27:24.128  1114 14740 I Lyric   : per_camera_barrier_impl.cc:58: Blocker for FeControllerBlockCam1ToStop#2ForFlush released with status: OK without lwis fence.
08-03 18:27:24.128  1114 14740 I Lyric   : unified_zuma_front_end_controller.cc:498: [CAM1] Sensor isn't waiting on the barrier, skip re-acquiring the blocker
08-03 18:27:24.128  1114 14740 I Lyric   : zuma_backend_pipeline_context.cc:1936: Flushing backend pipeline Pipeline (ID: (instance_id: 1260), IPs: [ RawToYuv ], Max Outputs: 1, IPConnections: [ ], Usecase: Realtime) took 5 us, with flush HW = false
08-03 18:27:24.129  1114  1596 I Lyric   : zuma_backend_pipeline_context.cc:1936: Flushing backend pipeline Pipeline (ID: (instance_id: 1260), IPs: [ RawToYuv ], Max Outputs: 1, IPConnections: [ ], Usecase: Realtime) took 3 us, with flush HW = false
08-03 18:27:24.129  1114  1594 I Lyric   : multisensor_controller.cc:927: Front StopStreaming, waiting on barrier
08-03 18:27:24.129  1114  1593 I Lyric   : unified_zuma_front_end_controller.cc:729: [CAM1] Updating power mode from Normal to Standby with incomplete_request on frame -1
08-03 18:27:24.129  1114  1593 I Lyric   : zuma_lmp_context.cc:103: Lmp context bayer go to standby mode at hw frame 17
08-03 18:27:24.129  1114  1593 I Lyric   : lmp_pipeline.cc:502: [Bayer4][CAM1] Drain(timeout=100ms) entered. Number of frames in the queue is 0
08-03 18:27:24.129  1114  1593 I Lyric   : lmp_pipeline.cc:506: [Bayer4][CAM1] Pipeline drained.
08-03 18:27:24.129  1114  1593 I Lyric   : zuma_lmp_context.cc:109: LMP context bayer is done waiting for frame for standby mode
08-03 18:27:24.129  1114  1593 I Lyric   : zuma_csis_core_context.cc:996: [CAM1] Waiting for 0 bayer[0] images: none for 33ms
08-03 18:27:24.129  1114  1593 I Lyric   : zuma_csis_core_context.cc:1005: [CAM1] Flush is done
08-03 18:27:24.129  1114  1593 I Lyric   : per_camera_barrier_impl.cc:47: Blocker for FeControllerBlockCam1ToStartExp0#1 acquired
08-03 18:27:24.129  1114  1593 I Lyric   : per_camera_barrier_impl.cc:58: Blocker for FeControllerBlockCam1ToStop#0 released with status: OK without lwis fence.
08-03 18:27:24.129  1114  1596 I Lyric   : zuma_be_core_driver_impl.cc:434: BeCore: receives context release notification
08-03 18:27:24.130  1114 24543 I Lyric   : sensor_generic_driver.cc:1122: LESHEN stream off success.
08-03 18:27:24.130  1114  1596 I Lyric   : zuma_secure_operation_controller.cc:84: ZumaSecureOperationController: End secure session for zuma-mcfp
08-03 18:27:24.130  1114  1594 I Lyric   : sensor_generic_driver.cc:1208:  event thread stopped.
08-03 18:27:24.130  1114  1594 I Lyric   : sensor_generic_driver.cc:1601: LESHEN sensor frame drop rate at stream off: 0%. drop rate for hw sync: 0%
08-03 18:27:24.130  1114  1594 I Lyric   : sensor_generic_driver.cc:1637: LESHEN stream off, size: {width: 2104, height: 1536}, frame rate range: [15, 30.02]
08-03 18:27:24.130  1114  1594 I Lyric   : per_camera_barrier_impl.cc:58: Blocker for MultiSensorController_Stop released with status: OK without lwis fence.
08-03 18:27:24.130  1114  1594 I Lyric   : dpm_bandwidth_controller_v2.cc:952: Update minimum MIF clock to 0 number of active sensor: 0
08-03 18:27:24.130  1114  1593 I Lyric   : zuma_fe_driver.cc:1316: [ISPFE] Cleaning up the sub-driver contexts
08-03 18:27:24.130  1114  1594 I Lyric   : dpm_bandwidth_controller_v2.cc:1008: Update minimum INT clock to 0 number of active sensor: 0
08-03 18:27:24.131  1114  1593 I Lyric   : zuma_csis_phy_link_context.cc:1104: Zuma CsisPhyLinkContext_6 disabled
08-03 18:27:24.131  1114  1594 I Lyric   : three_a_request_node.cc:784: three_a_request: Performance statistics for this session: {process_input_count = 18, dropped_request_count = 0}
08-03 18:27:24.131  1114  1594 I Lyric   : motion_sensor_controller_proxy.cc:448: MotionSensor context requests resource change to standby.
08-03 18:27:24.131  1114  1820 I Lyric   : motion_sensor_controller_proxy.cc:540: Start to release all sensor readers.
08-03 18:27:24.132  1114  1593 I Lyric   : zuma_fc_bayer_context.cc:248: Disabling bayer context 4
