08-03 18:27:24.132  1114  1593 I Lyric   : zuma_fe_driver.cc:1344: [ISPFE] Skip cleaning up the FC PDAF context.
08-03 18:27:24.132  1114  1596 I Lyric   : zuma_secure_operation_controller.cc:84: ZumaSecureOperationController: End secure session for zuma-rgbp
08-03 18:27:24.132  1114  1593 I Lyric   : lmp_pipeline.cc:593: [Bayer4][CAM1] Removed obsolete lmp frame
08-03 18:27:24.132  1114  1593 I Lyric   : zuma_fe_driver.cc:1356: [ISPFE] Skip cleaning up the LMP PDAF context.
08-03 18:27:24.132  1114  1593 I Lyric   : zuma_pdma_context.cc:163: disabling Pdma context.
08-03 18:27:24.133  1114  1596 I Lyric   : zuma_secure_operation_controller.cc:84: ZumaSecureOperationController: End secure session for zuma-yuvp
08-03 18:27:24.133  1114  1596 I Lyric   : zuma_be_core_driver_impl.cc:469: BeCore: release internal memory allocation
08-03 18:27:24.133  1114  1596 I Lyric   : zuma_be_core_driver_impl.cc:549: BeCore: power down
08-03 18:27:24.133  1114  1596 I Lyric   : zuma_be_core_driver_impl.cc:572: BeCore: disabling hardware
08-03 18:27:24.134  1114  1820 I Lyric   : direct_channel_motion_sensor_data_streamer.cc:510: gyroscope direct channel released.
08-03 18:27:24.134  1114  1593 I Lyric   : zuma_secure_operation_controller.cc:84: ZumaSecureOperationController: End secure session for zuma-fe
08-03 18:27:24.136  1114  1596 I Lyric   : dynamic_boost_manager.cc:82: Boost factor reset done
08-03 18:27:24.136  1114  1593 I Lyric   : zuma_csis_core_context.cc:318: [CAM1] Destroyed Zuma CSIS Core context for sensor LESHEN with size: {width: 2104, height: 1536}
08-03 18:27:24.136  1114  1593 I Lyric   : zuma_fe_driver.cc:1369: [ISPFE] Received context release notification for camera 1
08-03 18:27:24.137  1114  1593 I Lyric   : zuma_fe_driver.cc:1298: ISP-FE Qos Update: clock frequency: 0, write bandwidth: 0, read bandwidth: 0
08-03 18:27:24.137  1114  1593 I Lyric   : zuma_fe_driver.cc:1389: [ISPFE] Skipping power down due to active power context
08-03 18:27:24.137  1114  1593 I Lyric   : unified_zuma_front_end_controller.cc:467: [CAM1] Received notification that graph has stopped
08-03 18:27:24.142  1114  1820 I Lyric   : direct_channel_motion_sensor_data_streamer.cc:510: gravity direct channel released.
08-03 18:27:24.146  1114  1593 I Lyric   : unified_zuma_front_end_controller.cc:700: Release ZumaFeControllerContext for binding id [CAM1]
08-03 18:27:24.146  1114  1593 I Lyric   : unified_zuma_front_end_controller.cc:112: [CAM1] Context is being destroyed
08-03 18:27:24.146  1114  1593 I Lyric   : per_camera_barrier_impl.cc:58: Blocker for FeControllerBlockCam1ToStartExp0#1 released with status: OK without lwis fence.
08-03 18:27:24.146  1114  1593 I Lyric   : zuma_fe_driver.cc:905: [ISPFE] Received context release notification when releasing power_context.
08-03 18:27:24.146  1114  1593 I Lyric   : zuma_fe_driver.cc:1175: [ISPFE] Disabling the device
08-03 18:27:24.146  1114  1593 I Lyric   : lwis_event_thread.cc:117: LwEv:IspFeEvent RemovedLwisClient(isp-fe|FePhyLink) from event thread
08-03 18:27:24.146  1114  1593 I Lyric   : lwis_event_thread.cc:117: LwEv:IspFeEvent RemovedLwisClient(isp-fe|FeLmp) from event thread
08-03 18:27:24.146  1114  1593 I Lyric   : zuma_fe_pdma_driver.cc:61: Disabling pdma hardware
08-03 18:27:24.146  1114  1593 I Lyric   : lwis_event_thread.cc:117: LwEv:IspFeEvent RemovedLwisClient(isp-fe|FePdma) from event thread
08-03 18:27:24.147  1114  1593 I Lyric   : zuma_fe_resetter.cc:146: FrontEnd: SW Reset begins.
08-03 18:27:24.148  1114  1593 I Lyric   : zuma_fe_resetter.cc:157: FrontEnd: SW Reset done: rstctl_status = 0x0
08-03 18:27:24.151  1114 14740 I Lyric   : camera_device_session_manager_base.cc:933: Successfully stopped graph:top_graph_for_camera_Front
08-03 18:27:24.151  1114 14740 I Lyric   : processing_graph.cc:512: Starting OutputPort production audit...
08-03 18:27:24.151  1114 14740 I Lyric   : processing_graph.cc:576: OutputPort production audit passed, no anomalies detected :)
08-03 18:27:24.151  1114 14740 I Lyric   : camera_device_session_manager_base.cc:719: Attempting to destroy graph:top_graph_for_camera_Front
08-03 18:27:24.151  1114 14740 W Lyric   : graph_runner.cc:217: GraphRunner::StopGraph(1) called on a graph that is not running.
08-03 18:27:24.153  1114  1820 I Lyric   : direct_channel_motion_sensor_data_streamer.cc:510: accelerometer direct channel released.
08-03 18:27:24.173     0     0 I trusty  : logging.cc: 75: ***: :214: Command Received: AuthenticationDelete
08-03 18:27:24.161  1114 14740 I Lyric   : dpm_bandwidth_controller_v2.cc:952: Update minimum MIF clock to 0 number of active sensor: 0
08-03 18:27:24.161  1114 14740 I Lyric   : dpm_bandwidth_controller_v2.cc:1008: Update minimum INT clock to 0 number of active sensor: 0
08-03 18:27:24.161  1114  1820 I Lyric   : motion_sensor_controller_proxy.cc:565: Successfully release all sensor readers.
08-03 18:27:24.161  1114 14740 I Lyric   : camera_device_session_manager_base.cc:732: Successfully destroyed graph:top_graph_for_camera_Front
08-03 18:27:24.162  1114 14740 I Lyric   : camera_powerhal.cc:192: CancelPowerBoost CAMERA_LAUNCH
08-03 18:27:24.162  1114 14740 I Lyric   : camera_powerhal.cc:192: CancelPowerBoost CAMERA_BACKEND_BOOST
08-03 18:27:24.162  1114 14740 I Lyric   : camera_powerhal.cc:192: CancelPowerBoost CAMERA_CAPTURE_CPU_THROTTLE
08-03 18:27:24.162  1114 14740 I Lyric   : camera_powerhal.cc:192: CancelPowerBoost CAMERA_LAUNCH_EXTENDED
08-03 18:27:24.162  1114 14740 I Lyric   : camera_powerhal.cc:192: CancelPowerBoost CAMERA_VIDEO_RECORDING
08-03 18:27:24.162  1114 14740 I Lyric   : camera_powerhal.cc:192: CancelPowerBoost CAMERA_ZOOMING_BOOST
08-03 18:27:24.162  1114 14740 I Lyric   : camera_powerhal.cc:192: CancelPowerBoost CAMERA_HIGH_PERFORMANCE_BOOST
08-03 18:27:24.162  1114 14740 I Lyric   : camera_powerhal.cc:192: CancelPowerBoost CAMERA_PA_KILL_BOOST
08-03 18:27:24.162  1114 14740 I Lyric   : camera_powerhal.cc:192: CancelPowerBoost CAMERA_THERMAL_SEVERE_BOOST
08-03 18:27:24.162  1114 14740 I Lyric   : camera_device_session_hwl_impl.cc:441: Destroyed CameraDeviceSessionHwlImpl for camera 1
08-03 18:27:24.162  1114 24511 I G3ACoordinator: coordinator.cc:1161: Coordinator NotifyCaptureSessionClose called for camera: {position: front, lens_type: normal, spectrum: visible, instance: real}
08-03 18:27:24.162  1114  1594 W Lyric   : device_context.cc:362: NotifyCaptureSessionClose: No OisController found for physical camera Front. Status: NOT_FOUND: Failed to find controller by type and camera id(Front); Controller with ID: optical image stabilization controller for camera: Front not present in device_context
08-03 18:27:24.162  1114 24511 I G3ACoordinator: coordinator.cc:1185: Coordinator AfNotifyCaptureSessionClose called for camera: {position: front, lens_type: normal, spectrum: visible, instance: real}
08-03 18:27:24.162  1114 24511 I G3ACoordinator: coordinator.cc:1206: Coordinator AsdNotifyCaptureSessionClose called for camera: {position: front, lens_type: normal, spectrum: visible, instance: real}
08-03 18:27:24.162  1114 24511 I G3ACoordinator: coordinator.cc:1223: Coordinator AwbNotifyCaptureSessionClose called for camera: {position: front, lens_type: normal, spectrum: visible, instance: real}
08-03 18:27:24.162  1114 24511 I Lyric   : device_context.cc:249: Unable to get SaliencyController. Status: NOT_FOUND: Failed to find controller by type; Controller with ID: saliency controller not present in device_context
08-03 18:27:24.162  1114  1820 I Lyric   : motion_sensor_controller_proxy.cc:540: Start to release all sensor readers.
08-03 18:27:24.162  1114  1820 I Lyric   : motion_sensor_controller_proxy.cc:565: Successfully release all sensor readers.
08-03 18:27:24.162  1114 24511 I Lyric   : device_context.cc:271: Unable to get RoiTrackingController. Status: NOT_FOUND: Failed to find controller by type; Controller with ID: Roi tracking controller not present in device_context
08-03 18:27:24.162  1114 24511 I G3ACoordinator: coordinator.cc:1140: Coordinator::NotifyCaptureSessionClose called for camera: {position: front, lens_type: normal, spectrum: visible, instance: real}
08-03 18:27:24.164  1114 14740 I Lyric   : camera_latency_analyzer.cc:100: [CLA] Cam1-Close
08-03 18:27:24.164  1114 14740 I Lyric   : camera_latency_analyzer.cc:102: [CLA] Flush latency: 51.0271
08-03 18:27:24.164  1114 14740 I Lyric   : camera_latency_analyzer.cc:102: [CLA] <-- IDLE --> latency: 0.357219
08-03 18:27:24.164  1114 14740 I Lyric   : camera_latency_analyzer.cc:102: [CLA] Close latency: 37.0414
08-03 18:27:24.164  1114 14740 I Lyric   : camera_latency_analyzer.cc:102: [CLA] Overall latency: 88.4335
08-03 18:27:24.164  1114 14740 I Lyric   : camera_latency_analyzer.cc:102: [CLA] HAL Total latency: 88.0636
08-03 18:27:24.166  1114  1596 I G3ACoordinator: front_als_manager.cc:198: Front ALS sensor disabled
08-03 18:27:24.183     0     0 I trusty  : logging.cc: 75: ***"faceauth": :189: Session finished, current heap footprint: 4386816, maximum footprint: 10637312
08-03 18:27:24.478  1512  2104 W NetworkPolicy: shared quota unsupported; generating rule for each iface
08-03 18:27:25.026  1512  5565 I MediaSessionStack: addSession to bottom of stack | record: com.google.android.gms/cast_rcn_media_session/67 (userId=0)
08-03 18:27:25.299  1512  4182 I MediaSessionStack: removeSession | record: com.google.android.gms/cast_rcn_media_session/67 (userId=0)
08-03 18:27:26.393  2196  2250 V WindowManagerShell: Transition requested (#76): android.os.BinderProxy@fd2c779 TransitionRequestInfo { type = TO_BACK, triggerTask = null, pipTask = null, remoteTransition = null, displayChange = null, flags = 104, debugId = 76 }
08-03 18:27:26.394  1512  5565 D ActivityTaskManager: Top Process State changed to PROCESS_STATE_TOP
08-03 18:27:26.411  1512  1610 V WindowManager: Sent Transition (#76) createdAt=08-03 18:27:26.392 via request=TransitionRequestInfo { type = TO_BACK, triggerTask = null, pipTask = null, remoteTransition = null, displayChange = null, flags = 104, debugId = 76 }
08-03 18:27:26.411  1512  1610 V WindowManager:     startWCT=WindowContainerTransaction { changes = {} hops = [] errorCallbackToken=null taskFragmentOrganizer=null }
08-03 18:27:26.411  1512  1610 V WindowManager:     info={id=76 t=TO_BACK f=0x104 trk=0 r=[0@Point(0, 0)] c=[
08-03 18:27:26.411  1512  1610 V WindowManager:         {WCT{RemoteToken{fe2a594 Task{51e7593 #8432 type=standard A=10373:com.nick.myrecoverytracker isResizeable=true minWidth=-1 minHeight=-1}}} m=TO_FRONT f=NONE p=WCT{RemoteToken{fbb8f33 DefaultTaskDisplayArea@35176880}} leash=Surface(name=Task=8432)/@0x81f17a6 sb=Rect(0, 0 - 1080, 2424) eb=Rect(0, 0 - 1080, 2424) epz=Point(1080, 2424) d=0 taskParent=-1},
08-03 18:27:26.411  1512  1610 V WindowManager:         {WCT{RemoteToken{fbb8f33 DefaultTaskDisplayArea@35176880}} m=TO_FRONT f=NONE leash=Surface(name=DefaultTaskDisplayArea)/@0xe45afb9 sb=Rect(0, 0 - 1080, 2424) eb=Rect(0, 0 - 1080, 2424) epz=Point(1080, 2424) d=0}
08-03 18:27:26.411  1512  1610 V WindowManager:     ]}
08-03 18:27:26.412  2196  3233 V WindowManagerShell: onTransitionReady(transaction=6493990555167)
08-03 18:27:26.412  2196  2250 V WindowManagerShell: onTransitionReady (#76) android.os.BinderProxy@fd2c779: {id=76 t=TO_BACK f=0x104 trk=0 r=[0@Point(0, 0)] c=[{WCT{android.window.IWindowContainerToken$Stub$Proxy@36a7d04} m=TO_FRONT f=NONE p=WCT{android.window.IWindowContainerToken$Stub$Proxy@b86a2ed} leash=Surface(name=Task=8432)/@0xd80ecb1 sb=Rect(0, 0 - 1080, 2424) eb=Rect(0, 0 - 1080, 2424) epz=Point(1080, 2424) d=0 taskParent=-1},{WCT{android.window.IWindowContainerToken$Stub$Proxy@e45c522} m=TO_FRONT f=NONE leash=Surface(name=DefaultTaskDisplayArea)/@0x9e8e596 sb=Rect(0, 0 - 1080, 2424) eb=Rect(0, 0 - 1080, 2424) epz=Point(1080, 2424) d=0}]}
08-03 18:27:26.412  2196  2250 V WindowManagerShell: Playing animation for (#76) android.os.BinderProxy@fd2c779@0
08-03 18:27:26.412  2196  2250 V WindowManagerShell:  try handler com.android.wm.shell.transition.DefaultMixedHandler@fc1da12
08-03 18:27:26.413  2196  2250 V WindowManagerShell:  try handler com.android.wm.shell.keyguard.KeyguardTransitionHandler@1e785e3
08-03 18:27:26.413  2196  2250 V WindowManagerShell: start keyguard going-away transition, info = {id=76 t=TO_BACK f=0x104 trk=0 r=[0@Point(0, 0)] c=[{WCT{android.window.IWindowContainerToken$Stub$Proxy@36a7d04} m=TO_FRONT f=NONE p=WCT{android.window.IWindowContainerToken$Stub$Proxy@b86a2ed} leash=Surface(name=Task=8432)/@0xd80ecb1 sb=Rect(0, 0 - 1080, 2424) eb=Rect(0, 0 - 1080, 2424) epz=Point(1080, 2424) d=0 taskParent=-1},{WCT{android.window.IWindowContainerToken$Stub$Proxy@e45c522} m=TO_FRONT f=NONE leash=Surface(name=DefaultTaskDisplayArea)/@0x9e8e596 sb=Rect(0, 0 - 1080, 2424) eb=Rect(0, 0 - 1080, 2424) epz=Point(1080, 2424) d=0}]}
08-03 18:27:26.413  2196  2250 D KeyguardService: Starts IRemoteAnimationRunner: info={id=76 t=TO_BACK f=0x104 trk=0 r=[0@Point(0, 0)] c=[{WCT{android.window.IWindowContainerToken$Stub$Proxy@36a7d04} m=TO_FRONT f=NONE p=WCT{android.window.IWindowContainerToken$Stub$Proxy@b86a2ed} leash=Surface(name=Task=8432)/@0xd80ecb1 sb=Rect(0, 0 - 1080, 2424) eb=Rect(0, 0 - 1080, 2424) epz=Point(1080, 2424) d=0 taskParent=-1},{WCT{android.window.IWindowContainerToken$Stub$Proxy@e45c522} m=TO_FRONT f=NONE leash=Surface(name=DefaultTaskDisplayArea)/@0x9e8e596 sb=Rect(0, 0 - 1080, 2424) eb=Rect(0, 0 - 1080, 2424) epz=Point(1080, 2424) d=0}]}
08-03 18:27:26.414  2196  2250 V WindowManagerShell:  animated by com.android.wm.shell.keyguard.KeyguardTransitionHandler@1e785e3
08-03 18:27:26.414  1512  4182 W UserManagerService: Requested status bar icon for non-badged user 0
08-03 18:27:26.474  1512  4182 D CoreBackPreview: Window{4eb12f u0 NotificationShade}: Setting back callback null
08-03 18:27:26.811  1512  4182 D FaceProvider/default: Starting watchdog for face
08-03 18:27:26.831  2196  2196 D KeyguardService: Finish IRemoteAnimationRunner.
08-03 18:27:26.832  2196  2250 V WindowManagerShell: Transition animation finished (aborted=false), notifying core (#76) android.os.BinderProxy@fd2c779@0
08-03 18:27:26.834  1512  1610 V WindowManager: Finish Transition (#76): created at 08-03 18:27:26.392 collect-started=0.229ms request-sent=0.296ms started=10.418ms ready=10.407ms sent=18.837ms finished=441.32ms
08-03 18:27:26.834  2196  2250 V WindowManagerShell: Track 0 became idle
08-03 18:27:26.834  2196  2250 V WindowManagerShell: All active transition animations finished
08-03 18:27:26.836  1512  5617 D SystemServerTiming: getUserSwitchability-0
08-03 18:27:26.836  1512  5617 D SystemServerTiming: TM.isInCall
08-03 18:27:26.836  1512  5617 D SystemServerTiming: hasUserRestriction-DISALLOW_USER_SWITCH
08-03 18:27:26.836  1512  5617 D SystemServerTiming: getInt-ALLOW_USER_SWITCHING_WHEN_SYSTEM_USER_LOCKED
08-03 18:27:26.836  1512  5617 D SystemServerTiming: isUserUnlocked-USER_SYSTEM
08-03 18:27:26.838  1512  2550 W UserManagerService: Requested status bar icon for non-badged user 0
08-03 18:27:26.848  1512  5565 D FingerprintProvider/default: Starting watchdog for fingerprint
08-03 18:27:26.857  1512  2253 W UserManagerService: Requested status bar icon for non-badged user 0
08-03 18:27:26.858  1512  2253 W UserManagerService: Requested status bar icon for non-badged user 0
08-03 18:27:26.858  1512  2253 W UserManagerService: Requested status bar icon for non-badged user 0
08-03 18:27:26.883  1512  2550 W PackageConfigPersister: App-specific configuration not found for packageName: com.nick.myrecoverytracker and userId: 0
08-03 18:27:27.366  1512  2550 D ActivityManager: sync unfroze 2964 com.google.android.gms for 6
08-03 18:27:27.366  1512  2550 D ActivityManager: sync unfroze 23222 com.google.android.webview:sandboxed_process0:org.chromium.content.app.SandboxedProcessService0:0 for 6
08-03 18:27:27.367  1512  2550 D ActivityManager: sync unfroze 7091 com.google.android.gms.unstable for 6
08-03 18:27:27.372  1512  5565 W ProcessStats: Tracking association SourceState{498636c com.google.android.gms/10152 Service #10919} whose proc state 8 is better than process ProcessState{e7fdd81 com.google.android.gms.unstable/10152 pkg=com.google.android.gms} proc state 14 (2 skipped)
08-03 18:27:27.439  1512  5565 D BiometricService: canAuthenticate: User=0, Caller=0, Authenticators=32768
08-03 18:27:27.439  1512  5565 D BiometricService/PreAuthInfo: getCanAuthenticateInternal Modality: 1 AuthenticatorStatus: 1
08-03 18:27:27.439  1512  5565 D AuthService: canAuthenticate, userId: 0, callingUserId: 0, authenticators: 32768, result: 0
08-03 18:27:27.439  1512  5565 D BiometricService: canAuthenticate: User=0, Caller=0, Authenticators=32768
08-03 18:27:27.440  1512  5565 D BiometricService/PreAuthInfo: getCanAuthenticateInternal Modality: 1 AuthenticatorStatus: 1
08-03 18:27:27.440  1512  5565 D AuthService: canAuthenticate, userId: 0, callingUserId: 0, authenticators: 32768, result: 0
08-03 18:27:27.492   434 10515 E keystore2: system/security/keystore2/src/error.rs:174 - system/security/keystore2/src/security_level.rs:316
08-03 18:27:27.492   434 10515 E keystore2: 
08-03 18:27:27.492   434 10515 E keystore2: Caused by:
08-03 18:27:27.492   434 10515 E keystore2:     0: system/security/keystore2/src/enforcements.rs:595: matching auth token is expired.
08-03 18:27:27.492   434 10515 E keystore2:     1: Error::Km(r#KEY_USER_NOT_AUTHENTICATED)
08-03 18:27:30.014  2196  2250 V ShellRecents: RecentsTransitionHandler.startRecentsTransition
08-03 18:27:30.014  2196  2250 V WindowManagerShell: Directly starting a new transition type=TO_FRONT wct=WindowContainerTransaction { changes = {} hops = [{PendingIntent: options=Bundle[{android.activity.splashScreenStyle=-1, android.activity.sourceInfo=Supplier{VAL_PARCELABLE@148+104}, android.pendingIntent.backgroundActivityAllowed=3, android:activity.animAbortListener=null, android.activity.transientLaunch=true}]}] errorCallbackToken=null taskFragmentOrganizer=null } handler=com.android.wm.shell.recents.RecentsTransitionHandler@5df855e
08-03 18:27:30.021  1512  1613 I ActivityManager: updateOomAdj start time is before than pendingPid added, don't delete it
08-03 18:27:30.023  2196  2250 V ShellRecents: [213105876] RecentsController.setTransition: id=android.os.BinderProxy@aebc227
08-03 18:27:30.063  2196 13967 V WindowManagerShell: onTransitionReady(transaction=6493990555203)
08-03 18:27:30.063  2196  2250 V WindowManagerShell: onTransitionReady (#77) android.os.BinderProxy@aebc227: {id=77 t=TO_FRONT f=0x80 trk=0 r=[0@Point(0, 0)] c=[{WCT{android.window.IWindowContainerToken$Stub$Proxy@af93e3b} m=TO_FRONT f=SHOW_WALLPAPER|MOVE_TO_TOP leash=Surface(name=Task=1)/@0x84ccf1f sb=Rect(0, 0 - 1080, 2424) eb=Rect(0, 0 - 1080, 2424) epz=Point(1080, 2424) d=0 taskParent=-1},{WCT{android.window.IWindowContainerToken$Stub$Proxy@9b7a958} m=TO_BACK f=NONE leash=Surface(name=Task=8432)/@0xc9d26c sb=Rect(0, 0 - 1080, 2424) eb=Rect(0, 0 - 1080, 2424) epz=Point(1080, 2424) d=0 taskParent=-1},{null m=TO_FRONT f=IS_WALLPAPER leash=Surface(name=WallpaperWindowToken{3a32816 token=android.os.Binder@d88a931})/@0xf93b035 sb=Rect(0, 0 - 1080, 2424) eb=Rect(0, 0 - 1080, 2424) epz=Point(1080, 2424) d=0}]}
08-03 18:27:30.063  2196  2250 V WindowManagerShell: Playing animation for (#77) android.os.BinderProxy@aebc227@0
08-03 18:27:30.063  2196  2250 V WindowManagerShell:  try firstHandler com.android.wm.shell.recents.RecentsTransitionHandler@5df855e
08-03 18:27:30.063  2196  2250 V ShellRecents: [213105876] RecentsController.start
08-03 18:27:30.064  2196  2250 V ShellRecents:   adding pausing leaf taskId=8432 at layer=8
08-03 18:27:30.064  2196  2250 V ShellRecents: Applying transaction=6493990555203
08-03 18:27:30.064  1512  5565 W UserManagerService: Requested status bar icon for non-badged user 0
08-03 18:27:30.065  1512  1610 V WindowManager: Sent Transition (#77) createdAt=08-03 18:27:30.016
08-03 18:27:30.065  1512  1610 V WindowManager:     startWCT=WindowContainerTransaction { changes = {} hops = [{PendingIntent: options=Bundle[{android.activity.splashScreenStyle=-1, android.activity.sourceInfo=android.app.ActivityOptions$SourceInfo@7495b4a, android.pendingIntent.backgroundActivityAllowed=3, android:activity.animAbortListener=null, android.activity.transientLaunch=true}]}] errorCallbackToken=null taskFragmentOrganizer=null }
08-03 18:27:30.065  1512  1610 V WindowManager:     info={id=77 t=TO_FRONT f=0x80 trk=0 r=[0@Point(0, 0)] c=[
08-03 18:27:30.065  1512  1610 V WindowManager:         {WCT{RemoteToken{3c5f6a2 Task{9653b6b #1 type=home isResizeable=true minWidth=-1 minHeight=-1}}} m=TO_FRONT f=SHOW_WALLPAPER|MOVE_TO_TOP leash=Surface(name=Task=1)/@0x14c5ffe sb=Rect(0, 0 - 1080, 2424) eb=Rect(0, 0 - 1080, 2424) epz=Point(1080, 2424) d=0 taskParent=-1},
08-03 18:27:30.065  1512  1610 V WindowManager:         {WCT{RemoteToken{fe2a594 Task{51e7593 #8432 type=standard A=10373:com.nick.myrecoverytracker isResizeable=true minWidth=-1 minHeight=-1}}} m=TO_BACK f=NONE leash=Surface(name=Task=8432)/@0x81f17a6 sb=Rect(0, 0 - 1080, 2424) eb=Rect(0, 0 - 1080, 2424) epz=Point(1080, 2424) d=0 taskParent=-1},
08-03 18:27:30.065  1512  1610 V WindowManager:         {null m=TO_FRONT f=IS_WALLPAPER leash=Surface(name=WallpaperWindowToken{3a32816 token=android.os.Binder@d88a931})/@0xf5cd80 sb=Rect(0, 0 - 1080, 2424) eb=Rect(0, 0 - 1080, 2424) epz=Point(1080, 2424) d=0}
08-03 18:27:30.065  1512  1610 V WindowManager:     ]}
08-03 18:27:30.065  2196  2250 V ShellRecents: Trying to get a handler for takeover but the flag is disabled
08-03 18:27:30.065  2196  2250 V ShellRecents: [213105876] RecentsController.start: calling onAnimationStart with 2 apps
08-03 18:27:30.065  2196  2250 V WindowManagerShell:  animated by firstHandler
08-03 18:27:30.066  2196  2250 V ShellRecents: [213105876] RecentsController.setInputConsumerEnabled: set focus to recents
08-03 18:27:30.069  1512  2038 E HandwritingModeController: Cannot get requestId: Handwriting was not initialized.
08-03 18:27:30.087  1512  1613 V WindowManager: Unknown focus tokens, dropping reportFocusChanged
08-03 18:27:30.344  1512  2006 D ActivityManager: sync unfroze 8360 com.google.android.apps.safetyhub for 6
08-03 18:27:30.793  2196 14259 V ShellRecents: [213105876] RecentsController.screenshotTask: taskId=8432
08-03 18:27:30.798  2196  2250 D WindowManagerShell: setLauncherKeepClearAreaHeight: visible=true, height=527
08-03 18:27:30.806  2196 13967 V ShellRecents: [213105876] RecentsController.detachNavigationBarFromApp
08-03 18:27:31.250  2196  2250 V ShellRecents: [213105876] RecentsController.finishInner: toHome=true userLeave=false willFinishToHome=true state=0
08-03 18:27:31.250  2196  2250 V ShellRecents:   normal finish
08-03 18:27:31.250  2196  2250 V ShellRecents: [213105876] RecentsController.cleanup
08-03 18:27:31.250  2196  2250 V WindowManagerShell: Transition animation finished (aborted=false), notifying core (#77) android.os.BinderProxy@aebc227@0
08-03 18:27:31.251  1512  5617 E TransitionChain: Can't collect into a chain with no transition
08-03 18:27:31.251  1512  1610 V WindowManager: Finish Transition (#77): created at 08-03 18:27:30.016 collect-started=0.428ms started=0.474ms ready=19.492ms sent=46.485ms finished=1235.493ms
08-03 18:27:31.253  2196  2250 V WindowManagerShell: Track 0 became idle
08-03 18:27:31.253  2196  2250 V WindowManagerShell: All active transition animations finished
08-03 18:27:31.253  2196  2250 V ShellRecents: [213105876] RecentsController.finishInner: calling finish callback
08-03 18:27:31.254  1512  2253 W UserManagerService: Requested status bar icon for non-badged user 0
08-03 18:27:31.255  1512  2253 W UserManagerService: Requested status bar icon for non-badged user 0
08-03 18:27:31.271  1512  1613 V WindowManager: Unknown focus tokens, dropping reportFocusChanged
08-03 18:27:31.273  1512  5616 D CoreBackPreview: Window{307757e u0 com.nick.myrecoverytracker/com.nick.myrecoverytracker.MainActivity}: Setting back callback null
08-03 18:27:31.276  1512  2550 I ActivityTaskManager: Activity reported stop, but no longer stopping: ActivityRecord{8a4fa82 u0 com.nick.myrecoverytracker/.MainActivity t8432 f}} DESTROYING
08-03 18:27:31.295  1512  4182 W PackageConfigPersister: App-specific configuration not found for packageName: com.google.android.apps.nexuslauncher and userId: 0
08-03 18:27:31.818  2196  2250 D WindowManagerShell: setLauncherKeepClearAreaHeight: visible=false, height=527
08-03 18:27:32.791  1512  2253 W PackageConfigPersister: App-specific configuration not found for packageName: com.google.android.apps.nexuslauncher and userId: 0
08-03 18:27:33.667  1512  2014 D ActivityManager: freezing 8097 com.google.android.apps.privacy.wildlife
08-03 18:27:33.888  1512  2550 W OptProp : Cannot read opt property android.window.PROPERTY_COMPAT_ALLOW_RESIZEABLE_ACTIVITY_OVERRIDES
08-03 18:27:33.888  1512  2550 W OptProp : Cannot read opt property android.window.PROPERTY_COMPAT_ALLOW_MIN_ASPECT_RATIO_OVERRIDE
08-03 18:27:33.894  1512  2550 W OptProp : Cannot read opt property android.window.PROPERTY_COMPAT_ALLOW_ORIENTATION_OVERRIDE
08-03 18:27:33.898  1512  2550 I ActivityTaskManager: START u0 {act=android.intent.action.MAIN cat=[android.intent.category.LAUNCHER] flg=0x10200000 cmp=com.nick.myrecoverytracker/.MainActivity bnds=[293,1226][540,1541]} with LAUNCH_MULTIPLE from uid 10227 (BAL_ALLOW_VISIBLE_WINDOW) result code=0
08-03 18:27:33.899  2196  2250 V WindowManagerShell: Transition requested (#78): android.os.BinderProxy@162af5d TransitionRequestInfo { type = OPEN, triggerTask = TaskInfo{userId=0 taskId=8433 effectiveUid=10373 displayId=0 isRunning=true baseIntent=Intent { act=android.intent.action.MAIN cat=[android.intent.category.LAUNCHER] flg=0x10200000 cmp=com.nick.myrecoverytracker/.MainActivity } baseActivity=ComponentInfo{com.nick.myrecoverytracker/com.nick.myrecoverytracker.MainActivity} topActivity=ComponentInfo{com.nick.myrecoverytracker/com.nick.myrecoverytracker.MainActivity} origActivity=null realActivity=ComponentInfo{com.nick.myrecoverytracker/com.nick.myrecoverytracker.MainActivity} numActivities=1 lastActiveTime=2216432 supportsMultiWindow=true resizeMode=1 isResizeable=true minWidth=-1 minHeight=-1 defaultMinSize=220 token=WCT{android.window.IWindowContainerToken$Stub$Proxy@76130d2} topActivityType=1 pictureInPictureParams=null shouldDockBigOverlays=false launchIntoPipHostTaskId=-1 lastParentTaskIdBeforePip=-1 displayCutoutSafeInsets=Rect(0, 152 - 0, 0) topActivityInfo=ActivityInfo{5adf5a3 com.nick.myrecoverytracker.MainActivity} launchCookies=[android.os.BinderProxy@afb70a0] positionInParent=Point(0, 0) parentTaskId=-1 isFocused=false isVisible=false isVisibleRequested=false isSleeping=false locusId=null displayAreaFeatureId=1 isTopActivityTransparent=false isTopActivityStyleFloating=false lastNonFullscreenBounds=Rect(276, 716 - 804, 1796) capturedLink=null capturedLinkTimestamp=0 appCompatTaskInfo=AppCompatTaskInfo { topActivityInSizeCompat=false eligibleForLetterboxEducation= false isLetterboxEducationEnabled= false isLetterboxDoubleTapEnabled= false eligibleForUserAspectRatioButton= false topActivityBoundsLetterboxed= false isFromLetterboxDoubleTap= false topActivityLetterboxVerticalPosition= -1 topActivityLetterboxHorizontalPosition= -1 topActivityLetterboxWidth=1080 topActivityLetterboxHeight=2424 topActivityLetterboxAppWidth=1080 topActivityLetterboxAppHeight=2209 isUserFullscreenOverrideEnabled=false isSystemFullscreenOverrideEnabled=false hasMinAspectRatioOverride=false cameraCompatTaskInfo=CameraCompatTaskInfo { freeformCameraCompatMode=inactive}}}, pipTask = null, remoteTransition = RemoteTransition { remoteTransition = android.window.IRemoteTransition$Stub$Proxy@51fe459, appThread = android.app.IApplicationThread$Stub$Proxy@bfd881e, debugName = QuickstepLaunch }, displayChange = null, flags = 0, debugId = 78 }
08-03 18:27:33.899  2196  2250 D ShellSplitScreen: logExit: no-op, mLoggerSessionId is null
08-03 18:27:33.899  2196  2250 V WindowManagerShell: RemoteTransition directly requested for (#78) android.os.BinderProxy@162af5d: RemoteTransition { remoteTransition = android.window.IRemoteTransition$Stub$Proxy@51fe459, appThread = android.app.IApplicationThread$Stub$Proxy@bfd881e, debugName = QuickstepLaunch }
08-03 18:27:33.902  1512  5616 I AppsFilter: interaction: PackageSetting{b7939a4 com.nick.myrecoverytracker/10373} -> PackageSetting{30e0835 com.google.android.apps.nexuslauncher/10227} BLOCKED
08-03 18:27:33.915  1512  5565 D CoreBackPreview: Window{bc25dc1 u0 Splash Screen com.nick.myrecoverytracker}: Setting back callback OnBackInvokedCallbackInfo{mCallback=android.window.IOnBackInvokedCallback$Stub$Proxy@b872d54, mPriority=0, mIsAnimationCallback=false}
08-03 18:27:33.920  1512  1610 V WindowManager: Sent Transition (#78) createdAt=08-03 18:27:33.888 via request=TransitionRequestInfo { type = OPEN, triggerTask = TaskInfo{userId=0 taskId=8433 effectiveUid=10373 displayId=0 isRunning=true baseIntent=Intent { act=android.intent.action.MAIN cat=[android.intent.category.LAUNCHER] flg=0x10200000 cmp=com.nick.myrecoverytracker/.MainActivity } baseActivity=ComponentInfo{com.nick.myrecoverytracker/com.nick.myrecoverytracker.MainActivity} topActivity=ComponentInfo{com.nick.myrecoverytracker/com.nick.myrecoverytracker.MainActivity} origActivity=null realActivity=ComponentInfo{com.nick.myrecoverytracker/com.nick.myrecoverytracker.MainActivity} numActivities=1 lastActiveTime=2216432 supportsMultiWindow=true resizeMode=1 isResizeable=true minWidth=-1 minHeight=-1 defaultMinSize=220 token=WCT{RemoteToken{4e4e443 Task{aaf8eaf #8433 type=standard A=10373:com.nick.myrecoverytracker isResizeable=true minWidth=-1 minHeight=-1}}} topActivityType=1 pictureInPictureParams=null shouldDockBigOverlays=false launchIntoPipHostTaskId=-1 lastParentTaskIdBeforePip=-1 displayCutoutSafeInsets=Rect(0, 152 - 0, 0) topActivityInfo=ActivityInfo{1d3cac0 com.nick.myrecoverytracker.MainActivity} launchCookies=[android.os.BinderProxy@f7403f9] positionInParent=Point(0, 0) parentTaskId=-1 isFocused=false isVisible=false isVisibleRequested=false isSleeping=false locusId=null displayAreaFeatureId=1 isTopActivityTransparent=false isTopActivityStyleFloating=false lastNonFullscreenBounds=Rect(276, 716 - 804, 1796) capturedLink=null capturedLinkTimestamp=0 appCompatTaskInfo=AppCompatTaskInfo { topActivityInSizeCompat=false eligibleForLetterboxEducation= false isLetterboxEducationEnabled= false isLetterboxDoubleTapEnabled= false eligibleForUserAspectRatioButton= false topActivityBoundsLetterboxed= false isFromLetterboxDoubleTap= false topActivityLetterboxVerticalPosition= -1 topActivityLetterboxHorizontalPosition= -1 topActivityLetterboxWidth=1080 topActivityLetterboxHeight=2424 topActivityLetterboxAppWidth=1080 topActivityLetterboxAppHeight=2209 isUserFullscreenOverrideEnabled=false isSystemFullscreenOverrideEnabled=false hasMinAspectRatioOverride=false cameraCompatTaskInfo=CameraCompatTaskInfo { freeformCameraCompatMode=inactive}}}, pipTask = null, remoteTransition = RemoteTransition { remoteTransition = android.window.IRemoteTransition$Stub$Proxy@931bf3e, appThread = android.app.IApplicationThread$Stub$Proxy@a67819f, debugName = QuickstepLaunch }, displayChange = null, flags = 0, debugId = 78 }
08-03 18:27:33.920  1512  1610 V WindowManager:     startWCT=WindowContainerTransaction { changes = {} hops = [] errorCallbackToken=null taskFragmentOrganizer=null }
08-03 18:27:33.920  1512  1610 V WindowManager:     info={id=78 t=OPEN f=0x0 trk=0 r=[0@Point(0, 0)] c=[
08-03 18:27:33.920  1512  1610 V WindowManager:         {WCT{RemoteToken{4e4e443 Task{aaf8eaf #8433 type=standard A=10373:com.nick.myrecoverytracker isResizeable=true minWidth=-1 minHeight=-1}}} m=OPEN f=NONE leash=Surface(name=Task=8433)/@0xb5614fd sb=Rect(0, 0 - 1080, 2424) eb=Rect(0, 0 - 1080, 2424) epz=Point(1080, 2424) d=0 taskParent=-1},
08-03 18:27:33.920  1512  1610 V WindowManager:         {WCT{RemoteToken{3c5f6a2 Task{9653b6b #1 type=home isResizeable=true minWidth=-1 minHeight=-1}}} m=TO_BACK f=SHOW_WALLPAPER leash=Surface(name=Task=1)/@0x14c5ffe sb=Rect(0, 0 - 1080, 2424) eb=Rect(0, 0 - 1080, 2424) epz=Point(1080, 2424) d=0 taskParent=-1}
08-03 18:27:33.920  1512  1610 V WindowManager:     ]}
08-03 18:27:33.920  2196  2526 V WindowManagerShell: onTransitionReady(transaction=6493990555269)
08-03 18:27:33.920  2196  2250 V WindowManagerShell: onTransitionReady (#78) android.os.BinderProxy@162af5d: {id=78 t=OPEN f=0x0 trk=0 r=[0@Point(0, 0)] c=[{WCT{android.window.IWindowContainerToken$Stub$Proxy@37595c9} m=OPEN f=NONE leash=Surface(name=Task=8433)/@0xcb37282 sb=Rect(0, 0 - 1080, 2424) eb=Rect(0, 0 - 1080, 2424) epz=Point(1080, 2424) d=0 taskParent=-1},{WCT{android.window.IWindowContainerToken$Stub$Proxy@f2a34ce} m=TO_BACK f=SHOW_WALLPAPER leash=Surface(name=Task=1)/@0x7d78d93 sb=Rect(0, 0 - 1080, 2424) eb=Rect(0, 0 - 1080, 2424) epz=Point(1080, 2424) d=0 taskParent=-1}]}
08-03 18:27:33.920  2196  2250 V WindowManagerShell: Playing animation for (#78) android.os.BinderProxy@162af5d@0
08-03 18:27:33.920  2196  2250 V WindowManagerShell:  try firstHandler com.android.wm.shell.transition.DefaultMixedHandler@fc1da12
08-03 18:27:33.920  2196  2250 V WindowManagerShell: Mixed transition for opening an intent with a remote transition and PIP #78
08-03 18:27:33.920  2196  2250 V WindowManagerShell:  Delegate animation for (#78) to RemoteTransition { remoteTransition = android.window.IRemoteTransition$Stub$Proxy@51fe459, appThread = android.app.IApplicationThread$Stub$Proxy@bfd881e, debugName = QuickstepLaunch }
08-03 18:27:33.920  1512  4182 W UserManagerService: Requested status bar icon for non-badged user 0
08-03 18:27:33.921  2196  2250 V WindowManagerShell:  animated by firstHandler
08-03 18:27:33.931  1512  4182 D CoreBackPreview: Window{e7e6b5 u0 com.nick.myrecoverytracker/com.nick.myrecoverytracker.MainActivity}: Setting back callback OnBackInvokedCallbackInfo{mCallback=android.window.IOnBackInvokedCallback$Stub$Proxy@f7d3931, mPriority=0, mIsAnimationCallback=false}
08-03 18:27:33.933  1512  1626 D ActivityManager: sync unfroze 16003 com.android.keychain for 10
08-03 18:27:33.934  1512  1626 D ActivityManager: sync unfroze 14777 com.android.DeviceAsWebcam for 10
08-03 18:27:33.975  1512  2253 W PackageConfigPersister: App-specific configuration not found for packageName: com.nick.myrecoverytracker and userId: 0
08-03 18:27:34.319  1512  1572 D CoreBackPreview: Window{bc25dc1 u0 Splash Screen com.nick.myrecoverytracker EXITING}: Setting back callback null
08-03 18:27:34.343  1512  1572 W ActivityManager: Unbind failed: could not find connection for android.os.BinderProxy@7aef2d9
08-03 18:27:34.345  1512  4182 W ActivityManager: Unable to start service Intent { act=android.telephony.satellite.SatelliteService pkg=com.google.android.satellite } U=0: not found
08-03 18:27:34.449  2196  2250 V WindowManagerShell: Transition animation finished (aborted=false), notifying core (#78) android.os.BinderProxy@162af5d@0
08-03 18:27:34.451  1512  1610 V WindowManager: Finish Transition (#78): created at 08-03 18:27:33.888 collect-started=0.159ms request-sent=9.092ms started=10.76ms ready=18.085ms sent=30.47ms finished=561.887ms
08-03 18:27:34.453  2196  2250 V WindowManagerShell: Track 0 became idle
08-03 18:27:34.453  2196  2250 V WindowManagerShell: All active transition animations finished
08-03 18:27:34.454  1512  2253 W UserManagerService: Requested status bar icon for non-badged user 0
08-03 18:27:34.455  1512  5565 W UserManagerService: Requested status bar icon for non-badged user 0
08-03 18:27:37.993   434 24553 I keystore2: system/security/keystore2/watchdog/src/lib.rs:356 - Watchdog thread idle -> terminating. Have a great day.
08-03 18:27:39.559  1512  5565 W ContextImpl: Calling a method in the system process without a qualified user: android.app.ContextImpl.sendBroadcastMultiplePermissions:1319 android.content.Context.sendBroadcastMultiplePermissions:2537 com.android.server.TelephonyRegistry.broadcastServiceStateChanged:3774 com.android.server.TelephonyRegistry.notifyServiceStateForPhoneId:1779 com.android.internal.telephony.ITelephonyRegistry$Stub.onTransact:553 
08-03 18:27:39.564  1512  5565 W ContextImpl: Calling a method in the system process without a qualified user: android.app.ContextImpl.sendBroadcastMultiplePermissions:1352 com.android.server.TelephonyRegistry.broadcastServiceStateChanged:3779 com.android.server.TelephonyRegistry.notifyServiceStateForPhoneId:1779 com.android.internal.telephony.ITelephonyRegistry$Stub.onTransact:553 android.os.Binder.execTransactInternal:1391 
08-03 18:27:39.566  1512  5565 W ContextImpl: Calling a method in the system process without a qualified user: android.app.ContextImpl.sendBroadcastMultiplePermissions:1352 com.android.server.TelephonyRegistry.broadcastServiceStateChanged:3788 com.android.server.TelephonyRegistry.notifyServiceStateForPhoneId:1779 com.android.internal.telephony.ITelephonyRegistry$Stub.onTransact:553 android.os.Binder.execTransactInternal:1391 
08-03 18:27:39.567  1512  5565 W ContextImpl: Calling a method in the system process without a qualified user: android.app.ContextImpl.sendBroadcastMultiplePermissions:1352 com.android.server.TelephonyRegistry.broadcastServiceStateChanged:3794 com.android.server.TelephonyRegistry.notifyServiceStateForPhoneId:1779 com.android.internal.telephony.ITelephonyRegistry$Stub.onTransact:553 android.os.Binder.execTransactInternal:1391 
08-03 18:27:39.572  1512  1626 D ActivityManager: sync unfroze 22287 com.textra for 3
08-03 18:27:39.584  1512  1626 D ActivityManager: sync unfroze 2864 com.google.android.cellbroadcastreceiver for 3
08-03 18:27:39.588  1512  5565 W ContextImpl: Calling a method in the system process without a qualified user: android.app.ContextImpl.sendBroadcastMultiplePermissions:1352 android.content.Context.sendBroadcastMultiplePermissions:2483 android.content.Context.sendBroadcastMultiplePermissions:2471 com.android.server.TelephonyRegistry.broadcastDataConnectionStateChanged:3993 com.android.server.TelephonyRegistry.notifyDataConnectionForSubscriber:2248 
08-03 18:27:39.602  1512  5617 E AppOps  : attributionTag IWLAN not declared in manifest of com.google.pixel.iwlan
08-03 18:27:39.605  1512  5617 E AppOps  : attributionTag IWLAN not declared in manifest of com.google.pixel.iwlan
08-03 18:27:39.606  1512  5617 E AppOps  : attributionTag IWLAN not declared in manifest of com.google.pixel.iwlan
08-03 18:27:39.606  1512  5617 E AppOps  : attributionTag IWLAN not declared in manifest of com.google.pixel.iwlan
08-03 18:27:39.607  1512  5617 E AppOps  : attributionTag IWLAN not declared in manifest of com.google.pixel.iwlan
08-03 18:27:39.609  1512  5617 E AppOps  : attributionTag IWLAN not declared in manifest of com.google.pixel.iwlan
08-03 18:27:39.611  1512  5617 E AppOps  : attributionTag IWLAN not declared in manifest of com.google.pixel.iwlan
08-03 18:27:39.614  1512  5616 E AppOps  : attributionTag IWLAN not declared in manifest of com.google.pixel.iwlan
08-03 18:27:39.614  1512  5616 E AppOps  : attributionTag IWLAN not declared in manifest of com.google.pixel.iwlan
08-03 18:27:39.617  1512  5617 E AppOps  : attributionTag IWLAN not declared in manifest of com.google.pixel.iwlan
08-03 18:27:39.619  1512  5617 E AppOps  : attributionTag IWLAN not declared in manifest of com.google.pixel.iwlan
08-03 18:27:39.621  1512  5616 E AppOps  : attributionTag IWLAN not declared in manifest of com.google.pixel.iwlan
08-03 18:27:39.622  1512  5616 E AppOps  : attributionTag IWLAN not declared in manifest of com.google.pixel.iwlan
08-03 18:27:39.624  1512  5616 E AppOps  : attributionTag IWLAN not declared in manifest of com.google.pixel.iwlan
08-03 18:27:39.624  1512  5616 E AppOps  : attributionTag IWLAN not declared in manifest of com.google.pixel.iwlan
08-03 18:27:39.625  1512  5617 E AppOps  : attributionTag IWLAN not declared in manifest of com.google.pixel.iwlan
08-03 18:27:39.627  1512  5616 E AppOps  : attributionTag IWLAN not declared in manifest of com.google.pixel.iwlan
08-03 18:27:39.651  1512  5616 E AppOps  : attributionTag IWLAN not declared in manifest of com.google.pixel.iwlan
08-03 18:27:39.651  1512  5617 E AppOps  : attributionTag IWLAN not declared in manifest of com.google.pixel.iwlan
08-03 18:27:39.654  1512  5616 E AppOps  : attributionTag IWLAN not declared in manifest of com.google.pixel.iwlan
08-03 18:27:39.655  1512  5617 E AppOps  : attributionTag IWLAN not declared in manifest of com.google.pixel.iwlan
08-03 18:27:39.657  1512  5616 E AppOps  : attributionTag IWLAN not declared in manifest of com.google.pixel.iwlan
08-03 18:27:39.657  1512  5616 E AppOps  : attributionTag IWLAN not declared in manifest of com.google.pixel.iwlan
08-03 18:27:39.658  1512  5616 E AppOps  : attributionTag IWLAN not declared in manifest of com.google.pixel.iwlan
08-03 18:27:39.659  1512  5616 E AppOps  : attributionTag IWLAN not declared in manifest of com.google.pixel.iwlan
08-03 18:27:39.660  1512  5617 E AppOps  : attributionTag IWLAN not declared in manifest of com.google.pixel.iwlan
08-03 18:27:39.661  1512  5617 E AppOps  : attributionTag IWLAN not declared in manifest of com.google.pixel.iwlan
08-03 18:27:39.662  1512  5616 E AppOps  : attributionTag IWLAN not declared in manifest of com.google.pixel.iwlan
08-03 18:27:39.662  1512  5617 E AppOps  : attributionTag IWLAN not declared in manifest of com.google.pixel.iwlan
08-03 18:27:39.663  1512  5617 E AppOps  : attributionTag IWLAN not declared in manifest of com.google.pixel.iwlan
08-03 18:27:39.664  1512  5617 E AppOps  : attributionTag IWLAN not declared in manifest of com.google.pixel.iwlan
08-03 18:27:39.665  1512  5616 E AppOps  : attributionTag IWLAN not declared in manifest of com.google.pixel.iwlan
08-03 18:27:39.667  1512  5617 E AppOps  : attributionTag IWLAN not declared in manifest of com.google.pixel.iwlan
08-03 18:27:39.669  1512  5616 E AppOps  : attributionTag IWLAN not declared in manifest of com.google.pixel.iwlan
08-03 18:27:39.670  1512  5617 E AppOps  : attributionTag IWLAN not declared in manifest of com.google.pixel.iwlan
08-03 18:27:39.671  1512  5616 E AppOps  : attributionTag IWLAN not declared in manifest of com.google.pixel.iwlan
08-03 18:27:39.673  1512  5617 E AppOps  : attributionTag IWLAN not declared in manifest of com.google.pixel.iwlan
08-03 18:27:39.675  1512  5616 E AppOps  : attributionTag IWLAN not declared in manifest of com.google.pixel.iwlan
08-03 18:27:39.677  1512  5616 E AppOps  : attributionTag IWLAN not declared in manifest of com.google.pixel.iwlan
08-03 18:27:39.679  1512  5617 E AppOps  : attributionTag IWLAN not declared in manifest of com.google.pixel.iwlan
08-03 18:27:39.682  1512  5617 E AppOps  : attributionTag IWLAN not declared in manifest of com.google.pixel.iwlan
08-03 18:27:39.685  1512  5565 E AppOps  : attributionTag IWLAN not declared in manifest of com.google.pixel.iwlan
08-03 18:27:39.688  1512  5616 E AppOps  : attributionTag IWLAN not declared in manifest of com.google.pixel.iwlan
08-03 18:27:39.689  1512  5565 E AppOps  : attributionTag IWLAN not declared in manifest of com.google.pixel.iwlan
08-03 18:27:39.691  1512  5565 E AppOps  : attributionTag IWLAN not declared in manifest of com.google.pixel.iwlan
08-03 18:27:39.701  1512  5617 E AppOps  : attributionTag IWLAN not declared in manifest of com.google.pixel.iwlan
08-03 18:27:39.704  1512  5565 E AppOps  : attributionTag IWLAN not declared in manifest of com.google.pixel.iwlan
08-03 18:27:39.707  1512  5617 E AppOps  : attributionTag IWLAN not declared in manifest of com.google.pixel.iwlan
08-03 18:27:39.709  1512  5617 E AppOps  : attributionTag IWLAN not declared in manifest of com.google.pixel.iwlan
08-03 18:27:39.711  1512  5617 E AppOps  : attributionTag IWLAN not declared in manifest of com.google.pixel.iwlan
08-03 18:27:39.713  1512  2188 E AppOps  : attributionTag IWLAN not declared in manifest of com.google.pixel.iwlan
08-03 18:27:39.715  1512  5565 E AppOps  : attributionTag IWLAN not declared in manifest of com.google.pixel.iwlan
08-03 18:27:39.718  1512  5565 E AppOps  : attributionTag IWLAN not declared in manifest of com.google.pixel.iwlan
08-03 18:27:39.720  1512  4182 E AppOps  : attributionTag IWLAN not declared in manifest of com.google.pixel.iwlan
08-03 18:27:39.722  1512  4182 E AppOps  : attributionTag IWLAN not declared in manifest of com.google.pixel.iwlan
08-03 18:27:39.726  1512  2188 E AppOps  : attributionTag IWLAN not declared in manifest of com.google.pixel.iwlan
08-03 18:27:39.728  1512  2188 E AppOps  : attributionTag IWLAN not declared in manifest of com.google.pixel.iwlan
08-03 18:27:40.041  1512  5617 W ContextImpl: Calling a method in the system process without a qualified user: android.app.ContextImpl.sendBroadcastMultiplePermissions:1319 android.content.Context.sendBroadcastMultiplePermissions:2537 com.android.server.TelephonyRegistry.broadcastServiceStateChanged:3774 com.android.server.TelephonyRegistry.notifyServiceStateForPhoneId:1779 com.android.internal.telephony.ITelephonyRegistry$Stub.onTransact:553 
08-03 18:27:40.045  1512  5617 W ContextImpl: Calling a method in the system process without a qualified user: android.app.ContextImpl.sendBroadcastMultiplePermissions:1352 com.android.server.TelephonyRegistry.broadcastServiceStateChanged:3779 com.android.server.TelephonyRegistry.notifyServiceStateForPhoneId:1779 com.android.internal.telephony.ITelephonyRegistry$Stub.onTransact:553 android.os.Binder.execTransactInternal:1391 
08-03 18:27:40.048  1512  5617 W ContextImpl: Calling a method in the system process without a qualified user: android.app.ContextImpl.sendBroadcastMultiplePermissions:1352 com.android.server.TelephonyRegistry.broadcastServiceStateChanged:3788 com.android.server.TelephonyRegistry.notifyServiceStateForPhoneId:1779 com.android.internal.telephony.ITelephonyRegistry$Stub.onTransact:553 android.os.Binder.execTransactInternal:1391 
08-03 18:27:40.051  1512  5617 W ContextImpl: Calling a method in the system process without a qualified user: android.app.ContextImpl.sendBroadcastMultiplePermissions:1352 com.android.server.TelephonyRegistry.broadcastServiceStateChanged:3794 com.android.server.TelephonyRegistry.notifyServiceStateForPhoneId:1779 com.android.internal.telephony.ITelephonyRegistry$Stub.onTransact:553 android.os.Binder.execTransactInternal:1391 
08-03 18:27:40.065  1512  5617 W ContextImpl: Calling a method in the system process without a qualified user: android.app.ContextImpl.sendBroadcastMultiplePermissions:1352 android.content.Context.sendBroadcastMultiplePermissions:2483 android.content.Context.sendBroadcastMultiplePermissions:2471 com.android.server.TelephonyRegistry.broadcastDataConnectionStateChanged:3993 com.android.server.TelephonyRegistry.notifyDataConnectionForSubscriber:2248 
08-03 18:27:40.129  1512  5617 E AppOps  : attributionTag IWLAN not declared in manifest of com.google.pixel.iwlan
08-03 18:27:40.134  1512  5617 E AppOps  : attributionTag IWLAN not declared in manifest of com.google.pixel.iwlan
08-03 18:27:40.139  1512  5617 E AppOps  : attributionTag IWLAN not declared in manifest of com.google.pixel.iwlan
08-03 18:27:40.143  1512  5616 E AppOps  : attributionTag IWLAN not declared in manifest of com.google.pixel.iwlan
08-03 18:27:40.148  1512  5616 E AppOps  : attributionTag IWLAN not declared in manifest of com.google.pixel.iwlan
08-03 18:27:40.154  1512  5617 E AppOps  : attributionTag IWLAN not declared in manifest of com.google.pixel.iwlan
08-03 18:27:40.159  1512  5617 E AppOps  : attributionTag IWLAN not declared in manifest of com.google.pixel.iwlan
08-03 18:27:40.165  1512  5617 E AppOps  : attributionTag IWLAN not declared in manifest of com.google.pixel.iwlan
08-03 18:27:40.168  1512  5616 E AppOps  : attributionTag IWLAN not declared in manifest of com.google.pixel.iwlan
08-03 18:27:40.176  1512  5617 E AppOps  : attributionTag IWLAN not declared in manifest of com.google.pixel.iwlan
08-03 18:27:40.178  1512  5616 E AppOps  : attributionTag IWLAN not declared in manifest of com.google.pixel.iwlan
08-03 18:27:40.180  1512  5617 E AppOps  : attributionTag IWLAN not declared in manifest of com.google.pixel.iwlan
08-03 18:27:40.182  1512  5616 E AppOps  : attributionTag IWLAN not declared in manifest of com.google.pixel.iwlan
08-03 18:27:40.184  1512  5616 E AppOps  : attributionTag IWLAN not declared in manifest of com.google.pixel.iwlan
08-03 18:27:40.185  1512  5616 E AppOps  : attributionTag IWLAN not declared in manifest of com.google.pixel.iwlan
08-03 18:27:40.186  1512  5616 E AppOps  : attributionTag IWLAN not declared in manifest of com.google.pixel.iwlan
08-03 18:27:40.189  1512  5616 E AppOps  : attributionTag IWLAN not declared in manifest of com.google.pixel.iwlan
08-03 18:27:40.203  1512  5616 E AppOps  : attributionTag IWLAN not declared in manifest of com.google.pixel.iwlan
08-03 18:27:40.205  1512  5617 E AppOps  : attributionTag IWLAN not declared in manifest of com.google.pixel.iwlan
08-03 18:27:40.208  1512  5616 E AppOps  : attributionTag IWLAN not declared in manifest of com.google.pixel.iwlan
08-03 18:27:40.211  1512  5617 E AppOps  : attributionTag IWLAN not declared in manifest of com.google.pixel.iwlan
08-03 18:27:40.214  1512  5616 E AppOps  : attributionTag IWLAN not declared in manifest of com.google.pixel.iwlan
08-03 18:27:40.215  1512  5616 E AppOps  : attributionTag IWLAN not declared in manifest of com.google.pixel.iwlan
08-03 18:27:40.217  1512  5616 E AppOps  : attributionTag IWLAN not declared in manifest of com.google.pixel.iwlan
08-03 18:27:40.218  1512  5616 E AppOps  : attributionTag IWLAN not declared in manifest of com.google.pixel.iwlan
08-03 18:27:40.221  1512  5617 E AppOps  : attributionTag IWLAN not declared in manifest of com.google.pixel.iwlan
