08-03 18:36:49.797  1512  4025 W ActivityManager: Unbind failed: could not find connection for android.os.BinderProxy@1f8e01
08-03 18:36:49.798  1512  4025 W ActivityManager: Unable to start service Intent { act=android.telephony.satellite.SatelliteService pkg=com.google.android.satellite } U=0: not found
08-03 18:37:43.878  1512  4025 I SoundTriggerMiddlewareLogging: RECOGNITION (1, RecognitionEventSys{recognitionEvent: RecognitionEvent{status: 0, type: 1, captureAvailable: true, captureDelayMs: 0, capturePreambleMs: 0, triggerInData: false, audioConfig: AudioConfig{base: AudioConfigBase{sampleRate: 16000, channelMask: AudioChannelLayout.layoutMask(1), format: AudioFormatDescription{type: 1, pcm: 1, encoding: }}, offloadInfo: AudioOffloadInfo{base: AudioConfigBase{sampleRate: 0, channelMask: AudioChannelLayout.none(0), format: AudioFormatDescription{type: 0, pcm: 0, encoding: }}, streamType: -2, bitRatePerSecond: 0, durationUs: 0, hasVideo: false, isStreaming: false, bitWidth: 16, offloadBufferSize: 0, usage: -1, encapsulationMode: -1, contentId: 0, syncId: 0}, frameCount: 0}, data: [112, 111, 115, 95, 109, 117, 115, 105, 99, 44, 118, 97, 108, 58, 50, 53, 53, 53, 55], recognitionStillActive: false}, halEventReceivedMillis: 2826411095638, token: android.os.Binder@800de93}, 977)
08-03 18:37:43.910  1512  1512 V SoundTriggerService: 9f6ad62a-1f0b-11e7-87c5-40a8f03d3f15: onServiceConnected(android.os.BinderProxy@8042a48)
08-03 18:37:43.911  1512  1512 V SoundTriggerService: 9f6ad62a-1f0b-11e7-87c5-40a8f03d3f15: runOp 0
08-03 18:37:45.772  1512  4025 I SoundTriggerMiddlewareLogging: UNLOAD_MODEL (1)
08-03 18:37:45.774  1512  1572 W SoundTriggerHelper: Unload error: Attempting unload invalid generic model with id:9f6ad62a-1f0b-11e7-87c5-40a8f03d3f15
08-03 18:37:45.797  1512  1572 I SoundTriggerMiddlewareLogging: LOAD_MODEL ("9f6ad62a-1f0b-11e7-87c5-40a8f03d3f15") -> 1
08-03 18:37:45.854  1512  1572 I SoundTriggerMiddlewareLogging: START_RECOGNITION (1, RecognitionConfig{captureRequested: true, phraseRecognitionExtras: [], audioCapabilities: 0, data: []}) -> android.os.Binder@f883fd5
08-03 18:37:45.855  1512  1572 I SoundTriggerHelper: startRecognition successful.
08-03 18:37:45.855  1512  1572 W SoundTriggerService: error onStart(): Model 9f6ad62a-1f0b-11e7-87c5-40a8f03d3f15 already started
08-03 18:37:45.856  1512  1572 W SoundTriggerHelper: Unload error: Attempting unload invalid generic model with id:12caddb1-acdb-4dce-8cb0-2e95a2313aee
08-03 18:37:45.856  1512  1572 I SoundTriggerService: error onStop(): Model 12caddb1-acdb-4dce-8cb0-2e95a2313aee has no stats available
08-03 18:37:45.998  1512  1512 W NotificationHistory: Attempted to add notif for locked/gone/disabled user 0
08-03 18:38:07.711  1512  4025 E BatteryStatsService: Invalid uid for waking network packet: -1
08-03 18:38:41.183  1512  4025 I SoundTriggerMiddlewareLogging: RECOGNITION (1, RecognitionEventSys{recognitionEvent: RecognitionEvent{status: 0, type: 1, captureAvailable: true, captureDelayMs: 0, capturePreambleMs: 0, triggerInData: false, audioConfig: AudioConfig{base: AudioConfigBase{sampleRate: 16000, channelMask: AudioChannelLayout.layoutMask(1), format: AudioFormatDescription{type: 1, pcm: 1, encoding: }}, offloadInfo: AudioOffloadInfo{base: AudioConfigBase{sampleRate: 0, channelMask: AudioChannelLayout.none(0), format: AudioFormatDescription{type: 0, pcm: 0, encoding: }}, streamType: -2, bitRatePerSecond: 0, durationUs: 0, hasVideo: false, isStreaming: false, bitWidth: 16, offloadBufferSize: 0, usage: -1, encapsulationMode: -1, contentId: 0, syncId: 0}, frameCount: 0}, data: [112, 111, 115, 95, 109, 117, 115, 105, 99, 44, 118, 97, 108, 58, 50, 49, 57, 56, 53], recognitionStillActive: false}, halEventReceivedMillis: 2883710180526, token: android.os.Binder@f883fd5}, 985)
08-03 18:38:41.200  1512  1512 V SoundTriggerService: 9f6ad62a-1f0b-11e7-87c5-40a8f03d3f15: onServiceConnected(android.os.BinderProxy@d107bdd)
08-03 18:38:41.201  1512  1512 V SoundTriggerService: 9f6ad62a-1f0b-11e7-87c5-40a8f03d3f15: runOp 0
08-03 18:38:41.771  1512  2546 I SoundTriggerMiddlewareLogging: UNLOAD_MODEL (1)
08-03 18:38:41.774  1512  2546 W SoundTriggerHelper: Unload error: Attempting unload invalid generic model with id:9f6ad62a-1f0b-11e7-87c5-40a8f03d3f15
08-03 18:38:41.798  1512  2546 I SoundTriggerMiddlewareLogging: LOAD_MODEL ("9f6ad62a-1f0b-11e7-87c5-40a8f03d3f15") -> 1
08-03 18:38:41.855  1512  2546 I SoundTriggerMiddlewareLogging: START_RECOGNITION (1, RecognitionConfig{captureRequested: true, phraseRecognitionExtras: [], audioCapabilities: 0, data: []}) -> android.os.Binder@944eaaa
08-03 18:38:41.855  1512  2546 I SoundTriggerHelper: startRecognition successful.
08-03 18:38:41.855  1512  2546 W SoundTriggerService: error onStart(): Model 9f6ad62a-1f0b-11e7-87c5-40a8f03d3f15 already started
08-03 18:38:41.856  1512  2546 W SoundTriggerHelper: Unload error: Attempting unload invalid generic model with id:12caddb1-acdb-4dce-8cb0-2e95a2313aee
08-03 18:38:41.856  1512  2546 I SoundTriggerService: error onStop(): Model 12caddb1-acdb-4dce-8cb0-2e95a2313aee has no stats available
08-03 18:38:44.497  1512  2546 W ActivityManager: Unbind failed: could not find connection for android.os.BinderProxy@a490168
08-03 18:38:44.504  1512  2546 W ActivityManager: Unable to start service Intent { act=android.telephony.satellite.SatelliteService pkg=com.google.android.satellite } U=0: not found
08-03 18:39:11.759  1512  1626 I ActivityManager: Force stopping com.nick.myrecoverytracker appid=10373 user=-1: deletePackageX
08-03 18:39:11.760  1512  1760 I AppsFilter: interaction: PackageSetting{2cd4345 com.google.android.microdroid.empty_payload/10262} -> PackageSetting{92057b5 com.nick.myrecoverytracker/10373} BLOCKED
08-03 18:39:11.761  1512  1626 I ActivityManager: Killing 20237:com.nick.myrecoverytracker/u0a373 (adj 200): stop com.nick.myrecoverytracker due to deletePackageX
08-03 18:39:11.762  1512  1611 D DisplayManagerService: Drop pending events for gone uid 10373
08-03 18:39:11.766  1512  1626 W ForegroundServiceTypeLoggerModule: Logger should be tracking FGS types correctly for UID 10373 in package com.nick.myrecoverytracker
08-03 18:39:11.767  1512  1512 V NotificationManagerService.NotificationListeners: 0 notification listener connection lost: ComponentInfo{com.nick.myrecoverytracker/com.nick.myrecoverytracker.NotificationListener}
08-03 18:39:11.767  1512  1512 W NotificationManagerService.NotificationListeners: 0 notification listener binding died: ComponentInfo{com.nick.myrecoverytracker/com.nick.myrecoverytracker.NotificationListener}
08-03 18:39:11.768  1512  1626 W ActivityTaskManager: Force removing ActivityRecord{a2c968e u0 com.nick.myrecoverytracker/.MainActivity t8433 f}}: app died, no saved state
08-03 18:39:11.768  1512  2005 W UsageStatsService: Unexpected activity event reported! (com.nick.myrecoverytracker/com.nick.myrecoverytracker.MainActivity event : 23 instanceId : 76759740)
08-03 18:39:11.781  1512  2104 W NetworkPolicy: shared quota unsupported; generating rule for each iface
08-03 18:39:11.799  1512  2546 D NotificationManagerService.NotificationListeners: Removing active service ComponentInfo{com.nick.myrecoverytracker/com.nick.myrecoverytracker.NotificationListener}
08-03 18:39:11.799  1512  1613 W ActivityManager: setHasOverlayUi called on unknown pid: 20237
08-03 18:39:11.800  1512  1572 V ActivityManager: Got obituary of 20237:com.nick.myrecoverytracker
08-03 18:39:11.853   434 10515 I keystore2: system/security/keystore2/src/maintenance.rs:381 - clearNamespace(r#APP, nspace=10373)
08-03 18:39:11.860     0     0 I trusty  : INFO: system/keymint/ta/src/lib.rs:949 add 64 bytes of entropy
08-03 18:39:13.180  1512  1760 I ActivityManager: Force stopping com.nick.myrecoverytracker appid=10373 user=0: pkg removed
08-03 18:39:13.203  1512  2046 V StorageManagerService: Package com.nick.myrecoverytracker does not have legacy storage
08-03 18:39:13.211  1512  1626 D ActivityManager: sync unfroze 19942 com.android.externalstorage for 3
08-03 18:39:13.211  1512  1626 D ActivityManager: sync unfroze 20282 com.google.android.apps.docs for 3
08-03 18:39:13.212  1512  1626 D ActivityManager: sync unfroze 19908 com.google.android.documentsui for 3
08-03 18:39:13.214  1512  1626 D ActivityManager: sync unfroze 4792 com.android.vending:background for 3
08-03 18:39:13.214  1512  1626 D ActivityManager: sync unfroze 6226 com.android.chrome:privileged_process0 for 3
08-03 18:39:13.215  1512  1626 D ActivityManager: sync unfroze 4648 com.android.chrome for 3
08-03 18:39:13.223  1512  2119 E AppOps  : attributionTag VCN not declared in manifest of android
08-03 18:39:13.226 19908 19936 E ActivityThread: Failed to find provider info for com.google.android.apps.docs.storage
08-03 18:39:13.231  1512  2119 E AppOps  : attributionTag VCN not declared in manifest of android
08-03 18:39:13.231  1512  1626 D ActivityManager: sync unfroze 4372 com.telstra.mobile.android.mytelstra for 3
08-03 18:39:13.234  1512  2154 D ShortcutService: received package broadcast intent: Intent { act=android.intent.action.PACKAGE_REMOVED dat=package: flg=0x4000010 (has extras) }
08-03 18:39:13.234  1512  2154 D ShortcutService: removing package: com.nick.myrecoverytracker userId=0
08-03 18:39:13.242  1512  1626 D ActivityManager: sync unfroze 9595 com.google.android.videos for 3
08-03 18:39:13.245  1512  1512 D ActivityManager: sync unfroze 16006 com.google.android.odad for 6
08-03 18:39:13.254  1512  1512 D ActivityManager: sync unfroze 16003 com.android.keychain for 10
08-03 18:39:13.254  1512  1512 D ActivityManager: sync unfroze 14777 com.android.DeviceAsWebcam for 10
08-03 18:39:13.262  1512  1572 D ActivityManager: sync unfroze 2964 com.google.android.gms for 6
08-03 18:39:13.263  1512  1572 D ActivityManager: sync unfroze 23222 com.google.android.webview:sandboxed_process0:org.chromium.content.app.SandboxedProcessService0:0 for 6
08-03 18:39:13.263  1512  1572 D ActivityManager: sync unfroze 7091 com.google.android.gms.unstable for 6
08-03 18:39:13.264  1512  4025 W AppOpService: Ignored setUidMode call for runtime permission app op: uid = 10347, code = READ_CELL_BROADCASTS, mode = allow, callingUid = 1001, oldMode = allow
08-03 18:39:13.271  1512  5612 W AppOpService: Ignored setUidMode call for runtime permission app op: uid = 1001, code = READ_SMS, mode = allow, callingUid = 1001, oldMode = allow
08-03 18:39:13.272  1512  5612 W AppOpService: Ignored setUidMode call for runtime permission app op: uid = 1001, code = RECEIVE_SMS, mode = allow, callingUid = 1001, oldMode = allow
08-03 18:39:13.272  1512  5612 W AppOpService: Ignored setUidMode call for runtime permission app op: uid = 1001, code = RECEIVE_WAP_PUSH, mode = allow, callingUid = 1001, oldMode = allow
08-03 18:39:13.272  1512  5612 W AppOpService: Ignored setUidMode call for runtime permission app op: uid = 1001, code = SEND_SMS, mode = allow, callingUid = 1001, oldMode = allow
08-03 18:39:13.272  1512  5612 W AppOpService: Ignored setUidMode call for runtime permission app op: uid = 1001, code = READ_CELL_BROADCASTS, mode = allow, callingUid = 1001, oldMode = allow
08-03 18:39:13.278  1512  1512 I Telecom : CarModeTracker: Package com.nick.myrecoverytracker is not tracked.: SSH.oR@A/Y
08-03 18:39:13.278  1512  1512 I Telecom : InCallController: updateCarModeForConnections: car mode apps: : SSH.oR@A/Y
08-03 18:39:13.278  1512  1512 I Telecom : InCallController: update carmode current:UserHandle{0} parent:null: SSH.oR@A/Y
08-03 18:39:13.283  1512  2001 D ActivityManager: sync unfroze 3001 com.google.android.euicc for 6
08-03 18:39:13.292  1512  1512 V NotificationManagerService.NotificationListeners: enabling notification listener for 0: ComponentInfo{com.garmin.android.apps.connectmobile/com.garmin.android.gncs.GNCSListenerService}
08-03 18:39:13.292  1512  1512 V NotificationManagerService.NotificationListeners: Not registering ComponentInfo{com.garmin.android.apps.connectmobile/com.garmin.android.gncs.GNCSListenerService} is already bound
08-03 18:39:13.292  1512  1512 V NotificationManagerService.NotificationListeners: enabling notification listener for 0: ComponentInfo{com.google.android.apps.nexuslauncher/com.android.launcher3.notification.NotificationListener}
08-03 18:39:13.292  1512  1512 V NotificationManagerService.NotificationListeners: Not registering ComponentInfo{com.google.android.apps.nexuslauncher/com.android.launcher3.notification.NotificationListener} is already bound
08-03 18:39:13.292  1512  1512 V NotificationManagerService.NotificationListeners: enabling notification listener for 0: ComponentInfo{com.google.android.as/com.google.android.apps.miphone.aiai.common.notification.service.AiAiNotificationListenerService}
08-03 18:39:13.292  1512  1512 V NotificationManagerService.NotificationListeners: Not registering ComponentInfo{com.google.android.as/com.google.android.apps.miphone.aiai.common.notification.service.AiAiNotificationListenerService} is already bound
08-03 18:39:14.710  1512  2546 D CompatChangeReporter: Compat change id reported: 261072174; UID 10311; state: ENABLED
08-03 18:39:14.730  1512  1512 I ConditionProviders: Disallowing condition provider com.nick.myrecoverytracker (userSet: true)
08-03 18:39:14.734 19908 19938 I ActivityThread: Removing dead content provider:android.content.ContentProviderProxy@e2a58d5
08-03 18:39:14.735  1512  5565 I ActivityManager: Process com.textra (pid 22287) early provider death
08-03 18:39:14.735  1512  1512 W Looper  : Slow dispatch took 508ms main h=com.android.server.notification.NotificationManagerService$WorkerHandler c=null m=8
08-03 18:39:14.735  1512  1512 W Looper  : Slow delivery took 533ms main h=com.android.server.alarm.AlarmManagerService$AlarmHandler c=android.app.ActivityManager$2$$ExternalSyntheticLambda0@7949f5 m=0
08-03 18:39:14.736  1512  5565 I ActivityManager: Process com.textra (pid 22287) has died: cch+5 CEM 
08-03 18:39:14.737  1512  1512 I RemoteContentProtectionService: Connection status for: ComponentInfo{com.google.android.odad/com.google.android.apps.miphone.odad.contentprotection.ContentProtectionService} changed to: connected
08-03 18:39:14.738  1512  1512 W Looper  : Drained
08-03 18:39:14.739  1512  1611 D DisplayManagerService: Drop pending events for gone uid 10347
08-03 18:39:14.743  1512  2301 W ActivityManager: pid 19908 com.google.android.documentsui sent binder code 1 with flags 2 to frozen apps and got error -2147483646
08-03 18:39:14.746  1512  2336 I ConditionProviders:  Allowing condition provider com.garmin.android.apps.connectmobile/com.garmin.android.gncs.GNCSListenerService (userSet: false)
08-03 18:39:14.746  1512  2336 I NotificationManagerService.NotificationListeners:  Allowing notification listener com.garmin.android.apps.connectmobile/com.garmin.android.gncs.GNCSListenerService (userSet: false)
08-03 18:39:14.747  1512  2336 V NotificationManagerService.NotificationListeners: enabling notification listener for 0: ComponentInfo{com.garmin.android.apps.connectmobile/com.garmin.android.gncs.GNCSListenerService}
08-03 18:39:14.747  1512  2336 V NotificationManagerService.NotificationListeners: Not registering ComponentInfo{com.garmin.android.apps.connectmobile/com.garmin.android.gncs.GNCSListenerService} is already bound
08-03 18:39:14.747  1512  2336 V NotificationManagerService.NotificationListeners: enabling notification listener for 0: ComponentInfo{com.google.android.apps.nexuslauncher/com.android.launcher3.notification.NotificationListener}
08-03 18:39:14.747  1512  2336 V NotificationManagerService.NotificationListeners: Not registering ComponentInfo{com.google.android.apps.nexuslauncher/com.android.launcher3.notification.NotificationListener} is already bound
08-03 18:39:14.747  1512  2336 V NotificationManagerService.NotificationListeners: enabling notification listener for 0: ComponentInfo{com.google.android.as/com.google.android.apps.miphone.aiai.common.notification.service.AiAiNotificationListenerService}
08-03 18:39:14.747  1512  2336 V NotificationManagerService.NotificationListeners: Not registering ComponentInfo{com.google.android.as/com.google.android.apps.miphone.aiai.common.notification.service.AiAiNotificationListenerService} is already bound
08-03 18:39:14.758  1512  2008 I RollbackManager: broadcast=ACTION_PACKAGE_FULLY_REMOVED pkg=com.nick.myrecoverytracker
08-03 18:39:14.773  1512 19892 V Configuration: Updating configuration, locales updated from [] to [en_AU]
08-03 18:39:14.773  1512 19892 V Configuration: Updating configuration, locales updated from [] to [en_AU]
08-03 18:39:14.774  1512 19892 D IntervalStats: Unable to parse usage stats packages: [393]
08-03 18:39:14.784  1512 19892 D IntervalStats: Unable to parse usage stats packages: [393]
08-03 18:39:14.787  1512 19892 V Configuration: Updating configuration, locales updated from [] to [en_AU]
08-03 18:39:14.787  1512 19892 V Configuration: Updating configuration, locales updated from [] to [en_AU]
08-03 18:39:14.798  1512 19892 V Configuration: Updating configuration, locales updated from [] to [en_AU]
08-03 18:39:14.798  1512 19892 V Configuration: Updating configuration, locales updated from [] to [en_AU]
08-03 18:39:14.822  1512 19892 V Configuration: Updating configuration, locales updated from [] to [en_AU]
08-03 18:39:14.822  1512 19892 V Configuration: Updating configuration, locales updated from [] to [en_AU]
08-03 18:39:14.822  1512 19892 V Configuration: Updating configuration, locales updated from [] to [en_AU]
08-03 18:39:14.822  1512 19892 V Configuration: Updating configuration, locales updated from [] to [en_AU]
08-03 18:39:14.822  1512 19892 V Configuration: Updating configuration, locales updated from [] to [en_AU]
08-03 18:39:14.822  1512 19892 V Configuration: Updating configuration, locales updated from [] to [en_AU]
08-03 18:39:14.829  1512 19892 V Configuration: Updating configuration, locales updated from [] to [en_AU]
08-03 18:39:14.829  1512 19892 V Configuration: Updating configuration, locales updated from [] to [en_AU]
08-03 18:39:14.833  1512 19892 V Configuration: Updating configuration, locales updated from [] to [en_AU]
08-03 18:39:14.833  1512 19892 V Configuration: Updating configuration, locales updated from [] to [en_AU]
08-03 18:39:14.863  1512 26931 V Configuration: Updating configuration, locales updated from [] to [en_AU]
08-03 18:39:14.864  1512 26931 V Configuration: Updating configuration, locales updated from [] to [en_AU]
08-03 18:39:14.866  1512 26931 D IntervalStats: Unable to parse usage stats packages: [393]
08-03 18:39:14.866  1512 26931 D IntervalStats: Unable to parse usage stats packages: [393]
08-03 18:39:14.867  1512 26931 V Configuration: Updating configuration, locales updated from [] to [en_AU]
08-03 18:39:14.867  1512 26931 V Configuration: Updating configuration, locales updated from [] to [en_AU]
08-03 18:39:14.867  1512 26931 V Configuration: Updating configuration, locales updated from [] to [en_AU]
08-03 18:39:14.867  1512 26931 V Configuration: Updating configuration, locales updated from [] to [en_AU]
08-03 18:39:14.868  1512 26931 V Configuration: Updating configuration, locales updated from [] to [en_AU]
08-03 18:39:14.868  1512 26931 V Configuration: Updating configuration, locales updated from [] to [en_AU]
08-03 18:39:14.868  1512 26931 V Configuration: Updating configuration, locales updated from [] to [en_AU]
08-03 18:39:14.868  1512 26931 V Configuration: Updating configuration, locales updated from [] to [en_AU]
08-03 18:39:14.868  1512 26931 V Configuration: Updating configuration, locales updated from [] to [en_AU]
08-03 18:39:14.868  1512 26931 V Configuration: Updating configuration, locales updated from [] to [en_AU]
08-03 18:39:14.870  1512 26931 V Configuration: Updating configuration, locales updated from [] to [en_AU]
08-03 18:39:14.870  1512 26931 V Configuration: Updating configuration, locales updated from [] to [en_AU]
08-03 18:39:14.870  1512 26931 V Configuration: Updating configuration, locales updated from [] to [en_AU]
08-03 18:39:14.870  1512 26931 V Configuration: Updating configuration, locales updated from [] to [en_AU]
08-03 18:39:14.979  1512  1626 D ActivityManager: sync unfroze 7862 com.google.android.apps.nbu.files for 3
08-03 18:39:15.008  1512  2557 W ProcessStats: Tracking association SourceState{498636c com.google.android.gms/10152 Service #11727} whose proc state 8 is better than process ProcessState{e7fdd81 com.google.android.gms.unstable/10152 pkg=com.google.android.gms} proc state 14 (1 skipped)
08-03 18:39:15.011  1512  2557 W ActivityManager: Unable to start service Intent { act=android.intent.action.PACKAGE_REMOVED dat=package: flg=0x4000010 pkg=com.google.android.gms cmp=com.google.android.gms/does.not.exist (has extras) } U=0: not found
08-03 18:39:15.014  1512  1572 I ActivityManager: Background started FGS: Allowed [callingPackage: com.google.android.odad; callingUid: 10162; uidState: IMPF; uidBFSL: n/a; intent: Intent { cmp=com.google.android.odad/com.google.android.apps.miphone.odad.backgroundwork.impl.WorkService (has extras) }; code:BACKGROUND_ACTIVITY_PERMISSION; tempAllowListReason:<null>; targetSdkVersion:35; callerTargetSdkVersion:35; startForegroundCount:0; bindFromPackage:null: isBindService:false]
08-03 18:39:15.027  1512  4025 V ActivityManager: Got obituary of 22287:com.textra
08-03 18:39:15.028  1512  2546 W ForegroundServiceTypeLoggerModule: Foreground service start for UID: 10162 does not have any types
08-03 18:39:15.141  1512  1625 W MagnificationConnectionManager: requestConnection duplicated request: connect=false, mConnectionState=DISCONNECTED
08-03 18:39:15.141  1512  1625 I CredentialManager: updateProvidersWhenPackageRemoved
08-03 18:39:15.203  1512  2186 W ForegroundServiceTypeLoggerModule: FGS stop call for: 10162 has no types!
08-03 18:39:15.238  1512  2186 I ActivityManager: Background started FGS: Allowed [callingPackage: com.android.vending; callingUid: 10178; uidState: BFGS; uidBFSL: [BFSL]; intent: Intent { cmp=com.android.vending/com.google.android.finsky.foregroundcoordinator.impl.ForegroundCoordinatorService }; code:BACKGROUND_ACTIVITY_PERMISSION; tempAllowListReason:<,reasonCode:SYSTEM_ALLOW_LISTED,duration:9223372036854775807,callingUid:-1>; targetSdkVersion:35; callerTargetSdkVersion:35; startForegroundCount:0; bindFromPackage:null: isBindService:false]
08-03 18:39:15.239  1512  2186 W ForegroundServiceTypeLoggerModule: Foreground service start for UID: 10178 does not have any types
08-03 18:39:15.283  1512  1626 D ActivityManager: sync unfroze 2570 com.google.android.permissioncontroller for 3
08-03 18:39:15.295  1512  1626 D ActivityManager: sync unfroze 19959 com.bendigobank.mobile for 3
08-03 18:39:15.296  1512  1626 D ActivityManager: sync unfroze 20054 com.google.android.webview:sandboxed_process0:org.chromium.content.app.SandboxedProcessService0:0 for 3
08-03 18:39:15.323  1512  4013 W ForegroundServiceTypeLoggerModule: FGS stop call for: 10178 has no types!
08-03 18:39:15.378  1512  1626 D ActivityManager: sync unfroze 14837 android.process.media for 3
08-03 18:39:15.531  1512  1626 D ActivityManager: sync unfroze 25143 com.google.android.adservices.api for 3
08-03 18:39:15.902  1512  1625 D LauncherAppsService: onPackageRemoved: triggering onPackageRemoved for user=UserHandle{0}, packageName=com.nick.myrecoverytracker
08-03 18:39:15.903  1512  1625 D LauncherAppsService: onPackageRemoved: triggering onPackageRemoved for user=UserHandle{0}, packageName=com.nick.myrecoverytracker
08-03 18:39:15.903  1512  1625 D LauncherAppsService: onPackageRemoved: triggering onPackageRemoved for user=UserHandle{0}, packageName=com.nick.myrecoverytracker
08-03 18:39:15.999 26991 26991 I VirtualizationService: virtualizationservice::maintenance: Failed to find a Secretkeeper instance; skipping secret management
08-03 18:39:16.001 26991 26991 I VirtualizationService: virtualizationservice: Registered Binder service android.system.virtualizationservice.
08-03 18:39:16.003 26991 26991 I VirtualizationService: virtualizationservice: Registered Binder service android.hardware.security.keymint.IRemotelyProvisionedComponent/avf.
08-03 18:39:16.004 26991 26991 I VirtualizationService: virtualizationservice: Registered Binder service android.system.virtualizationmaintenance.
08-03 18:39:16.006 26991 26994 I VirtualizationService: virtualizationservice::aidl: ignoring packageRemoved(user_id=0, app_id=10373)
08-03 18:39:16.050  1512  1760 I AppsFilter: interaction: PackageSetting{642f438 com.google.android.microdroid.empty_payload/10262} -> PackageSetting{4a81e72 com.google.android.apps.carrier.carrierwifi/10163} BLOCKED
08-03 18:39:16.063  1512  2154 D ShortcutService: received package broadcast intent: Intent { act=android.intent.action.PACKAGE_CHANGED dat=package: flg=0x45000010 (has extras) }
08-03 18:39:16.063  1512  2154 D ShortcutService: changing package: com.google.android.apps.carrier.carrierwifi userId=0
08-03 18:39:16.080  1512  5611 W AppOpService: Ignored setUidMode call for runtime permission app op: uid = 10347, code = READ_CELL_BROADCASTS, mode = allow, callingUid = 1001, oldMode = allow
08-03 18:39:16.084  1512  5611 W AppOpService: Ignored setUidMode call for runtime permission app op: uid = 1001, code = READ_SMS, mode = allow, callingUid = 1001, oldMode = allow
08-03 18:39:16.085  1512  5611 W AppOpService: Ignored setUidMode call for runtime permission app op: uid = 1001, code = RECEIVE_SMS, mode = allow, callingUid = 1001, oldMode = allow
08-03 18:39:16.085  1512  4025 W AppOpService: Ignored setUidMode call for runtime permission app op: uid = 1001, code = RECEIVE_WAP_PUSH, mode = allow, callingUid = 1001, oldMode = allow
08-03 18:39:16.086  1512  4025 W AppOpService: Ignored setUidMode call for runtime permission app op: uid = 1001, code = SEND_SMS, mode = allow, callingUid = 1001, oldMode = allow
08-03 18:39:16.086  1512  4025 W AppOpService: Ignored setUidMode call for runtime permission app op: uid = 1001, code = READ_CELL_BROADCASTS, mode = allow, callingUid = 1001, oldMode = allow
08-03 18:39:16.095  1512  1625 W MagnificationConnectionManager: requestConnection duplicated request: connect=false, mConnectionState=DISCONNECTED
08-03 18:39:16.263  1512  4025 D ActivityManager: sync unfroze 3964 com.google.android.googlequicksearchbox:search for 4
08-03 18:39:19.702  1512  1512 W Looper  : Slow delivery took 223ms main h=android.os.Handler c=ServiceConnector@193(Intent { act=android.service.contentcapture.ContentProtectionService cmp=com.google.android.odad/com.google.android.apps.miphone.odad.contentprotection.ContentProtectionService }, user: 0)[Unbinding...] m=0
08-03 18:39:19.716  1512  1512 I RemoteContentProtectionService: Connection status for: ComponentInfo{com.google.android.odad/com.google.android.apps.miphone.odad.contentprotection.ContentProtectionService} changed to: disconnected
08-03 18:39:19.731  1512  1512 W Looper  : Drained
08-03 18:39:22.369  1512  1512 W Looper  : Slow delivery took 330ms main h=com.android.server.notification.NotificationManagerService$WorkerHandler c=com.android.server.notification.NotificationManagerService$CancelNotificationRunnable@e126be0 m=0
08-03 18:39:30.595  1512  1512 W Looper  : Drained
08-03 18:39:32.367  1512  2181 W FileUtils: Failed to chmod(AtomicFile[/data/system_de/0/system/game-manager-service.xml]): android.system.ErrnoException: chmod failed: ENOENT (No such file or directory)
08-03 18:39:32.890  1512  2014 D ActivityManager: freezing 4372 com.telstra.mobile.android.mytelstra
08-03 18:39:32.928  1512  2014 D ActivityManager: freezing 4648 com.android.chrome
08-03 18:39:32.930  1512  2014 D ActivityManager: freezing 6226 com.android.chrome:privileged_process0
08-03 18:39:32.968  1512  2014 D ActivityManager: freezing 9595 com.google.android.videos
08-03 18:39:33.848  1512  2014 D ActivityManager: freezing 7862 com.google.android.apps.nbu.files
08-03 18:39:33.866  1512  2014 D ActivityManager: freezing 19908 com.google.android.documentsui
08-03 18:39:33.868  1512  2014 D ActivityManager: freezing 20282 com.google.android.apps.docs
08-03 18:39:33.870  1512  2014 D ActivityManager: freezing 19942 com.android.externalstorage
08-03 18:39:33.960  1512  2014 D ActivityManager: freezing 19959 com.bendigobank.mobile
08-03 18:39:35.074  1512  2014 D ActivityManager: freezing 14837 android.process.media
08-03 18:39:35.076  1512  2014 D ActivityManager: freezing 4792 com.android.vending:background
08-03 18:39:35.077  1512  2014 D ActivityManager: freezing 25143 com.google.android.adservices.api
08-03 18:39:35.120   434 26854 I keystore2: system/security/keystore2/watchdog/src/lib.rs:356 - Watchdog thread idle -> terminating. Have a great day.
08-03 18:39:36.349  1512  2104 W NetworkPolicy: shared quota unsupported; generating rule for each iface
08-03 18:39:37.180  1512  4025 I SoundTriggerMiddlewareLogging: RECOGNITION (1, RecognitionEventSys{recognitionEvent: RecognitionEvent{status: 0, type: 1, captureAvailable: true, captureDelayMs: 0, capturePreambleMs: 0, triggerInData: false, audioConfig: AudioConfig{base: AudioConfigBase{sampleRate: 16000, channelMask: AudioChannelLayout.layoutMask(1), format: AudioFormatDescription{type: 1, pcm: 1, encoding: }}, offloadInfo: AudioOffloadInfo{base: AudioConfigBase{sampleRate: 0, channelMask: AudioChannelLayout.none(0), format: AudioFormatDescription{type: 0, pcm: 0, encoding: }}, streamType: -2, bitRatePerSecond: 0, durationUs: 0, hasVideo: false, isStreaming: false, bitWidth: 16, offloadBufferSize: 0, usage: -1, encapsulationMode: -1, contentId: 0, syncId: 0}, frameCount: 0}, data: [112, 111, 115, 95, 109, 117, 115, 105, 99, 44, 118, 97, 108, 58, 50, 53, 53, 56, 51], recognitionStillActive: false}, halEventReceivedMillis: 2939713385855, token: android.os.Binder@944eaaa}, 993)
08-03 18:39:37.214  1512  1512 V SoundTriggerService: 9f6ad62a-1f0b-11e7-87c5-40a8f03d3f15: onServiceConnected(android.os.BinderProxy@7bae60f)
08-03 18:39:37.215  1512  1512 V SoundTriggerService: 9f6ad62a-1f0b-11e7-87c5-40a8f03d3f15: runOp 0
08-03 18:39:37.678  1512  4025 I SoundTriggerMiddlewareLogging: UNLOAD_MODEL (1)
08-03 18:39:37.680  1512  4025 W SoundTriggerHelper: Unload error: Attempting unload invalid generic model with id:9f6ad62a-1f0b-11e7-87c5-40a8f03d3f15
08-03 18:39:37.697  1512  4025 I SoundTriggerMiddlewareLogging: LOAD_MODEL ("9f6ad62a-1f0b-11e7-87c5-40a8f03d3f15") -> 1
08-03 18:39:37.756  1512  4025 I SoundTriggerMiddlewareLogging: START_RECOGNITION (1, RecognitionConfig{captureRequested: true, phraseRecognitionExtras: [], audioCapabilities: 0, data: []}) -> android.os.Binder@dcf78d2
08-03 18:39:37.756  1512  4025 I SoundTriggerHelper: startRecognition successful.
08-03 18:39:37.756  1512  4025 W SoundTriggerService: error onStart(): Model 9f6ad62a-1f0b-11e7-87c5-40a8f03d3f15 already started
08-03 18:39:37.757  1512  4025 W SoundTriggerHelper: Unload error: Attempting unload invalid generic model with id:12caddb1-acdb-4dce-8cb0-2e95a2313aee
08-03 18:39:37.757  1512  4025 I SoundTriggerService: error onStop(): Model 12caddb1-acdb-4dce-8cb0-2e95a2313aee has no stats available
08-03 18:39:39.151  1512  2014 D ActivityManager: freezing 16006 com.google.android.odad
08-03 18:39:45.411  1512  1611 W Looper  : Slow delivery took 307ms android.ui h=com.android.server.am.ActivityManagerService$UiHandler c=com.android.server.am.UidObserverController$$ExternalSyntheticLambda0@4e1f5a m=0
08-03 18:39:45.426  1512  1611 W Looper  : Drained
08-03 18:39:51.010  1512  1760 D ActivityManager: sync unfroze 4792 com.android.vending:background for 10
08-03 18:39:51.017  1512  2037 V Configuration: Updating configuration, locales updated from [] to [en_AU]
08-03 18:39:51.038  1512  2037 W RuleEvaluation: Integrity rule files are not available.
08-03 18:39:51.040  1512  1760 I PackageManager: Integrity check passed for file:///data/app/vmdl1849211211.tmp
08-03 18:39:51.074  4936 26970 V Configuration: Updating configuration, locales updated from [] to [en_AU]
08-03 18:39:52.372  1512  5611 I ActivityManager: Background started FGS: Allowed [callingPackage: com.android.vending; callingUid: 10178; uidState: BFGS; uidBFSL: [BFSL]; intent: Intent { cmp=com.android.vending/com.google.android.finsky.foregroundcoordinator.impl.ForegroundCoordinatorService }; code:BACKGROUND_ACTIVITY_PERMISSION; tempAllowListReason:<,reasonCode:SYSTEM_ALLOW_LISTED,duration:9223372036854775807,callingUid:-1>; targetSdkVersion:35; callerTargetSdkVersion:35; startForegroundCount:0; bindFromPackage:null: isBindService:false]
08-03 18:39:52.374  1512  5611 W ForegroundServiceTypeLoggerModule: Foreground service start for UID: 10178 does not have any types
08-03 18:39:52.475  1512  4013 D CompatChangeReporter: Compat change id reported: 151861875; UID 10178; state: ENABLED
08-03 18:39:52.501  4936  5378 V Configuration: Updating configuration, locales updated from [] to [en_AU]
08-03 18:39:52.502  1512  1627 I ActivityManager: Start proc 27219:com.android.vending:com.google.android.finsky.verifier.apkanalysis.service.ApkContentsScanService/u0i14 for service {com.android.vending/com.google.android.finsky.verifier.apkanalysis.service.ApkContentsScanService}
08-03 18:39:52.592  1512  1512 W NotificationHistory: Attempted to add notif for locked/gone/disabled user 0
08-03 18:39:53.099  1512  2546 W ActivityManager: Unbind failed: could not find connection for android.os.BinderProxy@808bec
08-03 18:39:53.101  1512  2546 W ActivityManager: Unable to start service Intent { act=android.telephony.satellite.SatelliteService pkg=com.google.android.satellite } U=0: not found
08-03 18:39:53.129  1512  2546 W ForegroundServiceTypeLoggerModule: FGS stop call for: 10178 has no types!
08-03 18:39:53.148  1512  4013 D ActivityManager: sync unfroze 3314 android.process.acore for 7
08-03 18:39:53.149  1512  4013 W ProcessStats: Tracking association SourceState{fbf2237 com.garmin.android.apps.connectmobile/10312 BFgs #11845} whose proc state 4 is better than process ProcessState{e5883a4 android.process.acore/10082 pkg=com.android.providers.contacts (sub)} proc state 14 (32 skipped)
08-03 18:39:53.155  1512  2014 D ActivityManager: freezing 2570 com.google.android.permissioncontroller
08-03 18:39:53.188  1512  2104 W NetworkPolicy: shared quota unsupported; generating rule for each iface
08-03 18:39:53.917  1512  2546 I ActivityManager: Killing 27219:com.android.vending:com.google.android.finsky.verifier.apkanalysis.service.ApkContentsScanService/u0a178i14 (adj 0): isolated not needed
08-03 18:39:54.002  1512  1611 D DisplayManagerService: Drop pending events for gone uid 99014
08-03 18:40:00.490  1512  1760 I PackageManager: Continuing with installation of file:///data/app/vmdl1849211211.tmp
08-03 18:40:00.507  1512  1760 V Configuration: Updating configuration, locales updated from [] to [en_AU]
08-03 18:40:01.910  1512  1610 E AppOps  : Trying to set mode for unknown uid 10374.
08-03 18:40:01.911  1512  1610 E AppOpService: Blocked setUidMode call for runtime permission app op: uid = 10374, code = BLUETOOTH_CONNECT, mode = ignore, callingUid = 1000, oldMode = allow
08-03 18:40:01.911  1512  1610 E AppOpService: java.lang.RuntimeException
08-03 18:40:01.911  1512  1610 E AppOpService: 	at com.android.server.permission.access.appop.AppOpService.setUidMode(AppOpService.kt:268)
08-03 18:40:01.911  1512  1610 E AppOpService: 	at com.android.server.appop.AppOpsCheckingServiceTracingDecorator.setUidMode(AppOpsCheckingServiceTracingDecorator.java:120)
08-03 18:40:01.911  1512  1610 E AppOpService: 	at com.android.server.appop.AppOpsService.setUidMode(AppOpsService.java:2125)
08-03 18:40:01.911  1512  1610 E AppOpService: 	at com.android.server.appop.AppOpsService.-$$Nest$msetUidMode(AppOpsService.java:0)
08-03 18:40:01.911  1512  1610 E AppOpService: 	at com.android.server.appop.AppOpsService$AppOpsManagerInternalImpl.setUidModeFromPermissionPolicy(AppOpsService.java:7213)
08-03 18:40:01.911  1512  1610 E AppOpService: 	at com.android.server.policy.PermissionPolicyService$PermissionToOpSynchroniser.setUidMode(PermissionPolicyService.java:1112)
08-03 18:40:01.911  1512  1610 E AppOpService: 	at com.android.server.policy.PermissionPolicyService$PermissionToOpSynchroniser.setUidModeIgnored(PermissionPolicyService.java:1090)
08-03 18:40:01.911  1512  1610 E AppOpService: 	at com.android.server.policy.PermissionPolicyService$PermissionToOpSynchroniser.syncPackages(PermissionPolicyService.java:898)
08-03 18:40:01.911  1512  1610 E AppOpService: 	at com.android.server.policy.PermissionPolicyService$PermissionToOpSynchroniser.-$$Nest$msyncPackages(PermissionPolicyService.java:0)
08-03 18:40:01.911  1512  1610 E AppOpService: 	at com.android.server.policy.PermissionPolicyService.synchronizeUidPermissionsAndAppOps(PermissionPolicyService.java:690)
08-03 18:40:01.911  1512  1610 E AppOpService: 	at com.android.server.policy.PermissionPolicyService.$r8$lambda$g9YhLNd1OZQfuSCyT_yO-G8mZv0(PermissionPolicyService.java:0)
08-03 18:40:01.911  1512  1610 E AppOpService: 	at com.android.server.policy.PermissionPolicyService$$ExternalSyntheticLambda4.accept(R8$$SyntheticClass:0)
08-03 18:40:01.911  1512  1610 E AppOpService: 	at com.android.internal.util.function.pooled.PooledLambdaImpl.doInvoke(PooledLambdaImpl.java:281)
08-03 18:40:01.911  1512  1610 E AppOpService: 	at com.android.internal.util.function.pooled.PooledLambdaImpl.invoke(PooledLambdaImpl.java:204)
08-03 18:40:01.911  1512  1610 E AppOpService: 	at com.android.internal.util.function.pooled.OmniFunction.run(OmniFunction.java:87)
08-03 18:40:01.911  1512  1610 E AppOpService: 	at android.os.Handler.handleCallback(Handler.java:991)
08-03 18:40:01.911  1512  1610 E AppOpService: 	at android.os.Handler.dispatchMessage(Handler.java:102)
08-03 18:40:01.911  1512  1610 E AppOpService: 	at android.os.Looper.loopOnce(Looper.java:232)
08-03 18:40:01.911  1512  1610 E AppOpService: 	at android.os.Looper.loop(Looper.java:317)
08-03 18:40:01.911  1512  1610 E AppOpService: 	at android.os.HandlerThread.run(HandlerThread.java:85)
08-03 18:40:01.911  1512  1610 E AppOpService: 	at com.android.server.ServiceThread.run(ServiceThread.java:46)
08-03 18:40:01.911  1512  1610 W Looper  : Slow dispatch took 401ms android.fg h=android.os.Handler c=<recycled PooledLambda@4df85be> m=0
08-03 18:40:01.947  1512  1760 V BackupManagerService: [UserID:0] restoreAtInstall pkg=com.nick.myrecoverytracker token=6 restoreSet=0
08-03 18:40:01.949  1512  1760 V BackupManagerService: [UserID:0] Finishing install immediately
08-03 18:40:01.951  1512  1760 I AppsFilter: interaction: PackageSetting{642f438 com.google.android.microdroid.empty_payload/10262} -> PackageSetting{7df3d4e com.nick.myrecoverytracker/10374} BLOCKED
08-03 18:40:01.954  1512  1760 D PackageInstallerSession: Marking session 1849211211 as applied
08-03 18:40:01.981  1512  2154 D ShortcutService: received package broadcast intent: Intent { act=android.intent.action.PACKAGE_ADDED dat=package: flg=0x4000010 (has extras) }
08-03 18:40:01.981  1512  2154 D ShortcutService: adding package: com.nick.myrecoverytracker userId=0
08-03 18:40:01.982  1512  2104 D CompatChangeReporter: Compat change id reported: 262645982; UID 10374; state: ENABLED
08-03 18:40:01.985  1512  1512 D TransparencyService: Not an update. Skipping...
08-03 18:40:01.990  1512  2119 E AppOps  : attributionTag VCN not declared in manifest of android
08-03 18:40:01.991  1512  2176 D ActivityManager: sync unfroze 2570 com.google.android.permissioncontroller for 6
08-03 18:40:01.993  1512  2119 E AppOps  : attributionTag VCN not declared in manifest of android
08-03 18:40:01.998  1512  1626 D ActivityManager: sync unfroze 25143 com.google.android.adservices.api for 3
08-03 18:40:01.999  1512  4013 W AppOpService: Ignored setUidMode call for runtime permission app op: uid = 10347, code = READ_CELL_BROADCASTS, mode = allow, callingUid = 1001, oldMode = allow
08-03 18:40:02.003  1512  1512 V BackupManagerConstants: getFullBackupIntervalMilliseconds(...) returns 86400000
08-03 18:40:02.003  1512  1512 V BackupManagerConstants: getFullBackupRequiredNetworkType(...) returns 2
08-03 18:40:02.003  1512  1512 V BackupManagerConstants: getFullBackupRequireCharging(...) returns true
08-03 18:40:02.006  1512  1626 D ActivityManager: sync unfroze 20166 com.google.android.packageinstaller for 3
08-03 18:40:02.014  1512  5612 W AppOpService: Ignored setUidMode call for runtime permission app op: uid = 1001, code = READ_SMS, mode = allow, callingUid = 1001, oldMode = allow
08-03 18:40:02.015  1512  5612 W AppOpService: Ignored setUidMode call for runtime permission app op: uid = 1001, code = RECEIVE_SMS, mode = allow, callingUid = 1001, oldMode = allow
08-03 18:40:02.015  1512  5612 W AppOpService: Ignored setUidMode call for runtime permission app op: uid = 1001, code = RECEIVE_WAP_PUSH, mode = allow, callingUid = 1001, oldMode = allow
08-03 18:40:02.015  1512  5612 W AppOpService: Ignored setUidMode call for runtime permission app op: uid = 1001, code = SEND_SMS, mode = allow, callingUid = 1001, oldMode = allow
08-03 18:40:02.015  1512  5612 W AppOpService: Ignored setUidMode call for runtime permission app op: uid = 1001, code = READ_CELL_BROADCASTS, mode = allow, callingUid = 1001, oldMode = allow
08-03 18:40:02.017  1512  1512 I AppsFilter: interaction: PackageSetting{78a9b5b com.google.android.microdroid.empty_payload/10262} -> PackageSetting{4bc0ff8 com.nick.myrecoverytracker/10374} BLOCKED
08-03 18:40:02.022  1512  2336 I ConditionProviders:  Allowing condition provider com.garmin.android.apps.connectmobile/com.garmin.android.gncs.GNCSListenerService (userSet: false)
08-03 18:40:02.022  1512  2336 I NotificationManagerService.NotificationListeners:  Allowing notification listener com.garmin.android.apps.connectmobile/com.garmin.android.gncs.GNCSListenerService (userSet: false)
08-03 18:40:02.022  1512  2336 V NotificationManagerService.NotificationListeners: enabling notification listener for 0: ComponentInfo{com.garmin.android.apps.connectmobile/com.garmin.android.gncs.GNCSListenerService}
08-03 18:40:02.022  1512  2336 V NotificationManagerService.NotificationListeners: Not registering ComponentInfo{com.garmin.android.apps.connectmobile/com.garmin.android.gncs.GNCSListenerService} is already bound
08-03 18:40:02.022  1512  2336 V NotificationManagerService.NotificationListeners: enabling notification listener for 0: ComponentInfo{com.google.android.apps.nexuslauncher/com.android.launcher3.notification.NotificationListener}
08-03 18:40:02.022  1512  2336 V NotificationManagerService.NotificationListeners: Not registering ComponentInfo{com.google.android.apps.nexuslauncher/com.android.launcher3.notification.NotificationListener} is already bound
08-03 18:40:02.022  1512  2336 V NotificationManagerService.NotificationListeners: enabling notification listener for 0: ComponentInfo{com.google.android.as/com.google.android.apps.miphone.aiai.common.notification.service.AiAiNotificationListenerService}
08-03 18:40:02.022  1512  2336 V NotificationManagerService.NotificationListeners: Not registering ComponentInfo{com.google.android.as/com.google.android.apps.miphone.aiai.common.notification.service.AiAiNotificationListenerService} is already bound
08-03 18:40:02.023  1512  1626 D ActivityManager: sync unfroze 4372 com.telstra.mobile.android.mytelstra for 3
08-03 18:40:02.027  1512  1625 W MagnificationConnectionManager: requestConnection duplicated request: connect=false, mConnectionState=DISCONNECTED
08-03 18:40:02.028  1512  1625 D LauncherAppsService: onPackageAdded: triggering onPackageAdded for user=UserHandle{0}, packageName=com.nick.myrecoverytracker
08-03 18:40:02.028  1512  1625 D LauncherAppsService: onPackageAdded: triggering onPackageAdded for user=UserHandle{0}, packageName=com.nick.myrecoverytracker
08-03 18:40:02.028  1512  1625 D LauncherAppsService: onPackageAdded: triggering onPackageAdded for user=UserHandle{0}, packageName=com.nick.myrecoverytracker
08-03 18:40:02.030  1512  1625 W PackageManager: Failed registering loading progress callback. Package is fully loaded.
08-03 18:40:02.036  1512  2154 D ShortcutService: received package broadcast intent: Intent { act=android.intent.action.PACKAGE_CHANGED dat=package: flg=0x5000010 (has extras) }
08-03 18:40:02.036  1512  2154 D ShortcutService: changing package: com.nick.myrecoverytracker userId=0
08-03 18:40:02.038  1512  1625 W MagnificationConnectionManager: requestConnection duplicated request: connect=false, mConnectionState=DISCONNECTED
08-03 18:40:02.039  1512  1512 D ActivityManager: sync unfroze 16006 com.google.android.odad for 6
08-03 18:40:02.040  1512  4013 W AppOpService: Ignored setUidMode call for runtime permission app op: uid = 10347, code = READ_CELL_BROADCASTS, mode = allow, callingUid = 1001, oldMode = allow
08-03 18:40:02.045  1512  4013 W AppOpService: Ignored setUidMode call for runtime permission app op: uid = 1001, code = READ_SMS, mode = allow, callingUid = 1001, oldMode = allow
08-03 18:40:02.045  1512  4013 W AppOpService: Ignored setUidMode call for runtime permission app op: uid = 1001, code = RECEIVE_SMS, mode = allow, callingUid = 1001, oldMode = allow
08-03 18:40:02.046  1512  4013 W AppOpService: Ignored setUidMode call for runtime permission app op: uid = 1001, code = RECEIVE_WAP_PUSH, mode = allow, callingUid = 1001, oldMode = allow
08-03 18:40:02.046  1512  4013 W AppOpService: Ignored setUidMode call for runtime permission app op: uid = 1001, code = SEND_SMS, mode = allow, callingUid = 1001, oldMode = allow
08-03 18:40:02.046  1512  4013 W AppOpService: Ignored setUidMode call for runtime permission app op: uid = 1001, code = READ_CELL_BROADCASTS, mode = allow, callingUid = 1001, oldMode = allow
08-03 18:40:02.053  1512  1512 I RemoteContentProtectionService: Connection status for: ComponentInfo{com.google.android.odad/com.google.android.apps.miphone.odad.contentprotection.ContentProtectionService} changed to: connected
08-03 18:40:02.120  1512  5612 I ActivityManager: Background started FGS: Allowed [callingPackage: com.google.android.odad; callingUid: 10162; uidState: IMPF; uidBFSL: n/a; intent: Intent { cmp=com.google.android.odad/com.google.android.apps.miphone.odad.backgroundwork.impl.WorkService (has extras) }; code:BACKGROUND_ACTIVITY_PERMISSION; tempAllowListReason:<null>; targetSdkVersion:35; callerTargetSdkVersion:35; startForegroundCount:0; bindFromPackage:null: isBindService:false]
08-03 18:40:02.127  1512  2186 W ForegroundServiceTypeLoggerModule: Foreground service start for UID: 10162 does not have any types
08-03 18:40:02.350  1512  1512 W NotificationHistory: Attempted to add notif for locked/gone/disabled user 0
08-03 18:40:03.365  1512  1626 D ActivityManager: sync unfroze 7862 com.google.android.apps.nbu.files for 3
08-03 18:40:03.389  1512  1626 D ActivityManager: sync unfroze 19959 com.bendigobank.mobile for 3
08-03 18:40:03.400  1512  5612 W ForegroundServiceTypeLoggerModule: FGS stop call for: 10162 has no types!
08-03 18:40:03.456  1512  4025 W ActivityManager: Unable to start service Intent { act=android.intent.action.PACKAGE_ADDED dat=package: flg=0x4000010 pkg=com.google.android.gms cmp=com.google.android.gms/does.not.exist (has extras) } U=0: not found
08-03 18:40:03.486  1512  4013 D CompatChangeReporter: Compat change id reported: 311208749; UID 10178; state: ENABLED
08-03 18:40:03.486  1512  4013 D CompatChangeReporter: Compat change id reported: 296558535; UID 10178; state: ENABLED
08-03 18:40:03.486  1512  4013 D CompatChangeReporter: Compat change id reported: 317799821; UID 10178; state: ENABLED
08-03 18:40:03.487  1512  4013 D CompatChangeReporter: Compat change id reported: 313677553; UID 10178; state: ENABLED
08-03 18:40:03.487  1512  4013 I ActivityManager: Background started FGS: Allowed [callingPackage: com.android.vending; callingUid: 10178; uidState: BFGS; uidBFSL: [BFSL]; intent: Intent { cmp=com.android.vending/com.google.android.finsky.foregroundcoordinator.impl.ForegroundCoordinatorService }; code:BACKGROUND_ACTIVITY_PERMISSION; tempAllowListReason:<,reasonCode:SYSTEM_ALLOW_LISTED,duration:9223372036854775807,callingUid:-1>; targetSdkVersion:35; callerTargetSdkVersion:35; startForegroundCount:0; bindFromPackage:null: isBindService:false]
08-03 18:40:03.487  1512  4013 D CompatChangeReporter: Compat change id reported: 311208629; UID 10178; state: ENABLED
08-03 18:40:03.492  1512  4013 W ForegroundServiceTypeLoggerModule: Foreground service start for UID: 10178 does not have any types
08-03 18:40:03.556  1512  5565 W ForegroundServiceTypeLoggerModule: FGS stop call for: 10178 has no types!
08-03 18:40:03.707  1512  1512 I NotificationService: Cannot find enqueued record for key: 0|com.android.vending|187665336|null|10178
08-03 18:40:05.364  1512  5620 I ActivityManager: Background started FGS: Allowed [callingPackage: com.google.android.apps.wellbeing; callingUid: 10123; uidState: BFGS; uidBFSL: [BFSL]; intent: Intent { cmp=com.google.android.apps.wellbeing/com.google.apps.tiktok.concurrent.InternalForegroundService (has extras) }; code:BACKGROUND_ACTIVITY_PERMISSION; tempAllowListReason:<null>; targetSdkVersion:36; callerTargetSdkVersion:36; startForegroundCount:0; bindFromPackage:null: isBindService:false]
08-03 18:40:05.393  1512  5620 W ForegroundServiceTypeLoggerModule: Foreground service start for UID: 10123 does not have any types
08-03 18:40:05.399  1512  1572 W ForegroundServiceTypeLoggerModule: FGS stop call for: 10123 has no types!
08-03 18:40:05.614  1512  1512 I NotificationService: Cannot find enqueued record for key: 0|com.google.android.apps.wellbeing|174344743|null|10123
