08-03 18:29:21.576  1114  1820 I Lyric   : motion_sensor_controller_proxy.cc:565: Successfully release all sensor readers.
08-03 18:29:21.576  1114  1820 I Lyric   : motion_sensor_controller_proxy.cc:540: Start to release all sensor readers.
08-03 18:29:21.576  1114  1820 I Lyric   : motion_sensor_controller_proxy.cc:565: Successfully release all sensor readers.
08-03 18:29:37.793  1512  2104 W NetworkPolicy: shared quota unsupported; generating rule for each iface
08-03 18:29:50.171  1512  2005 V Configuration: Updating configuration, locales updated from [] to [en_AU]
08-03 18:29:50.172  1512  2005 V Configuration: Updating configuration, locales updated from [] to [en_AU]
08-03 18:29:50.191  1512  2005 V Configuration: Updating configuration, locales updated from [] to [en_AU]
08-03 18:29:53.216  1512  5565 W ActivityManager: Unbind failed: could not find connection for android.os.BinderProxy@7c5ee3
08-03 18:29:53.220  1512  5565 W ActivityManager: Unable to start service Intent { act=android.telephony.satellite.SatelliteService pkg=com.google.android.satellite } U=0: not found
08-03 18:29:57.807  1512  5565 I SoundTriggerMiddlewareLogging: RECOGNITION (1, RecognitionEventSys{recognitionEvent: RecognitionEvent{status: 0, type: 1, captureAvailable: true, captureDelayMs: 0, capturePreambleMs: 0, triggerInData: false, audioConfig: AudioConfig{base: AudioConfigBase{sampleRate: 16000, channelMask: AudioChannelLayout.layoutMask(1), format: AudioFormatDescription{type: 1, pcm: 1, encoding: }}, offloadInfo: AudioOffloadInfo{base: AudioConfigBase{sampleRate: 0, channelMask: AudioChannelLayout.none(0), format: AudioFormatDescription{type: 0, pcm: 0, encoding: }}, streamType: -2, bitRatePerSecond: 0, durationUs: 0, hasVideo: false, isStreaming: false, bitWidth: 16, offloadBufferSize: 0, usage: -1, encapsulationMode: -1, contentId: 0, syncId: 0}, frameCount: 0}, data: [112, 111, 115, 95, 109, 117, 115, 105, 99, 44, 118, 97, 108, 58, 50, 55, 48, 55, 52], recognitionStillActive: false}, halEventReceivedMillis: 2360338938943, token: android.os.Binder@da571e}, 913)
08-03 18:29:57.816  1512  1512 V SoundTriggerService: 9f6ad62a-1f0b-11e7-87c5-40a8f03d3f15: onServiceConnected(android.os.BinderProxy@1232328)
08-03 18:29:57.816  1512  1512 V SoundTriggerService: 9f6ad62a-1f0b-11e7-87c5-40a8f03d3f15: runOp 0
08-03 18:29:57.868  1512  1625 I ProcessStatsService: Pruning old procstats: /data/system/procstats/state-v2-2025-08-02-11-17-09.bin
08-03 18:29:58.822  1512  5617 I SoundTriggerMiddlewareLogging: UNLOAD_MODEL (1)
08-03 18:29:58.824  1512  5617 W SoundTriggerHelper: Unload error: Attempting unload invalid generic model with id:9f6ad62a-1f0b-11e7-87c5-40a8f03d3f15
08-03 18:29:58.843  1512  2188 I SoundTriggerMiddlewareLogging: LOAD_MODEL ("9f6ad62a-1f0b-11e7-87c5-40a8f03d3f15") -> 1
08-03 18:29:58.900  1512  2188 I SoundTriggerMiddlewareLogging: START_RECOGNITION (1, RecognitionConfig{captureRequested: true, phraseRecognitionExtras: [], audioCapabilities: 0, data: []}) -> android.os.Binder@409901f
08-03 18:29:58.900  1512  2188 I SoundTriggerHelper: startRecognition successful.
08-03 18:29:58.901  1512  2188 W SoundTriggerService: error onStart(): Model 9f6ad62a-1f0b-11e7-87c5-40a8f03d3f15 already started
08-03 18:29:58.904  1512  2188 W SoundTriggerHelper: Unload error: Attempting unload invalid generic model with id:12caddb1-acdb-4dce-8cb0-2e95a2313aee
08-03 18:29:58.904  1512  2188 I SoundTriggerService: error onStop(): Model 12caddb1-acdb-4dce-8cb0-2e95a2313aee has no stats available
08-03 18:30:05.577  1512  5616 I MediaSessionStack: addSession to bottom of stack | record: com.google.android.gms/cast_rcn_media_session/71 (userId=0)
08-03 18:30:05.740  1512  5565 I MediaSessionStack: removeSession | record: com.google.android.gms/cast_rcn_media_session/71 (userId=0)
08-03 18:30:05.810  1512  5565 I MediaSessionStack: addSession to bottom of stack | record: com.google.android.gms/cast_rcn_media_session/72 (userId=0)
08-03 18:30:05.994  1512  5616 I MediaSessionStack: removeSession | record: com.google.android.gms/cast_rcn_media_session/72 (userId=0)
08-03 18:30:07.749  1512  1626 D ActivityManager: sync unfroze 7453 com.android.settings for 10
08-03 18:30:07.751  1512  1626 D ActivityManager: sync unfroze 3102 com.google.android.apps.wellbeing for 10
08-03 18:30:07.751  1512  1626 D ActivityManager: sync unfroze 16003 com.android.keychain for 10
08-03 18:30:07.755  1512  1626 D ActivityManager: sync unfroze 14777 com.android.DeviceAsWebcam for 10
08-03 18:30:07.756  1512  1626 W ProcessStats: Tracking association SourceState{45cffe8 com.android.settings/1000 Service #11117} whose proc state 8 is better than process ProcessState{3d0064 com.google.android.apps.wellbeing/10123 pkg=com.google.android.apps.wellbeing} proc state 15 (3 skipped)
08-03 18:30:07.788  1512  5616 D ActivityManager: sync unfroze 3314 android.process.acore for 7
08-03 18:30:08.955  1512  5616 I MediaSessionStack: addSession to bottom of stack | record: com.google.android.gms/cast_rcn_media_session/73 (userId=0)
08-03 18:30:11.213  1512  5616 I MediaSessionStack: removeSession | record: com.google.android.gms/cast_rcn_media_session/73 (userId=0)
08-03 18:30:23.023  1512  2014 D ActivityManager: freezing 7400 com.google.android.apps.turbo
08-03 18:30:27.785  1512  2014 D ActivityManager: freezing 7453 com.android.settings
08-03 18:30:27.793  1512  2014 D ActivityManager: freezing 3102 com.google.android.apps.wellbeing
08-03 18:30:27.797  1512  2014 D ActivityManager: freezing 16003 com.android.keychain
08-03 18:30:27.798  1512  2014 D ActivityManager: freezing 14777 com.android.DeviceAsWebcam
08-03 18:30:30.130  1159  2965 I vendor.google.wifi_ext-service-vendor: Wifi: Resetting SAR Scenario to default
08-03 18:30:42.382  1512  5617 W ActivityManager: Unbind failed: could not find connection for android.os.BinderProxy@a14226e
08-03 18:30:42.388  1512  5617 W ActivityManager: Unable to start service Intent { act=android.telephony.satellite.SatelliteService pkg=com.google.android.satellite } U=0: not found
08-03 18:30:43.044  1512  5616 D ActivityManager: sync unfroze 7400 com.google.android.apps.turbo for 6
08-03 18:30:43.847  1512  2014 D ActivityManager: freezing 3314 android.process.acore
08-03 18:30:47.560  1159  2965 I vendor.google.wifi_ext-service-vendor: Wifi: Setting SAR Scenario to 3
08-03 18:30:49.244  1512  5617 W PackageConfigPersister: App-specific configuration not found for packageName: com.google.android.apps.nexuslauncher and userId: 0
08-03 18:30:49.289  2196  2250 D WindowManagerShell: setLauncherKeepClearAreaHeight: visible=true, height=527
08-03 18:30:49.837  2196  2250 D WindowManagerShell: setLauncherKeepClearAreaHeight: visible=false, height=527
08-03 18:30:53.279  1512  5617 I ActivityTaskManager: START u0 {act=android.intent.action.MAIN cat=[android.intent.category.LAUNCHER] flg=0x10200000 cmp=com.android.settings/.Settings bnds=[540,1556][787,1871]} with LAUNCH_MULTIPLE from uid 10227 (BAL_ALLOW_VISIBLE_WINDOW) result code=2
08-03 18:30:53.279  2196  2250 V WindowManagerShell: Transition requested (#80): android.os.BinderProxy@167328c TransitionRequestInfo { type = OPEN, triggerTask = TaskInfo{userId=0 taskId=8427 effectiveUid=1000 displayId=0 isRunning=true baseIntent=Intent { act=android.intent.action.MAIN cat=[android.intent.category.LAUNCHER] flg=0x10200000 cmp=com.android.settings/.Settings } baseActivity=ComponentInfo{com.android.settings/com.android.settings.homepage.SettingsHomepageActivity} topActivity=ComponentInfo{com.android.settings/com.android.settings.SubSettings} origActivity=ComponentInfo{com.android.settings/com.android.settings.Settings} realActivity=ComponentInfo{com.android.settings/com.android.settings.homepage.SettingsHomepageActivity} numActivities=4 lastActiveTime=1936144 supportsMultiWindow=true resizeMode=1 isResizeable=true minWidth=-1 minHeight=-1 defaultMinSize=220 token=WCT{android.window.IWindowContainerToken$Stub$Proxy@e9f5dd5} topActivityType=1 pictureInPictureParams=null shouldDockBigOverlays=false launchIntoPipHostTaskId=-1 lastParentTaskIdBeforePip=-1 displayCutoutSafeInsets=Rect(0, 152 - 0, 0) topActivityInfo=ActivityInfo{3009ea com.android.settings.SubSettings} launchCookies=[android.os.BinderProxy@c75b4db, android.os.BinderProxy@a34a129] positionInParent=Point(0, 0) parentTaskId=-1 isFocused=false isVisible=false isVisibleRequested=false isSleeping=false locusId=null displayAreaFeatureId=1 isTopActivityTransparent=false isTopActivityStyleFloating=false lastNonFullscreenBounds=Rect(276, 716 - 804, 1796) capturedLink=null capturedLinkTimestamp=0 appCompatTaskInfo=AppCompatTaskInfo { topActivityInSizeCompat=false eligibleForLetterboxEducation= false isLetterboxEducationEnabled= false isLetterboxDoubleTapEnabled= false eligibleForUserAspectRatioButton= false topActivityBoundsLetterboxed= false isFromLetterboxDoubleTap= false topActivityLetterboxVerticalPosition= -1 topActivityLetterboxHorizontalPosition= -1 topActivityLetterboxWidth=1080 topActivityLetterboxHeight=2424 topActivityLetterboxAppWidth=1080 topActivityLetterboxAppHeight=2424 isUserFullscreenOverrideEnabled=false isSystemFullscreenOverrideEnabled=false hasMinAspectRatioOverride=false cameraCompatTaskInfo=CameraCompatTaskInfo { freeformCameraCompatMode=inactive}}}, pipTask = null, remoteTransition = RemoteTransition { remoteTransition = android.window.IRemoteTransition$Stub$Proxy@79aeb78, appThread = android.app.IApplicationThread$Stub$Proxy@7850251, debugName = QuickstepLaunch }, displayChange = null, flags = 0, debugId = 80 }
08-03 18:30:53.279  2196  2250 D ShellSplitScreen: logExit: no-op, mLoggerSessionId is null
08-03 18:30:53.279  2196  2250 V WindowManagerShell: RemoteTransition directly requested for (#80) android.os.BinderProxy@167328c: RemoteTransition { remoteTransition = android.window.IRemoteTransition$Stub$Proxy@79aeb78, appThread = android.app.IApplicationThread$Stub$Proxy@7850251, debugName = QuickstepLaunch }
08-03 18:30:53.280  1512  5565 D ActivityManager: quick sync unfreeze 7453 for 1
08-03 18:30:53.284  1512  1613 D ActivityManager: sync unfroze 7453 com.android.settings for 1
08-03 18:30:53.286  1512  1613 D ActivityManager: sync unfroze 3102 com.google.android.apps.wellbeing for 1
08-03 18:30:53.287  1512  1626 W ProcessStats: Tracking association SourceState{45cffe8 com.android.settings/1000 BTop #11154} whose proc state 2 is better than process ProcessState{3d0064 com.google.android.apps.wellbeing/10123 pkg=com.google.android.apps.wellbeing} proc state 8 (1 skipped)
08-03 18:30:53.288  1512  5565 D ActivityManager: sync unfroze 9400 com.google.android.settings.intelligence for 7
08-03 18:30:53.291  2196  2250 D WindowManagerShell: onActivityRestartAttempt: ComponentInfo{com.android.settings/com.android.settings.SubSettings}
08-03 18:30:53.297  1512  1610 V WindowManager: Sent Transition (#80) createdAt=08-03 18:30:53.273 via request=TransitionRequestInfo { type = OPEN, triggerTask = TaskInfo{userId=0 taskId=8427 effectiveUid=1000 displayId=0 isRunning=true baseIntent=Intent { act=android.intent.action.MAIN cat=[android.intent.category.LAUNCHER] flg=0x10200000 cmp=com.android.settings/.Settings } baseActivity=ComponentInfo{com.android.settings/com.android.settings.homepage.SettingsHomepageActivity} topActivity=ComponentInfo{com.android.settings/com.android.settings.SubSettings} origActivity=ComponentInfo{com.android.settings/com.android.settings.Settings} realActivity=ComponentInfo{com.android.settings/com.android.settings.homepage.SettingsHomepageActivity} numActivities=4 lastActiveTime=1936144 supportsMultiWindow=true resizeMode=1 isResizeable=true minWidth=-1 minHeight=-1 defaultMinSize=220 token=WCT{RemoteToken{35c9f6 Task{b2715a0 #8427 type=standard A=1000:com.android.settings.root isResizeable=true minWidth=-1 minHeight=-1}}} topActivityType=1 pictureInPictureParams=null shouldDockBigOverlays=false launchIntoPipHostTaskId=-1 lastParentTaskIdBeforePip=-1 displayCutoutSafeInsets=Rect(0, 152 - 0, 0) topActivityInfo=ActivityInfo{8f8875c com.android.settings.SubSettings} launchCookies=[android.os.BinderProxy@f8cdafa, android.os.BinderProxy@f15e864] positionInParent=Point(0, 0) parentTaskId=-1 isFocused=false isVisible=false isVisibleRequested=false isSleeping=false locusId=null displayAreaFeatureId=1 isTopActivityTransparent=false isTopActivityStyleFloating=false lastNonFullscreenBounds=Rect(276, 716 - 804, 1796) capturedLink=null capturedLinkTimestamp=0 appCompatTaskInfo=AppCompatTaskInfo { topActivityInSizeCompat=false eligibleForLetterboxEducation= false isLetterboxEducationEnabled= false isLetterboxDoubleTapEnabled= false eligibleForUserAspectRatioButton= false topActivityBoundsLetterboxed= false isFromLetterboxDoubleTap= false topActivityLetterboxVerticalPosition= -1 topActivityLetterboxHorizontalPosition= -1 topActivityLetterboxWidth=1080 topActivityLetterboxHeight=2424 topActivityLetterboxAppWidth=1080 topActivityLetterboxAppHeight=2424 isUserFullscreenOverrideEnabled=false isSystemFullscreenOverrideEnabled=false hasMinAspectRatioOverride=false cameraCompatTaskInfo=CameraCompatTaskInfo { freeformCameraCompatMode=inactive}}}, pipTask = null, remoteTransition = RemoteTransition { remoteTransition = android.window.IRemoteTransition$Stub$Proxy@10d98ab, appThread = android.app.IApplicationThread$Stub$Proxy@6904b08, debugName = QuickstepLaunch }, displayChange = null, flags = 0, debugId = 80 }
08-03 18:30:53.297  1512  1610 V WindowManager:     startWCT=WindowContainerTransaction { changes = {} hops = [] errorCallbackToken=null taskFragmentOrganizer=null }
08-03 18:30:53.297  1512  1610 V WindowManager:     info={id=80 t=OPEN f=0x0 trk=0 r=[0@Point(0, 0)] c=[
08-03 18:30:53.297  1512  1610 V WindowManager:         {WCT{RemoteToken{35c9f6 Task{b2715a0 #8427 type=standard A=1000:com.android.settings.root isResizeable=true minWidth=-1 minHeight=-1}}} m=TO_FRONT f=MOVE_TO_TOP leash=Surface(name=Task=8427)/@0x41df8b8 sb=Rect(0, 0 - 1080, 2424) eb=Rect(0, 0 - 1080, 2424) epz=Point(1080, 2424) d=0 taskParent=-1},
08-03 18:30:53.297  1512  1610 V WindowManager:         {WCT{RemoteToken{3c5f6a2 Task{9653b6b #1 type=home isResizeable=true minWidth=-1 minHeight=-1}}} m=TO_BACK f=SHOW_WALLPAPER leash=Surface(name=Task=1)/@0x14c5ffe sb=Rect(0, 0 - 1080, 2424) eb=Rect(0, 0 - 1080, 2424) epz=Point(1080, 2424) d=0 taskParent=-1}
08-03 18:30:53.297  1512  1610 V WindowManager:     ]}
08-03 18:30:53.297  2196 14259 V WindowManagerShell: onTransitionReady(transaction=6493990555409)
08-03 18:30:53.297  2196  2250 V WindowManagerShell: onTransitionReady (#80) android.os.BinderProxy@167328c: {id=80 t=OPEN f=0x0 trk=0 r=[0@Point(0, 0)] c=[{WCT{android.window.IWindowContainerToken$Stub$Proxy@6e3e453} m=TO_FRONT f=MOVE_TO_TOP leash=Surface(name=Task=8427)/@0x74f4724 sb=Rect(0, 0 - 1080, 2424) eb=Rect(0, 0 - 1080, 2424) epz=Point(1080, 2424) d=0 taskParent=-1},{WCT{android.window.IWindowContainerToken$Stub$Proxy@9cbb190} m=TO_BACK f=SHOW_WALLPAPER leash=Surface(name=Task=1)/@0xe46728d sb=Rect(0, 0 - 1080, 2424) eb=Rect(0, 0 - 1080, 2424) epz=Point(1080, 2424) d=0 taskParent=-1}]}
08-03 18:30:53.297  2196  2250 V WindowManagerShell: Playing animation for (#80) android.os.BinderProxy@167328c@0
08-03 18:30:53.297  2196  2250 V WindowManagerShell:  try firstHandler com.android.wm.shell.transition.DefaultMixedHandler@fc1da12
08-03 18:30:53.297  2196  2250 V WindowManagerShell: Mixed transition for opening an intent with a remote transition and PIP #80
08-03 18:30:53.297  2196  2250 V WindowManagerShell:  Delegate animation for (#80) to RemoteTransition { remoteTransition = android.window.IRemoteTransition$Stub$Proxy@79aeb78, appThread = android.app.IApplicationThread$Stub$Proxy@7850251, debugName = QuickstepLaunch }
08-03 18:30:53.298  2196  2250 V WindowManagerShell:  animated by firstHandler
08-03 18:30:53.298  1512  4182 W UserManagerService: Requested status bar icon for non-badged user 0
08-03 18:30:53.386  1512  5616 W PackageConfigPersister: App-specific configuration not found for packageName: com.android.settings and userId: 0
08-03 18:30:53.820  2196  2250 V WindowManagerShell: Transition animation finished (aborted=false), notifying core (#80) android.os.BinderProxy@167328c@0
08-03 18:30:53.823  1512  1610 V WindowManager: Finish Transition (#80): created at 08-03 18:30:53.273 collect-started=0.099ms request-sent=4.861ms started=17.107ms ready=18.28ms sent=22.759ms finished=548.637ms
08-03 18:30:53.826  2196  2250 V WindowManagerShell: Track 0 became idle
08-03 18:30:53.826  2196  2250 V WindowManagerShell: All active transition animations finished
08-03 18:30:53.827  1512  5617 W UserManagerService: Requested status bar icon for non-badged user 0
08-03 18:30:53.828  1512  5617 W UserManagerService: Requested status bar icon for non-badged user 0
08-03 18:30:54.050  1512  5565 I SoundTriggerMiddlewareLogging: RECOGNITION (1, RecognitionEventSys{recognitionEvent: RecognitionEvent{status: 0, type: 1, captureAvailable: true, captureDelayMs: 0, capturePreambleMs: 0, triggerInData: false, audioConfig: AudioConfig{base: AudioConfigBase{sampleRate: 16000, channelMask: AudioChannelLayout.layoutMask(1), format: AudioFormatDescription{type: 1, pcm: 1, encoding: }}, offloadInfo: AudioOffloadInfo{base: AudioConfigBase{sampleRate: 0, channelMask: AudioChannelLayout.none(0), format: AudioFormatDescription{type: 0, pcm: 0, encoding: }}, streamType: -2, bitRatePerSecond: 0, durationUs: 0, hasVideo: false, isStreaming: false, bitWidth: 16, offloadBufferSize: 0, usage: -1, encapsulationMode: -1, contentId: 0, syncId: 0}, frameCount: 0}, data: [112, 111, 115, 95, 109, 117, 115, 105, 99, 44, 118, 97, 108, 58, 50, 49, 48, 48, 56], recognitionStillActive: false}, halEventReceivedMillis: 2416582842616, token: android.os.Binder@409901f}, 921)
08-03 18:30:54.055  1512  1512 V SoundTriggerService: 9f6ad62a-1f0b-11e7-87c5-40a8f03d3f15: onServiceConnected(android.os.BinderProxy@288f57c)
08-03 18:30:54.056  1512  1512 V SoundTriggerService: 9f6ad62a-1f0b-11e7-87c5-40a8f03d3f15: runOp 0
08-03 18:30:54.792  1512  5617 I SoundTriggerMiddlewareLogging: UNLOAD_MODEL (1)
08-03 18:30:54.793  1512  5617 W SoundTriggerHelper: Unload error: Attempting unload invalid generic model with id:9f6ad62a-1f0b-11e7-87c5-40a8f03d3f15
08-03 18:30:54.816  1512  5617 I SoundTriggerMiddlewareLogging: LOAD_MODEL ("9f6ad62a-1f0b-11e7-87c5-40a8f03d3f15") -> 1
08-03 18:30:54.876  1512  5617 I SoundTriggerMiddlewareLogging: START_RECOGNITION (1, RecognitionConfig{captureRequested: true, phraseRecognitionExtras: [], audioCapabilities: 0, data: []}) -> android.os.Binder@6b2b5ac
08-03 18:30:54.876  1512  5617 I SoundTriggerHelper: startRecognition successful.
08-03 18:30:54.876  1512  5617 W SoundTriggerService: error onStart(): Model 9f6ad62a-1f0b-11e7-87c5-40a8f03d3f15 already started
08-03 18:30:54.877  1512  5617 W SoundTriggerHelper: Unload error: Attempting unload invalid generic model with id:12caddb1-acdb-4dce-8cb0-2e95a2313aee
08-03 18:30:54.877  1512  5617 I SoundTriggerService: error onStop(): Model 12caddb1-acdb-4dce-8cb0-2e95a2313aee has no stats available
08-03 18:30:56.153  1512  5617 D CoreBackPreview: startBackNavigation currentTask=Task{b2715a0 #8427 type=standard A=1000:com.android.settings.root isResizeable=true minWidth=-1 minHeight=-1}, topRunningActivity=ActivityRecord{f445de7 u0 com.android.settings/.SubSettings t8427}, callbackInfo=OnBackInvokedCallbackInfo{mCallback=android.window.IOnBackInvokedCallback$Stub$Proxy@6e59d75, mPriority=-1, mIsAnimationCallback=false}, currentFocus=Window{5bbd071 u0 com.android.settings/com.android.settings.SubSettings}
08-03 18:30:56.154  1512  5617 D CoreBackPreview: Previous Destination is Activity:ComponentInfo{com.android.settings/com.android.settings.SubSettings} Task:Task=8427 removedContainer:ActivityRecord{f445de7 u0 com.android.settings/.SubSettings t8427}, backType=TYPE_CROSS_ACTIVITY
08-03 18:30:56.161  2196  2250 D ShellBackPreview: Received backNavigationInfo:BackNavigationInfo{mType=TYPE_CROSS_ACTIVITY (2), mOnBackNavigationDone=android.os.RemoteCallback@dbe72af, mOnBackInvokedCallback=android.window.IOnBackInvokedCallback$Stub$Proxy@36256bc, mPrepareRemoteAnimation=true, mAnimationCallback=false, mCustomizeAnimationInfo=null}
08-03 18:30:56.191  2196  2250 D ShellBackPreview: BackAnimationController: startAnimation()
08-03 18:30:56.225  2196  2250 D ShellBackPreview: Finishing gesture with event action: 1
08-03 18:30:56.226  2196  2250 D ShellBackPreview: onGestureFinished() mTriggerBack == true
08-03 18:30:56.226  2196  2250 D ShellBackPreview: BackAnimationController: startPostCommitAnimation()
08-03 18:30:56.228  2196  2250 V WindowManagerShell: Transition requested (#81): android.os.BinderProxy@332c54a TransitionRequestInfo { type = CLOSE, triggerTask = null, pipTask = null, remoteTransition = null, displayChange = null, flags = 0, debugId = 81 }
08-03 18:30:56.305  1512  1614 D CoreBackPreview: onTransactionReady, opening: [ActivityRecord{bec9fd7 u0 com.android.settings/.SubSettings t8427}], closing: [ActivityRecord{f445de7 u0 com.android.settings/.SubSettings t8427 f}}], animating: AnimationTargets{ openTarget= {ActivityRecord{bec9fd7 u0 com.android.settings/.SubSettings t8427}} closeTarget= ActivityRecord{f445de7 u0 com.android.settings/.SubSettings t8427 f}} mSwitchType= 2 mComposed= true mWaitTransition= false}, match: true
08-03 18:30:56.307  1512  1610 V WindowManager: Sent Transition (#81) createdAt=08-03 18:30:56.228 via request=TransitionRequestInfo { type = CLOSE, triggerTask = null, pipTask = null, remoteTransition = null, displayChange = null, flags = 0, debugId = 81 }
08-03 18:30:56.307  1512  1610 V WindowManager:     startWCT=WindowContainerTransaction { changes = {} hops = [] errorCallbackToken=null taskFragmentOrganizer=null }
08-03 18:30:56.308  1512  1610 V WindowManager:     info={id=81 t=CLOSE f=0x0 trk=0 r=[0@Point(0, 0)] c=[
08-03 18:30:56.308  1512  1610 V WindowManager:         {null m=CLOSE f=FILLS_TASK|FLAG_BACK_GESTURE_ANIMATED leash=Surface(name=ActivityRecord{f445de7 u0 com.android.settings/.SubSettings)/@0x5731ca9 sb=Rect(0, 0 - 1080, 2424) eb=Rect(0, 0 - 1080, 2424) epz=Point(1080, 2424) d=0 bc=ffe9efed component=com.android.settings/.SubSettings opt={t=FROM_STYLE mUserId=0}},
08-03 18:30:56.308  1512  1610 V WindowManager:         {null m=TO_FRONT f=FILLS_TASK|FLAG_BACK_GESTURE_ANIMATED leash=Surface(name=ActivityRecord{bec9fd7 u0 com.android.settings/.SubSettings)/@0xb5e7fd5 sb=Rect(0, 0 - 1080, 2424) eb=Rect(0, 0 - 1080, 2424) epz=Point(1080, 2424) d=0 bc=ffe9efed component=com.android.settings/.SubSettings opt={t=FROM_STYLE mUserId=0}}
08-03 18:30:56.308  1512  1610 V WindowManager:     ]}
08-03 18:30:56.308  2196  3233 V WindowManagerShell: onTransitionReady(transaction=6493990555467)
08-03 18:30:56.308  2196  2250 V WindowManagerShell: onTransitionReady (#81) android.os.BinderProxy@332c54a: {id=81 t=CLOSE f=0x0 trk=0 r=[0@Point(0, 0)] c=[{null m=CLOSE f=FILLS_TASK|FLAG_BACK_GESTURE_ANIMATED leash=Surface(name=ActivityRecord{f445de7 u0 com.android.settings/.SubSettings)/@0x7edfd31 sb=Rect(0, 0 - 1080, 2424) eb=Rect(0, 0 - 1080, 2424) epz=Point(1080, 2424) d=0 bc=ffe9efed component=com.android.settings/.SubSettings opt={t=FROM_STYLE mUserId=0}},{null m=TO_FRONT f=FILLS_TASK|FLAG_BACK_GESTURE_ANIMATED leash=Surface(name=ActivityRecord{bec9fd7 u0 com.android.settings/.SubSettings)/@0x85fec16 sb=Rect(0, 0 - 1080, 2424) eb=Rect(0, 0 - 1080, 2424) epz=Point(1080, 2424) d=0 bc=ffe9efed component=com.android.settings/.SubSettings opt={t=FROM_STYLE mUserId=0}}]}
08-03 18:30:56.308  2196  2250 V WindowManagerShell: Playing animation for (#81) android.os.BinderProxy@332c54a@0
08-03 18:30:56.309  2196  2250 V WindowManagerShell:  try firstHandler com.android.wm.shell.back.BackAnimationController$BackTransitionHandler@440560c
08-03 18:30:56.309  2196  2250 V WindowManagerShell:  animated by firstHandler
08-03 18:30:56.311  1512  5617 W UserManagerService: Requested status bar icon for non-badged user 0
08-03 18:30:56.346  1512  5616 W PackageConfigPersister: App-specific configuration not found for packageName: com.android.settings and userId: 0
08-03 18:30:56.554  1512  5616 W WindowManager: Failed looking up window session=Session{3f11fb6 2196:u0a10232} callers=com.android.server.wm.WindowManagerService.removeClientToken:2063 com.android.server.wm.Session.remove:269 android.view.IWindowSession$Stub.onTransact:677 
08-03 18:30:56.683  2196  2250 D ShellBackPreview: BackAnimationController: onBackAnimationFinished()
08-03 18:30:56.683  2196  2250 D ShellBackPreview: BackAnimationController: finishBackNavigation()
08-03 18:30:56.684  2196  2250 D ShellBackPreview: resetTouchTracker -> no queued gesture
08-03 18:30:56.685  1512  5616 D CoreBackPreview: onBackNavigationDone backType=2, triggerBack=true
08-03 18:30:56.685  2196  2250 V WindowManagerShell: Transition animation finished (aborted=false), notifying core (#81) android.os.BinderProxy@332c54a@0
08-03 18:30:56.688  1512  1610 V WindowManager: Finish Transition (#81): created at 08-03 18:30:56.228 collect-started=0.073ms request-sent=0.113ms started=2.909ms ready=11.261ms sent=78.572ms finished=459.303ms
08-03 18:30:56.695  2196  2250 V WindowManagerShell: Track 0 became idle
08-03 18:30:56.696  2196  2250 V WindowManagerShell: All active transition animations finished
08-03 18:30:56.697  1512  5616 W UserManagerService: Requested status bar icon for non-badged user 0
08-03 18:30:56.705  1512  5617 W UserManagerService: Requested status bar icon for non-badged user 0
08-03 18:30:56.723  1512  5617 D CoreBackPreview: Window{5bbd071 u0 com.android.settings/com.android.settings.SubSettings}: Setting back callback null
08-03 18:30:58.228  1512  5617 D CoreBackPreview: startBackNavigation currentTask=Task{b2715a0 #8427 type=standard A=1000:com.android.settings.root isResizeable=true minWidth=-1 minHeight=-1}, topRunningActivity=ActivityRecord{bec9fd7 u0 com.android.settings/.SubSettings t8427}, callbackInfo=OnBackInvokedCallbackInfo{mCallback=android.window.IOnBackInvokedCallback$Stub$Proxy@4f73a60, mPriority=-1, mIsAnimationCallback=false}, currentFocus=Window{a232a1d u0 com.android.settings/com.android.settings.SubSettings}
08-03 18:30:58.229  1512  5617 D CoreBackPreview: Previous Destination is Activity:ComponentInfo{com.android.settings/com.android.settings.SubSettings} Task:Task=8427 removedContainer:ActivityRecord{bec9fd7 u0 com.android.settings/.SubSettings t8427}, backType=TYPE_CROSS_ACTIVITY
08-03 18:30:58.239  2196  2250 D ShellBackPreview: Received backNavigationInfo:BackNavigationInfo{mType=TYPE_CROSS_ACTIVITY (2), mOnBackNavigationDone=android.os.RemoteCallback@2c20833, mOnBackInvokedCallback=android.window.IOnBackInvokedCallback$Stub$Proxy@58f37f0, mPrepareRemoteAnimation=true, mAnimationCallback=false, mCustomizeAnimationInfo=null}
08-03 18:30:58.272  2196  2250 D ShellBackPreview: BackAnimationController: startAnimation()
08-03 18:30:58.306  2196  2250 D ShellBackPreview: Finishing gesture with event action: 1
08-03 18:30:58.306  2196  2250 D ShellBackPreview: onGestureFinished() mTriggerBack == true
08-03 18:30:58.306  2196  2250 D ShellBackPreview: BackAnimationController: startPostCommitAnimation()
08-03 18:30:58.310  2196  2250 V WindowManagerShell: Transition requested (#82): android.os.BinderProxy@4eca89e TransitionRequestInfo { type = CLOSE, triggerTask = null, pipTask = null, remoteTransition = null, displayChange = null, flags = 0, debugId = 82 }
08-03 18:30:58.358  1512  1614 D CoreBackPreview: onTransactionReady, opening: [ActivityRecord{eee7563 u0 com.android.settings/.SubSettings t8427}], closing: [ActivityRecord{bec9fd7 u0 com.android.settings/.SubSettings t8427 f}}], animating: AnimationTargets{ openTarget= {ActivityRecord{eee7563 u0 com.android.settings/.SubSettings t8427}} closeTarget= ActivityRecord{bec9fd7 u0 com.android.settings/.SubSettings t8427 f}} mSwitchType= 2 mComposed= true mWaitTransition= false}, match: true
08-03 18:30:58.360  1512  1610 V WindowManager: Sent Transition (#82) createdAt=08-03 18:30:58.309 via request=TransitionRequestInfo { type = CLOSE, triggerTask = null, pipTask = null, remoteTransition = null, displayChange = null, flags = 0, debugId = 82 }
08-03 18:30:58.361  1512  1610 V WindowManager:     startWCT=WindowContainerTransaction { changes = {} hops = [] errorCallbackToken=null taskFragmentOrganizer=null }
08-03 18:30:58.360  2196  2526 V WindowManagerShell: onTransitionReady(transaction=6493990555491)
08-03 18:30:58.361  1512  1610 V WindowManager:     info={id=82 t=CLOSE f=0x0 trk=0 r=[0@Point(0, 0)] c=[
08-03 18:30:58.361  1512  1610 V WindowManager:         {null m=CLOSE f=FILLS_TASK|FLAG_BACK_GESTURE_ANIMATED leash=Surface(name=ActivityRecord{bec9fd7 u0 com.android.settings/.SubSettings)/@0xb5e7fd5 sb=Rect(0, 0 - 1080, 2424) eb=Rect(0, 0 - 1080, 2424) epz=Point(1080, 2424) d=0 bc=ffe9efed component=com.android.settings/.SubSettings opt={t=FROM_STYLE mUserId=0}},
08-03 18:30:58.361  1512  1610 V WindowManager:         {null m=TO_FRONT f=FILLS_TASK|FLAG_BACK_GESTURE_ANIMATED leash=Surface(name=ActivityRecord{eee7563 u0 com.android.settings/.SubSettings)/@0xe5c5538 sb=Rect(0, 0 - 1080, 2424) eb=Rect(0, 0 - 1080, 2424) epz=Point(1080, 2424) d=0 bc=ffe9efed component=com.android.settings/.SubSettings opt={t=FROM_STYLE mUserId=0}}
08-03 18:30:58.361  1512  1610 V WindowManager:     ]}
08-03 18:30:58.361  2196  2250 V WindowManagerShell: onTransitionReady (#82) android.os.BinderProxy@4eca89e: {id=82 t=CLOSE f=0x0 trk=0 r=[0@Point(0, 0)] c=[{null m=CLOSE f=FILLS_TASK|FLAG_BACK_GESTURE_ANIMATED leash=Surface(name=ActivityRecord{bec9fd7 u0 com.android.settings/.SubSettings)/@0x3516795 sb=Rect(0, 0 - 1080, 2424) eb=Rect(0, 0 - 1080, 2424) epz=Point(1080, 2424) d=0 bc=ffe9efed component=com.android.settings/.SubSettings opt={t=FROM_STYLE mUserId=0}},{null m=TO_FRONT f=FILLS_TASK|FLAG_BACK_GESTURE_ANIMATED leash=Surface(name=ActivityRecord{eee7563 u0 com.android.settings/.SubSettings)/@0x976b0aa sb=Rect(0, 0 - 1080, 2424) eb=Rect(0, 0 - 1080, 2424) epz=Point(1080, 2424) d=0 bc=ffe9efed component=com.android.settings/.SubSettings opt={t=FROM_STYLE mUserId=0}}]}
08-03 18:30:58.361  2196  2250 V WindowManagerShell: Playing animation for (#82) android.os.BinderProxy@4eca89e@0
08-03 18:30:58.361  2196  2250 V WindowManagerShell:  try firstHandler com.android.wm.shell.back.BackAnimationController$BackTransitionHandler@440560c
08-03 18:30:58.362  2196  2250 V WindowManagerShell:  animated by firstHandler
08-03 18:30:58.362  1512  4182 W UserManagerService: Requested status bar icon for non-badged user 0
08-03 18:30:58.400  1512  2550 W PackageConfigPersister: App-specific configuration not found for packageName: com.android.settings and userId: 0
08-03 18:30:58.607  1512  4182 W WindowManager: Failed looking up window session=Session{3f11fb6 2196:u0a10232} callers=com.android.server.wm.WindowManagerService.removeClientToken:2063 com.android.server.wm.Session.remove:269 android.view.IWindowSession$Stub.onTransact:677 
08-03 18:30:58.764  2196  2250 D ShellBackPreview: BackAnimationController: onBackAnimationFinished()
08-03 18:30:58.765  2196  2250 D ShellBackPreview: BackAnimationController: finishBackNavigation()
08-03 18:30:58.765  2196  2250 D ShellBackPreview: resetTouchTracker -> no queued gesture
08-03 18:30:58.766  1512  4182 D CoreBackPreview: onBackNavigationDone backType=2, triggerBack=true
08-03 18:30:58.766  2196  2250 V WindowManagerShell: Transition animation finished (aborted=false), notifying core (#82) android.os.BinderProxy@4eca89e@0
08-03 18:30:58.771  1512  1610 V WindowManager: Finish Transition (#82): created at 08-03 18:30:58.309 collect-started=0.086ms request-sent=0.148ms started=3.614ms ready=13.183ms sent=50.049ms finished=458.377ms
08-03 18:30:58.776  2196  2250 V WindowManagerShell: Track 0 became idle
08-03 18:30:58.776  2196  2250 V WindowManagerShell: All active transition animations finished
08-03 18:30:58.782  1512  5617 W UserManagerService: Requested status bar icon for non-badged user 0
08-03 18:30:58.787  1512  5617 W UserManagerService: Requested status bar icon for non-badged user 0
08-03 18:30:58.789  1512  5617 D CoreBackPreview: Window{a232a1d u0 com.android.settings/com.android.settings.SubSettings}: Setting back callback null
08-03 18:31:01.998  1512  4182 D CoreBackPreview: startBackNavigation currentTask=Task{b2715a0 #8427 type=standard A=1000:com.android.settings.root isResizeable=true minWidth=-1 minHeight=-1}, topRunningActivity=ActivityRecord{eee7563 u0 com.android.settings/.SubSettings t8427}, callbackInfo=OnBackInvokedCallbackInfo{mCallback=android.window.IOnBackInvokedCallback$Stub$Proxy@a796652, mPriority=-1, mIsAnimationCallback=false}, currentFocus=Window{7ebaf87 u0 com.android.settings/com.android.settings.SubSettings}
08-03 18:31:02.000  1512  4182 D CoreBackPreview: Previous Destination is Activity:ComponentInfo{com.android.settings/com.android.settings.homepage.SettingsHomepageActivity} Task:Task=8427 removedContainer:ActivityRecord{eee7563 u0 com.android.settings/.SubSettings t8427}, backType=TYPE_CROSS_ACTIVITY
08-03 18:31:02.008  2196  2250 D ShellBackPreview: Received backNavigationInfo:BackNavigationInfo{mType=TYPE_CROSS_ACTIVITY (2), mOnBackNavigationDone=android.os.RemoteCallback@40f484f, mOnBackInvokedCallback=android.window.IOnBackInvokedCallback$Stub$Proxy@ea40bdc, mPrepareRemoteAnimation=true, mAnimationCallback=false, mCustomizeAnimationInfo=null}
08-03 18:31:02.031  2196  2250 D ShellBackPreview: BackAnimationController: startAnimation()
08-03 18:31:02.079  2196  2250 D ShellBackPreview: Finishing gesture with event action: 1
08-03 18:31:02.079  2196  2250 D ShellBackPreview: onGestureFinished() mTriggerBack == true
08-03 18:31:02.079  2196  2250 D ShellBackPreview: BackAnimationController: startPostCommitAnimation()
08-03 18:31:02.084  2196  2250 V WindowManagerShell: Transition requested (#83): android.os.BinderProxy@e70240c TransitionRequestInfo { type = CLOSE, triggerTask = null, pipTask = null, remoteTransition = null, displayChange = null, flags = 0, debugId = 83 }
08-03 18:31:02.142  1512  5616 D ActivityManager: sync unfroze 2570 com.google.android.permissioncontroller for 6
08-03 18:31:02.143  1512  1614 D CoreBackPreview: onTransactionReady, opening: [ActivityRecord{45d0ea3 u0 com.android.settings/.Settings t8427}], closing: [ActivityRecord{eee7563 u0 com.android.settings/.SubSettings t8427 f}}], animating: AnimationTargets{ openTarget= {ActivityRecord{45d0ea3 u0 com.android.settings/.Settings t8427}} closeTarget= ActivityRecord{eee7563 u0 com.android.settings/.SubSettings t8427 f}} mSwitchType= 2 mComposed= true mWaitTransition= false}, match: true
08-03 18:31:02.144  1512  1610 V WindowManager: Sent Transition (#83) createdAt=08-03 18:31:02.083 via request=TransitionRequestInfo { type = CLOSE, triggerTask = null, pipTask = null, remoteTransition = null, displayChange = null, flags = 0, debugId = 83 }
08-03 18:31:02.144  1512  1610 V WindowManager:     startWCT=WindowContainerTransaction { changes = {} hops = [] errorCallbackToken=null taskFragmentOrganizer=null }
08-03 18:31:02.144  2196 14259 V WindowManagerShell: onTransitionReady(transaction=6493990555517)
08-03 18:31:02.145  2196  2250 V WindowManagerShell: onTransitionReady (#83) android.os.BinderProxy@e70240c: {id=83 t=CLOSE f=0x0 trk=0 r=[0@Point(0, 0)] c=[{null m=CLOSE f=FILLS_TASK|FLAG_BACK_GESTURE_ANIMATED leash=Surface(name=ActivityRecord{eee7563 u0 com.android.settings/.SubSettings)/@0xa2745b sb=Rect(0, 0 - 1080, 2424) eb=Rect(0, 0 - 1080, 2424) epz=Point(1080, 2424) d=0 bc=ffe9efed component=com.android.settings/.SubSettings opt={t=FROM_STYLE mUserId=0}},{null m=TO_FRONT f=FILLS_TASK|FLAG_BACK_GESTURE_ANIMATED leash=Surface(name=ActivityRecord{45d0ea3 u0 com.android.settings/.Settings)/@0xe0174f8 sb=Rect(0, 0 - 1080, 2424) eb=Rect(0, 0 - 1080, 2424) epz=Point(1080, 2424) d=0 bc=ffe9efed component=com.android.settings/.homepage.SettingsHomepageActivity opt={t=FROM_STYLE mUserId=0}}]}
08-03 18:31:02.145  2196  2250 V WindowManagerShell: Playing animation for (#83) android.os.BinderProxy@e70240c@0
08-03 18:31:02.145  2196  2250 V WindowManagerShell:  try firstHandler com.android.wm.shell.back.BackAnimationController$BackTransitionHandler@440560c
08-03 18:31:02.145  1512  1610 V WindowManager:     info={id=83 t=CLOSE f=0x0 trk=0 r=[0@Point(0, 0)] c=[
08-03 18:31:02.145  1512  1610 V WindowManager:         {null m=CLOSE f=FILLS_TASK|FLAG_BACK_GESTURE_ANIMATED leash=Surface(name=ActivityRecord{eee7563 u0 com.android.settings/.SubSettings)/@0xe5c5538 sb=Rect(0, 0 - 1080, 2424) eb=Rect(0, 0 - 1080, 2424) epz=Point(1080, 2424) d=0 bc=ffe9efed component=com.android.settings/.SubSettings opt={t=FROM_STYLE mUserId=0}},
08-03 18:31:02.145  1512  1610 V WindowManager:         {null m=TO_FRONT f=FILLS_TASK|FLAG_BACK_GESTURE_ANIMATED leash=Surface(name=ActivityRecord{45d0ea3 u0 com.android.settings/.Settings)/@0xaeb6104 sb=Rect(0, 0 - 1080, 2424) eb=Rect(0, 0 - 1080, 2424) epz=Point(1080, 2424) d=0 bc=ffe9efed component=com.android.settings/.homepage.SettingsHomepageActivity opt={t=FROM_STYLE mUserId=0}}
08-03 18:31:02.145  1512  1610 V WindowManager:     ]}
08-03 18:31:02.145  2196  2250 V WindowManagerShell:  animated by firstHandler
08-03 18:31:02.151  1512  5616 W UserManagerService: Requested status bar icon for non-badged user 0
08-03 18:31:02.169  1512  5617 D ActivityManager: sync unfroze 8216 com.google.android.apps.tips for 7
08-03 18:31:02.233  1512  4182 W PackageConfigPersister: App-specific configuration not found for packageName: com.android.settings and userId: 0
08-03 18:31:02.381  1512  2301 W WindowManager: Failed looking up window session=Session{3f11fb6 2196:u0a10232} callers=com.android.server.wm.WindowManagerService.removeClientToken:2063 com.android.server.wm.Session.remove:269 android.view.IWindowSession$Stub.onTransact:677 
08-03 18:31:02.546  2196  2250 D ShellBackPreview: BackAnimationController: onBackAnimationFinished()
08-03 18:31:02.547  2196  2250 D ShellBackPreview: BackAnimationController: finishBackNavigation()
08-03 18:31:02.547  2196  2250 D ShellBackPreview: resetTouchTracker -> no queued gesture
08-03 18:31:02.547  1512  2188 D CoreBackPreview: onBackNavigationDone backType=2, triggerBack=true
08-03 18:31:02.548  2196  2250 V WindowManagerShell: Transition animation finished (aborted=false), notifying core (#83) android.os.BinderProxy@e70240c@0
08-03 18:31:02.550  1512  1610 V WindowManager: Finish Transition (#83): created at 08-03 18:31:02.083 collect-started=0.068ms request-sent=0.108ms started=3.009ms ready=14.597ms sent=59.608ms finished=465.688ms
08-03 18:31:02.556  2196  2250 V WindowManagerShell: Track 0 became idle
08-03 18:31:02.556  2196  2250 V WindowManagerShell: All active transition animations finished
08-03 18:31:02.557  1512  2301 W UserManagerService: Requested status bar icon for non-badged user 0
08-03 18:31:02.559  1512  2301 W UserManagerService: Requested status bar icon for non-badged user 0
08-03 18:31:02.567  1512  2301 D CoreBackPreview: Window{7ebaf87 u0 com.android.settings/com.android.settings.SubSettings}: Setting back callback null
08-03 18:31:02.684  1512  1572 D StorageStatsService: getFreeBytes: 37356326912
08-03 18:31:04.358  1512  1625 W ProcessStats: Tracking association SourceState{42da4c1 com.android.settings/1000 BTop #11205} whose proc state 2 is better than process ProcessState{5260abc com.google.android.settings.intelligence/10159 pkg=com.google.android.settings.intelligence} proc state 14 (49 skipped)
08-03 18:31:04.771  1512  5565 W OptProp : Cannot read opt property android.window.PROPERTY_COMPAT_ALLOW_MIN_ASPECT_RATIO_OVERRIDE
08-03 18:31:04.771  1512  5565 W OptProp : Cannot read opt property android.window.PROPERTY_COMPAT_ALLOW_ORIENTATION_OVERRIDE
08-03 18:31:04.776  1512  5565 I ActivityTaskManager: START u0 {act=android.intent.action.MAIN cmp=com.android.settings/.SubSettings (has extras)} with LAUNCH_MULTIPLE from uid 1000 (BAL_ALLOW_VISIBLE_WINDOW) result code=0
08-03 18:31:04.777  2196  2250 V WindowManagerShell: Transition requested (#84): android.os.BinderProxy@4e1360d TransitionRequestInfo { type = OPEN, triggerTask = TaskInfo{userId=0 taskId=8427 effectiveUid=1000 displayId=0 isRunning=true baseIntent=Intent { act=android.intent.action.MAIN cat=[android.intent.category.LAUNCHER] flg=0x10200000 cmp=com.android.settings/.Settings } baseActivity=ComponentInfo{com.android.settings/com.android.settings.homepage.SettingsHomepageActivity} topActivity=ComponentInfo{com.android.settings/com.android.settings.SubSettings} origActivity=ComponentInfo{com.android.settings/com.android.settings.Settings} realActivity=ComponentInfo{com.android.settings/com.android.settings.homepage.SettingsHomepageActivity} numActivities=2 lastActiveTime=2427308 supportsMultiWindow=true resizeMode=1 isResizeable=true minWidth=-1 minHeight=-1 defaultMinSize=220 token=WCT{android.window.IWindowContainerToken$Stub$Proxy@d6a29c2} topActivityType=1 pictureInPictureParams=null shouldDockBigOverlays=false launchIntoPipHostTaskId=-1 lastParentTaskIdBeforePip=-1 displayCutoutSafeInsets=Rect(0, 0 - 0, 0) topActivityInfo=ActivityInfo{cf913d3 com.android.settings.SubSettings} launchCookies=[android.os.BinderProxy@a34a129] positionInParent=Point(0, 0) parentTaskId=-1 isFocused=true isVisible=true isVisibleRequested=true isSleeping=false locusId=null displayAreaFeatureId=1 isTopActivityTransparent=false isTopActivityStyleFloating=false lastNonFullscreenBounds=Rect(276, 716 - 804, 1796) capturedLink=null capturedLinkTimestamp=0 appCompatTaskInfo=AppCompatTaskInfo { topActivityInSizeCompat=false eligibleForLetterboxEducation= false isLetterboxEducationEnabled= false isLetterboxDoubleTapEnabled= false eligibleForUserAspectRatioButton= false topActivityBoundsLetterboxed= false isFromLetterboxDoubleTap= false topActivityLetterboxVerticalPosition= -1 topActivityLetterboxHorizontalPosition= -1 topActivityLetterboxWidth=1080 topActivityLetterboxHeight=2424 topActivityLetterboxAppWidth=1080 topActivityLetterboxAppHeight=2424 isUserFullscreenOverrideEnabled=false isSystemFullscreenOverrideEnabled=false hasMinAspectRatioOverride=false cameraCompatTaskInfo=CameraCompatTaskInfo { freeformCameraCompatMode=inactive}}}, pipTask = null, remoteTransition = null, displayChange = null, flags = 0, debugId = 84 }
08-03 18:31:04.777  2196  2250 D ShellSplitScreen: logExit: no-op, mLoggerSessionId is null
08-03 18:31:04.782  1512  4040 W OptProp : Cannot read opt property android.window.PROPERTY_COMPAT_ALLOW_RESIZEABLE_ACTIVITY_OVERRIDES
08-03 18:31:05.248  1512  4040 D ActivityManager: sync unfroze 4648 com.android.chrome for 6
08-03 18:31:05.249  1512  4040 D ActivityManager: sync unfroze 6226 com.android.chrome:privileged_process0 for 6
08-03 18:31:05.249  1512  4040 D ActivityManager: pid 6312 com.google.android.adservices.api received sync transactions while frozen, killing
08-03 18:31:05.249  1512  4040 I ActivityManager: Killing 6312:com.google.android.adservices.api/u0a271 (adj 0): Sync transaction while in frozen state
08-03 18:31:05.271  1512  2550 D CoreBackPreview: Window{6f0ebfa u0 com.android.settings/com.android.settings.SubSettings}: Setting back callback OnBackInvokedCallbackInfo{mCallback=android.window.IOnBackInvokedCallback$Stub$Proxy@5b897a1, mPriority=-1, mIsAnimationCallback=false}
08-03 18:31:05.274  1512  2550 W ActivityManager: Scheduling restart of crashed service com.google.android.adservices.api/com.android.adservices.measurement.MeasurementService in 1000ms for connection
08-03 18:31:05.275  1512  1611 D DisplayManagerService: Drop pending events for gone uid 10271
08-03 18:31:05.288  2196  3233 V WindowManagerShell: onTransitionReady(transaction=6493990555540)
08-03 18:31:05.288  2196  2250 V WindowManagerShell: onTransitionReady (#84) android.os.BinderProxy@4e1360d: {id=84 t=OPEN f=0x0 trk=0 r=[0@Point(0, 0)] c=[{null m=OPEN f=FILLS_TASK leash=Surface(name=ActivityRecord{3d2c3a7 u0 com.android.settings/.SubSettings)/@0x249eb10 sb=Rect(0, 0 - 0, 0) eb=Rect(0, 0 - 1080, 2424) epz=Point(1080, 2424) d=-1->0 r=-1->0:-1 bc=ffe9efed component=com.android.settings/.SubSettings opt={t=FROM_STYLE mUserId=0}},{null m=TO_BACK f=FILLS_TASK leash=Surface(name=ActivityRecord{45d0ea3 u0 com.android.settings/.Settings)/@0xd782609 sb=Rect(0, 0 - 1080, 2424) eb=Rect(0, 0 - 1080, 2424) epz=Point(1080, 2424) d=0 bc=ffe9efed component=com.android.settings/.homepage.SettingsHomepageActivity opt={t=FROM_STYLE mUserId=0}}]}
08-03 18:31:05.288  2196  2250 V WindowManagerShell: Playing animation for (#84) android.os.BinderProxy@4e1360d@0
08-03 18:31:05.288  2196  2250 V WindowManagerShell:  try handler com.android.wm.shell.transition.DefaultMixedHandler@fc1da12
08-03 18:31:05.289  2196  2250 V WindowManagerShell:  try handler com.android.wm.shell.keyguard.KeyguardTransitionHandler@1e785e3
08-03 18:31:05.289  2196  2250 V WindowManagerShell:  try handler com.android.wm.shell.pip.PipTransition@af15be0
08-03 18:31:05.289  2196  2250 V WindowManagerShell:  try handler com.android.wm.shell.activityembedding.ActivityEmbeddingController@2028e99
08-03 18:31:05.289  2196  2250 V WindowManagerShell:  try handler com.android.wm.shell.recents.RecentsTransitionHandler@5df855e
08-03 18:31:05.289  2196  2250 V ShellRecents: RecentsTransitionHandler.startAnimation: no controller found
08-03 18:31:05.289  2196  2250 V WindowManagerShell:  try handler com.android.wm.shell.splitscreen.StageCoordinator@f829d3f
08-03 18:31:05.289  2196  2250 V WindowManagerShell:  try handler com.android.wm.shell.back.BackAnimationController$BackTransitionHandler@440560c
08-03 18:31:05.289  2196  2250 V WindowManagerShell:  try handler com.android.wm.shell.transition.RemoteTransitionHandler@2e47b55
08-03 18:31:05.289  2196  2250 V WindowManagerShell: Transition doesn't have explicit remote, search filters for match for {id=84 t=OPEN f=0x0 trk=0 r=[0@Point(0, 0)] c=[{null m=OPEN f=FILLS_TASK leash=Surface(name=ActivityRecord{3d2c3a7 u0 com.android.settings/.SubSettings)/@0x249eb10 sb=Rect(0, 0 - 0, 0) eb=Rect(0, 0 - 1080, 2424) epz=Point(1080, 2424) d=-1->0 r=-1->0:-1 bc=ffe9efed component=com.android.settings/.SubSettings opt={t=FROM_STYLE mUserId=0}},{null m=TO_BACK f=FILLS_TASK leash=Surface(name=ActivityRecord{45d0ea3 u0 com.android.settings/.Settings)/@0xd782609 sb=Rect(0, 0 - 1080, 2424) eb=Rect(0, 0 - 1080, 2424) epz=Point(1080, 2424) d=0 bc=ffe9efed component=com.android.settings/.homepage.SettingsHomepageActivity opt={t=FROM_STYLE mUserId=0}}]}
08-03 18:31:05.289  2196  2250 V WindowManagerShell:  Checking filter Pair{{types=[] flags=0x0] notFlags=0x0 checks=[{atype=undefined independent=true modes=[CLOSE,TO_BACK] flags=IN_TASK_WITH_EMBEDDED_ACTIVITY mustBeTask=false order=ANY topActivity=null launchCookie=null taskFragmentToken=android.os.BinderProxy@78767e2}]} RemoteTransition { remoteTransition = android.window.IRemoteTransition$Stub$Proxy@11a4773, appThread = android.app.IApplicationThread$Stub$Proxy@fe7a630, debugName = overlayBackTransition }}
08-03 18:31:05.289  2196  2250 V WindowManagerShell:  Checking filter Pair{{types=[] flags=0x0] notFlags=0x0 checks=[{atype=dream independent=true modes=[OPEN,TO_FRONT] flags=NONE mustBeTask=false order=ANY topActivity=null launchCookie=null},{atype=home independent=true modes=[CLOSE,TO_BACK] flags=NONE mustBeTask=false order=ANY topActivity=null launchCookie=null}]} RemoteTransition { remoteTransition = android.window.IRemoteTransition$Stub$Proxy@36492a9, appThread = android.app.IApplicationThread$Stub$Proxy@e38202e, debugName = LauncherToDream }}
08-03 18:31:05.289  2196  2250 V WindowManagerShell:  Checking filter Pair{{types=[] flags=0x0] notFlags=0x100 checks=[{atype=home independent=true modes=[OPEN,TO_FRONT] flags=NONE mustBeTask=false order=TOP topActivity=ComponentInfo{com.google.android.apps.nexuslauncher/com.google.android.apps.nexuslauncher.NexusLauncherActivity} launchCookie=null},{atype=standard independent=true modes=[CLOSE,TO_BACK] flags=NONE mustBeTask=false order=ANY topActivity=null launchCookie=null},{NOT atype=undefined independent=true modes=[] flags=NONE mustBeTask=true order=ANY topActivity=null launchCookie=null customAnim=true}]} RemoteTransition { remoteTransition = android.window.IRemoteTransition$Stub$Proxy@947e7cf, appThread = android.app.IApplicationThread$Stub$Proxy@558f55c, debugName = QuickstepLaunchHome }}
08-03 18:31:05.289  2196  2250 V WindowManagerShell:  Delegate animation for (#84) to null
08-03 18:31:05.289  2196  2250 V WindowManagerShell:  try handler com.android.wm.shell.transition.DefaultTransitionHandler@19a996a
08-03 18:31:05.289  2196  2250 V WindowManagerShell: start default transition animation, info = {id=84 t=OPEN f=0x0 trk=0 r=[0@Point(0, 0)] c=[{null m=OPEN f=FILLS_TASK leash=Surface(name=ActivityRecord{3d2c3a7 u0 com.android.settings/.SubSettings)/@0x249eb10 sb=Rect(0, 0 - 0, 0) eb=Rect(0, 0 - 1080, 2424) epz=Point(1080, 2424) d=-1->0 r=-1->0:-1 bc=ffe9efed component=com.android.settings/.SubSettings opt={t=FROM_STYLE mUserId=0}},{null m=TO_BACK f=FILLS_TASK leash=Surface(name=ActivityRecord{45d0ea3 u0 com.android.settings/.Settings)/@0xd782609 sb=Rect(0, 0 - 1080, 2424) eb=Rect(0, 0 - 1080, 2424) epz=Point(1080, 2424) d=0 bc=ffe9efed component=com.android.settings/.homepage.SettingsHomepageActivity opt={t=FROM_STYLE mUserId=0}}]}
08-03 18:31:05.290  2196  2250 V WindowManagerShell: loadAnimation: anim=android.view.animation.AnimationSet@ca72f1a animAttr=0x5 type=OPEN isEntrance=false
