08-03 18:40:06.346  1512  1512 I RemoteContentProtectionService: Connection status for: ComponentInfo{com.google.android.odad/com.google.android.apps.miphone.odad.contentprotection.ContentProtectionService} changed to: disconnected
08-03 18:40:07.494  1512  2550 W ActivityTaskManager: callingPackage for (uid=2000, pid=27373) has no WPC
08-03 18:40:07.499  1512  2550 W OptProp : Cannot read opt property android.window.PROPERTY_COMPAT_ALLOW_RESIZEABLE_ACTIVITY_OVERRIDES
08-03 18:40:07.499  1512  2550 W OptProp : Cannot read opt property android.window.PROPERTY_COMPAT_ALLOW_MIN_ASPECT_RATIO_OVERRIDE
08-03 18:40:07.504  1512  2550 W OptProp : Cannot read opt property android.window.PROPERTY_COMPAT_ALLOW_ORIENTATION_OVERRIDE
08-03 18:40:07.506  1512  2550 D ActivityTaskManager: Temporarily retain top process state for launching app
08-03 18:40:07.508  1512  2550 I AppsFilter: interaction: PackageSetting{78a9b5b com.google.android.microdroid.empty_payload/10262} -> PackageSetting{8c5abd3 com.nick.myrecoverytracker/10374} BLOCKED
08-03 18:40:07.509  1512  2550 I ActivityTaskManager: START u0 {flg=0x10000000 cmp=com.nick.myrecoverytracker/.MainActivity} with LAUNCH_MULTIPLE from uid 2000 (BAL_ALLOW_PERMISSION) result code=0
08-03 18:40:07.510  2196  2250 V WindowManagerShell: Transition requested (#91): android.os.BinderProxy@246ccda TransitionRequestInfo { type = OPEN, triggerTask = TaskInfo{userId=0 taskId=8434 effectiveUid=10374 displayId=0 isRunning=true baseIntent=Intent { flg=0x10000000 cmp=com.nick.myrecoverytracker/.MainActivity } baseActivity=ComponentInfo{com.nick.myrecoverytracker/com.nick.myrecoverytracker.MainActivity} topActivity=ComponentInfo{com.nick.myrecoverytracker/com.nick.myrecoverytracker.MainActivity} origActivity=null realActivity=ComponentInfo{com.nick.myrecoverytracker/com.nick.myrecoverytracker.MainActivity} numActivities=1 lastActiveTime=2970044 supportsMultiWindow=true resizeMode=1 isResizeable=true minWidth=-1 minHeight=-1 defaultMinSize=220 token=WCT{android.window.IWindowContainerToken$Stub$Proxy@52bd50b} topActivityType=1 pictureInPictureParams=null shouldDockBigOverlays=false launchIntoPipHostTaskId=-1 lastParentTaskIdBeforePip=-1 displayCutoutSafeInsets=Rect(0, 152 - 0, 0) topActivityInfo=ActivityInfo{153fe8 com.nick.myrecoverytracker.MainActivity} launchCookies=[] positionInParent=Point(0, 0) parentTaskId=-1 isFocused=false isVisible=false isVisibleRequested=false isSleeping=true locusId=null displayAreaFeatureId=1 isTopActivityTransparent=false isTopActivityStyleFloating=false lastNonFullscreenBounds=Rect(276, 716 - 804, 1796) capturedLink=null capturedLinkTimestamp=0 appCompatTaskInfo=AppCompatTaskInfo { topActivityInSizeCompat=false eligibleForLetterboxEducation= false isLetterboxEducationEnabled= false isLetterboxDoubleTapEnabled= false eligibleForUserAspectRatioButton= false topActivityBoundsLetterboxed= false isFromLetterboxDoubleTap= false topActivityLetterboxVerticalPosition= -1 topActivityLetterboxHorizontalPosition= -1 topActivityLetterboxWidth=1080 topActivityLetterboxHeight=2424 topActivityLetterboxAppWidth=1080 topActivityLetterboxAppHeight=2209 isUserFullscreenOverrideEnabled=false isSystemFullscreenOverrideEnabled=false hasMinAspectRatioOverride=false cameraCompatTaskInfo=CameraCompatTaskInfo { freeformCameraCompatMode=inactive}}}, pipTask = null, remoteTransition = null, displayChange = null, flags = 0, debugId = 91 }
08-03 18:40:07.511  2196  2250 D ShellSplitScreen: logExit: no-op, mLoggerSessionId is null
08-03 18:40:07.523  1512  1627 I ActivityManager: Start proc 27376:com.nick.myrecoverytracker/u0a374 for top-activity {com.nick.myrecoverytracker/com.nick.myrecoverytracker.MainActivity}
08-03 18:40:07.721  1512  2005 V Configuration: Updating configuration, locales updated from [] to [en_AU]
08-03 18:40:07.721  1512  2005 V Configuration: Updating configuration, locales updated from [] to [en_AU]
08-03 18:40:07.724  1512  2005 V Configuration: Updating configuration, locales updated from [] to [en_AU]
08-03 18:40:07.725  1512  2005 V Configuration: Updating configuration, locales updated from [] to [en_AU]
08-03 18:40:07.726  1512  2005 V Configuration: Updating configuration, locales updated from [] to [en_AU]
08-03 18:40:07.728  1512  2005 V Configuration: Updating configuration, locales updated from [] to [en_AU]
08-03 18:40:07.731  1512  2005 V Configuration: Updating configuration, locales updated from [] to [en_AU]
08-03 18:40:07.731  1512  2005 V Configuration: Updating configuration, locales updated from [] to [en_AU]
08-03 18:40:07.731  1512  2005 V Configuration: Updating configuration, locales updated from [] to [en_AU]
08-03 18:40:07.731  1512  2005 V Configuration: Updating configuration, locales updated from [] to [en_AU]
08-03 18:40:07.731  1512  2005 V Configuration: Updating configuration, locales updated from [] to [en_AU]
08-03 18:40:07.731  1512  2005 V Configuration: Updating configuration, locales updated from [] to [en_AU]
08-03 18:40:07.731  1512  2005 V Configuration: Updating configuration, locales updated from [] to [en_AU]
08-03 18:40:07.740  1512  2005 V Configuration: Updating configuration, locales updated from [] to [en_AU]
08-03 18:40:07.740  1512  2005 V Configuration: Updating configuration, locales updated from [] to [en_AU]
08-03 18:40:07.742  1512  2005 V Configuration: Updating configuration, locales updated from [] to [en_AU]
08-03 18:40:07.743  1512  2005 V Configuration: Updating configuration, locales updated from [] to [en_AU]
08-03 18:40:07.743  1512  2005 V Configuration: Updating configuration, locales updated from [] to [en_AU]
08-03 18:40:07.745  1512  2005 V Configuration: Updating configuration, locales updated from [] to [en_AU]
08-03 18:40:07.761  1512  2550 D CompatChangeReporter: Compat change id reported: 253665015; UID 10374; state: ENABLED
08-03 18:40:07.764  1512  2557 E ActivityTaskManager: Activity start ONLY allowed by BAL_ALLOW_GRACE_PERIOD within 10000ms grace period (46ms): [callingPackage: com.nick.myrecoverytracker; callingPackageTargetSdk: 34; callingUid: 10374; callingPid: 27376; appSwitchState: 2; callingUidHasAnyVisibleWindow: false; callingUidProcState: TOP; isCallingUidPersistentSystemProcess: false; forcedBalByPiSender: BSP.NONE; intent: Intent { act=android.content.pm.action.REQUEST_PERMISSIONS pkg=com.google.android.permissioncontroller cmp=com.google.android.permissioncontroller/com.android.permissioncontroller.permission.ui.GrantPermissionsActivity (has extras) }; callerApp: ProcessRecord{afc980e 27376:com.nick.myrecoverytracker/u0a374}; inVisibleTask: false; balAllowedByPiCreator: BSP.ALLOW_BAL; balAllowedByPiCreatorWithHardening: BSP.ALLOW_BAL; resultIfPiCreatorAllowsBal: BAL_ALLOW_GRACE_PERIOD; callerStartMode: MODE_BACKGROUND_ACTIVITY_START_SYSTEM_DEFINED; hasRealCaller: true; isCallForResult: true; isPendingIntent: false; autoOptInReason: notPendingIntent; realCallingPackage: com.nick.myrecoverytracker; realCallingPackageTargetSdk: 34; realCallingUid: 10374; realCallingPid: 27376; realCallingUidHasAnyVisibleWindow: false; realCallingUidProcState: TOP; isRealCallingUidPersistentSystemProcess: false; originatingPendingIntent: null; realCallerApp: ProcessRecord{afc980e 27376:com.nick.myrecoverytracker/u0a374}; realInVisibleTask: false; balAllowedByPiSender: BSP.ALLOW_BAL; resultIfPiSenderAllowsBal: BAL_ALLOW_GRACE_PERIOD; realCallerStartMode: MODE_BACKGROUND_ACTIVITY_START_SYSTEM_DEFINED; balImproveRealCallerVisibilityCheck: true; balRequireOptInByPendingIntentCreator: true; balRequireOptInSameUid: false; balRespectAppSwitchStateWhenCheckBoundByForegroundUid: true; balDontBringExistingBackgroundTaskStackToFg: true]
08-03 18:40:07.765  1512  2557 W OptProp : Cannot read opt property android.window.PROPERTY_COMPAT_ALLOW_MIN_ASPECT_RATIO_OVERRIDE
08-03 18:40:07.765  1512  2557 W OptProp : Cannot read opt property android.window.PROPERTY_COMPAT_ALLOW_ORIENTATION_OVERRIDE
08-03 18:40:07.765  1512  2557 W OptProp : Cannot read opt property android.window.PROPERTY_COMPAT_ALLOW_RESIZEABLE_ACTIVITY_OVERRIDES
08-03 18:40:07.766  1512  2557 D ActivityTaskManager: Temporarily retain top process state for launching app
08-03 18:40:07.767  1512  2557 I ActivityTaskManager: START u0 {act=android.content.pm.action.REQUEST_PERMISSIONS pkg=com.google.android.permissioncontroller cmp=com.google.android.permissioncontroller/com.android.permissioncontroller.permission.ui.GrantPermissionsActivity (has extras)} with LAUNCH_MULTIPLE from uid 10374 (BAL_ALLOW_GRACE_PERIOD) result code=0
08-03 18:40:07.769  1512  2557 E ActivityTaskManager: Activity start ONLY allowed by BAL_ALLOW_GRACE_PERIOD within 10000ms grace period (51ms): [callingPackage: com.nick.myrecoverytracker; callingPackageTargetSdk: 34; callingUid: 10374; callingPid: 27376; appSwitchState: 2; callingUidHasAnyVisibleWindow: false; callingUidProcState: TOP; isCallingUidPersistentSystemProcess: false; forcedBalByPiSender: BSP.NONE; intent: Intent { act=android.settings.ACTION_NOTIFICATION_LISTENER_SETTINGS flg=0x10000000 cmp=com.android.settings/.Settings$NotificationAccessSettingsActivity }; callerApp: ProcessRecord{afc980e 27376:com.nick.myrecoverytracker/u0a374}; inVisibleTask: false; balAllowedByPiCreator: BSP.ALLOW_BAL; balAllowedByPiCreatorWithHardening: BSP.ALLOW_BAL; resultIfPiCreatorAllowsBal: BAL_ALLOW_GRACE_PERIOD; callerStartMode: MODE_BACKGROUND_ACTIVITY_START_SYSTEM_DEFINED; hasRealCaller: true; isCallForResult: false; isPendingIntent: false; autoOptInReason: notPendingIntent; realCallingPackage: com.nick.myrecoverytracker; realCallingPackageTargetSdk: 34; realCallingUid: 10374; realCallingPid: 27376; realCallingUidHasAnyVisibleWindow: false; realCallingUidProcState: TOP; isRealCallingUidPersistentSystemProcess: false; originatingPendingIntent: null; realCallerApp: ProcessRecord{afc980e 27376:com.nick.myrecoverytracker/u0a374}; realInVisibleTask: false; balAllowedByPiSender: BSP.ALLOW_BAL; resultIfPiSenderAllowsBal: BAL_ALLOW_GRACE_PERIOD; realCallerStartMode: MODE_BACKGROUND_ACTIVITY_START_SYSTEM_DEFINED; balImproveRealCallerVisibilityCheck: true; balRequireOptInByPendingIntentCreator: true; balRequireOptInSameUid: false; balRespectAppSwitchStateWhenCheckBoundByForegroundUid: true; balDontBringExistingBackgroundTaskStackToFg: true]
08-03 18:40:07.770  1512  2557 W OptProp : Cannot read opt property android.window.PROPERTY_COMPAT_ALLOW_MIN_ASPECT_RATIO_OVERRIDE
08-03 18:40:07.771  1512  2557 W OptProp : Cannot read opt property android.window.PROPERTY_COMPAT_ALLOW_ORIENTATION_OVERRIDE
08-03 18:40:07.771  1512  2557 D ActivityTaskManager: Temporarily retain top process state for launching app
08-03 18:40:07.772  1512  2557 I ActivityTaskManager: START u0 {act=android.settings.ACTION_NOTIFICATION_LISTENER_SETTINGS flg=0x10000000 cmp=com.android.settings/.Settings$NotificationAccessSettingsActivity} with LAUNCH_MULTIPLE from uid 10374 (BAL_ALLOW_GRACE_PERIOD) result code=0
08-03 18:40:07.793  1512  2550 W OptProp : Cannot read opt property android.window.PROPERTY_COMPAT_ALLOW_RESIZEABLE_ACTIVITY_OVERRIDES
08-03 18:40:07.797  1512  2550 D CoreBackPreview: Window{f51118a u0 com.nick.myrecoverytracker/com.nick.myrecoverytracker.MainActivity}: Setting back callback OnBackInvokedCallbackInfo{mCallback=android.window.IOnBackInvokedCallback$Stub$Proxy@38478ad, mPriority=0, mIsAnimationCallback=false}
08-03 18:40:07.830  1512  2557 D ActivityManager: sync unfroze 9400 com.google.android.settings.intelligence for 7
08-03 18:40:07.901  1512  2550 D CompatChangeReporter: Compat change id reported: 161145287; UID 10374; state: ENABLED
08-03 18:40:07.943  1512  2557 D CoreBackPreview: Window{b886d92 u0 com.android.settings/com.android.settings.Settings$NotificationAccessSettingsActivity}: Setting back callback OnBackInvokedCallbackInfo{mCallback=android.window.IOnBackInvokedCallback$Stub$Proxy@63bd0de, mPriority=-1, mIsAnimationCallback=false}
08-03 18:40:07.957  2196  6899 V WindowManagerShell: onTransitionReady(transaction=6493990555752)
08-03 18:40:07.957  1512  1610 V WindowManager: Sent Transition (#91) createdAt=08-03 18:40:07.500 via request=TransitionRequestInfo { type = OPEN, triggerTask = TaskInfo{userId=0 taskId=8434 effectiveUid=10374 displayId=0 isRunning=true baseIntent=Intent { flg=0x10000000 cmp=com.nick.myrecoverytracker/.MainActivity } baseActivity=ComponentInfo{com.nick.myrecoverytracker/com.nick.myrecoverytracker.MainActivity} topActivity=ComponentInfo{com.nick.myrecoverytracker/com.nick.myrecoverytracker.MainActivity} origActivity=null realActivity=ComponentInfo{com.nick.myrecoverytracker/com.nick.myrecoverytracker.MainActivity} numActivities=1 lastActiveTime=2970044 supportsMultiWindow=true resizeMode=1 isResizeable=true minWidth=-1 minHeight=-1 defaultMinSize=220 token=WCT{RemoteToken{acfc2bf Task{9c60e0d #8434 type=standard A=10374:com.nick.myrecoverytracker isResizeable=true minWidth=-1 minHeight=-1}}} topActivityType=1 pictureInPictureParams=null shouldDockBigOverlays=false launchIntoPipHostTaskId=-1 lastParentTaskIdBeforePip=-1 displayCutoutSafeInsets=Rect(0, 152 - 0, 0) topActivityInfo=ActivityInfo{6864d8c com.nick.myrecoverytracker.MainActivity} launchCookies=[] positionInParent=Point(0, 0) parentTaskId=-1 isFocused=false isVisible=false isVisibleRequested=false isSleeping=true locusId=null displayAreaFeatureId=1 isTopActivityTransparent=false isTopActivityStyleFloating=false lastNonFullscreenBounds=Rect(276, 716 - 804, 1796) capturedLink=null capturedLinkTimestamp=0 appCompatTaskInfo=AppCompatTaskInfo { topActivityInSizeCompat=false eligibleForLetterboxEducation= false isLetterboxEducationEnabled= false isLetterboxDoubleTapEnabled= false eligibleForUserAspectRatioButton= false topActivityBoundsLetterboxed= false isFromLetterboxDoubleTap= false topActivityLetterboxVerticalPosition= -1 topActivityLetterboxHorizontalPosition= -1 topActivityLetterboxWidth=1080 topActivityLetterboxHeight=2424 topActivityLetterboxAppWidth=1080 topActivityLetterboxAppHeight=2209 isUserFullscreenOverrideEnabled=false isSystemFullscreenOverrideEnabled=false hasMinAspectRatioOverride=false cameraCompatTaskInfo=CameraCompatTaskInfo { freeformCameraCompatMode=inactive}}}, pipTask = null, remoteTransition = null, displayChange = null, flags = 0, debugId = 91 }
08-03 18:40:07.957  2196  2250 V WindowManagerShell: onTransitionReady (#91) android.os.BinderProxy@246ccda: {id=91 t=OPEN f=0x40 trk=0 r=[] c=[]}
08-03 18:40:07.957  1512  1610 V WindowManager:     startWCT=WindowContainerTransaction { changes = {} hops = [] errorCallbackToken=null taskFragmentOrganizer=null }
08-03 18:40:07.957  1512  1610 V WindowManager:     info={id=91 t=OPEN f=0x40 trk=0 r=[] c=[]}
08-03 18:40:07.957  2196  2250 V WindowManagerShell: No transition roots in (#91) android.os.BinderProxy@246ccda@0 so abort
08-03 18:40:07.958  2196  2250 V WindowManagerShell: Transition animation finished (aborted=true), notifying core (#91) android.os.BinderProxy@246ccda@0
08-03 18:40:07.959  2196  2250 V WindowManagerShell: Track 0 became idle
08-03 18:40:07.959  2196  2250 V WindowManagerShell: All active transition animations finished
08-03 18:40:07.958  1512  1610 V WindowManager: Finish Transition (#91): created at 08-03 18:40:07.500 collect-started=0.141ms request-sent=9.201ms started=10.994ms ready=293.46ms sent=456.39ms finished=458.249ms
08-03 18:40:07.962  1512  2550 W UserManagerService: Requested status bar icon for non-badged user 0
08-03 18:40:07.965  1512  1610 D HintManagerService: Sent cleanup message for uid 10374
08-03 18:40:07.965  1512  1610 E HintManagerService: ADPF IS GETTING PAUSED? UID: 10374 TAG: 2
08-03 18:40:07.969  1512  5565 W UserManagerService: Requested status bar icon for non-badged user 0
08-03 18:40:07.970  1512  5565 W UserManagerService: Requested status bar icon for non-badged user 0
08-03 18:40:08.413  1512  1610 W Looper  : Slow dispatch took 256ms android.fg h=android.os.Handler c=com.android.server.location.injector.SystemAppForegroundHelper$$ExternalSyntheticLambda1@6301cea m=0
08-03 18:40:08.413  1512  1610 W Looper  : Slow delivery took 255ms android.fg h=android.os.Handler c=com.android.server.power.hint.HintManagerService$MyUidObserver$$ExternalSyntheticLambda0@247cbdb m=0
08-03 18:40:08.462  1512  1610 W Looper  : Drained
08-03 18:40:09.781  1512  1760 I AppsFilter: interaction: PackageSetting{78a9b5b com.google.android.microdroid.empty_payload/10262} -> PackageSetting{ec2d8e com.nick.myrecoverytracker/10374} BLOCKED
08-03 18:40:09.792  1512  2154 D ShortcutService: received package broadcast intent: Intent { act=android.intent.action.PACKAGE_CHANGED dat=package: flg=0x45000010 (has extras) }
08-03 18:40:09.792  1512  2154 D ShortcutService: changing package: com.nick.myrecoverytracker userId=0
08-03 18:40:09.805  1512  5620 W AppOpService: Ignored setUidMode call for runtime permission app op: uid = 10347, code = READ_CELL_BROADCASTS, mode = allow, callingUid = 1001, oldMode = allow
08-03 18:40:09.808  1512  2550 W AppOpService: Ignored setUidMode call for runtime permission app op: uid = 1001, code = READ_SMS, mode = allow, callingUid = 1001, oldMode = allow
08-03 18:40:09.808  1512  2550 W AppOpService: Ignored setUidMode call for runtime permission app op: uid = 1001, code = RECEIVE_SMS, mode = allow, callingUid = 1001, oldMode = allow
08-03 18:40:09.808  1512  2550 W AppOpService: Ignored setUidMode call for runtime permission app op: uid = 1001, code = RECEIVE_WAP_PUSH, mode = allow, callingUid = 1001, oldMode = allow
08-03 18:40:09.809  1512  2550 W AppOpService: Ignored setUidMode call for runtime permission app op: uid = 1001, code = SEND_SMS, mode = allow, callingUid = 1001, oldMode = allow
08-03 18:40:09.809  1512  2550 W AppOpService: Ignored setUidMode call for runtime permission app op: uid = 1001, code = READ_CELL_BROADCASTS, mode = allow, callingUid = 1001, oldMode = allow
08-03 18:40:09.814  1512  2336 I ConditionProviders:  Allowing condition provider com.garmin.android.apps.connectmobile/com.garmin.android.gncs.GNCSListenerService (userSet: false)
08-03 18:40:09.814  1512  2336 I NotificationManagerService.NotificationListeners:  Allowing notification listener com.garmin.android.apps.connectmobile/com.garmin.android.gncs.GNCSListenerService (userSet: false)
08-03 18:40:09.814  1512  2336 V NotificationManagerService.NotificationListeners: enabling notification listener for 0: ComponentInfo{com.garmin.android.apps.connectmobile/com.garmin.android.gncs.GNCSListenerService}
08-03 18:40:09.814  1512  2336 V NotificationManagerService.NotificationListeners: Not registering ComponentInfo{com.garmin.android.apps.connectmobile/com.garmin.android.gncs.GNCSListenerService} is already bound
08-03 18:40:09.814  1512  2336 V NotificationManagerService.NotificationListeners: enabling notification listener for 0: ComponentInfo{com.google.android.apps.nexuslauncher/com.android.launcher3.notification.NotificationListener}
08-03 18:40:09.814  1512  2336 V NotificationManagerService.NotificationListeners: Not registering ComponentInfo{com.google.android.apps.nexuslauncher/com.android.launcher3.notification.NotificationListener} is already bound
08-03 18:40:09.814  1512  2336 V NotificationManagerService.NotificationListeners: enabling notification listener for 0: ComponentInfo{com.google.android.as/com.google.android.apps.miphone.aiai.common.notification.service.AiAiNotificationListenerService}
08-03 18:40:09.814  1512  2336 V NotificationManagerService.NotificationListeners: Not registering ComponentInfo{com.google.android.as/com.google.android.apps.miphone.aiai.common.notification.service.AiAiNotificationListenerService} is already bound
08-03 18:40:09.819  1512  1625 W MagnificationConnectionManager: requestConnection duplicated request: connect=false, mConnectionState=DISCONNECTED
08-03 18:40:09.944  1512  2015 D HintManagerService: Starts cleaning for 10374
08-03 18:40:13.234  1512  2031 I PowerGroup: Waking up power group from Dozing (groupId=0, uid=1000, reason=WAKE_REASON_POWER_BUTTON, details=android.policy:POWER)...
08-03 18:40:13.235  1512  2031 I PowerManagerService: Waking up from Dozing (uid=1000, reason=WAKE_REASON_POWER_BUTTON, details=android.policy:POWER)...
08-03 18:40:13.241  1512  1747 I DisplayPowerController[0]: Blocking screen on until initial contents have been drawn.
08-03 18:40:13.242  1512  1747 I DisplayPowerController: Window Manager Policy screenTurningOn complete
08-03 18:40:13.242  1512  1747 I DisplayBrightnessStrategySelector: Changing the DisplayBrightnessStrategy from ScreenOffBrightnessStrategy to FallbackBrightnessStrategy for display 0
08-03 18:40:13.245  1512  1747 V DisplayPowerController[0]: Brightness [0.19630218] reason changing to: 'manual', previous reason: 'screen_off'.
08-03 18:40:13.245  1512  1747 I DisplayPowerController[0]: BrightnessEvent: brt=0.19630218 (77.0%), nits= 352.38757, lux=-1.0, reason=manual, strat=FallbackBrightnessStrategy, state=ON, stateReason=DEFAULT_POLICY, policy=BRIGHT, flags=, initBrt=0.0, rcmdBrt=NaN, preBrt=NaN, preLux=0.0, wasShortTermModelActive=false, autoBrightness=false (default), unclampedBrt=0.19630218, hbmMax=0.67, hbmMode=off, thrmMax=1.0, rbcStrength=35, powerFactor=1.0, physDisp=Built-in Screen(local:4619827612623940864), logicalId=0
08-03 18:40:13.246  1512  2550 D CoreBackPreview: Window{4eb12f u0 NotificationShade}: Setting back callback OnBackInvokedCallbackInfo{mCallback=android.window.IOnBackInvokedCallback$Stub$Proxy@c3a90b5, mPriority=0, mIsAnimationCallback=false}
08-03 18:40:13.247  1512  1512 W ProcessStats: Tracking association SourceState{e04f34a com.android.settings/1000 Service #11972} whose proc state 8 is better than process ProcessState{5260abc com.google.android.settings.intelligence/10159 pkg=com.google.android.settings.intelligence} proc state 14 (26 skipped)
08-03 18:40:13.252  1512  2149 I MR2ServiceImpl: Updating composite discovery preference | preference: RouteDiscoveryRequest{ preferredFeatures={}, activeScan=false }, active routers: []
08-03 18:40:13.261  2375  2375 D ContextualAwarenessService: Before dispatching ACTION_SCREEN_ON onReceive work to background
08-03 18:40:13.261  2375  2375 D ContextualAwarenessService: After dispatching ACTION_SCREEN_ON onReceive work to background
08-03 18:40:13.262  2375 20757 D ContextualAwarenessService: Before ACTION_SCREEN_ON onReceive work
08-03 18:40:13.262  2375 20757 D ContextualAwarenessService: After ACTION_SCREEN_ON onReceive work
08-03 18:40:13.274  1512  1613 I DisplayDeviceRepository: Display device changed state: "Built-in Screen", ON
08-03 18:40:13.279  1512  1611 I DisplayDevice: [0] Layerstack set to 0 for local:4619827612623940864
08-03 18:40:13.284  1512  2149 I MR2ServiceImpl: Updating composite discovery preference | preference: RouteDiscoveryRequest{ preferredFeatures={}, activeScan=false }, active routers: []
08-03 18:40:13.286  1512  2031 E WindowManager: Display reconfigured outside of a transition: Display{#0 state=ON size=1080x2424 ROTATION_0}
08-03 18:40:13.290  1512  1747 D BrightnessThermalClamper: Thermal status observer already started
08-03 18:40:13.292  1512  1747 D BrightnessThermalClamper: Thermal status observer already started
08-03 18:40:13.299  1512  2187 E AppOps  : attributionTag IWLAN not declared in manifest of com.google.pixel.iwlan
08-03 18:40:13.304  1512  1572 E AppOps  : attributionTag IWLAN not declared in manifest of com.google.pixel.iwlan
08-03 18:40:13.309  1512  2152 D BiometricScheduler: [Added] {[34] com.android.server.biometrics.sensors.face.aidl.FaceAuthenticationClient, proto=3, owner=com.android.systemui, cookie=0, requestId=6, userId=0}, new queue size: 1
08-03 18:40:13.310  1512  2152 D BiometricScheduler: [Polled] {[34] com.android.server.biometrics.sensors.face.aidl.FaceAuthenticationClient, proto=3, owner=com.android.systemui, cookie=0, requestId=6, userId=0}, State: 0
08-03 18:40:13.310  1512  2152 V ALSProbe: Enable ALS: 41462415
08-03 18:40:13.310  1512  2152 D BiometricScheduler: [Started] {[34] com.android.server.biometrics.sensors.face.aidl.FaceAuthenticationClient, proto=3, owner=com.android.systemui, cookie=0, requestId=6, userId=0}
08-03 18:40:13.310  1512  2152 D Biometrics/AuthenticationClient: Requesting auth for com.android.systemui
08-03 18:40:13.314  1512  2152 V BiometricSchedulerOperation: started: {[34] com.android.server.biometrics.sensors.face.aidl.FaceAuthenticationClient, proto=3, owner=com.android.systemui, cookie=0, requestId=6, userId=0}, State: 2
08-03 18:40:13.315  1512  2550 V ALSProbe: Enable ALS: 175247653
08-03 18:40:13.317  1512  2152 V Biometrics/AcquisitionClient: Acquired: 20 0, shouldSend: false
08-03 18:40:13.336     0     0 I trusty  : sac-ssmt: 126: DSP: Setup TZ SSMT 0
08-03 18:40:13.336     0     0 I trusty  : sac-ssmt: 126: DSP: Setup TZ SSMT 1
08-03 18:40:13.330  1512  1747 I DisplayPowerController[0]: Unblocked screen on after 89 ms
08-03 18:40:13.350     0     0 I trusty  : sac-ssmt: 111: TPU: Setup TZ SSMT 0
08-03 18:40:13.350     0     0 I trusty  : sac-ssmt: 111: TPU: Setup TZ SSMT 1
08-03 18:40:13.352  1512  5565 E AppOps  : package client.pid<1424> not found, can't check for attributionTag null
08-03 18:40:13.352  1512  5565 E AppOps  : Bad call made by uid 1047. Package "client.pid<1424>" does not belong to uid 1000.
08-03 18:40:13.352  1512  5565 E AppOps  : Cannot checkOperation: non-application UID 1000
08-03 18:40:13.359  1114  1949 I Lyric   : camera_powerhal.cc:173: SetPowerBoost Trigger CAMERA_LAUNCH for 1000ms
08-03 18:40:13.361  1114  1949 I Lyric   : thread_pool.h:192: ThreadPool: SessionPool resized to 11 active threads, and 0 inactive ones.
08-03 18:40:13.361  1114 27492 W Lyric   : device_context.cc:317: NotifyCaptureSessionOpen: No OisController found for physical camera Front. Status: NOT_FOUND: Failed to find controller by type and camera id(Front); Controller with ID: optical image stabilization controller for camera: Front not present in device_context
08-03 18:40:13.361  1512  2186 I SoundTriggerMiddlewareLogging: FORCE_RECOGNITION (1)
08-03 18:40:13.362  1114 27492 I G3ACoordinator: coordinator.cc:1149: Coordinator::AeNotifyCaptureSessionOpen called for camera: {position: front, lens_type: normal, spectrum: visible, instance: real}
08-03 18:40:13.362  1114 27492 I G3ACoordinator: coordinator.cc:1173: Coordinator::AfNotifyCaptureSessionOpen called for camera: {position: front, lens_type: normal, spectrum: visible, instance: real}
08-03 18:40:13.362  1114 27492 I G3ACoordinator: coordinator.cc:1198: Coordinator::AsdNotifyCaptureSessionOpen called for camera: {position: front, lens_type: normal, spectrum: visible, instance: real}
08-03 18:40:13.362  1114 27492 I G3ACoordinator: coordinator.cc:1215: Coordinator::AwbNotifyCaptureSessionOpen called for camera: {position: front, lens_type: normal, spectrum: visible, instance: real}
08-03 18:40:13.362  1114 27492 I Lyric   : device_context.cc:135: Unable to get SaliencyController. Status: NOT_FOUND: Failed to find controller by type; Controller with ID: saliency controller not present in device_context
08-03 18:40:13.362  1114 27492 I Lyric   : device_context.cc:157: Unable to get RoiTrackingController. Status: NOT_FOUND: Failed to find controller by type; Controller with ID: Roi tracking controller not present in device_context
08-03 18:40:13.362  1114 27492 I G3ACoordinator: coordinator.cc:1132: Coordinator::NotifyCaptureSessionOpen called for camera: {position: front, lens_type: normal, spectrum: visible, instance: real}
08-03 18:40:13.362  1114  1949 I Lyric   : camera_device_session_manager_base.cc:375: CameraDeviceSessionManager for camera id(Front) is created.
08-03 18:40:13.362  1114  1820 I Lyric   : motion_sensor_controller_proxy.cc:472: Start to create all sensor readers, enable direct channel: 1, support async query: 0, sample streaming period: 5ms
08-03 18:40:13.362  1114  1820 I Lyric   : direct_channel_motion_sensor_data_streamer.cc:341: Periodic timer is null, sample packet update need to be triggered before query data, type: gyroscope
08-03 18:40:13.367  1114  1949 I Lyric   : camera_device_session_hwl_impl.cc:352: Created CameraDeviceSessionHwlImpl for camera 1
08-03 18:40:13.368  1114  1949 I Lyric   : camera_device_manager_impl.cc:212: Pinning memory flag is set to 0.
08-03 18:40:13.370  1512  4013 I SoundTriggerMiddlewareLogging: RECOGNITION (1, RecognitionEventSys{recognitionEvent: RecognitionEvent{status: 0, type: 1, captureAvailable: true, captureDelayMs: 0, capturePreambleMs: 0, triggerInData: false, audioConfig: AudioConfig{base: AudioConfigBase{sampleRate: 16000, channelMask: AudioChannelLayout.layoutMask(1), format: AudioFormatDescription{type: 1, pcm: 1, encoding: }}, offloadInfo: AudioOffloadInfo{base: AudioConfigBase{sampleRate: 0, channelMask: AudioChannelLayout.none(0), format: AudioFormatDescription{type: 0, pcm: 0, encoding: }}, streamType: -2, bitRatePerSecond: 0, durationUs: 0, hasVideo: false, isStreaming: false, bitWidth: 16, offloadBufferSize: 0, usage: -1, encapsulationMode: -1, contentId: 0, syncId: 0}, frameCount: 0}, data: [112, 111, 115, 95, 109, 117, 115, 105, 99, 44, 118, 97, 108, 58, 50, 53, 53, 56, 51], recognitionStillActive: false}, halEventReceivedMillis: 2975897798336, token: android.os.Binder@dcf78d2}, 1001)
08-03 18:40:13.375  1114 27494 I Lyric   : sensor_generic_driver.cc:5073: LESHEN ReadSensorId success: 0x712 setting version: 10.11 setting type: 0
08-03 18:40:13.377  1512  2104 W NetworkPolicy: shared quota unsupported; generating rule for each iface
08-03 18:40:13.381     0     0 I trusty  : logging.cc: 75: ***: :214: Command Received: AuthenticationCreate
08-03 18:40:13.381     0     0 I trusty  : logging.cc: 75: ***: :261: Faceauth product version 5.5
08-03 18:40:13.388  1512  1512 V SoundTriggerService: 9f6ad62a-1f0b-11e7-87c5-40a8f03d3f15: onServiceConnected(android.os.BinderProxy@5db0c50)
08-03 18:40:13.388  1512  1512 V SoundTriggerService: 9f6ad62a-1f0b-11e7-87c5-40a8f03d3f15: runOp 0
08-03 18:40:13.393  1114  1588 I Lyric   : lyric_basic_capture_session.cc:37: LyricBasicCaptureSession only support logical camera
08-03 18:40:13.393  1114  1588 I Lyric   : camera_powerhal.cc:248: SetPowerStreamingMode CAMERA_STREAMING_STANDARD mode
08-03 18:40:13.393  1114  1588 I Lyric   : camera_powerhal.cc:248: SetPowerStreamingMode CAMERA_GPU_STANDARD mode
08-03 18:40:13.393  1114 27488 I Lyric   : camera_device_session_hwl_impl.cc:878: BuildPipelines entered, camera_id: 1
08-03 18:40:13.393  1114 27488 I Lyric   : active_camera_device_tracker.cc:51: Adding camera: 1, is_logical_camera: 0, is_front_camera: 1, is_1p_camera_app: 1, active devices: 0, is_tele_camera_participant: 0
08-03 18:40:13.393  1114 27488 I Lyric   : active_camera_device_tracker.cc:194: No specific graph requested, allowing lyric to select based on stream configuration.
08-03 18:40:13.393  1114 27488 I Lyric   : camera_device_session_manager_base.cc:567: Attempting to build a processing graph
08-03 18:40:13.394  1114 27488 W Lyric   : generic_graph.cc:97: Force LTMPostProcessingNode to be disabled because is not supported by current device or LTM is disabled.
08-03 18:40:13.394  1114 27488 I Lyric   : generic_graph.cc:224: Attempting to configure GenericGraph for computer vision mode: secure
08-03 18:40:13.394  1114 27488 I Lyric   : stream_info_parser.cc:138: Project11 enabled: 0
08-03 18:40:13.394  1114 27488 W Lyric   : stream_info_parser.cc:438: Camera Front unknown stream: {type: Streaminfo, stream_id: 0, camera_id: Front, format: YCBCR_420_888, width: 1600, height: 1200, usage: [Protected], stream_type: Output, use_case: Default, data_space: DataSpace(Color)::(Standard: BT601_625, Transfer: SMPTE_170M, Range: Full), is_framework_physical_stream: 0, dynamic_range_profile: Standard, intended_for_max_resolution_mode: 0, group_id: -1, is_tunable: 1} does not fall in any known use case
08-03 18:40:13.394  1114 27488 I Lyric   : stream_info_parser.cc:309: 3P ZSL does not support secured stream
08-03 18:40:13.394  1114 27488 I Lyric   : strategy_list.cc:42: Strategy List created with clock voting strategies: [MaxClockPerRailStrategy] 
08-03 18:40:13.394  1114 27488 I Lyric   :  and bandwidth voting strategies: [DefaultBandwidthVotingStrategy]
08-03 18:40:13.394  1114 27488 I Lyric   : generic_subgraph.cc:1118: The aligner on camera Front is None
08-03 18:40:13.394  1114 27488 I Lyric   : generic_subgraph.cc:1144: Roshi not supported in Front
08-03 18:40:13.394  1114 27488 I Lyric   : graph_states.cc:56: Failed to add camera id to priority map as the device doesn't support it: NOT_FOUND: Couldn't find the CameraId which has {position: front, lens_type: normal, spectrum: visible, instance: virtual}
08-03 18:40:13.394  1114 27488 I Lyric   : generic_graph.cc:463: [MULTICAM_DEBUG] Making Generic graph.
08-03 18:40:13.394  1114 27488 I Lyric   : generic_subgraph.cc:1405: Camera id 1 supports settings override.
08-03 18:40:13.394  1114 27488 I Lyric   : sensor_generic_driver.cc:1905: LESHEN GetModeIndex requirement {size = {width: 1600, height: 1200}, frame_rate_range = [30, 30], request_binning_mode = false, request_pd_stream = false, only_config_logical_cam_stream = false, camera_id = [<recursive>], require_full_fov = true, is_high_frame_rate = false, crop_margin = 0, is_sibling_camera_participating = false, sub_image_count = 1, is_face_auth = true, is_video_mode = false, is_high_resolution_mode = false, is_roshi_enabled = false, is_specific_aspect_ratio_video = false, require_exact_size = false, force_sensor_mode_index = -1, is_multi_cam_usecase = false, raw_stream_usecase = 0} required aspect ratio 1.36979 pick_transition_mode 0 require exact size 0
08-03 18:40:13.394  1114 27488 I Lyric   : sensor_generic_driver.cc:1999: LESHEN GetModeIndex requirement use_binning_mode 0
08-03 18:40:13.394  1114 27488 I Lyric   : sensor_generic_driver.cc:2006: LESHEN candidate mode index 0, size = {width: 4208, height: 3072}, pd = 0, frame rate range = [7.5, 30], is faceauth mode 0
08-03 18:40:13.394  1114 27488 I Lyric   : sensor_generic_driver.cc:2006: LESHEN candidate mode index 1, size = {width: 4208, height: 2368}, pd = 0, frame rate range = [7.5, 30], is faceauth mode 0
08-03 18:40:13.394  1114 27488 I Lyric   : sensor_generic_driver.cc:2006: LESHEN candidate mode index 2, size = {width: 2104, height: 1536}, pd = 0, frame rate range = [15, 60], is faceauth mode 0
08-03 18:40:13.394  1114 27488 I Lyric   : sensor_generic_driver.cc:2006: LESHEN candidate mode index 3, size = {width: 2104, height: 1184}, pd = 0, frame rate range = [15, 60], is faceauth mode 0
08-03 18:40:13.394  1114 27488 I Lyric   : sensor_generic_driver.cc:2006: LESHEN candidate mode index 4, size = {width: 2104, height: 1536}, pd = 0, frame rate range = [15, 30.02], is faceauth mode 1
08-03 18:40:13.394  1114 27488 I Lyric   : sensor_generic_driver.cc:2154: LESHEN Matching sensor mode found, mode index: 4
08-03 18:40:13.394  1114 27488 I Lyric   : sensor_generic_driver.cc:2334: LESHEN Mode size {width: 2104, height: 1536} FPS [15, 30.02] requested FPS [30, 30] MIPI rate 1105.92Mbps rss 14.4672ms
08-03 18:40:13.394  1114 27488 I Lyric   : sensor_generic_driver.cc:2475: dpm: camera LESHEN, line time: 9.41875us, pixel_rate_vt: 311296000, width: 2104, height: 1536, dual pd size: {width: 0, height: 0}, sparse pd size: {width: 0, height: 0}, emb height: 1, hblanking: 2062, mode.hblanking: 2062, vblanking: 1999(18.82808125ms), mode.vblanking: 1996(18.799825ms), frame lines: 3536, frame lines for required fps: 3539, line pixels: 2932, FPS: 30.02, requested FPS: 30, binning factor: {x: 2, y: 2}, analog_gain_range: [1, 16], digital_gain_range: [1, 8], mode index = 4, size = {width: 2104, height: 1536}, pd = 0, frame rate range = [15, 30.02]
08-03 18:40:13.394  1114 27488 I Lyric   : sensor_node.cc:492: sensor: CPU affinity setting: Auto
08-03 18:40:13.394  1114 27488 W Lyric   : sensor_node.cc:269:  Failed to get pdaf calibration data
08-03 18:40:13.394  1114 27488 I Lyric   : generic_subgraph.cc:1775: minimum pipeline delay: 3, is_portrait_mode: 0 pipeline delay: 3
08-03 18:40:13.394  1114 27488 I Lyric   : generic_subgraph.cc:1789: positive_offsets_enabled: DISABLED
08-03 18:40:13.394  1114 27488 I Lyric   : generic_subgraph.cc:1793: hal_touch_roi_tracking_enabled: ENABLED
08-03 18:40:13.394  1114 27488 I Lyric   : generic_subgraph.cc:1891: enable_eis_blur_refinement_mask_data_flow=0 camera=1
08-03 18:40:13.394  1114 27488 I Lyric   : generic_subgraph.cc:2628: Attempt to obtain pd dma output format from sensor mode
08-03 18:40:13.394  1114 27488 I Lyric   : zuma_isp_subgraph.cc:834: DSNR is disabled and Skin Texture is disabled in Lyric for camera Front
08-03 18:40:13.394  1114 27488 I Lyric   : zuma_isp_subgraph.cc:498: all backend pipelines for nodes: 
08-03 18:40:13.394  1114 27488 I Lyric   : zuma_isp_subgraph.cc:499: scaled_streams_raw_to_yuv: Pipeline (ID: (instance_id: 1732), IPs: [ RawToYuv ], Max Outputs: 1, IPConnections: [ ], Usecase: Realtime)
08-03 18:40:13.394  1114 27488 I Lyric   : zuma_isp_subgraph.cc:502: raw_to_yuv_for_snapshot_exceeding_video: Pipeline (ID: (instance_id: 1733), IPs: [ RawToYuv ], Max Outputs: 1, IPConnections: [ ], Usecase: Snapshot)
08-03 18:40:13.394  1114 27488 I Lyric   : zuma_isp_subgraph.cc:505: tnr_merge: Pipeline (ID: (instance_id: 1734), IPs: [ TnrMerge ], Max Outputs: 1, IPConnections: [ ], Usecase: Realtime)
08-03 18:40:13.394  1114 27488 I Lyric   : zuma_isp_subgraph.cc:507: preview_mesh_warp: Pipeline (ID: (instance_id: 1735), IPs: [ MeshWarp ], Max Outputs: 1, IPConnections: [ ], Usecase: Realtime)
08-03 18:40:13.394  1114 27488 I Lyric   : zuma_isp_subgraph.cc:509: video_mesh_warp: Pipeline (ID: (instance_id: 1736), IPs: [ MeshWarp ], Max Outputs: 1, IPConnections: [ ], Usecase: Video)
08-03 18:40:13.394  1114 27488 I Lyric   : zuma_isp_subgraph.cc:511: mesh_warp_for_snapshot_exceeding_video: Pipeline (ID: (instance_id: 1737), IPs: [ MeshWarp ], Max Outputs: 1, IPConnections: [ ], Usecase: Snapshot)
08-03 18:40:13.394  1114 27488 I Lyric   : zuma_isp_subgraph.cc:514: pipeline_info_for_dsnr_snapshot_mesh_warp: Pipeline (ID: (instance_id: 1738), IPs: [ MeshWarp ], Max Outputs: 1, IPConnections: [ ], Usecase: Snapshot)
08-03 18:40:13.394  1114 27488 I Lyric   : zuma_isp_subgraph.cc:517: post_itsc_scaler: Pipeline (ID: (instance_id: 1739), IPs: [ Scaler ], Max Outputs: 0, IPConnections: [ ], Usecase: PostItsc)
08-03 18:40:13.394  1114 27488 I Lyric   : zuma_isp_subgraph.cc:519: preview_scaler: Pipeline (ID: (instance_id: 1740), IPs: [ Scaler ], Max Outputs: 0, IPConnections: [ ], Usecase: Realtime)
08-03 18:40:13.394  1114 27488 I Lyric   : zuma_isp_subgraph.cc:521: video_scaler: Pipeline (ID: (instance_id: 1741), IPs: [ Scaler ], Max Outputs: 0, IPConnections: [ ], Usecase: Video)
08-03 18:40:13.394  1114 27488 I Lyric   : zuma_isp_subgraph.cc:523: scaler_for_snapshot_exceeding_video: Pipeline (ID: (instance_id: 1742), IPs: [ Scaler ], Max Outputs: 0, IPConnections: [ ], Usecase: Snapshot)
08-03 18:40:13.394  1114 27488 I Lyric   : zuma_isp_subgraph.cc:526: recomp_scaler: Pipeline (ID: (instance_id: 1743), IPs: [ Scaler ], Max Outputs: 0, IPConnections: [ ], Usecase: Recomposition)
08-03 18:40:13.394  1114 27488 I Lyric   : zuma_isp_subgraph.cc:528: pipeline_info_for_dsnr_snapshot_scaler: Pipeline (ID: (instance_id: 1744), IPs: [ Scaler ], Max Outputs: 0, IPConnections: [ ], Usecase: Snapshot)
08-03 18:40:13.394  1114 27488 I Lyric   : zuma_isp_subgraph.cc:532: pipeline_info_for_throttled_scaled_streams_raw_to_yuv: Pipeline (ID: (instance_id: 1745), IPs: [ RawToYuv ], Max Outputs: 1, IPConnections: [ ], Usecase: Realtime)
08-03 18:40:13.394  1114 27488 I Lyric   : zuma_isp_subgraph.cc:535: pipeline_info_for_throttled_recomposition_scaler: Pipeline (ID: (instance_id: 1746), IPs: [ Scaler ], Max Outputs: 0, IPConnections: [ ], Usecase: Recomposition)
08-03 18:40:13.394  1114 27488 I Lyric   : zuma_isp_subgraph.cc:538: pipeline_info_for_throttled_preview_scaler: Pipeline (ID: (instance_id: 1747), IPs: [ Scaler ], Max Outputs: 0, IPConnections: [ ], Usecase: Realtime)
08-03 18:40:13.394  1114 27488 I Lyric   : zuma_like_isp_front_end_subgraph.cc:175: FrontEndNode PoolAllocator(raw_allocator) took 9.196us to initialize
08-03 18:40:13.394  1114 27488 I Lyric   : fe_node.cc:633: frontend enabling setting_effective_frame_override output
08-03 18:40:13.394  1114 27488 I Lyric   : fe_node.cc:2841: frontendLMP DDS crop enabled: false, debug property value: false, AutoCal crop enabled: false, YUV to framework enabled: false
08-03 18:40:13.395  1114 27488 I Lyric   : whi_like_isp_back_end_core_subgraph.cc:821: RawToYuvNode is configured to output consumer type 3 fmt: HalImageFormat{ pixel_format = YCBCR_420_888, stride_alignment = 16, num_buffers = 1 } for Front
08-03 18:40:13.395  1114 27488 I Lyric   : whi_like_isp_back_end_core_subgraph.cc:921: RawToYuvNode for snapshot exceeding video is configured to output consumer type 2 fmt: HalImageFormat{ pixel_format = YCBCR_420_SPN_10B, stride_alignment = 64, num_buffers = 1 } for Front
08-03 18:40:13.395  1114 27488 I Lyric   : whi_like_isp_back_end_core_subgraph.cc:1744: Align map output not enabled!
08-03 18:40:13.395  1114 27488 I Lyric   : camera_device_session_manager_base.cc:1412: Stream 0 limited to 7 inflight requests
08-03 18:40:13.395  1114 27488 I Lyric   : camera_device_session_manager_base.cc:1422: Front frontend limited to 3 inflight requests
08-03 18:40:13.395  1114 27488 I Lyric   : generic_subgraph.cc:3018: camera_id = 1; is_front_camera = 1; is_1p_camera_app = 1; video_call = 0
08-03 18:40:13.395  1114 27488 I Lyric   : auto_exposure_node.cc:633: ae: CPU affinity setting: Medium Core
08-03 18:40:13.395  1114 27488 I Lyric   : whi_like_isp_back_end_core_subgraph.cc:189: RawToYuvNode(Front) output size: {width: 1600, height: 1200}
08-03 18:40:13.395  1114 27488 I Lyric   : camera_device_session_manager_base.cc:580: Successfully constructed graph: top_graph_for_camera_Front, graph class: GenericGraph, graph_configuration:
08-03 18:40:13.395  1114 27488 I Lyric   : graph_configuration.cc:378: {type: Streaminfo, stream_id: 0, camera_id: Front, format: YCBCR_420_888, width: 1600, height: 1200, usage: [Protected], stream_type: Output, use_case: Default, data_space: DataSpace(Color)::(Standard: BT601_625, Transfer: SMPTE_170M, Range: Full), is_framework_physical_stream: 0, dynamic_range_profile: Standard, intended_for_max_resolution_mode: 0, group_id: -1, is_tunable: 1}
08-03 18:40:13.395  1114 27488 I Lyric   : graph_configuration.cc:381: {type: StreamConfigurationMode, Front: Normal}
08-03 18:40:13.396  1114 27488 I Lyric   : camera_performance_analyzer.cc:21: [CPA] CPA-Lite is enabled.
08-03 18:40:13.396  1114 27488 I Lyric   : graph_runner_deferring_work_queue.cc:120: GraphRunner: Using GraphRunnerDeferringWorkQueue
08-03 18:40:13.396  1114 27488 I Lyric   : graph_runner_deferring_work_queue.cc:122: Thread pool config , Input Priority: High, affinity: Auto, process group: CameraServicePerformance, # of threads: 4
08-03 18:40:13.396  1114 27488 I Lyric   : graph_runner_deferring_work_queue.cc:122: Thread pool config , Input Priority: Realtime, affinity: Auto, process group: CameraServicePerformance, # of threads: 6
08-03 18:40:13.396  1114 27488 I Lyric   : graph_runner_deferring_work_queue.cc:122: Thread pool config , Input Priority: Normal, affinity: Auto, process group: CameraServicePerformance, # of threads: 3
08-03 18:40:13.396  1114 27488 I Lyric   : thread_pool.h:192: ThreadPool: SessionPool resized to 14 active threads, and 0 inactive ones.
08-03 18:40:13.396  1114 27488 I Lyric   : camera_device_session_manager_base.cc:654: CameraMode: 12
08-03 18:40:13.396  1114 27488 I Lyric   : camera_device_session_manager_base.cc:878: Attempting to start graph:top_graph_for_camera_Front
08-03 18:40:13.396  1114 27488 I Lyric   : camera_device_session_manager_base.cc:882: Successfully started graph:top_graph_for_camera_Front
08-03 18:40:13.396  1114  1593 I Lyric   : sensor_node.cc:499: SensorNode starting for sensor: LESHEN, camera: Front
08-03 18:40:13.396  1114  1593 W Lyric   : fe_node.cc:779: frontend Failed to get pdaf calibration data
08-03 18:40:13.396  1114 27508 I Lyric   : binder_sensor_vsync_reader.cc:25: Created BinderSensorVsyncReader, cam_vsync_id: 1
08-03 18:40:13.396  1114  1593 I Lyric   : fe_node.cc:2841: frontendLMP DDS crop enabled: false, debug property value: false, AutoCal crop enabled: false, YUV to framework enabled: false
08-03 18:40:13.396  1114  1593 I Lyric   : per_camera_barrier_impl.cc:47: Blocker for FeControllerBlockCam1ToStartExp0#0 acquired
08-03 18:40:13.396  1114  1593 I Lyric   : unified_zuma_front_end_controller.cc:1075: [CAM1] Ready to acquire driver context for sensor LESHEN, mode_index 4, csi-ch 6, at (4208x3072). With a normal lens at front position.
08-03 18:40:13.396  1114  1593 I Lyric   : zuma_fe_driver.cc:910: Power Context acquired in FE driver.
08-03 18:40:13.396  1114  1593 I Lyric   : zuma_fe_driver.cc:1132: [ISPFE] Enabling the device
08-03 18:40:13.398  1114  1593 I Lyric   : zuma_fe_resetter.cc:146: FrontEnd: SW Reset begins.
08-03 18:40:13.399  1114  1593 I Lyric   : zuma_fe_resetter.cc:157: FrontEnd: SW Reset done: rstctl_status = 0x0
08-03 18:40:13.399  1114  1593 I Lyric   : zuma_lmp_driver.cc:382: Configuring global system CSRs
08-03 18:40:13.399  1114  1593 I Lyric   : zuma_csis_core_driver.cc:198: CSIS Core: ebuf_free_byte_size: 0x75800, ebuf_fifo_intf0_ctl0: 0x967b5c2e
08-03 18:40:13.400  1114  1588 I Lyric   : camera_powerhal.cc:173: SetPowerBoost Trigger CAMERA_LAUNCH_EXTENDED for 2000ms
08-03 18:40:13.400  1114  1588 I Lyric   : retiming_node.cc:1313: ******** dpm: retiming change DPM mode from -1 to 0, is virtual transition: 0, framework request id 0, frame number: 0
08-03 18:40:13.401  1114  1596 I Lyric   : rgbp_driver.cc:449: Ip version: 0x1050001
08-03 18:40:13.401  1114  1596 I Lyric   : mcfp_driver.cc:804: Ip version: 0x10050000
08-03 18:40:13.401  1114  1596 I Lyric   : yuvp_driver.cc:529: Ip version: 0x1050001
08-03 18:40:13.401  1114  1596 I Lyric   : zuma_be_core_driver_impl.cc:542: Successfully powered up BeCore block.
08-03 18:40:13.401  1512  2152 V Biometrics/AcquisitionClient: Acquired: 24 0, shouldSend: false
08-03 18:40:13.401  1512  2152 W FaceManager: Unknown authentication acquired message: 24, 0
08-03 18:40:13.403  1114  1596 I Lyric   : zuma_secure_operation_controller.cc:71: ZumaSecureOperationController: Requested secure session for zuma-mcfp
08-03 18:40:13.403  1114  1596 I Lyric   : zuma_secure_operation_controller.cc:71: ZumaSecureOperationController: Requested secure session for zuma-rgbp
08-03 18:40:13.404  1114  1593 I G3ACoordinator: awb_session_config_parser_lyric.cc:245: sensor_mode ptr [0xb40000757b6e8dd0], sobek_enabled [false], post_process [0]
08-03 18:40:13.404  1114  1593 I G3ACoordinator: awb_session_config_parser_lyric.cc:285: Map sensor mode property: sobek_enabled [false], hdr_mode [0]
08-03 18:40:13.404  1114  1593 I G3ACoordinator: awb_session_config_parser_lyric.cc:210: Map sensor name [LESHEN] binning_factor [2 2] mode_index [4] to GCam sensor ID [1]
08-03 18:40:13.404  1114  1593 I G3ACoordinator: awb_session_config_parser_lyric.cc:145: Fail to read calibration data for camera[front normal]]. Use the default LED decision in tuning!
08-03 18:40:13.404  1114  1593 I G3ACoordinator: awb_engine.cc:423: Use lut file ghawb_para_lut_front_normal.binarypb
08-03 18:40:13.404  1114  1593 I G3ACoordinator: awb_engine.cc:476: Camera 1 Initial decision [1.9170946 1 1.558135] CCT [5178] CCM [1.6643 -0.6798 0.0155, -0.2979 1.4873 -0.1894, -0.0217 -0.5896 1.6113, 0 0 0, 1->1]
08-03 18:40:13.405  1114  1596 I Lyric   : zuma_secure_operation_controller.cc:71: ZumaSecureOperationController: Requested secure session for zuma-yuvp
08-03 18:40:13.411     0     0 I trusty  : gxp_device_impl: 423: Loaded GXP library:
08-03 18:40:13.411     0     0 I trusty  : gxp_device_impl: 425:  - Name: tuscany_dsp_lib
08-03 18:40:13.411     0     0 I trusty  : gxp_device_impl: 426:  - Functions: ExtractThumbnailKernel,Yuv2RgbKernel
08-03 18:40:13.411     0     0 I trusty  : logging.cc: 75: ***: :100: Creating dsp pal.
08-03 18:40:13.405  1114  1596 I Lyric   : raw_to_yuv_node.cc:754: Starting node raw_to_yuv with Pipeline (ID: (instance_id: 1732), IPs: [ RawToYuv ], Max Outputs: 1, IPConnections: [ ], Usecase: Realtime) on camera 1
08-03 18:40:13.405  1114  1596 I G3ACoordinator: ae_session_config_parser_lyric.cc:178: ispfe_raw_input_resolution [width:2104, height:1536]
08-03 18:40:13.405  1114  1596 I G3ACoordinator: ae_session_config_parser_lyric.cc:231: Map sensor mode property: sobek_enabled = false, g3a_session_info.hdr_mode = 0, sensor_mode_property 0
08-03 18:40:13.405  1114  1593 W G3ACoordinator: awb_engine.cc:520: Failed to register data types in data manager.
08-03 18:40:13.405  1114  1596 I G3ACoordinator: ae_session_config_parser_lyric.cc:243: Map sensor name [LESHEN], binning_factor [2, 2] and mode_index [4] to GCam sensor ID [1]
08-03 18:40:13.405  1114  1593 I G3ACoordinator: awb_engine.cc:523: [2, 1] AwbEngine_2_1 initialized
08-03 18:40:13.405  1114  1593 I Lyric   : motion_sensor_controller_proxy.cc:438: MotionSensor context requests resource change to normal.
08-03 18:40:13.405  1114  1596 I G3ACoordinator: ae_engine.cc:284: session_type 2
08-03 18:40:13.405  1114  1596 I G3ACoordinator: ae_engine.cc:305: Creating new Gabc instance
08-03 18:40:13.406  1114 27491 W Lyric   : three_a_request_node.cc:124: 47 calls in 357 sec(s): ThreeARequestNode: Error getting  metadata entry [ANDROID_CONTROL_AF_REGIONS]: INVALID_ARGUMENT: Metadata doesn't have the entry for ANDROID_CONTROL_AF_REGIONS
08-03 18:40:13.406  1114 27491 I Lyric   : three_a_request_node.cc:634: three_a_request: updating 3A max FPS to 30
