08-03 18:34:18.014  1114 25198 I Lyric   : retiming_node.cc:547: retiming Reporting image frame drop to framework for stream id: 0, request id: 43
08-03 18:34:18.014  1114 25196 I Lyric   : fe_node.cc:1578: frontend Finished processing an incomplete_request at frame 46 when flush_mark is at frame -1 power mode is Normal
08-03 18:34:18.014  1114 25202 I Lyric   : sensor_node.cc:619: Missing sensor results for frame 46
08-03 18:34:18.014  1114 25196 I Lyric   : camera_device_session_manager_base.cc:1064: Reporting metadata frame drop for camera: Front, request id: 43, partial result count: 2
08-03 18:34:18.014  1114 25198 I Lyric   : retiming_node.cc:547: retiming Reporting image frame drop to framework for stream id: 0, request id: 44
08-03 18:34:18.015  1114 25202 W Lyric   : mesh_warp_node.cc:453: preview_mesh_warp Request frame is drop, drop all output for frame 45
08-03 18:34:18.015  1114 25198 I Lyric   : retiming_node.cc:547: retiming Reporting image frame drop to framework for stream id: 0, request id: 45
08-03 18:34:18.015  1114 25196 I Lyric   : camera_device_session_manager_base.cc:1064: Reporting metadata frame drop for camera: Front, request id: 44, partial result count: 2
08-03 18:34:18.015  1114 25216 W Lyric   : face_detection_node.cc:620: 2 calls in 297 sec(s): Face Detection: producing frame drops due to request frame drop
08-03 18:34:18.015  1114 25198 W Lyric   : tnr_merge_node.cc:557: TnrMergeNode producing frame drops from context 0xb4000074fb67f9c8 starting at frame number: 46 due to error: FAILED_PRECONDITION: Cannot correctly sharpen TNR image without GTM when tone mapping is supposed to be available.; TNR merge failed to get tuning data in context 0xb4000074fb67f9c8
08-03 18:34:18.015  1114 25202 I Lyric   : camera_device_session_manager_base.cc:1064: Reporting metadata frame drop for camera: Front, request id: 45, partial result count: 2
08-03 18:34:18.015  1114 25196 W Lyric   : mesh_warp_node.cc:453: preview_mesh_warp Request frame is drop, drop all output for frame 46
08-03 18:34:18.015  1114 25198 I Lyric   : retiming_node.cc:547: retiming Reporting image frame drop to framework for stream id: 0, request id: 46
08-03 18:34:18.015  1114 25202 I Lyric   : camera_device_session_manager_base.cc:1064: Reporting metadata frame drop for camera: Front, request id: 46, partial result count: 2
08-03 18:34:18.016  1114  1949 I Lyric   : fe_node.cc:1002: frontend flush at flush_mark 46 output frame stats (ignores fence-signaled drops): {process_input_count = 0, dropped_all_outputs = 0, valid_ae = 0, valid_pre_lsc_ae = 0, valid_uae = 0, valid_awb = 0, valid_histogram = 0, valid_flicker = 0, valid_motion = 0, valid_cdaf = 0, valid_pdaf = 0, valid_align = 0, valid_alias_map = 0, valid_gaussian_pyramid = 0, valid_scaled_rgb_stats = 0, valid_scaled_yuv_stats = 0, valid_lsc = 0, valid_bilateral_grid = 0, valid_scaled_rgb = 0, valid_scaled_yuv = 0, valid_cam_data_dump = 0, valid_pixel_patch = 0}
08-03 18:34:18.016  1114  1949 I Lyric   : unified_zuma_front_end_controller.cc:392: [CAM1] Flushing at Normal mode
08-03 18:34:18.016  1114  1949 I Lyric   : per_camera_barrier_impl.cc:47: Blocker for FeControllerBlockCam1ToStop#1ForFlush acquired
08-03 18:34:18.016  1114  1949 I Lyric   : inflight_config_queue.cc:152: [CAM1][ISPFE] Flushing 1 pending configs. Queue: last completed: (frame num: 45, id: 443) pending: (frame num: 46, id: 444), 
08-03 18:34:18.016  1114  1949 I Lyric   : fe_programming_async.cc:347: [CAM1][ISPFE] Rewinding PDMA write pointer to end of frame 45 commands. Write pointer: 720
08-03 18:34:18.016  1114  1949 I Lyric   : frame_images_queue_handler.cc:140: [CAM1] Bayer[0] Canceled sensor frames 46 Flushed [CAM1] Bayer[0] frame
08-03 18:34:18.016  1114  1949 I Lyric   : lmp_pipeline.cc:593: [Bayer3][CAM1] Removed obsolete lmp frame (not frame 44) (not frame 45) 46
08-03 18:34:18.016  1114  1949 I Lyric   : zuma_lmp_context.cc:117: Flushing Lmp context bayer
08-03 18:34:18.016  1114  1949 I Lyric   : lmp_pipeline.cc:502: [Bayer3][CAM1] Drain(timeout=226.8947965ms) entered. Number of frames in the queue is 2
08-03 18:34:18.016  1114  1949 I Lyric   : lmp_pipeline.cc:519: [Bayer3][CAM1] Waiting for pipeline to drain. There are 2 pending transactions for frames: sensor frame numbers: [44 45], abs frame numbers: [43 44]
08-03 18:34:18.049  1512  1747 V DisplayPowerController[0]: Brightness [0.05] reason changing to: 'manual [ dim ]', previous reason: 'manual'.
08-03 18:34:18.049  1512  1747 I DisplayPowerController[0]: BrightnessEvent: brt=0.05 (47.0%), nits= 91.35098, lux=-1.0, reason=manual [ dim ], strat=FallbackBrightnessStrategy, state=ON, stateReason=DEFAULT_POLICY, policy=DIM, flags=, initBrt=0.19630218, rcmdBrt=NaN, preBrt=NaN, preLux=0.0, wasShortTermModelActive=false, autoBrightness=false (default), unclampedBrt=0.19630218, hbmMax=0.67, hbmMode=off, thrmMax=1.0, rbcStrength=35, powerFactor=1.0, physDisp=Built-in Screen(local:4619827612623940864), logicalId=0
08-03 18:34:18.054  1114  1653 I Lyric   : fe_programming_async_event_handler.cc:99: [FEIRQ] Received event IspFe.fe_programming.Context0SubmitProgrammingError. Count: 1. Timestamp: 2620589246483 ns.
08-03 18:34:18.070  1114  1949 I Lyric   : lmp_pipeline.cc:531: [Bayer3][CAM1] Pipeline drained.
08-03 18:34:18.070  1114  1949 I Lyric   : zuma_lmp_context.cc:120: Done flushing Lmp context bayer
08-03 18:34:18.070  1114  1949 I Lyric   : zuma_csis_core_context.cc:996: [CAM1] Waiting for 0 bayer[0] images: none for 33ms
08-03 18:34:18.070  1114  1949 I Lyric   : zuma_csis_core_context.cc:1005: [CAM1] Flush is done
08-03 18:34:18.070  1114  1949 I Lyric   : unified_zuma_front_end_controller.cc:541: [CAM1] Sensor isn't waiting on the barrier, skip re-acquiring the blocker
08-03 18:34:18.070  1114  1949 I Lyric   : unified_zuma_front_end_controller.cc:462: [CAM1] Flushed.
08-03 18:34:18.070  1114  1949 I Lyric   : per_camera_barrier_impl.cc:58: Blocker for FeControllerBlockCam1ToStop#1ForFlush released with status: OK without lwis fence.
08-03 18:34:18.070  1114  1949 I Lyric   : unified_zuma_front_end_controller.cc:498: [CAM1] Sensor isn't waiting on the barrier, skip re-acquiring the blocker
08-03 18:34:18.070  1114  1949 I Lyric   : zuma_backend_pipeline_context.cc:1936: Flushing backend pipeline Pipeline (ID: (instance_id: 1514), IPs: [ RawToYuv TnrMerge ], Max Outputs: 1, IPConnections: [ {producer: RawToYuv, consumer: TnrMerge, connection_type: votf}, ], Usecase: Realtime) took 13 us, with flush HW = false
08-03 18:34:18.070  1114  1949 I Lyric   : zuma_backend_pipeline_context.cc:1936: Flushing backend pipeline Pipeline (ID: (instance_id: 1511), IPs: [ RawToYuv ], Max Outputs: 1, IPConnections: [ ], Usecase: Realtime) took 2 us, with flush HW = false
08-03 18:34:18.070  1114  1949 I Lyric   : zuma_backend_pipeline_context.cc:1936: Flushing backend pipeline Pipeline (ID: (instance_id: 1514), IPs: [ RawToYuv TnrMerge ], Max Outputs: 1, IPConnections: [ {producer: RawToYuv, consumer: TnrMerge, connection_type: votf}, ], Usecase: Realtime) took 1 us, with flush HW = false
08-03 18:34:18.070  1114  1949 I Lyric   : zuma_backend_pipeline_context.cc:1936: Flushing backend pipeline Pipeline (ID: (instance_id: 1515), IPs: [ MeshWarp Scaler ], Max Outputs: 1, IPConnections: [ {producer: MeshWarp, consumer: Scaler, connection_type: votf}, ], Usecase: Realtime) took 3 us, with flush HW = false
08-03 18:34:18.070  1114  1949 I Lyric   : zuma_backend_pipeline_context.cc:1936: Flushing backend pipeline Pipeline (ID: (instance_id: 1515), IPs: [ MeshWarp Scaler ], Max Outputs: 1, IPConnections: [ {producer: MeshWarp, consumer: Scaler, connection_type: votf}, ], Usecase: Realtime) took 1 us, with flush HW = false
08-03 18:34:18.070  1114  1949 I Lyric   : auto_exposure_node.cc:1079: {type: Node, name: top_graph_for_camera_Front.ae, class_name: AutoExposureNode}: AE input statistics: {process_input_count = 47, dropped_requests = 1, stats_not_ready_count = 0, motion_stats_not_ready_count = 0, segmentation_mask_not_ready_count = 0, stage_detection_result_not_ready_count = 0, saliency_data_not_ready_count = 0, valid_flash_state = 0, valid_exposure_timestamp = 43, valid_sensor_properties = 43, valid_motion_stats = 0, valid_wb_config = 45, valid_color_correction = 45}
08-03 18:34:18.070  1114  1949 I Lyric   : camera_device_session_manager_base.cc:1242: Finished flushing graph:top_graph_for_camera_Front
08-03 18:34:18.072  1114  1949 I Lyric   : camera_device_session_hwl_impl.cc:1015: DestroyPipelines entered, camera_id: 1
08-03 18:34:18.072  1114  1949 I Lyric   : camera_powerhal.cc:286: CAMERA_GPU_STANDARD mode unset
08-03 18:34:18.072  1114  1949 I Lyric   : camera_powerhal.cc:286: CAMERA_STREAMING_VIDEO_CALL mode unset
08-03 18:34:18.072  1114  1593 I Lyric   : page_release_controller.cc:152: Reenabling page releasing.
08-03 18:34:18.072  1114  1949 I Lyric   : camera_device_session_manager_base.cc:929: Attempting to stop graph:top_graph_for_camera_Front
08-03 18:34:18.073  1114  1949 I Lyric   : fe_node.cc:1002: frontend flush at flush_mark 9223372036854774807 output frame stats (ignores fence-signaled drops): {process_input_count = 0, dropped_all_outputs = 0, valid_ae = 0, valid_pre_lsc_ae = 0, valid_uae = 0, valid_awb = 0, valid_histogram = 0, valid_flicker = 0, valid_motion = 0, valid_cdaf = 0, valid_pdaf = 0, valid_align = 0, valid_alias_map = 0, valid_gaussian_pyramid = 0, valid_scaled_rgb_stats = 0, valid_scaled_yuv_stats = 0, valid_lsc = 0, valid_bilateral_grid = 0, valid_scaled_rgb = 0, valid_scaled_yuv = 0, valid_cam_data_dump = 0, valid_pixel_patch = 0}
08-03 18:34:18.073  1114  1949 I Lyric   : unified_zuma_front_end_controller.cc:392: [CAM1] Flushing at Normal mode
08-03 18:34:18.073  1114  1949 I Lyric   : per_camera_barrier_impl.cc:47: Blocker for FeControllerBlockCam1ToStop#2ForFlush acquired
08-03 18:34:18.073  1114  1949 I Lyric   : fe_programming_async.cc:325: [CAM1][ISPFE] No inflight frame configs to flush
08-03 18:34:18.073  1114  1949 I Lyric   : frame_images_queue_handler.cc:140: [CAM1] Bayer[0] Flushed [CAM1] Bayer[0] frame
08-03 18:34:18.073  1114  1949 I Lyric   : lmp_pipeline.cc:593: [Bayer3][CAM1] Removed obsolete lmp frame
08-03 18:34:18.073  1114  1949 I Lyric   : zuma_lmp_context.cc:117: Flushing Lmp context bayer
08-03 18:34:18.073  1114  1949 I Lyric   : lmp_pipeline.cc:502: [Bayer3][CAM1] Drain(timeout=100ms) entered. Number of frames in the queue is 0
08-03 18:34:18.073  1114  1949 I Lyric   : lmp_pipeline.cc:506: [Bayer3][CAM1] Pipeline drained.
08-03 18:34:18.073  1114  1949 I Lyric   : zuma_lmp_context.cc:120: Done flushing Lmp context bayer
08-03 18:34:18.073  1114  1949 I Lyric   : zuma_csis_core_context.cc:996: [CAM1] Waiting for 0 bayer[0] images: none for 33ms
08-03 18:34:18.073  1114  1949 I Lyric   : zuma_csis_core_context.cc:1005: [CAM1] Flush is done
08-03 18:34:18.073  1114  1949 I Lyric   : unified_zuma_front_end_controller.cc:541: [CAM1] Sensor isn't waiting on the barrier, skip re-acquiring the blocker
08-03 18:34:18.073  1114  1949 I Lyric   : unified_zuma_front_end_controller.cc:462: [CAM1] Flushed.
08-03 18:34:18.073  1114  1949 I Lyric   : per_camera_barrier_impl.cc:58: Blocker for FeControllerBlockCam1ToStop#2ForFlush released with status: OK without lwis fence.
08-03 18:34:18.073  1114  1949 I Lyric   : unified_zuma_front_end_controller.cc:498: [CAM1] Sensor isn't waiting on the barrier, skip re-acquiring the blocker
08-03 18:34:18.073  1114  1949 I Lyric   : zuma_backend_pipeline_context.cc:1936: Flushing backend pipeline Pipeline (ID: (instance_id: 1514), IPs: [ RawToYuv TnrMerge ], Max Outputs: 1, IPConnections: [ {producer: RawToYuv, consumer: TnrMerge, connection_type: votf}, ], Usecase: Realtime) took 10 us, with flush HW = false
08-03 18:34:18.073  1114  1949 I Lyric   : zuma_backend_pipeline_context.cc:1936: Flushing backend pipeline Pipeline (ID: (instance_id: 1511), IPs: [ RawToYuv ], Max Outputs: 1, IPConnections: [ ], Usecase: Realtime) took 2 us, with flush HW = false
08-03 18:34:18.073  1114  1949 I Lyric   : zuma_backend_pipeline_context.cc:1936: Flushing backend pipeline Pipeline (ID: (instance_id: 1514), IPs: [ RawToYuv TnrMerge ], Max Outputs: 1, IPConnections: [ {producer: RawToYuv, consumer: TnrMerge, connection_type: votf}, ], Usecase: Realtime) took 1 us, with flush HW = false
08-03 18:34:18.073  1114  1949 I Lyric   : zuma_backend_pipeline_context.cc:1936: Flushing backend pipeline Pipeline (ID: (instance_id: 1515), IPs: [ MeshWarp Scaler ], Max Outputs: 1, IPConnections: [ {producer: MeshWarp, consumer: Scaler, connection_type: votf}, ], Usecase: Realtime) took 3 us, with flush HW = false
08-03 18:34:18.073  1114  1949 I Lyric   : zuma_backend_pipeline_context.cc:1936: Flushing backend pipeline Pipeline (ID: (instance_id: 1515), IPs: [ MeshWarp Scaler ], Max Outputs: 1, IPConnections: [ {producer: MeshWarp, consumer: Scaler, connection_type: votf}, ], Usecase: Realtime) took 1 us, with flush HW = false
08-03 18:34:18.074  1114  1594 I Lyric   : multisensor_controller.cc:927: Front StopStreaming, waiting on barrier
08-03 18:34:18.074  1114  1593 I Lyric   : face_detection_engine_face_ssd.cc:260: Face Detection: ~FaceDetectionEngineFaceSsd::delete ensemble detector takes 122ns
08-03 18:34:18.074  1114  1593 I Lyric   : unified_zuma_front_end_controller.cc:729: [CAM1] Updating power mode from Normal to Standby with incomplete_request on frame -1
08-03 18:34:18.074  1114  1593 I Lyric   : zuma_lmp_context.cc:103: Lmp context bayer go to standby mode at hw frame 46
08-03 18:34:18.074  1114  1593 I Lyric   : lmp_pipeline.cc:502: [Bayer3][CAM1] Drain(timeout=100ms) entered. Number of frames in the queue is 0
08-03 18:34:18.074  1114  1593 I Lyric   : lmp_pipeline.cc:506: [Bayer3][CAM1] Pipeline drained.
08-03 18:34:18.074  1114  1593 I Lyric   : zuma_lmp_context.cc:109: LMP context bayer is done waiting for frame for standby mode
08-03 18:34:18.074  1114  1593 I Lyric   : zuma_csis_core_context.cc:996: [CAM1] Waiting for 0 bayer[0] images: none for 33ms
08-03 18:34:18.074  1114  1593 I Lyric   : zuma_csis_core_context.cc:1005: [CAM1] Flush is done
08-03 18:34:18.074  1114  1593 I Lyric   : per_camera_barrier_impl.cc:47: Blocker for FeControllerBlockCam1ToStartExp0#1 acquired
08-03 18:34:18.074  1114  1593 I Lyric   : per_camera_barrier_impl.cc:58: Blocker for FeControllerBlockCam1ToStop#0 released with status: OK without lwis fence.
08-03 18:34:18.075  1114  1596 I Lyric   : zuma_backend_pipeline_context.cc:1936: Flushing backend pipeline Pipeline (ID: (instance_id: 1511), IPs: [ RawToYuv ], Max Outputs: 1, IPConnections: [ ], Usecase: Realtime) took 6 us, with flush HW = false
08-03 18:34:18.076  1114 25225 I Lyric   : sensor_generic_driver.cc:1122: LESHEN stream off success.
08-03 18:34:18.076  1114  1596 I Lyric   : zuma_be_core_driver_impl.cc:434: BeCore: receives context release notification
08-03 18:34:18.076  1114  1594 I Lyric   : sensor_generic_driver.cc:1208:  event thread stopped.
08-03 18:34:18.076  1114  1594 I Lyric   : sensor_generic_driver.cc:1601: LESHEN sensor frame drop rate at stream off: 0%. drop rate for hw sync: 0%
08-03 18:34:18.076  1114  1594 I Lyric   : sensor_generic_driver.cc:1637: LESHEN stream off, size: {width: 2104, height: 1536}, frame rate range: [15, 60]
08-03 18:34:18.076  1114  1594 I Lyric   : per_camera_barrier_impl.cc:58: Blocker for MultiSensorController_Stop released with status: OK without lwis fence.
08-03 18:34:18.077  1114  1593 I Lyric   : zuma_fe_driver.cc:1316: [ISPFE] Cleaning up the sub-driver contexts
08-03 18:34:18.077  1114  1594 I Lyric   : dpm_bandwidth_controller_v2.cc:952: Update minimum MIF clock to 0 number of active sensor: 0
08-03 18:34:18.077  1114  1594 I Lyric   : dpm_bandwidth_controller_v2.cc:1008: Update minimum INT clock to 0 number of active sensor: 0
08-03 18:34:18.077  1114  1593 I Lyric   : zuma_csis_phy_link_context.cc:1104: Zuma CsisPhyLinkContext_6 disabled
08-03 18:34:18.077  1114  1594 I Lyric   : zuma_backend_pipeline_context.cc:1936: Flushing backend pipeline Pipeline (ID: (instance_id: 1514), IPs: [ RawToYuv TnrMerge ], Max Outputs: 1, IPConnections: [ {producer: RawToYuv, consumer: TnrMerge, connection_type: votf}, ], Usecase: Realtime) took 11 us, with flush HW = false
08-03 18:34:18.077  1114  1594 I Lyric   : zuma_gtnr_merge_driver.cc:240: Successfully powered down GTNR Merge device.
08-03 18:34:18.078  1114  1596 I Lyric   : dynamic_boost_manager.cc:82: Boost factor reset done
08-03 18:34:18.078  1114  1596 I Lyric   : gtnr_align_driver_context.cc:39: About to flush in ~WhiGtnrAlignDriverContext
08-03 18:34:18.078  1114  1596 I Lyric   : gtnr_align_driver_context.cc:44: Finished flushing in ~WhiGtnrAlignDriverContext
08-03 18:34:18.078  1114  1596 I Lyric   : gtnr_align_driver.cc:610: Canceling 0 pending transaction(s) in TNR align driver for safe power down.
08-03 18:34:18.078  1114  1593 I Lyric   : zuma_fc_bayer_context.cc:248: Disabling bayer context 3
08-03 18:34:18.078  1114  1593 I Lyric   : zuma_fe_driver.cc:1344: [ISPFE] Skip cleaning up the FC PDAF context.
08-03 18:34:18.078  1114  1593 I Lyric   : lmp_pipeline.cc:593: [Bayer3][CAM1] Removed obsolete lmp frame
08-03 18:34:18.078  1114  1596 I Lyric   : lwis_event_thread.cc:117: LwEv:TnrAl RemovedLwisClient(gtnr-align|TnrAl) from event thread
08-03 18:34:18.078  1114 25222 I Lyric   : lwis_event_thread.cc:292: LwEv:TnrAl event thread is ending . . .
08-03 18:34:18.079  1114  1596 I Lyric   : zuma_backend_pipeline_context.cc:1936: Flushing backend pipeline Pipeline (ID: (instance_id: 1515), IPs: [ MeshWarp Scaler ], Max Outputs: 1, IPConnections: [ {producer: MeshWarp, consumer: Scaler, connection_type: votf}, ], Usecase: Realtime) took 14 us, with flush HW = false
08-03 18:34:18.079  1114  1594 I Lyric   : zuma_be_core_driver_impl.cc:434: BeCore: receives context release notification
08-03 18:34:18.079  1114  1593 I Lyric   : zuma_fe_driver.cc:1356: [ISPFE] Skip cleaning up the LMP PDAF context.
08-03 18:34:18.079  1114  1593 I Lyric   : zuma_pdma_context.cc:163: disabling Pdma context.
08-03 18:34:18.080  1114  1593 I Lyric   : zuma_csis_core_context.cc:318: [CAM1] Destroyed Zuma CSIS Core context for sensor LESHEN with size: {width: 2104, height: 1536}
08-03 18:34:18.080  1114  1593 I Lyric   : zuma_fe_driver.cc:1369: [ISPFE] Received context release notification for camera 1
08-03 18:34:18.080  1114  1594 I Lyric   : zuma_be_core_driver_impl.cc:469: BeCore: release internal memory allocation
08-03 18:34:18.080  1114  1594 I Lyric   : zuma_be_core_driver_impl.cc:549: BeCore: power down
08-03 18:34:18.081  1114  1593 I Lyric   : zuma_fe_driver.cc:1298: ISP-FE Qos Update: clock frequency: 0, write bandwidth: 0, read bandwidth: 0
08-03 18:34:18.081  1114  1593 I Lyric   : zuma_fe_driver.cc:1389: [ISPFE] Skipping power down due to active power context
08-03 18:34:18.081  1114  1594 I Lyric   : zuma_be_core_driver_impl.cc:572: BeCore: disabling hardware
08-03 18:34:18.081  1114  1596 I Lyric   : mcsc_driver.cc:439: [CMU MCSC] pll_con0_mux(0x1d000610): 16
08-03 18:34:18.082  1114  1596 I Lyric   : dynamic_boost_manager.cc:82: Boost factor reset done
08-03 18:34:18.082  1114  1596 I Lyric   : three_a_request_node.cc:784: three_a_request: Performance statistics for this session: {process_input_count = 47, dropped_request_count = 0}
08-03 18:34:18.084  1114  1593 I Lyric   : unified_zuma_front_end_controller.cc:467: [CAM1] Received notification that graph has stopped
08-03 18:34:18.084  1114  1596 I Lyric   : motion_sensor_controller_proxy.cc:448: MotionSensor context requests resource change to standby.
08-03 18:34:18.084  1114  1820 I Lyric   : motion_sensor_controller_proxy.cc:540: Start to release all sensor readers.
08-03 18:34:18.087  1114  1820 I Lyric   : direct_channel_motion_sensor_data_streamer.cc:510: gyroscope direct channel released.
08-03 18:34:18.088  1114  1593 I Lyric   : unified_zuma_front_end_controller.cc:700: Release ZumaFeControllerContext for binding id [CAM1]
08-03 18:34:18.088  1114  1593 I Lyric   : unified_zuma_front_end_controller.cc:112: [CAM1] Context is being destroyed
08-03 18:34:18.088  1114  1593 I Lyric   : per_camera_barrier_impl.cc:58: Blocker for FeControllerBlockCam1ToStartExp0#1 released with status: OK without lwis fence.
08-03 18:34:18.088  1114  1593 I Lyric   : zuma_fe_driver.cc:905: [ISPFE] Received context release notification when releasing power_context.
08-03 18:34:18.088  1114  1593 I Lyric   : zuma_fe_driver.cc:1175: [ISPFE] Disabling the device
08-03 18:34:18.088  1114  1593 I Lyric   : lwis_event_thread.cc:117: LwEv:IspFeEvent RemovedLwisClient(isp-fe|FePhyLink) from event thread
08-03 18:34:18.089  1114  1594 I Lyric   : dynamic_boost_manager.cc:82: Boost factor reset done
08-03 18:34:18.089  1114  1593 I Lyric   : lwis_event_thread.cc:117: LwEv:IspFeEvent RemovedLwisClient(isp-fe|FeLmp) from event thread
08-03 18:34:18.089  1114  1593 I Lyric   : zuma_fe_pdma_driver.cc:61: Disabling pdma hardware
08-03 18:34:18.089  1114  1593 I Lyric   : lwis_event_thread.cc:117: LwEv:IspFeEvent RemovedLwisClient(isp-fe|FePdma) from event thread
08-03 18:34:18.089  1114  1593 I Lyric   : zuma_fe_resetter.cc:146: FrontEnd: SW Reset begins.
08-03 18:34:18.091  1114  1593 I Lyric   : zuma_fe_resetter.cc:157: FrontEnd: SW Reset done: rstctl_status = 0x0
08-03 18:34:18.094  1114  1949 I Lyric   : camera_device_session_manager_base.cc:933: Successfully stopped graph:top_graph_for_camera_Front
08-03 18:34:18.094  1114  1949 I Lyric   : processing_graph.cc:512: Starting OutputPort production audit...
08-03 18:34:18.094  1114  1949 I Lyric   : processing_graph.cc:576: OutputPort production audit passed, no anomalies detected :)
08-03 18:34:18.095  1114  1949 I Lyric   : camera_device_session_manager_base.cc:719: Attempting to destroy graph:top_graph_for_camera_Front
08-03 18:34:18.096  1114  1949 W Lyric   : graph_runner.cc:217: GraphRunner::StopGraph(1) called on a graph that is not running.
08-03 18:34:18.097  1114  1820 I Lyric   : direct_channel_motion_sensor_data_streamer.cc:510: gravity direct channel released.
08-03 18:34:18.106  1114  1949 I Lyric   : dpm_bandwidth_controller_v2.cc:952: Update minimum MIF clock to 0 number of active sensor: 0
08-03 18:34:18.106  1114  1949 I Lyric   : dpm_bandwidth_controller_v2.cc:1008: Update minimum INT clock to 0 number of active sensor: 0
08-03 18:34:18.106  1114  1949 I Lyric   : camera_device_session_manager_base.cc:732: Successfully destroyed graph:top_graph_for_camera_Front
08-03 18:34:18.106  1114  1949 I Lyric   : camera_powerhal.cc:192: CancelPowerBoost CAMERA_LAUNCH
08-03 18:34:18.106  1114  1949 I Lyric   : camera_powerhal.cc:192: CancelPowerBoost CAMERA_BACKEND_BOOST
08-03 18:34:18.106  1114  1949 I Lyric   : camera_powerhal.cc:192: CancelPowerBoost CAMERA_CAPTURE_CPU_THROTTLE
08-03 18:34:18.106  1114  1949 I Lyric   : camera_powerhal.cc:192: CancelPowerBoost CAMERA_LAUNCH_EXTENDED
08-03 18:34:18.106  1114  1949 I Lyric   : camera_powerhal.cc:192: CancelPowerBoost CAMERA_VIDEO_RECORDING
08-03 18:34:18.106  1114  1949 I Lyric   : camera_powerhal.cc:192: CancelPowerBoost CAMERA_ZOOMING_BOOST
08-03 18:34:18.106  1114  1949 I Lyric   : camera_powerhal.cc:192: CancelPowerBoost CAMERA_HIGH_PERFORMANCE_BOOST
08-03 18:34:18.106  1114  1949 I Lyric   : camera_powerhal.cc:192: CancelPowerBoost CAMERA_PA_KILL_BOOST
08-03 18:34:18.106  1114  1949 I Lyric   : camera_powerhal.cc:192: CancelPowerBoost CAMERA_THERMAL_SEVERE_BOOST
08-03 18:34:18.106  1114  1949 I Lyric   : camera_device_session_hwl_impl.cc:441: Destroyed CameraDeviceSessionHwlImpl for camera 1
08-03 18:34:18.107  1114  1596 W Lyric   : device_context.cc:362: NotifyCaptureSessionClose: No OisController found for physical camera Front. Status: NOT_FOUND: Failed to find controller by type and camera id(Front); Controller with ID: optical image stabilization controller for camera: Front not present in device_context
08-03 18:34:18.107  1114 25192 I G3ACoordinator: coordinator.cc:1161: Coordinator NotifyCaptureSessionClose called for camera: {position: front, lens_type: normal, spectrum: visible, instance: real}
08-03 18:34:18.107  1114 25192 I G3ACoordinator: coordinator.cc:1185: Coordinator AfNotifyCaptureSessionClose called for camera: {position: front, lens_type: normal, spectrum: visible, instance: real}
08-03 18:34:18.107  1114 25192 I G3ACoordinator: coordinator.cc:1206: Coordinator AsdNotifyCaptureSessionClose called for camera: {position: front, lens_type: normal, spectrum: visible, instance: real}
08-03 18:34:18.107  1114 25192 I G3ACoordinator: coordinator.cc:1223: Coordinator AwbNotifyCaptureSessionClose called for camera: {position: front, lens_type: normal, spectrum: visible, instance: real}
08-03 18:34:18.107  1114 25192 I Lyric   : device_context.cc:249: Unable to get SaliencyController. Status: NOT_FOUND: Failed to find controller by type; Controller with ID: saliency controller not present in device_context
08-03 18:34:18.107  1114 25192 I Lyric   : device_context.cc:271: Unable to get RoiTrackingController. Status: NOT_FOUND: Failed to find controller by type; Controller with ID: Roi tracking controller not present in device_context
08-03 18:34:18.107  1114 25192 I G3ACoordinator: coordinator.cc:1140: Coordinator::NotifyCaptureSessionClose called for camera: {position: front, lens_type: normal, spectrum: visible, instance: real}
08-03 18:34:18.109  1114  1949 I Lyric   : camera_latency_analyzer.cc:100: [CLA] Cam1-Close
08-03 18:34:18.109  1114  1949 I Lyric   : camera_latency_analyzer.cc:102: [CLA] Flush latency: 61.5915
08-03 18:34:18.109  1114  1949 I Lyric   : camera_latency_analyzer.cc:102: [CLA] <-- IDLE --> latency: 1.10156
08-03 18:34:18.109  1114  1949 I Lyric   : camera_latency_analyzer.cc:102: [CLA] Close latency: 37.8802
08-03 18:34:18.109  1114  1949 I Lyric   : camera_latency_analyzer.cc:102: [CLA] Overall latency: 100.587
08-03 18:34:18.109  1114  1949 I Lyric   : camera_latency_analyzer.cc:102: [CLA] HAL Total latency: 99.4642
08-03 18:34:18.110  1114  1820 I Lyric   : direct_channel_motion_sensor_data_streamer.cc:510: accelerometer direct channel released.
08-03 18:34:18.120  1114  1820 I Lyric   : motion_sensor_controller_proxy.cc:565: Successfully release all sensor readers.
08-03 18:34:18.120  1114  1820 I Lyric   : motion_sensor_controller_proxy.cc:540: Start to release all sensor readers.
08-03 18:34:18.120  1114  1820 I Lyric   : motion_sensor_controller_proxy.cc:565: Successfully release all sensor readers.
08-03 18:34:18.122  1114  1593 I G3ACoordinator: front_als_manager.cc:198: Front ALS sensor disabled
08-03 18:34:28.411  1512  1626 W ProcessStats: Tracking association SourceState{42da4c1 com.android.settings/1000 BTop #11588} whose proc state 2 is better than process ProcessState{5260abc com.google.android.settings.intelligence/10159 pkg=com.google.android.settings.intelligence} proc state 14 (13 skipped)
08-03 18:34:38.063  1512  1747 I PowerGroup: Powering off display group due to timeout (groupId= 0, uid= 1000, millisSinceLastUserActivity=120017, lastUserActivityEvent=touch)...
08-03 18:34:38.064  1512  1747 I PowerManagerService: Going to sleep due to timeout (uid 1000, screenOffTimeout=120000, activityTimeoutWM=-1, maxDimRatio=0.33000004, maxDimDur=20000)...
08-03 18:34:38.096  1512  2001 D BiometricUtils: isEncrypted: false isLockdown: false
08-03 18:34:38.101  1512  2150 D BiometricScheduler: [Added] {[33] com.android.server.biometrics.sensors.fingerprint.aidl.FingerprintAuthenticationClient, proto=3, owner=com.android.systemui, cookie=0, requestId=6, userId=0}, new queue size: 1
08-03 18:34:38.101  1512  2150 D BiometricScheduler: [Polled] {[33] com.android.server.biometrics.sensors.fingerprint.aidl.FingerprintAuthenticationClient, proto=3, owner=com.android.systemui, cookie=0, requestId=6, userId=0}, State: 0
08-03 18:34:38.102  1512  2150 D GestureAvailabilityTracker: Notifying gesture availability, active=false
08-03 18:34:38.102  1512  2150 D BiometricScheduler: [Started] {[33] com.android.server.biometrics.sensors.fingerprint.aidl.FingerprintAuthenticationClient, proto=3, owner=com.android.systemui, cookie=0, requestId=6, userId=0}
08-03 18:34:38.103  1512  2150 D BiometricStateCallback: State updated from 0 to 2, client {[33] com.android.server.biometrics.sensors.fingerprint.aidl.FingerprintAuthenticationClient, proto=3, owner=com.android.systemui, cookie=0, requestId=6, userId=0}
08-03 18:34:38.104  1512  2150 D Biometrics/AuthenticationClient: Requesting auth for com.android.systemui
08-03 18:34:38.108  1512  2150 V BiometricSchedulerOperation: started: {[33] com.android.server.biometrics.sensors.fingerprint.aidl.FingerprintAuthenticationClient, proto=3, owner=com.android.systemui, cookie=0, requestId=6, userId=0}, State: 2
08-03 18:34:38.167  1512  1747 V DisplayPowerController[0]: Brightness [0.19630218] reason changing to: 'manual', previous reason: 'manual [ dim ]'.
08-03 18:34:38.167  1512  1747 I DisplayPowerController[0]: BrightnessEvent: brt=0.19630218 (77.0%), nits= 352.38757, lux=-1.0, reason=manual, strat=FallbackBrightnessStrategy, state=ON, stateReason=DEFAULT_POLICY, policy=OFF, flags=, initBrt=0.05, rcmdBrt=NaN, preBrt=NaN, preLux=0.0, wasShortTermModelActive=false, autoBrightness=false (default), unclampedBrt=0.19630218, hbmMax=0.67, hbmMode=off, thrmMax=1.0, rbcStrength=35, powerFactor=1.0, physDisp=Built-in Screen(local:4619827612623940864), logicalId=0
08-03 18:34:38.592  1512  1747 I DisplayPowerController[0]: Blocking screen off
08-03 18:34:38.594  1512  1747 I DisplayPowerController[0]: Unblocked screen off after 2 ms
08-03 18:34:38.616  1512  1747 D ActivityTaskManager: Top Process State changed to PROCESS_STATE_TOP_SLEEPING
08-03 18:34:38.626  1512  1613 W ProcessStats: Tracking association SourceState{42da4c1 com.android.settings/1000 Service #11593} whose proc state 8 is better than process ProcessState{5260abc com.google.android.settings.intelligence/10159 pkg=com.google.android.settings.intelligence} proc state 14 (1 skipped)
08-03 18:34:38.644  1512  1747 I DisplayBrightnessStrategySelector: Changing the DisplayBrightnessStrategy from FallbackBrightnessStrategy to ScreenOffBrightnessStrategy for display 0
08-03 18:34:38.654  1512  1747 V DisplayPowerController[0]: Brightness [0.0] reason changing to: 'screen_off', previous reason: 'manual'.
08-03 18:34:38.654  1512  1747 I DisplayPowerController[0]: BrightnessEvent: brt=0.0 (0.0%), nits= 2.0, lux=-1.0, reason=screen_off, strat=ScreenOffBrightnessStrategy, state=OFF, stateReason=DEFAULT_POLICY, policy=OFF, flags=, initBrt=0.19630218, rcmdBrt=NaN, preBrt=NaN, preLux=0.0, wasShortTermModelActive=false, autoBrightness=false (default), unclampedBrt=-1.0, hbmMax=0.67, hbmMode=off, thrmMax=1.0, rbcStrength=35, powerFactor=1.0, physDisp=Built-in Screen(local:4619827612623940864), logicalId=0
08-03 18:34:38.656  1512  1613 I DisplayDeviceRepository: Display device changed state: "Built-in Screen", OFF
08-03 18:34:38.657  1512  1747 D BrightnessThermalClamper: Thermal status observer already started
08-03 18:34:38.663  1512  1611 I DisplayDevice: [0] Layerstack set to -1 for local:4619827612623940864
08-03 18:34:38.665  1512  2031 E WindowManager: Display reconfigured outside of a transition: Display{#0 state=OFF size=1080x2424 ROTATION_0}
08-03 18:34:38.666  1512  1747 D BrightnessThermalClamper: Thermal status observer already started
08-03 18:34:38.906  1512  1747 D BrightnessThermalClamper: Thermal status observer already started
08-03 18:34:38.907  1512  1747 I DreamManagerService: Entering dreamland.
08-03 18:34:38.910  1114  1816 I Lyric   : face_authentication_controller.cc:68: FaceAuthPreAllocation Finished
08-03 18:34:38.912  1512  1747 I PowerManagerService: Dozing...
08-03 18:34:38.916  1512  1610 I DreamController: Starting dream: name=ComponentInfo{com.android.systemui/com.android.systemui.doze.DozeService}, isPreviewMode=false, canDoze=true, userId=0, reason='power manager request'
08-03 18:34:38.937  2196  2196 V DreamService[DozeService]: UpdateDoze mDozeScreenState=1 mDozeScreenBrightness=6 mDozeScreenBrightnessFloat=NaN
08-03 18:34:38.938  2196  2356 V DreamService[DozeService]: UpdateDoze mDozeScreenState=1 mDozeScreenBrightness=34 mDozeScreenBrightnessFloat=NaN
08-03 18:34:38.938  1512  4025 D DreamManagerService: Dream requested to start dozing: android.os.Binder@92ad748, screenState=OFF, reason=UNKNOWN, screenBrightnessFloat=NaN, screenBrightnessInt=6, useNormalBrightnessForDoze=false
08-03 18:34:38.944  1512  4025 D DreamManagerService: Dream requested to start dozing: android.os.Binder@92ad748, screenState=OFF, reason=UNKNOWN, screenBrightnessFloat=NaN, screenBrightnessInt=34, useNormalBrightnessForDoze=false
08-03 18:34:38.944  1512  1747 I DisplayPowerController[0]: BrightnessEvent: brt=0.0 (0.0%), nits= 2.0, lux=-1.0, reason=screen_off, strat=ScreenOffBrightnessStrategy, state=OFF, stateReason=UNKNOWN, policy=DOZE, flags=, initBrt=0.0, rcmdBrt=NaN, preBrt=NaN, preLux=0.0, wasShortTermModelActive=false, autoBrightness=false (default), unclampedBrt=-1.0, hbmMax=0.67, hbmMode=off, thrmMax=1.0, rbcStrength=35, powerFactor=1.0, physDisp=Built-in Screen(local:4619827612623940864), logicalId=0
08-03 18:34:38.960  2375  2375 D ContextualAwarenessService: Before dispatching ACTION_SCREEN_OFF onReceive work to background
08-03 18:34:38.961  2375  2375 D ContextualAwarenessService: After dispatching ACTION_SCREEN_OFF onReceive work to background
08-03 18:34:38.961  2375 14215 D ContextualAwarenessService: Before ACTION_SCREEN_OFF onReceive work
08-03 18:34:38.961  2375 14215 D ContextualAwarenessService: After ACTION_SCREEN_OFF onReceive work
08-03 18:34:38.962  1512  5614 D BiometricService: canAuthenticate: User=0, Caller=0, Authenticators=255
08-03 18:34:38.965  1512  5614 D BiometricService/PreAuthInfo: Package: com.android.systemui Sensor ID: 1 Modality: 8 Status: 1
08-03 18:34:38.967  1512  5614 D BiometricService/PreAuthInfo: Package: com.android.systemui Sensor ID: 0 Modality: 2 Status: 1
08-03 18:34:38.968  1512  5614 D BiometricService/PreAuthInfo: getCanAuthenticateInternal Modality: 10 AuthenticatorStatus: 1
08-03 18:34:38.968  1512  5614 D AuthService: canAuthenticate, userId: 0, callingUserId: 0, authenticators: 255, result: 0
08-03 18:34:38.969  1512  5617 D SystemServerTiming: getUserSwitchability-0
08-03 18:34:38.969  1512  5617 D SystemServerTiming: TM.isInCall
08-03 18:34:38.969  1512  5611 D SystemServerTiming: getUserSwitchability-0
08-03 18:34:38.969  1512  5611 D SystemServerTiming: TM.isInCall
08-03 18:34:38.969  1512  5611 D SystemServerTiming: hasUserRestriction-DISALLOW_USER_SWITCH
08-03 18:34:38.969  1512  5611 D SystemServerTiming: getInt-ALLOW_USER_SWITCHING_WHEN_SYSTEM_USER_LOCKED
08-03 18:34:38.969  1512  5611 D SystemServerTiming: isUserUnlocked-USER_SYSTEM
08-03 18:34:38.970  1512  5617 D SystemServerTiming: hasUserRestriction-DISALLOW_USER_SWITCH
08-03 18:34:38.970  1512  5617 D SystemServerTiming: getInt-ALLOW_USER_SWITCHING_WHEN_SYSTEM_USER_LOCKED
08-03 18:34:38.970  1512  5617 D SystemServerTiming: isUserUnlocked-USER_SYSTEM
08-03 18:34:38.997  1512  1512 I PowerManagerService: onFlip(): Face up.
08-03 18:34:39.002  1512  4025 D ActivityManager: sync unfroze 2964 com.google.android.gms for 4
08-03 18:34:39.005  1512  4025 D ActivityManager: sync unfroze 23222 com.google.android.webview:sandboxed_process0:org.chromium.content.app.SandboxedProcessService0:0 for 4
08-03 18:34:39.006  1512  4025 D ActivityManager: sync unfroze 7091 com.google.android.gms.unstable for 4
08-03 18:34:39.028  1512  2149 I MR2ServiceImpl: Updating composite discovery preference | preference: RouteDiscoveryRequest{ preferredFeatures={}, activeScan=false }, active routers: []
08-03 18:34:39.056  1512  5614 D FingerprintProvider/default: setIgnoreDisplayTouches set to false
08-03 18:34:39.624  2196  2250 V WindowManagerShell: Transition requested (#90): android.os.BinderProxy@98aa222 TransitionRequestInfo { type = SLEEP, triggerTask = null, pipTask = null, remoteTransition = null, displayChange = null, flags = 0, debugId = 90 }
08-03 18:34:39.625  2196 14259 V WindowManagerShell: onTransitionReady(transaction=6493990555725)
08-03 18:34:39.626  1512  1610 V WindowManager: Sent Transition (#90) createdAt=08-03 18:34:39.621 via request=TransitionRequestInfo { type = SLEEP, triggerTask = null, pipTask = null, remoteTransition = null, displayChange = null, flags = 0, debugId = 90 }
08-03 18:34:39.626  1512  1610 V WindowManager:     startWCT=null
08-03 18:34:39.626  1512  1610 V WindowManager:     info={id=90 t=SLEEP f=0x0 trk=0 r=[] c=[]}
08-03 18:34:39.629  1512  5614 W Transition: Transition already started id=90 state=2
08-03 18:34:39.630  2196  2250 V WindowManagerShell: onTransitionReady (#90) android.os.BinderProxy@98aa222: {id=90 t=SLEEP f=0x0 trk=0 r=[] c=[]}
08-03 18:34:39.630  2196  2250 V WindowManagerShell: No transition roots in (#90) android.os.BinderProxy@98aa222@0 so abort
08-03 18:34:39.632  2196  2250 V WindowManagerShell: Transition animation finished (aborted=true), notifying core (#90) android.os.BinderProxy@98aa222@0
08-03 18:34:39.637  1512  1610 V WindowManager: Finish Transition (#90): created at 08-03 18:34:39.621 collect-started=0.437ms request-sent=0.623ms started=1.569ms ready=1.525ms sent=2.422ms finished=13.103ms
08-03 18:34:39.638  2196  2250 V WindowManagerShell: Track 0 became idle
08-03 18:34:39.638  2196  2250 V WindowManagerShell: All active transition animations finished
08-03 18:34:39.721  1512  2104 W NetworkPolicy: shared quota unsupported; generating rule for each iface
08-03 18:34:40.105  1512  2149 I MR2ServiceImpl: Updating composite discovery preference | preference: RouteDiscoveryRequest{ preferredFeatures={}, activeScan=false }, active routers: []
08-03 18:34:42.140  1512  5612 I SoundTriggerMiddlewareLogging: RECOGNITION (1, RecognitionEventSys{recognitionEvent: RecognitionEvent{status: 0, type: 1, captureAvailable: true, captureDelayMs: 0, capturePreambleMs: 0, triggerInData: false, audioConfig: AudioConfig{base: AudioConfigBase{sampleRate: 16000, channelMask: AudioChannelLayout.layoutMask(1), format: AudioFormatDescription{type: 1, pcm: 1, encoding: }}, offloadInfo: AudioOffloadInfo{base: AudioConfigBase{sampleRate: 0, channelMask: AudioChannelLayout.none(0), format: AudioFormatDescription{type: 0, pcm: 0, encoding: }}, streamType: -2, bitRatePerSecond: 0, durationUs: 0, hasVideo: false, isStreaming: false, bitWidth: 16, offloadBufferSize: 0, usage: -1, encapsulationMode: -1, contentId: 0, syncId: 0}, frameCount: 0}, data: [112, 111, 115, 95, 109, 117, 115, 105, 99, 44, 118, 97, 108, 58, 50, 51, 51, 52, 55], recognitionStillActive: false}, halEventReceivedMillis: 2644670620925, token: android.os.Binder@29b38f5}, 953)
08-03 18:34:42.155  1512  1512 V SoundTriggerService: 9f6ad62a-1f0b-11e7-87c5-40a8f03d3f15: onServiceConnected(android.os.BinderProxy@9fad6ee)
08-03 18:34:42.157  1512  1512 V SoundTriggerService: 9f6ad62a-1f0b-11e7-87c5-40a8f03d3f15: runOp 0
08-03 18:34:43.112  1512  5612 D SystemServerTiming: getUserSwitchability-0
08-03 18:34:43.112  1512  5612 D SystemServerTiming: TM.isInCall
08-03 18:34:43.112   434 10515 I keystore2: system/security/keystore2/src/authorization.rs:155 - on_device_locked(user_id=0, unlocking_sids=[717093919118508472, -6597690923831929742], weak_unlock_enabled=false)
08-03 18:34:43.113  1512  5612 D SystemServerTiming: hasUserRestriction-DISALLOW_USER_SWITCH
08-03 18:34:43.113  1512  5612 D SystemServerTiming: getInt-ALLOW_USER_SWITCHING_WHEN_SYSTEM_USER_LOCKED
08-03 18:34:43.113  1512  5612 D SystemServerTiming: isUserUnlocked-USER_SYSTEM
08-03 18:34:43.122   434 10515 I keystore2: system/security/keystore2/src/super_key.rs:973 - UnlockedDeviceRequired super keys for user 0 are biometric-encrypted.
08-03 18:34:43.125  1512  5614 W UserManagerService: Requested status bar icon for non-badged user 0
08-03 18:34:43.129     0     0 I trusty  : INFO: system/keymint/ta/src/lib.rs:949 add 64 bytes of entropy
08-03 18:34:43.673  1512  2550 W ActivityManager: Unbind failed: could not find connection for android.os.BinderProxy@bf8738
08-03 18:34:43.675  1512  2550 W ActivityManager: Unable to start service Intent { act=android.telephony.satellite.SatelliteService pkg=com.google.android.satellite } U=0: not found
08-03 18:34:44.058  1512  5614 I SoundTriggerMiddlewareLogging: UNLOAD_MODEL (1)
08-03 18:34:44.061  1512  5614 W SoundTriggerHelper: Unload error: Attempting unload invalid generic model with id:9f6ad62a-1f0b-11e7-87c5-40a8f03d3f15
08-03 18:34:44.084  1512  5614 I SoundTriggerMiddlewareLogging: LOAD_MODEL ("9f6ad62a-1f0b-11e7-87c5-40a8f03d3f15") -> 1
08-03 18:34:44.142  1512  5614 I SoundTriggerMiddlewareLogging: START_RECOGNITION (1, RecognitionConfig{captureRequested: true, phraseRecognitionExtras: [], audioCapabilities: 0, data: []}) -> android.os.Binder@281dee4
08-03 18:34:44.142  1512  5614 I SoundTriggerHelper: startRecognition successful.
08-03 18:34:44.142  1512  5614 W SoundTriggerService: error onStart(): Model 9f6ad62a-1f0b-11e7-87c5-40a8f03d3f15 already started
08-03 18:34:44.144  1512  5614 W SoundTriggerHelper: Unload error: Attempting unload invalid generic model with id:12caddb1-acdb-4dce-8cb0-2e95a2313aee
08-03 18:34:44.144  1512  5614 I SoundTriggerService: error onStop(): Model 12caddb1-acdb-4dce-8cb0-2e95a2313aee has no stats available
08-03 18:34:52.873  1512  2014 D ActivityManager: freezing 9400 com.google.android.settings.intelligence
08-03 18:35:01.110   434 25259 I keystore2: system/security/keystore2/watchdog/src/lib.rs:356 - Watchdog thread idle -> terminating. Have a great day.
08-03 18:35:02.487  1512  5617 W ProcessStats: Tracking association SourceState{498636c com.google.android.gms/10152 BFgs #11647} whose proc state 4 is better than process ProcessState{e7fdd81 com.google.android.gms.unstable/10152 pkg=com.google.android.gms} proc state 14 (58 skipped)
08-03 18:35:09.354  1512  5614 E BatteryStatsService: Invalid uid for waking network packet: -1
08-03 18:35:21.881  1512  1626 W ProcessCpuTracker: Failed to stat(/proc/25445): android.system.ErrnoException: stat failed: ENOENT (No such file or directory)
08-03 18:35:21.881  1512  1626 W ProcessCpuTracker: Skipping unknown process pid 25445
08-03 18:35:21.882  1512  1626 W ProcessCpuTracker: Failed to stat(/proc/25446): android.system.ErrnoException: stat failed: ENOENT (No such file or directory)
08-03 18:35:21.882  1512  1626 W ProcessCpuTracker: Skipping unknown process pid 25446
08-03 18:35:21.882  1512  1626 W ProcessCpuTracker: Failed to stat(/proc/25447): android.system.ErrnoException: stat failed: ENOENT (No such file or directory)
08-03 18:35:21.883  1512  1626 W ProcessCpuTracker: Skipping unknown process pid 25447
08-03 18:35:21.883  1512  1626 W ProcessCpuTracker: Failed to stat(/proc/25448): android.system.ErrnoException: stat failed: ENOENT (No such file or directory)
08-03 18:35:21.883  1512  1626 W ProcessCpuTracker: Skipping unknown process pid 25448
08-03 18:35:21.883  1512  1626 W ProcessCpuTracker: Failed to stat(/proc/25449): android.system.ErrnoException: stat failed: ENOENT (No such file or directory)
08-03 18:35:21.883  1512  1626 W ProcessCpuTracker: Skipping unknown process pid 25449
08-03 18:35:21.883  1512  1626 W ProcessCpuTracker: Failed to stat(/proc/25450): android.system.ErrnoException: stat failed: ENOENT (No such file or directory)
08-03 18:35:21.883  1512  1626 W ProcessCpuTracker: Skipping unknown process pid 25450
08-03 18:35:21.883  1512  1626 W ProcessCpuTracker: Failed to stat(/proc/25451): android.system.ErrnoException: stat failed: ENOENT (No such file or directory)
08-03 18:35:21.883  1512  1626 W ProcessCpuTracker: Skipping unknown process pid 25451
08-03 18:35:21.884  1512  1626 W ProcessCpuTracker: Failed to stat(/proc/25452): android.system.ErrnoException: stat failed: ENOENT (No such file or directory)
08-03 18:35:21.884  1512  1626 W ProcessCpuTracker: Skipping unknown process pid 25452
08-03 18:35:26.127  1512  2014 D ActivityManager: freezing 2964 com.google.android.gms
08-03 18:35:26.132  1512  2014 D ActivityManager: freezing 23222 com.google.android.webview:sandboxed_process0:org.chromium.content.app.SandboxedProcessService0:0
08-03 18:35:26.133  1512  2014 D ActivityManager: freezing 7091 com.google.android.gms.unstable
08-03 18:35:39.475  1512  2550 I SoundTriggerMiddlewareLogging: RECOGNITION (1, RecognitionEventSys{recognitionEvent: RecognitionEvent{status: 0, type: 1, captureAvailable: true, captureDelayMs: 0, capturePreambleMs: 0, triggerInData: false, audioConfig: AudioConfig{base: AudioConfigBase{sampleRate: 16000, channelMask: AudioChannelLayout.layoutMask(1), format: AudioFormatDescription{type: 1, pcm: 1, encoding: }}, offloadInfo: AudioOffloadInfo{base: AudioConfigBase{sampleRate: 0, channelMask: AudioChannelLayout.none(0), format: AudioFormatDescription{type: 0, pcm: 0, encoding: }}, streamType: -2, bitRatePerSecond: 0, durationUs: 0, hasVideo: false, isStreaming: false, bitWidth: 16, offloadBufferSize: 0, usage: -1, encapsulationMode: -1, contentId: 0, syncId: 0}, frameCount: 0}, data: [112, 111, 115, 95, 109, 117, 115, 105, 99, 44, 118, 97, 108, 58, 50, 50, 51, 55, 48], recognitionStillActive: false}, halEventReceivedMillis: 2701998245893, token: android.os.Binder@281dee4}, 961)
08-03 18:35:39.495  1512  1512 V SoundTriggerService: 9f6ad62a-1f0b-11e7-87c5-40a8f03d3f15: onServiceConnected(android.os.BinderProxy@c41366a)
08-03 18:35:39.496  1512  1512 V SoundTriggerService: 9f6ad62a-1f0b-11e7-87c5-40a8f03d3f15: runOp 0
08-03 18:35:41.246  1512  5617 I SoundTriggerMiddlewareLogging: UNLOAD_MODEL (1)
08-03 18:35:41.249  1512  5617 W SoundTriggerHelper: Unload error: Attempting unload invalid generic model with id:9f6ad62a-1f0b-11e7-87c5-40a8f03d3f15
08-03 18:35:41.276  1512  5617 I SoundTriggerMiddlewareLogging: LOAD_MODEL ("9f6ad62a-1f0b-11e7-87c5-40a8f03d3f15") -> 1
08-03 18:35:41.332  1512  5617 I SoundTriggerMiddlewareLogging: START_RECOGNITION (1, RecognitionConfig{captureRequested: true, phraseRecognitionExtras: [], audioCapabilities: 0, data: []}) -> android.os.Binder@289d10d
08-03 18:35:41.332  1512  5617 I SoundTriggerHelper: startRecognition successful.
08-03 18:35:41.333  1512  5617 W SoundTriggerService: error onStart(): Model 9f6ad62a-1f0b-11e7-87c5-40a8f03d3f15 already started
08-03 18:35:41.333  1512  5617 W SoundTriggerHelper: Unload error: Attempting unload invalid generic model with id:12caddb1-acdb-4dce-8cb0-2e95a2313aee
08-03 18:35:41.333  1512  5617 I SoundTriggerService: error onStop(): Model 12caddb1-acdb-4dce-8cb0-2e95a2313aee has no stats available
08-03 18:35:58.874  1512  5617 W AppOps  : Noting op not finished: uid 10152 pkg com.google.android.gms code 113 startTime of in progress event=1754208931587
08-03 18:35:58.901  1512  5612 W AppOps  : Noting op not finished: uid 10152 pkg com.google.android.gms code 113 startTime of in progress event=1754208931587
08-03 18:35:58.919  1512  5612 W AppOps  : Noting op not finished: uid 10152 pkg com.google.android.gms code 113 startTime of in progress event=1754208931587
08-03 18:35:58.929  1512  5612 W AppOps  : Noting op not finished: uid 10152 pkg com.google.android.gms code 79 startTime of in progress event=1754208931587
08-03 18:36:23.358  1512  2104 W NetworkPolicy: shared quota unsupported; generating rule for each iface
08-03 18:36:36.477  1512  5612 I SoundTriggerMiddlewareLogging: RECOGNITION (1, RecognitionEventSys{recognitionEvent: RecognitionEvent{status: 0, type: 1, captureAvailable: true, captureDelayMs: 0, capturePreambleMs: 0, triggerInData: false, audioConfig: AudioConfig{base: AudioConfigBase{sampleRate: 16000, channelMask: AudioChannelLayout.layoutMask(1), format: AudioFormatDescription{type: 1, pcm: 1, encoding: }}, offloadInfo: AudioOffloadInfo{base: AudioConfigBase{sampleRate: 0, channelMask: AudioChannelLayout.none(0), format: AudioFormatDescription{type: 0, pcm: 0, encoding: }}, streamType: -2, bitRatePerSecond: 0, durationUs: 0, hasVideo: false, isStreaming: false, bitWidth: 16, offloadBufferSize: 0, usage: -1, encapsulationMode: -1, contentId: 0, syncId: 0}, frameCount: 0}, data: [112, 111, 115, 95, 109, 117, 115, 105, 99, 44, 118, 97, 108, 58, 50, 50, 57, 49, 48], recognitionStillActive: false}, halEventReceivedMillis: 2759008348764, token: android.os.Binder@289d10d}, 969)
08-03 18:36:36.489  1512  1512 V SoundTriggerService: 9f6ad62a-1f0b-11e7-87c5-40a8f03d3f15: onServiceConnected(android.os.BinderProxy@6a990b8)
08-03 18:36:36.489  1512  1512 V SoundTriggerService: 9f6ad62a-1f0b-11e7-87c5-40a8f03d3f15: runOp 0
08-03 18:36:37.346  1512  1572 E BatteryStatsService: Invalid uid for waking network packet: -1
08-03 18:36:38.233  1512  5617 I SoundTriggerMiddlewareLogging: UNLOAD_MODEL (1)
08-03 18:36:38.237  1512  4025 W SoundTriggerHelper: Unload error: Attempting unload invalid generic model with id:9f6ad62a-1f0b-11e7-87c5-40a8f03d3f15
08-03 18:36:38.262  1512  4025 I SoundTriggerMiddlewareLogging: LOAD_MODEL ("9f6ad62a-1f0b-11e7-87c5-40a8f03d3f15") -> 1
08-03 18:36:39.550  1512  4025 I SoundTriggerMiddlewareLogging: START_RECOGNITION (1, RecognitionConfig{captureRequested: true, phraseRecognitionExtras: [], audioCapabilities: 0, data: []}) -> android.os.Binder@800de93
08-03 18:36:39.550  1512  4025 I SoundTriggerHelper: startRecognition successful.
08-03 18:36:39.550  1512  4025 W SoundTriggerService: error onStart(): Model 9f6ad62a-1f0b-11e7-87c5-40a8f03d3f15 already started
08-03 18:36:39.559  1512  4025 W SoundTriggerHelper: Unload error: Attempting unload invalid generic model with id:12caddb1-acdb-4dce-8cb0-2e95a2313aee
08-03 18:36:39.559  1512  4025 I SoundTriggerService: error onStop(): Model 12caddb1-acdb-4dce-8cb0-2e95a2313aee has no stats available
