--------- beginning of main
10-01 11:02:03.835  1463  3749 I ActivityManager: Broadcasting: Intent { act=com.nick.myrecoverytracker.ACTION_RUN_SLEEP_ROLLUP flg=0x400000 pkg=com.nick.myrecoverytracker cmp=com.nick.myrecoverytracker/.TriggerReceiver }
--------- beginning of system
10-01 11:02:03.837  1463  3749 I ActivityManager: Enqueued broadcast Intent { act=com.nick.myrecoverytracker.ACTION_RUN_SLEEP_ROLLUP flg=0x400000 pkg=com.nick.myrecoverytracker cmp=com.nick.myrecoverytracker/.TriggerReceiver }: 0
10-01 11:02:03.838  1463  2067 D BackgroundInstallControlService: Package event received: 0
10-01 11:02:03.840 20742 20742 I TriggerReceiver: onReceive action=com.nick.myrecoverytracker.ACTION_RUN_SLEEP_ROLLUP
10-01 11:02:03.843  1463  1703 I ActivityManager: Broadcast completed: result=0
10-01 11:02:03.901 20742 20185 I SleepRollupWorker: filesDir=/data/user/0/com.nick.myrecoverytracker/files
10-01 11:02:03.901 20742 20185 I SleepRollupWorker: EXISTS /data/user/0/com.nick.myrecoverytracker/files/daily_sleep_summary.csv size=873
10-01 11:02:03.901 20742 20185 I SleepRollupWorker: EXISTS /data/user/0/com.nick.myrecoverytracker/files/daily_sleep_duration.csv size=646
10-01 11:02:03.902 20742 20185 I SleepRollupWorker: EXISTS /data/user/0/com.nick.myrecoverytracker/files/daily_sleep_time.csv size=546
10-01 11:02:03.903 20742 20185 I SleepRollupWorker: EXISTS /data/user/0/com.nick.myrecoverytracker/files/daily_wake_time.csv size=546
10-01 11:02:03.903 20742 20185 I SleepRollupWorker: EXISTS /data/user/0/com.nick.myrecoverytracker/files/daily_sleep_quality.csv size=962
10-01 11:02:03.973 20742 20185 I SleepRollupWorker: WAKE_NONE date=2025-09-01 reason=No UNLOCK in [04:00–00:00) that survives 20s
10-01 11:02:03.990 20742 20185 I SleepRollupWorker: Sleep 2025-09-01 -> sleep=- wake=- hours=0.00 quality=NO_MORNING_WAKE
10-01 11:02:04.026 20742 20185 I SleepRollupWorker: WAKE_NONE date=2025-09-02 reason=No UNLOCK in [04:00–00:00) that survives 20s
10-01 11:02:04.037 20742 20185 I SleepRollupWorker: Sleep 2025-09-02 -> sleep=- wake=- hours=0.00 quality=NO_MORNING_WAKE
10-01 11:02:04.070 20742 20185 I SleepRollupWorker: WAKE_NONE date=2025-09-03 reason=No UNLOCK in [04:00–00:00) that survives 20s
10-01 11:02:04.094 20742 20185 I SleepRollupWorker: Sleep 2025-09-03 -> sleep=- wake=- hours=0.00 quality=NO_MORNING_WAKE
10-01 11:02:04.128 20742 20185 I SleepRollupWorker: WAKE_NONE date=2025-09-04 reason=No UNLOCK in [04:00–00:00) that survives 20s
10-01 11:02:04.138 20742 20185 I SleepRollupWorker: Sleep 2025-09-04 -> sleep=- wake=- hours=0.00 quality=NO_MORNING_WAKE
10-01 11:02:04.169 20742 20185 I SleepRollupWorker: WAKE_NONE date=2025-09-05 reason=No UNLOCK in [04:00–00:00) that survives 20s
10-01 11:02:04.179 20742 20185 I SleepRollupWorker: Sleep 2025-09-05 -> sleep=- wake=- hours=0.00 quality=NO_MORNING_WAKE
10-01 11:02:04.210 20742 20185 I SleepRollupWorker: WAKE_NONE date=2025-09-06 reason=No UNLOCK in [04:00–00:00) that survives 20s
10-01 11:02:04.218 20742 20185 I SleepRollupWorker: Sleep 2025-09-06 -> sleep=- wake=- hours=0.00 quality=NO_MORNING_WAKE
10-01 11:02:04.247 20742 20185 I SleepRollupWorker: WAKE_NONE date=2025-09-07 reason=No UNLOCK in [04:00–00:00) that survives 20s
10-01 11:02:04.255 20742 20185 I SleepRollupWorker: Sleep 2025-09-07 -> sleep=- wake=- hours=0.00 quality=NO_MORNING_WAKE
10-01 11:02:04.294 20742 20185 I SleepRollupWorker: WAKE_NONE date=2025-09-08 reason=No UNLOCK in [04:00–00:00) that survives 20s
10-01 11:02:04.307 20742 20185 I SleepRollupWorker: Sleep 2025-09-08 -> sleep=- wake=- hours=0.00 quality=NO_MORNING_WAKE
10-01 11:02:04.336 20742 20185 I SleepRollupWorker: WAKE_NONE date=2025-09-09 reason=No UNLOCK in [04:00–00:00) that survives 20s
10-01 11:02:04.344 20742 20185 I SleepRollupWorker: Sleep 2025-09-09 -> sleep=- wake=- hours=0.00 quality=NO_MORNING_WAKE
10-01 11:02:04.372 20742 20185 I SleepRollupWorker: WAKE_NONE date=2025-09-10 reason=No UNLOCK in [04:00–00:00) that survives 20s
10-01 11:02:04.381 20742 20185 I SleepRollupWorker: Sleep 2025-09-10 -> sleep=- wake=- hours=0.00 quality=NO_MORNING_WAKE
10-01 11:02:04.395  1197  1197 W TracingMuxer: type=1400 audit(0.0:377257): avc:  denied  { write } for  name="traced_producer" dev="tmpfs" ino=1296 scontext=u:r:gxp_logging:s0 tcontext=u:object_r:traced_producer_socket:s0 tclass=sock_file permissive=0
10-01 11:02:04.408 20742 20185 I SleepRollupWorker: WAKE_NONE date=2025-09-11 reason=No UNLOCK in [04:00–00:00) that survives 20s
10-01 11:02:04.416 20742 20185 I SleepRollupWorker: Sleep 2025-09-11 -> sleep=- wake=- hours=0.00 quality=NO_MORNING_WAKE
10-01 11:02:04.443 20742 20185 I SleepRollupWorker: WAKE_NONE date=2025-09-12 reason=No UNLOCK in [04:00–00:00) that survives 20s
10-01 11:02:04.451 20742 20185 I SleepRollupWorker: Sleep 2025-09-12 -> sleep=- wake=- hours=0.00 quality=NO_MORNING_WAKE
10-01 11:02:04.487 20742 20185 I SleepRollupWorker: WAKE_NONE date=2025-09-13 reason=No UNLOCK in [04:00–00:00) that survives 20s
10-01 11:02:04.498 20742 20185 I SleepRollupWorker: Sleep 2025-09-13 -> sleep=- wake=- hours=0.00 quality=NO_MORNING_WAKE
10-01 11:02:04.524 20742 20185 I SleepRollupWorker: WAKE_NONE date=2025-09-14 reason=No UNLOCK in [04:00–00:00) that survives 20s
10-01 11:02:04.533 20742 20185 I SleepRollupWorker: Sleep 2025-09-14 -> sleep=- wake=- hours=0.00 quality=NO_MORNING_WAKE
10-01 11:02:04.559 20742 20185 I SleepRollupWorker: WAKE_NONE date=2025-09-15 reason=No UNLOCK in [04:00–00:00) that survives 20s
10-01 11:02:04.566 20742 20185 I SleepRollupWorker: Sleep 2025-09-15 -> sleep=- wake=- hours=0.00 quality=NO_MORNING_WAKE
10-01 11:02:04.591 20742 20185 I SleepRollupWorker: WAKE_NONE date=2025-09-16 reason=No UNLOCK in [04:00–00:00) that survives 20s
10-01 11:02:04.610 20742 20185 I SleepRollupWorker: Sleep 2025-09-16 -> sleep=- wake=- hours=0.00 quality=NO_MORNING_WAKE
10-01 11:02:04.638 20742 20185 I SleepRollupWorker: WAKE_NONE date=2025-09-17 reason=No UNLOCK in [04:00–00:00) that survives 20s
10-01 11:02:04.644 20742 20185 I SleepRollupWorker: Sleep 2025-09-17 -> sleep=- wake=- hours=0.00 quality=NO_MORNING_WAKE
10-01 11:02:04.682 20742 20185 I SleepRollupWorker: WAKE_NONE date=2025-09-18 reason=No UNLOCK in [04:00–00:00) that survives 20s
10-01 11:02:04.691 20742 20185 I SleepRollupWorker: Sleep 2025-09-18 -> sleep=- wake=- hours=0.00 quality=NO_MORNING_WAKE
10-01 11:02:04.719 20742 20185 I SleepRollupWorker: WAKE_NONE date=2025-09-19 reason=No UNLOCK in [04:00–00:00) that survives 20s
10-01 11:02:04.727 20742 20185 I SleepRollupWorker: Sleep 2025-09-19 -> sleep=- wake=- hours=0.00 quality=NO_MORNING_WAKE
10-01 11:02:04.754 20742 20185 I SleepRollupWorker: WAKE_NONE date=2025-09-20 reason=No UNLOCK in [04:00–00:00) that survives 20s
10-01 11:02:04.761 20742 20185 I SleepRollupWorker: Sleep 2025-09-20 -> sleep=- wake=- hours=0.00 quality=NO_MORNING_WAKE
10-01 11:02:04.784  1463  2067 D BackgroundInstallControlService: Package event received: 0
10-01 11:02:04.785  1463  2067 D BackgroundInstallControlService: Package event received: 0
10-01 11:02:04.785  1463  2067 D BackgroundInstallControlService: Package event received: 0
10-01 11:02:04.787  1463  2067 D BackgroundInstallControlService: Package event received: 0
10-01 11:02:04.787 20742 20185 I SleepRollupWorker: WAKE_NONE date=2025-09-21 reason=No UNLOCK in [04:00–00:00) that survives 20s
10-01 11:02:04.796 20742 20185 I SleepRollupWorker: Sleep 2025-09-21 -> sleep=- wake=- hours=0.00 quality=NO_MORNING_WAKE
10-01 11:02:04.821 20742 20185 I SleepRollupWorker: WAKE_NONE date=2025-09-22 reason=No UNLOCK in [04:00–00:00) that survives 20s
10-01 11:02:04.828 20742 20185 I SleepRollupWorker: Sleep 2025-09-22 -> sleep=- wake=- hours=0.00 quality=NO_MORNING_WAKE
10-01 11:02:04.839  1463  1961 D ActivityManager: freezing 8649 com.google.android.gm
10-01 11:02:04.843  1463  2017 D InetDiagMessage: Destroyed 0 sockets, proto=IPPROTO_TCP, family=AF_INET, states=14
10-01 11:02:04.844  1463  2017 D InetDiagMessage: Destroyed 0 sockets, proto=IPPROTO_TCP, family=AF_INET6, states=14
10-01 11:02:04.844  1463  2017 D InetDiagMessage: Destroyed live tcp sockets for uids={10210} in 2ms
10-01 11:02:04.864 20742 20185 I SleepRollupWorker: WAKE_ACCEPT unlock=2025-09-23T15:09:16+10:00[Australia/Sydney] (no SCREEN_OFF in next 20s)
10-01 11:02:04.878 14840 14844 E gcblocker: too long GC blocking: 8
10-01 11:02:04.878 14840 14844 E gcblocker: gc block end, 684105120,100
10-01 11:02:04.916 20742 20185 I SleepRollupWorker: SLEEP_ACCEPT at=2025-09-23T01:05+10:00[Australia/Sydney] type=SCREEN_OFF (60m quiet)
10-01 11:02:04.924 20742 20185 I SleepRollupWorker: Sleep 2025-09-23 -> sleep=01:05:00 wake=15:09:16 hours=12.00 quality=OK
10-01 11:02:04.949 20742 20185 I SleepRollupWorker: WAKE_ACCEPT unlock=2025-09-24T06:11:22+10:00[Australia/Sydney] (no SCREEN_OFF in next 20s)
10-01 11:02:04.999 20742 20185 I SleepRollupWorker: SLEEP_ACCEPT at=2025-09-24T01:05+10:00[Australia/Sydney] type=SCREEN_OFF (60m quiet)
10-01 11:02:05.008 20742 20185 I SleepRollupWorker: Sleep 2025-09-24 -> sleep=01:05:00 wake=06:11:22 hours=5.11 quality=OK
10-01 11:02:05.033 20742 20185 I SleepRollupWorker: WAKE_ACCEPT unlock=2025-09-25T07:35:43+10:00[Australia/Sydney] (no SCREEN_OFF in next 20s)
10-01 11:02:05.085 20742 20185 I SleepRollupWorker: SLEEP_ACCEPT at=2025-09-25T01:05+10:00[Australia/Sydney] type=SCREEN_OFF (60m quiet)
10-01 11:02:05.091 20742 20185 I SleepRollupWorker: Sleep 2025-09-25 -> sleep=01:05:00 wake=07:35:43 hours=6.51 quality=OK
10-01 11:02:05.113 20742 20185 I SleepRollupWorker: WAKE_ACCEPT unlock=2025-09-26T06:47:10+10:00[Australia/Sydney] (no SCREEN_OFF in next 20s)
10-01 11:02:05.169 20742 20185 I SleepRollupWorker: SLEEP_ACCEPT at=2025-09-26T01:05+10:00[Australia/Sydney] type=SCREEN_OFF (60m quiet)
10-01 11:02:05.178 20742 20185 I SleepRollupWorker: Sleep 2025-09-26 -> sleep=01:05:00 wake=06:47:10 hours=5.70 quality=OK
10-01 11:02:05.201 20742 20185 I SleepRollupWorker: WAKE_ACCEPT unlock=2025-09-27T06:22:42+10:00[Australia/Sydney] (no SCREEN_OFF in next 20s)
10-01 11:02:05.239 20742 20185 I SleepRollupWorker: SLEEP_ACCEPT at=2025-09-27T01:05+10:00[Australia/Sydney] type=SCREEN_OFF (60m quiet)
10-01 11:02:05.246 20742 20185 I SleepRollupWorker: Sleep 2025-09-27 -> sleep=01:05:00 wake=06:22:42 hours=5.30 quality=OK
10-01 11:02:05.264 14791 14795 I pixel-thermal: VIRTUAL-SKIN-MODEL: model_input: [31349.00 31639.00 32573.00 27454.00 27408.00 27476.00 31483.00 33308.00 ]
10-01 11:02:05.264 14791 14795 I native  : I0000 00:00:1759280525.264643   14795 thermal_tflite_wrapper.cc:261] ThermalTfliteInvoke
10-01 11:02:05.264 14791 14795 I pixel-thermal: VIRTUAL-SKIN-MODEL: model_output: [29554.1 ]
10-01 11:02:05.264 14791 14795 I pixel-thermal: VIRTUAL-SKIN-MODEL: predicted_value: [29554.1 ]
10-01 11:02:05.265 14791 14795 I pixel-thermal: VIRTUAL-SKIN-CPU-MID:29.7141 raw data: VIRTUAL-SKIN:29714.1 VIRTUAL-SKIN-CPU-MID:29714.1 VIRTUAL-SKIN-LEGACY:29785.3 VIRTUAL-SKIN-LEGACY-MODEL-DIFF:231.223 VIRTUAL-SKIN-LEGACY-SHUTDOWN:0 VIRTUAL-SKIN-MODEL:29554.1 VIRTUAL-SKIN-MODEL-CLAMPED:29554.1 VIRTUAL-SKIN-MODEL-LEGACY-DIFF:-231.223 VIRTUAL-SKIN-MODEL-UPDATED:29714.1 VIRTUAL-SKIN-MODEL-UPPER-CLAMPED:29554.1 VIRTUAL-SKIN-SUB-0:28992.6 VIRTUAL-SKIN-SUB-1:28942.8 VIRTUAL-SKIN-SUB-2:29627.6 VIRTUAL-SKIN-SUB-3:29785.3 VIRTUAL-SKIN-SUB-4:28841 VT_LEGACY_WEIGHT:0 VT_MODEL_WEIGHT:1 battery:28500 btmspkr_therm:27408 charging_therm:32573 disp_therm:27476 north_therm:31483 quiet_therm:31639 rfpa_therm:31349 soc_therm:33308 usb_pwr_therm:27454 
10-01 11:02:05.271 20742 20185 I SleepRollupWorker: WAKE_ACCEPT unlock=2025-09-28T08:05:08+10:00[Australia/Sydney] (no SCREEN_OFF in next 20s)
10-01 11:02:05.273 14791 14795 I pixel-thermal: VIRTUAL-SKIN-SOC:29.7141 raw data: VIRTUAL-SKIN:29714.1 VIRTUAL-SKIN-SOC:29714.1 
10-01 11:02:05.273 14791 14795 I pixel-thermal: VIRTUAL-SKIN-DISPLAY:29.7141 raw data: VIRTUAL-SKIN:29714.1 VIRTUAL-SKIN-DISPLAY:29714.1 
10-01 11:02:05.273 14791 14795 I pixel-thermal: CPU_THROTTLE_SEVERE:0 raw data: CPU_THROTTLE_SEVERE:0 
10-01 11:02:05.273 14791 14795 I pixel-thermal: VIRTUAL-SKIN:29.7141 raw data: VIRTUAL-SKIN:29714.1 
10-01 11:02:05.273 14791 14795 I pixel-thermal: VIRTUAL-SKIN-HINT:29.7141 raw data: VIRTUAL-SKIN:29714.1 VIRTUAL-SKIN-HINT:29714.1 
10-01 11:02:05.273 14791 14795 I pixel-thermal: VIRTUAL-SKIN-CPU-LIGHT-ODPM:29.7141 raw data: VIRTUAL-SKIN:29714.1 VIRTUAL-SKIN-CPU-LIGHT-ODPM:29714.1 
10-01 11:02:05.273 14791 14795 I pixel-thermal: VIRTUAL-SKIN-CPU-ODPM:29.7141 raw data: VIRTUAL-SKIN:29714.1 VIRTUAL-SKIN-CPU-ODPM:29714.1 
10-01 11:02:05.273 14791 14795 I pixel-thermal: VIRTUAL-SKIN-ODPM-MODEL: model_input: [31349.00 31639.00 32573.00 27454.00 27408.00 27476.00 31483.00 33308.00 28500.00 557.08 4.79 24.54 108.47 43.17 31.32 ]
10-01 11:02:05.273 14791 14795 I native  : I0000 00:00:1759280525.273541   14795 thermal_tflite_wrapper.cc:261] ThermalTfliteInvoke
10-01 11:02:05.273 14791 14795 I pixel-thermal: VIRTUAL-SKIN-ODPM-MODEL: model_output: [28556.7 ]
10-01 11:02:05.273 14791 14795 I pixel-thermal: VIRTUAL-SKIN-ODPM-MODEL: predicted_value: [28556.7 ]
10-01 11:02:05.273 14791 14795 I pixel-thermal: VIRTUAL-SKIN-SPEAKER-MODEL: model_input: [28500.00 27408.00 32573.00 27476.00 31483.00 31639.00 31349.00 33308.00 27454.00 ]
10-01 11:02:05.274 14791 14795 I native  : I0000 00:00:1759280525.274000   14795 thermal_tflite_wrapper.cc:261] ThermalTfliteInvoke
10-01 11:02:05.274 14791 14795 I pixel-thermal: VIRTUAL-SKIN-SPEAKER-MODEL: model_output: [28524.7 ]
10-01 11:02:05.274 14791 14795 I pixel-thermal: VIRTUAL-SKIN-SPEAKER-MODEL: predicted_value: [28524.7 ]
10-01 11:02:05.274 14791 14795 I pixel-thermal: STATS-UPDATOR:0 raw data: EXTREME-SOC-CONDITION-CHECK:0 MAIN_SOC_POWER:1031.51 MODEL_CAMERA_PWR:4.7857 MODEL_DISPLAY_PWR:24.5373 MODEL_MISC_PWR:557.075 MODEL_MODEM_PWR:108.474 MODEL_RFFE_PWR:43.167 MODEL_WLAN_BT_PWR:31.3217 NORTH_THERM-UNDER-THRESHOLD:1 NORTH_THERM-VSKIN-DIFF-DURING-NORTH_THERM-OVER-THRESHOLD:-998231 NORTH_THERM-VSKIN-DIFF-DURING-VSKIN-OVER-52:-998231 QUIET_THERM-UNDER-THRESHOLD:1 QUIET_THERM-VSKIN-DIFF-DURING-QUIET_THERM-OVER-THRESHOLD:-998075 QUIET_THERM-VSKIN-DIFF-DURING-VSKIN-OVER-52:-998075 RFPA_THERM-UNDER-THRESHOLD:1 RFPA_THERM-VSKIN-DIFF-DURING-RFPA_THERM-OVER-THRESHOLD:-998365 RFPA_THERM-VSKIN-DIFF-DURING-VSKIN-OVER-52:-998365 SOC_THERM-UNDER-THRESHOLD:1 SOC_THERM-VSKIN-DIFF-DURING-SOC_THERM-OVER-THRESHOLD:-996406 SOC_THERM-VSKIN-DIFF-DURING-VSKIN-OVER-52:-996406 STATS-UPDATOR:0 TPU_35S:0 VIRTUAL-SKIN:29714.1 VIRTUAL-SKIN-LEGACY:29785.3 VIRTUAL-SKIN-MODEL:29554.1 VIRTUAL-SKIN-MODEL-LEGACY-DIFF:-231.223 VIRTUAL-SKIN-ODPM-MODEL:28556.7 VIRTUAL-SKIN-SPEAKER-MODEL:28524.7 VSKIN-SKIN-UNDER-52:1 battery:28500 btmspkr_therm:27408 charging_therm:32573 disp_therm:27476 north_therm:31483 quiet_therm:31639 rfpa_therm:31349 soc_therm:33308 usb_pwr_therm:27454 
10-01 11:02:05.274 14791 14795 I pixel-thermal: VIRTUAL-SKIN-CPU-HIGH:29.7141 raw data: VIRTUAL-SKIN:29714.1 VIRTUAL-SKIN-CPU-HIGH:29714.1 
10-01 11:02:05.274 14791 14795 I pixel-thermal: cellular-emergency:29.7141 raw data: VIRTUAL-SKIN:29714.1 cellular-emergency:29714.1 
10-01 11:02:05.326 20742 20185 I SleepRollupWorker: SLEEP_ACCEPT at=2025-09-28T03:40:37+10:00[Australia/Sydney] type=SCREEN_OFF (60m quiet)
10-01 11:02:05.332 20742 20185 I SleepRollupWorker: Sleep 2025-09-28 -> sleep=03:40:37 wake=08:05:08 hours=4.41 quality=OK
10-01 11:02:05.354 20742 20185 I SleepRollupWorker: WAKE_REJECT unlock=2025-09-29T08:36:37+10:00[Australia/Sydney] reason=SCREEN_OFF at 2025-09-29T08:36:40+10:00[Australia/Sydney] (+3s < 20s)
10-01 11:02:05.354 20742 20185 I SleepRollupWorker: WAKE_REJECT unlock=2025-09-29T08:56:53+10:00[Australia/Sydney] reason=SCREEN_OFF at 2025-09-29T08:57:12+10:00[Australia/Sydney] (+19s < 20s)
10-01 11:02:05.355 20742 20185 I SleepRollupWorker: WAKE_REJECT unlock=2025-09-29T09:20:03+10:00[Australia/Sydney] reason=SCREEN_OFF at 2025-09-29T09:20:15+10:00[Australia/Sydney] (+12s < 20s)
10-01 11:02:05.355 20742 20185 I SleepRollupWorker: WAKE_REJECT unlock=2025-09-29T09:36:58+10:00[Australia/Sydney] reason=SCREEN_OFF at 2025-09-29T09:37:06+10:00[Australia/Sydney] (+8s < 20s)
10-01 11:02:05.355 20742 20185 I SleepRollupWorker: WAKE_ACCEPT unlock=2025-09-29T09:46:19+10:00[Australia/Sydney] (no SCREEN_OFF in next 20s)
10-01 11:02:05.393 20742 20185 I SleepRollupWorker: SLEEP_ACCEPT at=2025-09-28T22:58:43+10:00[Australia/Sydney] type=SCREEN_OFF (60m quiet)
10-01 11:02:05.412 20742 20185 I SleepRollupWorker: Sleep 2025-09-29 -> sleep=22:58:43 wake=09:46:19 hours=10.79 quality=OK
10-01 11:02:05.437 20742 20185 I SleepRollupWorker: WAKE_ACCEPT unlock=2025-09-30T09:46:46+10:00[Australia/Sydney] (no SCREEN_OFF in next 20s)
10-01 11:02:05.476 20742 20185 I SleepRollupWorker: SLEEP_ACCEPT at=2025-09-30T01:05+10:00[Australia/Sydney] type=SCREEN_OFF (60m quiet)
10-01 11:02:05.484 20742 20185 I SleepRollupWorker: Sleep 2025-09-30 -> sleep=01:05:00 wake=09:46:46 hours=8.70 quality=OK
10-01 11:02:05.507 20742 20185 I SleepRollupWorker: WAKE_REJECT unlock=2025-10-01T11:01:17+10:00[Australia/Sydney] reason=SCREEN_OFF at 2025-10-01T11:01:27+10:00[Australia/Sydney] (+10s < 20s)
10-01 11:02:05.507 20742 20185 I SleepRollupWorker: WAKE_NONE date=2025-10-01 reason=No UNLOCK in [04:00–00:00) that survives 20s
10-01 11:02:05.514 20742 20185 I SleepRollupWorker: Sleep 2025-10-01 -> sleep=- wake=- hours=0.00 quality=NO_MORNING_WAKE
10-01 11:02:05.523 20742 20185 I SleepRollupWorker: Sleep backfill_days=30 processed=31 wrote=8 last="Sleep 2025-10-01 -> sleep=- wake=- hours=0.00 quality=NO_MORNING_WAKE"
10-01 11:02:05.527 20742 20758 I WM-WorkerWrapper: Worker result SUCCESS for Work [ id=60ec6f86-a561-4a92-ba40-a36f8fd3eda1, tags={ com.nick.myrecoverytracker.SleepRollupWorker, SleepRollup } ]
10-01 11:02:05.858 14791 14795 I pixel-thermal: disp_therm:27.476 raw data: disp_therm:27476 
10-01 11:02:05.865 14791 14795 I pixel-thermal: btmspkr_therm:27.408 raw data: btmspkr_therm:27408 
10-01 11:02:06.306  1463  2067 D BackgroundInstallControlService: Package event received: 0
10-01 11:02:06.307  1463  2067 D BackgroundInstallControlService: Package event received: 0
10-01 11:02:06.307  1463  2067 D BackgroundInstallControlService: Package event received: 0
10-01 11:02:06.310  1463  2067 D BackgroundInstallControlService: Package event received: 0
10-01 11:02:06.398 14840 14844 E gcblocker: too long GC blocking: 8
10-01 11:02:06.398 14840 14844 E gcblocker: gc block end, 684106639,101
10-01 11:02:06.489  1203  1203 D AOC     : F1:MSG: hotword_input_processor.cc, 2022: Music detected @frame at 55680 ms.
10-01 11:02:06.489  1203  1203 D AOC     : F1:MSG: hotword_input_processor.cc, 2030:   Payload buffer:
10-01 11:02:06.489  1203  1203 D AOC     : pos_music,val:22396
10-01 11:02:06.489  1203  1203 D AOC     : F1:MSG: hotword_input_processor.cc, 2039: Music detection event sent to host
10-01 11:02:06.489  1203  1203 D AOC     : F1:TRC: hotword_input_processor.cc, 1008: Receive cmd: 0x6d (109)
10-01 11:02:06.513   868  1632 I StHal::SoundTriggerHal: ControlThreadLoop: read trigger event with model type: 2
10-01 11:02:06.513   868  1632 I StHal::SoundTriggerHal: ControlThreadLoop: received AmbientMusic recognition with payload: pos_music,val:22396
10-01 11:02:06.514   868  1632 I StHal::Client: ChangeStateTo: client 1 transits from StartDetecting to CallbackProcessing
10-01 11:02:06.516  1203  1203 D AOC     : F1:TRC: hotword_input_processor.cc, 1504: Finished cmd: 0x6d (109)
10-01 11:02:06.518  1463  2067 D BackgroundInstallControlService: Package event received: 0
10-01 11:02:06.520  1463  3749 I SoundTriggerMiddlewareLogging: RECOGNITION (1, RecognitionEventSys{recognitionEvent: RecognitionEvent{status: 0, type: 1, captureAvailable: true, captureDelayMs: 0, capturePreambleMs: 0, triggerInData: false, audioConfig: AudioConfig{base: AudioConfigBase{sampleRate: 16000, channelMask: AudioChannelLayout.layoutMask(1), format: AudioFormatDescription{type: 1, pcm: 1, encoding: }}, offloadInfo: AudioOffloadInfo{base: AudioConfigBase{sampleRate: 0, channelMask: AudioChannelLayout.none(0), format: AudioFormatDescription{type: 0, pcm: 0, encoding: }}, streamType: -2, bitRatePerSecond: 0, durationUs: 0, hasVideo: false, isStreaming: false, bitWidth: 16, offloadBufferSize: 0, usage: -1, encapsulationMode: -1, contentId: 0, syncId: 0}, frameCount: 0}, data: [112, 111, 115, 95, 109, 117, 115, 105, 99, 44, 118, 97, 108, 58, 50, 50, 51, 57, 54], recognitionStillActive: false}, halEventReceivedMillis: 1128070117258867, token: android.os.Binder@83088e0}, 131881)
10-01 11:02:06.530  1463  1463 V SoundTriggerService: 9f6ad62a-1f0b-11e7-87c5-40a8f03d3f15: onServiceConnected(android.os.BinderProxy@6a1de3d)
10-01 11:02:06.531  1463  1463 V SoundTriggerService: 9f6ad62a-1f0b-11e7-87c5-40a8f03d3f15: runOp 0
10-01 11:02:06.534  3643  3643 I AmbientMusicDetector: (REDACTED) Received music trigger: '%s'
10-01 11:02:06.537  3643  3643 I AmbientMusicDetector: Running on-device song recognition.
10-01 11:02:06.537  3643  3643 I AudioBufferManager: Creating AudioRecord accessing DSP audio.
10-01 11:02:06.541   933  2249 D DeviceHalAidl: [default] openInputStream: handle: 39542 devices 80000004 flags 2 mixPortHalId 1004
10-01 11:02:06.541   933  2249 D Hal2AidlMapper: [default] prepareToOpenStream: handle 39542, mixPortHalId 1004, device AudioDevice{type: AudioDeviceDescription{type: IN_MICROPHONE, connection: }, address: AudioDeviceAddress{id: bottom}}, flags AudioIoFlags{input: 2}, source HOTWORD, config AudioConfig{base: AudioConfigBase{sampleRate: 16000, channelMask: AudioChannelLayout{layoutMask: 1}, format: AudioFormatDescription{type: PCM, pcm: INT_16_BIT, encoding: }}, offloadInfo: AudioOffloadInfo{base: AudioConfigBase{sampleRate: 0, channelMask: AudioChannelLayout{none: 0}, format: AudioFormatDescription{type: DEFAULT, pcm: DEFAULT, encoding: }}, streamType: VOICE_CALL, bitRatePerSecond: 0, durationUs: 0, hasVideo: false, isStreaming: false, bitWidth: 16, offloadBufferSize: 0, usage: UNKNOWN, encapsulationMode: NONE, contentId: 0, syncId: 0}, frameCount: 0}, mixport config AudioPortConfig{id: 0, portId: 0, sampleRate: (null), channelMask: (null), format: (null), gain: (null), flags: (null), ext: AudioPortExt{unspecified: false}}
10-01 11:02:06.542   933  2249 D Hal2AidlMapper: [default] resetPortConfig: AudioPortConfig{id: 406040, portId: 1004, sampleRate: Int{value: 16000}, channelMask: AudioChannelLayout{layoutMask: 1}, format: AudioFormatDescription{type: PCM, pcm: INT_16_BIT, encoding: }, gain: (null), flags: AudioIoFlags{input: 2}, ext: AudioPortExt{mix: AudioPortMixExt{handle: 39534, usecase: AudioPortMixExtUseCase{source: HOTWORD}, maxOpenStreamCount: 0, maxActiveStreamCount: 0, recommendedMuteDurationMs: 0}}}
10-01 11:02:06.542   868   989 I ASvc::Module: resetAudioPortConfig: port config id = 406040
10-01 11:02:06.543   868   989 I ASvc::Module: setAudioPortConfig: requested = AudioPortConfig{id: 101001, portId: 101001, sampleRate: Int{value: 16000}, channelMask: AudioChannelLayout{layoutMask: 1}, format: AudioFormatDescription{type: PCM, pcm: INT_16_BIT, encoding: }, gain: (null), flags: AudioIoFlags{input: 0}, ext: AudioPortExt{device: AudioPortDeviceExt{device: AudioDevice{type: AudioDeviceDescription{type: IN_MICROPHONE, connection: }, address: AudioDeviceAddress{id: bottom}}, flags: 1, encodedFormats: [], encapsulationModes: 0, encapsulationMetadataTypes: 0, speakerLayout: (null)}}}
10-01 11:02:06.543   868   989 I ASvc::Module: setAudioPortConfig: requested = AudioPortConfig{id: 101001, portId: 101001, sampleRate: Int{value: 48000}, channelMask: AudioChannelLayout{layoutMask: 1}, format: AudioFormatDescription{type: PCM, pcm: INT_16_BIT, encoding: }, gain: (null), flags: AudioIoFlags{input: 0}, ext: AudioPortExt{device: AudioPortDeviceExt{device: AudioDevice{type: AudioDeviceDescription{type: IN_MICROPHONE, connection: }, address: AudioDeviceAddress{id: bottom}}, flags: 1, encodedFormats: [], encapsulationModes: 0, encapsulationMetadataTypes: 0, speakerLayout: (null)}}}
10-01 11:02:06.543   868   989 I AHal::PortRouteManager: UpdatePortConfiguration: update config 101001 on microphones/101001
10-01 11:02:06.544   868   989 I ASvc::Module: setAudioPortConfig: requested = AudioPortConfig{id: 0, portId: 1004, sampleRate: Int{value: 16000}, channelMask: AudioChannelLayout{layoutMask: 1}, format: AudioFormatDescription{type: PCM, pcm: INT_16_BIT, encoding: }, gain: (null), flags: AudioIoFlags{input: 2}, ext: AudioPortExt{mix: AudioPortMixExt{handle: 39542, usecase: AudioPortMixExtUseCase{source: HOTWORD}, maxOpenStreamCount: 0, maxActiveStreamCount: 0, recommendedMuteDurationMs: 0}}}
10-01 11:02:06.544   868   989 I AHal::PortRouteManager: AddPortConfiguration: add config 406041 on sound-trigger-capture/1004
10-01 11:02:06.544   868   989 I AHal::PortRouteManager: UpdateOrAddPatch: add patch 5624, AudioPatch{id: 5624, source: [101001/101001: microphones], sink: [406041/1004: sound-trigger-capture], min frames: 1024, latencies: [64]}
10-01 11:02:06.544   868   989 I AHal::Router: InvalidateLocked: nothing change between graph #49879 and #49880
10-01 11:02:06.544   868   989 I ASvc::Module: openInputStream: open input stream on the port config 406041, bufferSizeFrames = 1024, sinkMetadata = SinkMetadata{tracks: [RecordTrackMetadata{source: HOTWORD, gain: 1.000000, destinationDevice: (null), channelMask: AudioChannelLayout{layoutMask: 1}, tags: []}]}
10-01 11:02:06.545   868   989 I ASvc::Queues: InitializeMessageQueues: data queue size 2048 bytes
10-01 11:02:06.546   868   989 D ASvc::Queues: FillStreamDescriptor: StreamDescriptor{command: MQDescriptor{grantors: [GrantorDescriptor{fdIndex: 0, offset: 0, extent: 8}, GrantorDescriptor{fdIndex: 0, offset: 8, extent: 8}, GrantorDescriptor{fdIndex: 0, offset: 16, extent: 8}, GrantorDescriptor{fdIndex: 0, offset: 24, extent: 4}], handle: NativeHandle{fds: [fd:41], ints: []}, quantum: 8, flags: 1}, reply: MQDescriptor{grantors: [GrantorDescriptor{fdIndex: 0, offset: 0, extent: 8}, GrantorDescriptor{fdIndex: 0, offset: 8, extent: 8}, GrantorDescriptor{fdIndex: 0, offset: 16, extent: 56}, GrantorDescriptor{fdIndex: 0, offset: 72, extent: 4}], handle: NativeHandle{fds: [fd:42], ints: []}, quantum: 56, flags: 1}, frameSizeBytes: 2, bufferSizeFrames: 1024, audio: AudioBuffer{fmq: MQDescriptor{grantors: [GrantorDescriptor{fdIndex: 0, offset: 0, extent: 8}, GrantorDescriptor{fdIndex: 0, offset: 8, extent: 8}, GrantorDescriptor{fdIndex: 0, offset: 16, extent: 2048}, GrantorDescriptor{fdIndex: 0, offset: 2064, extent: 4}], handle: NativeHandle{fds: [fd:43], ints: []}, quantum: 1, flags: 1}}}
10-01 11:02:06.547   868 14426 I AUtl::Worker: Loop: pw-sound-trigger-capture started
10-01 11:02:06.549   868 14427 I AUtl::Worker: Loop: cw-sound-trigger-capture started
10-01 11:02:06.549   868   989 I AHal::GainPcmProcessor: SetVolume: target gain: 1, current gain: 1
10-01 11:02:06.549   868   989 I ASvc::Module: openInputStream: create sound-trigger-capture(0xb4000070ee2ca3b0)
10-01 11:02:06.551   933  2249 D StreamHalAidl: [in|ioHandle:39542] StreamHalAidl
10-01 11:02:06.551   933  2249 D StreamHalAidl: [in|ioHandle:39542] getAudioProperties
10-01 11:02:06.551   868   989 I ASvc::StreamCommonImpl: setVendorParameters: parameter = [VendorParameter{id: aosp.createMmapBuffer, ext: AParcelableHolder}]
10-01 11:02:06.551   933  2249 D StreamHalAidl: [in|ioHandle:39542] getFrameSize
10-01 11:02:06.552   933  2249 D StreamHalAidl: [in|ioHandle:39542] getAudioProperties
10-01 11:02:06.552   933  2249 D StreamHalAidl: [in|ioHandle:39542] getAudioProperties
10-01 11:02:06.552   933  2249 D StreamHalAidl: [in|ioHandle:39542] getBufferSize
10-01 11:02:06.552   933  2249 I StreamHalAidl: [in|ioHandle:39542] getBufferSize: size: 2048
10-01 11:02:06.552   933  2249 D StreamHalAidl: [in|ioHandle:39542] getBufferSize
10-01 11:02:06.552   933  2249 I StreamHalAidl: [in|ioHandle:39542] getBufferSize: size: 2048
10-01 11:02:06.552   933  2249 D StreamHalAidl: [in|ioHandle:39542] getAudioProperties
10-01 11:02:06.554   933 14428 I AudioFlinger: AudioFlinger's thread 0xb4000079ef8dba68 tid=14428 ready to run
10-01 11:02:06.554   933 14428 D StreamHalAidl: [in|ioHandle:39542] standby
10-01 11:02:06.555   933 14428 D StreamHalAidl: [in|ioHandle:39542] standby
10-01 11:02:06.572   933 14428 D DeviceHalAidl: [default] createAudioPatch: sources: 1 sinks 1
10-01 11:02:06.574   933 14428 D Hal2AidlMapper: [default] createOrUpdatePatch: patch ID: 0, [disregard IDs] sources: [AudioPortConfig{id: 21, portId: 0, sampleRate: Int{value: 48000}, channelMask: AudioChannelLayout{indexMask: 15}, format: AudioFormatDescription{type: PCM, pcm: INT_16_BIT, encoding: }, gain: (null), flags: (null), ext: AudioPortExt{device: AudioPortDeviceExt{device: AudioDevice{type: AudioDeviceDescription{type: IN_MICROPHONE, connection: }, address: AudioDeviceAddress{id: bottom}}, flags: 0, encodedFormats: [], encapsulationModes: 0, encapsulationMetadataTypes: 0, speakerLayout: (null)}}}], sinks: [AudioPortConfig{id: 27011, portId: 0, sampleRate: Int{value: 16000}, channelMask: AudioChannelLayout{layoutMask: 1}, format: AudioFormatDescription{type: PCM, pcm: INT_16_BIT, encoding: }, gain: (null), flags: AudioIoFlags{input: 2}, ext: AudioPortExt{mix: AudioPortMixExt{handle: 39542, usecase: AudioPortMixExtUseCase{source: HOTWORD}, maxOpenStreamCount: 0, maxActiveStreamCount: 0, recommendedMuteDurationMs: 0}}}]
10-01 11:02:06.575   868  1652 I ASvc::Module: setAudioPortConfig: requested = AudioPortConfig{id: 101001, portId: 101001, sampleRate: Int{value: 48000}, channelMask: AudioChannelLayout{indexMask: 15}, format: AudioFormatDescription{type: PCM, pcm: INT_16_BIT, encoding: }, gain: (null), flags: AudioIoFlags{input: 0}, ext: AudioPortExt{device: AudioPortDeviceExt{device: AudioDevice{type: AudioDeviceDescription{type: IN_MICROPHONE, connection: }, address: AudioDeviceAddress{id: bottom}}, flags: 1, encodedFormats: [], encapsulationModes: 0, encapsulationMetadataTypes: 0, speakerLayout: (null)}}}
10-01 11:02:06.575   868  1652 I ASvc::Module: setAudioPortConfig: requested = AudioPortConfig{id: 101001, portId: 101001, sampleRate: Int{value: 48000}, channelMask: AudioChannelLayout{layoutMask: 1}, format: AudioFormatDescription{type: PCM, pcm: INT_16_BIT, encoding: }, gain: (null), flags: AudioIoFlags{input: 0}, ext: AudioPortExt{device: AudioPortDeviceExt{device: AudioDevice{type: AudioDeviceDescription{type: IN_MICROPHONE, connection: }, address: AudioDeviceAddress{id: bottom}}, flags: 1, encodedFormats: [], encapsulationModes: 0, encapsulationMetadataTypes: 0, speakerLayout: (null)}}}
10-01 11:02:06.575   868  1652 I AHal::PortRouteManager: UpdatePortConfiguration: update config 101001 on microphones/101001
10-01 11:02:06.575   933 14428 I Hal2AidlMapper: [default] createOrUpdatePatch: Updating transient patch. Current: AudioPatch{id: 5624, sourcePortConfigIds: [101001], sinkPortConfigIds: [406041], minimumStreamBufferSizeFrames: 1024, latenciesMs: [64]}, new: AudioPatch{id: 5624, sourcePortConfigIds: [101001], sinkPortConfigIds: [406041], minimumStreamBufferSizeFrames: 0, latenciesMs: []}
10-01 11:02:06.575   868  1652 I AHal::PortRouteManager: UpdateOrAddPatch: update patch 5624, AudioPatch{id: 5624, source: [101001/101001: microphones], sink: [406041/1004: sound-trigger-capture], min frames: 1024, latencies: [64]}
10-01 11:02:06.575   868  1652 I AHal::Router: InvalidateLocked: nothing change between graph #49880 and #49881
10-01 11:02:06.579   868  1652 D AHal::UseCase: SetActiveTracks: update sound-trigger-capture active tracks(1)
10-01 11:02:06.583   868  1652 I ASvc::StreamIn: setMicrophoneDirection (sound-trigger-capture) : direction = UNSPECIFIED
10-01 11:02:06.584   868  1652 I ASvc::StreamIn: setMicrophoneFieldDimension (sound-trigger-capture) : zoom = 0
10-01 11:02:06.591  1463  3751 I AudioService.RecordingActivityMonitor: rec update riid:128319 uid:10136 session:131881 src:HOTWORD not silenced pack:com.google.android.as
10-01 11:02:06.592   868 14427 I ASvc::StreamInSyncStates: cw-sound-trigger-capture: Command{start: Void{}} in StreamInStandbyState
10-01 11:02:06.592   868 14427 I ASvc::CommandWorker: StartStreamAndActivateRoute: try to start sound-trigger-capture, counter 5
10-01 11:02:06.593   868 14427 I AHal::Router: Activate: activate 406041 without a scoped lock
10-01 11:02:06.593   868 14427 I AHal::RoutingGraphBuilder: ApplyDeviceRoutingWorkaround: WA4 - replace with sound-trigger microphones for sound-trigger use cases
10-01 11:02:06.593   868 14427 I AHal::Router: InvalidateLocked: new graph #49882 Edges(1):
10-01 11:02:06.593   868 14427 I AHal::Router:   [direction: 1, use case: sound-trigger-capture, id: 0, use case extras: [aec: false, ns: false], use case attributes: [active track: true][sample_rate: 16000][channel layout: AudioChannelLayout{layoutMask: 1}][format: AudioFormatDescription{type: PCM, pcm: INT_16_BIT, encoding: }], device: sound-trigger-microphones, sibling device: , handle: 0xb4000070fe280110, device extras: [source: HOTWORD, voice call: false, st aec: false, hac: false, sr: 16000, ch: AudioChannelLayout{layoutMask: 3}, f: AudioFormatDescription{type: PCM, pcm: INT_16_BIT, encoding: }, hifi: 0], config id: [u: 406041, d:101011], priority: 0002]
10-01 11:02:06.593   868 14427 I AHal::Router: InvalidateLocked: ============ apply graph #49882 [Wed Oct  1 11:02:06 2025] start ============
10-01 11:02:06.593   868 14427 I AHal::Router: LogTransferring: Transferring (1):
10-01 11:02:06.593   868 14427 I AHal::Router: LogTransferring:   (null) => sound-trigger-microphones -> sound-trigger-capture-0
10-01 11:02:06.593   868 14427 I AHal::Router: Configure: config device sound-trigger-microphones -> sound-trigger-capture-0
10-01 11:02:06.593   868 14427 I AHal::VoiceCall: Update: reset echo reference device
10-01 11:02:06.594   868 14427 D audio_route: Apply path: sound-trigger-microphones -> sound-trigger-capture-0
10-01 11:02:06.594   868 14427 I AHal::AudioRoutePathController: ApplyPath: sound-trigger-microphones -> sound-trigger-capture-0: true
10-01 11:02:06.594   868 14427 I AHal::DeviceInterface: Connect: connect sound-trigger-microphones -> sound-trigger-capture-0
10-01 11:02:06.594   868 14427 I AHal::Router: InvalidateLocked: ============ apply graph #49882 end ============
10-01 11:02:06.594   868 14427 I ASvc::PeriodicWorker: SetLinkedConfigIds: update linked configs [101011]
10-01 11:02:06.594   868 14427 D BTAudioSessionAidl: UpdateSourceMetadata - SessionType=LE_AUDIO_HARDWARE_OFFLOAD_ENCODING_DATAPATH has NO session
10-01 11:02:06.594   868 14427 D BTAudioSessionAidl: UpdateSinkMetadata - SessionType=LE_AUDIO_HARDWARE_OFFLOAD_DECODING_DATAPATH has NO session
10-01 11:02:06.594   868 14427 I AHal::Stream: Start: start stream sound-trigger-capture
10-01 11:02:06.594   868 14427 I StHal::Client: ChangeStateTo: client 1 transits from CallbackProcessing to Buffering
10-01 11:02:06.594   868 14427 I StHal::SoundTriggerDriverOperations: Start: io_handle 39542, with engine type: 2
10-01 11:02:06.594   868 14427 I ASvc::StreamInSyncStates: cw-sound-trigger-capture: Command{burst: 2048} in StreamInIdleState
10-01 11:02:06.619  3643  5092 I AudioBufferManager: (REDACTED) %s: Audio recording finished, got %s samples.
10-01 11:02:06.620  3643  4991 I AmbientMusicDetector: (REDACTED) Received music trigger with last-matched track ID '%d'  (%s) from shard '%s'
10-01 11:02:06.620  3643  4991 I NnfpMusicRecognizer: (REDACTED) SoundSearch FP fallback configuration: AutoOnDemand: %b SoSe Fps: %b
10-01 11:02:06.748   933 14428 D StreamHalAidl: [in|ioHandle:39542] standby
10-01 11:02:06.748   933 14428 D StreamHalAidl: [in|ioHandle:39542] pause
10-01 11:02:06.748   933 14428 D StreamHalAidl: [in|ioHandle:39542] flush
10-01 11:02:06.748   868 14427 I ASvc::StreamInSyncStates: cw-sound-trigger-capture: Command{flush: Void{}} in StreamInPausedState
10-01 11:02:06.748   868 14427 I AHal::Stream: Stop: stop stream sound-trigger-capture
10-01 11:02:06.748   868 14427 I StHal::SoundTriggerDriverOperations: Stop: io_handle 39542
10-01 11:02:06.749   868 14427 I AHal::Router: Deactivate: deactivate 406041
10-01 11:02:06.749   868 14427 I AHal::Router: InvalidateLocked: new graph #49883 Edges(0):
10-01 11:02:06.749   868 14427 I AHal::Router: InvalidateLocked: ============ apply graph #49883 [Wed Oct  1 11:02:06 2025] start ============
10-01 11:02:06.749   868 14427 I AHal::DeviceInterface: Disconnect: disconnect sound-trigger-microphones -> sound-trigger-capture-0
10-01 11:02:06.749   868 14427 I AHal::AudioRoutePathController: ResetPath: sound-trigger-microphones -> sound-trigger-capture-0: true
10-01 11:02:06.749   868 14427 I AHal::Router: LogTransferring: Transferring (1):
10-01 11:02:06.749   868 14427 I AHal::Router: LogTransferring:   sound-trigger-microphones -> sound-trigger-capture-0 => (null)
10-01 11:02:06.749   868 14427 I AHal::VoiceCall: Update: reset echo reference device
10-01 11:02:06.749   868 14427 I AHal::Router: InvalidateLocked: ============ apply graph #49883 end ============
10-01 11:02:06.749   868 14427 I ASvc::PeriodicWorker: SetLinkedConfigIds: update linked configs []
10-01 11:02:06.749   868 14427 D BTAudioSessionAidl: UpdateSourceMetadata - SessionType=LE_AUDIO_HARDWARE_OFFLOAD_ENCODING_DATAPATH has NO session
10-01 11:02:06.749   868 14427 D BTAudioSessionAidl: UpdateSinkMetadata - SessionType=LE_AUDIO_HARDWARE_OFFLOAD_DECODING_DATAPATH has NO session
10-01 11:02:06.752   933 14428 D DeviceHalAidl: [default] releaseAudioPatch: patch: 5624
10-01 11:02:06.752   933 14428 D Hal2AidlMapper: [default] releaseAudioPatch: patchId 5624
10-01 11:02:06.752   868  1652 I ASvc::Module: resetAudioPatch: patch id = 5624
10-01 11:02:06.752   868  1652 I AHal::Router: InvalidateLocked: nothing change between graph #49883 and #49884
10-01 11:02:06.773   933 27798 D StreamHalAidl: [in|ioHandle:39542] dump
10-01 11:02:06.778  3643  4991 I OnDemandManagerImpl: (REDACTED) Not showing eager ondemand note for music score %s (showing result: %b).
10-01 11:02:06.783   933 27798 D StreamHalAidl: [in|ioHandle:39542] ~StreamHalAidl
10-01 11:02:06.784   868   989 I ASvc::StreamCommonImpl: close (sound-trigger-capture) : closing sound-trigger-capture, on 406041
10-01 11:02:06.784   868 14427 I ASvc::CommandWorker: cw-sound-trigger-capture: exit command form HAL
10-01 11:02:06.784   868 14427 I AUtl::Worker: Loop: cw-sound-trigger-capture thread exit
10-01 11:02:06.785   868 14426 I AUtl::Worker: Loop: pw-sound-trigger-capture thread exit
