09-27 13:51:41.828   868  3001 D BTAudioSessionAidl: SetLatencyMode - SessionType=LE_AUDIO_HARDWARE_OFFLOAD_ENCODING_DATAPATH has NO session
09-27 13:51:41.828   868  3001 D BTAudioSessionAidl: GetSupportedLatencyModes - SessionType=A2DP_HARDWARE_OFFLOAD_ENCODING_DATAPATH has NO session
09-27 13:51:41.828   868  3001 D BTAudioSessionAidl: SetLatencyMode - SessionType=A2DP_HARDWARE_OFFLOAD_ENCODING_DATAPATH has NO session
09-27 13:51:41.830   868  3001 D AHal::UseCase: SetActiveTracks: update primary-playback active tracks(1)
09-27 13:51:41.830   868  3001 I StHal::SoundTriggerHal: ProcessStreamMetadata: active usage tracks: 0
09-27 13:51:41.830   868  3001 D BTAudioSessionAidl: UpdateSourceMetadata - SessionType=LE_AUDIO_HARDWARE_OFFLOAD_ENCODING_DATAPATH has NO session
09-27 13:51:41.830   868  3001 D BTAudioSessionAidl: GetSupportedLatencyModes - SessionType=LE_AUDIO_HARDWARE_OFFLOAD_ENCODING_DATAPATH has NO session
09-27 13:51:41.830   868  3001 D BTAudioSessionAidl: SetLatencyMode - SessionType=LE_AUDIO_HARDWARE_OFFLOAD_ENCODING_DATAPATH has NO session
09-27 13:51:41.830   868  3001 D BTAudioSessionAidl: GetSupportedLatencyModes - SessionType=A2DP_HARDWARE_OFFLOAD_ENCODING_DATAPATH has NO session
09-27 13:51:41.830   868  3001 D BTAudioSessionAidl: SetLatencyMode - SessionType=A2DP_HARDWARE_OFFLOAD_ENCODING_DATAPATH has NO session
09-27 13:51:41.830  1463  2544 W AS.PlaybackActivityMon: No piid assigned for invalid/internal port id 16846
09-27 13:51:41.830   868  1669 I ASvc::CommandWorker: cw-primary-playback: Command{start: Void{}} in StreamOutStandbyState
09-27 13:51:41.831   868  1669 I ASvc::CommandWorker: cw-primary-playback: Command{burst: 0} in StreamOutIdleState
09-27 13:51:41.831   868  1669 I ASvc::CommandWorker: StartStreamAndActivateRoute: try to start primary-playback, counter 5
09-27 13:51:41.831   868  1669 I AHal::Router: Activate: activate 400001 without a scoped lock
09-27 13:51:41.831   868  1669 I AHal::Router: InvalidateLocked: new graph #32238 Edges(1):
09-27 13:51:41.831   868  1669 I AHal::Router:   [direction: 0, use case: primary-playback, id: 0, use case extras: [aec: false, ns: false], use case attributes: [active track: true][sample_rate: 48000][channel layout: AudioChannelLayout{layoutMask: 3}][format: AudioFormatDescription{type: PCM, pcm: FLOAT_32_BIT, encoding: }], device: speaker, sibling device: , handle: 0xb4000070fe27ec10, device extras: [source: SYS_RESERVED_INVALID, voice call: false, st aec: false, hac: false, sr: 48000, ch: AudioChannelLayout{layoutMask: 3}, f: AudioFormatDescription{type: PCM, pcm: FLOAT_32_BIT, encoding: }, hifi: 0], config id: [u: 400001, d:100001], priority: 0000]
09-27 13:51:41.831   868  1669 I AHal::Router: InvalidateLocked: ============ apply graph #32238 [Sat Sep 27 13:51:41 2025] start ============
09-27 13:51:41.831   868  1669 I AHal::Router: LogTransferring: Transferring (1):
09-27 13:51:41.831   868  1669 I AHal::Router: LogTransferring:   (null) => primary-playback-0 -> speaker
09-27 13:51:41.831   868  1669 I AHal::Router: Configure: config device primary-playback-0 -> speaker
09-27 13:51:41.831   868  1669 I AHal::Router: UpdateDeviceInterfaceSettings: commit device-speaker
09-27 13:51:41.831   868  1669 I AHal::PlaybackThermalThrottleByTemperature: Update Temperature: kIdle to kOnce
09-27 13:51:41.831   868  1630 I AHal::BatteryAdaptiveAudio: ProcessPlaybackTunerControl: update playback tuner with Disabled
09-27 13:51:41.831   868  1669 I AHal::VoiceCall: Update: set echo reference on speaker for primary-playback
09-27 13:51:41.831   868  1669 I AHal::Speaker: Enable: speaker
09-27 13:51:41.831   868  1669 D audio_route: Apply path: hostless-ulC spk-vi
09-27 13:51:41.832   868  1669 I AHal::AudioRoutePathController: ApplyPath: hostless-ulC spk-vi: true
09-27 13:51:41.832   868  1669 D AHal::TinyalsaDriverOperations: OpenAndPrepareLocked: open pcmC0D15c with [channel: 2, rate: 48000, period_size: 480, period_count: 2, format: 0, start_threshold: 0, stop_threshold: 24000, silence_threshold: 0, silence_size: 0, avail_min: 0]
09-27 13:51:41.833 14791 14791 I pixel-thermal: VIRTUAL-USB-UI:0 raw data: USB-MINUS-CHARGER:-3294 VIRTUAL-USB-UI:0 charging_therm:33130 usb_pwr_therm:29836 
09-27 13:51:41.834 14791 14791 I pixel-thermal: VIRTUAL-USB-THROTTLING:0 raw data: USB-MINUS-CHARGER:-3294 VIRTUAL-USB-THROTTLING:0 usb_pwr_therm:29836 
09-27 13:51:41.834 14791 14791 I pixel-thermal: VIRTUAL-SKIN-CHARGE-WLC:30.8539 raw data: VIRTUAL-SKIN-CHARGE-WLC:30853.9 charging_therm:33130 soc_therm:33286 usb_pwr_therm:29836 
09-27 13:51:41.834 14791 14791 I pixel-thermal: quiet_therm:32.106 raw data: quiet_therm:32106 
09-27 13:51:41.835 14791 14791 I pixel-thermal: VIRTUAL-SKIN-CHARGE:30.5956 raw data: VIRTUAL-SKIN-CHARGE:30595.6 VIRTUAL-SKIN-CHARGE-SUB-0:30209.5 VIRTUAL-SKIN-CHARGE-SUB-1:30595.6 btmspkr_therm:29747 charging_therm:33130 disp_therm:30125 north_therm:32106 quiet_therm:32106 rfpa_therm:32262 soc_therm:33286 usb_pwr_therm:29836 
09-27 13:51:41.835 14791 14791 I pixel-thermal: usb_pwr_therm:29.836 raw data: usb_pwr_therm:29836 
09-27 13:51:41.835 14791 14791 I pixel-thermal: VIRTUAL-SKIN-SPEAKER-MODEL: model_input: [30000.00 29747.00 33130.00 30125.00 32106.00 32106.00 32262.00 33286.00 29836.00 ]
09-27 13:51:41.835 14791 14791 I native  : I0000 00:00:1758945101.835363   14791 thermal_tflite_wrapper.cc:261] ThermalTfliteInvoke
09-27 13:51:41.835 14791 14791 I pixel-thermal: VIRTUAL-SKIN-SPEAKER-MODEL: model_output: [29295.7 ]
09-27 13:51:41.835 14791 14791 I pixel-thermal: VIRTUAL-SKIN-SPEAKER-MODEL: predicted_value: [29295.7 ]
09-27 13:51:41.835 14791 14791 I pixel-thermal: cellular-emergency:30.7019 raw data: VIRTUAL-SKIN:30701.9 VIRTUAL-SKIN-LEGACY:31061.7 VIRTUAL-SKIN-LEGACY-MODEL-DIFF:360.092 VIRTUAL-SKIN-LEGACY-SHUTDOWN:0 VIRTUAL-SKIN-MODEL:30701.7 VIRTUAL-SKIN-MODEL-CLAMPED:30701.7 VIRTUAL-SKIN-MODEL-LEGACY-DIFF:-360.092 VIRTUAL-SKIN-MODEL-UPDATED:30701.9 VIRTUAL-SKIN-MODEL-UPPER-CLAMPED:30701.7 VIRTUAL-SKIN-SUB-0:29998.6 VIRTUAL-SKIN-SUB-1:30804 VIRTUAL-SKIN-SUB-2:30765.8 VIRTUAL-SKIN-SUB-3:31061.7 VIRTUAL-SKIN-SUB-4:30610.3 VT_LEGACY_WEIGHT:0 VT_MODEL_WEIGHT:1 battery:30000 btmspkr_therm:29747 cellular-emergency:30701.9 charging_therm:33130 disp_therm:30125 north_therm:32106 quiet_therm:32106 rfpa_therm:32262 soc_therm:33286 usb_pwr_therm:29836 
09-27 13:51:41.835 14791 14791 I pixel-thermal: VIRTUAL-SKIN-SPEAKER:29.2785 raw data: VIRTUAL-SKIN-SPEAKER:29278.5 VIRTUAL-SKIN-SPEAKER-MODEL:29295.7 
09-27 13:51:41.835 14791 14791 I pixel-thermal: VIRTUAL-SKIN-ODPM-MODEL: model_input: [32262.00 32106.00 33130.00 29836.00 29747.00 30125.00 32106.00 33286.00 30000.00 330.62 4.31 515.81 93.79 5.16 39.94 ]
09-27 13:51:41.835 14791 14791 I native  : I0000 00:00:1758945101.835713   14791 thermal_tflite_wrapper.cc:261] ThermalTfliteInvoke
09-27 13:51:41.835 14791 14791 I pixel-thermal: VIRTUAL-SKIN-ODPM-MODEL: model_output: [31240.8 ]
09-27 13:51:41.835 14791 14791 I pixel-thermal: VIRTUAL-SKIN-ODPM-MODEL: predicted_value: [31240.8 ]
09-27 13:51:41.835 14791 14791 I pixel-thermal: btmspkr_therm:29.747 raw data: btmspkr_therm:29747 
09-27 13:51:41.835 14791 14791 I pixel-thermal: CPU_THROTTLE_SEVERE:0 raw data: CPU_THROTTLE_SEVERE:0 
09-27 13:51:41.835 14791 14791 I pixel-thermal: VIRTUAL-SKIN:30.7019 raw data: VIRTUAL-SKIN:30701.9 
09-27 13:51:41.835 14791 14791 I pixel-thermal: CPU_THROTTLE_SEVERE:0 raw data: CPU_THROTTLE_SEVERE:0 
09-27 13:51:41.835 14791 14791 I pixel-thermal: VIRTUAL-SKIN-DISPLAY:30.7019 raw data: VIRTUAL-SKIN:30701.9 VIRTUAL-SKIN-DISPLAY:30701.9 
09-27 13:51:41.835 14791 14791 I pixel-thermal: soc:20 raw data: soc:20 
09-27 13:51:41.836 14791 14791 I pixel-thermal: rfpa_therm:32.262 raw data: rfpa_therm:32262 
09-27 13:51:41.836 14791 14791 I pixel-thermal: battery:30 raw data: battery:30000 
09-27 13:51:41.836 14791 14791 I pixel-thermal: BCL_AUDIO_BAACL:0 raw data: BCL_AUDIO_BAACL:0 battery:30000 soc:20 
09-27 13:51:41.836 14791 14791 I pixel-thermal: north_therm:32.106 raw data: north_therm:32106 
09-27 13:51:41.836 14791 14791 I pixel-thermal: charging_therm:33.13 raw data: charging_therm:33130 
09-27 13:51:41.836 14791 14791 I pixel-thermal: disp_therm:30.125 raw data: disp_therm:30125 
09-27 13:51:41.836 14791 14791 I pixel-thermal: soc_therm:33.286 raw data: soc_therm:33286 
09-27 13:51:41.836   868  1606 I AHal::Waves::CustomAction: operator(): update link law source: 1 value: 29.2785, 29.2785
09-27 13:51:41.850   868  1669 I AHal::AdaptedRouteControl: Update: update route from null to adapted-speaker
09-27 13:51:41.850   868  1669 D audio_route: Apply path: adapted-speaker
09-27 13:51:41.850   868  1669 I AHal::AudioRoutePathController: ApplyPath: adapted-speaker: true
09-27 13:51:41.850   868  1669 I AHal::Tas25xxCodec: SetDriverOpMode: mode is 3
09-27 13:51:41.851   868  1669 D AHal::Tas25xxCodec: SetDriverOpMode: success
09-27 13:51:41.851   868  1669 I AHal::Tas25xxCodec: TurnOnSpeakerProtection
09-27 13:51:41.851   868  1669 I AHal::Tas25xxCodec: SetLibraryMode: mode is 2
09-27 13:51:41.851  1203  1203 D AOC     : F1:MSG: controller.cc, 275: AudioOutCtrl: cmd ID: 0x00d2, tag: 0x8a [cntr = 25552]
09-27 13:51:41.852  1203  1203 D AOC     : F1:Prot: paramID = 20010f0e, index = 3854, size = 4, ch = 2
09-27 13:51:41.852  1203  1203 D AOC     : F1:Prot: op mode value: 3
09-27 13:51:41.852   868  1669 D audio_route: Apply path: speaker
09-27 13:51:41.853  1203  1203 D AOC     : F1:MSG: controller.cc, 919: AudioOutCtrl: ipc: audio_output_tu, cmd ID: 0x00d2, tag: 0x1d, rc: 0
09-27 13:51:41.853   868  1669 I AHal::AudioRoutePathController: ApplyPath: speaker: true
09-27 13:51:41.853   868  1669 D audio_route: Apply path: primary-playback-0 -> speaker
09-27 13:51:41.853  1203  1203 D AOC     : F1:MSG: controller.cc, 275: AudioOutCtrl: cmd ID: 0x00d1, tag: 0x8b [cntr = 25553]
09-27 13:51:41.854   868  1669 I AHal::AudioRoutePathController: ApplyPath: primary-playback-0 -> speaker: true
09-27 13:51:41.854   868  1669 I AHal::DeviceInterface: Connect: connect primary-playback-0 -> speaker
09-27 13:51:41.854   868  1669 I AHal::Waves: UpdateActiveDevices: adding speaker
09-27 13:51:41.854   868  1669 I AHal::Waves: UpdateTuning: Wake up Waves DSP for speaker
09-27 13:51:41.854  1203  1203 D AOC     : F1:Prot: set library_mode_: 2, algo_enabled_: 1
09-27 13:51:41.854   868  1669 I AHal::Waves::CustomAction: GetData: Custom Data: {2,0,1,0,}
09-27 13:51:41.854  1203  1203 D AOC     : F1:MSG: controller.cc, 919: AudioOutCtrl: ipc: audio_output_tu, cmd ID: 0x00d1, tag: 0x1e, rc: 0
09-27 13:51:41.854   868  1669 I AHal::Waves: UpdateTuning: successfully set link law data 1 29.2785 29.2785
09-27 13:51:41.854  1203  1203 D AOC     : F1:MSG: controller.cc, 275: AudioOutCtrl: cmd ID: 0x010f, tag: 0xbd [cntr = 25554]
09-27 13:51:41.855  1203  1203 D AOC     : F1:Source 1 [Primary] mastered by sink 0 [Speaker]
09-27 13:51:41.855  1203  1203 D AOC     : F1:AT Map:2 (LL:0), 1 EPs active, Power: Yes, Config: No
09-27 13:51:41.855  1203  1203 D AOC     : F1:Mixer 0 configuration changed: (2)
09-27 13:51:41.855  1203  1203 D AOC     : F1:Sink 0 Configuration changed: ULL (enabled)
09-27 13:51:41.856  1203  1203 D AOC     : F1:AHWSinkSPKR started: 48 samples (32-bit,2 ch,48 kHz) block 384 ts_en 0
09-27 13:51:41.856  1203  1203 D AOC     : F1:[SPKR] protection library mips: 160
09-27 13:51:41.856  1203  1203 D AOC     : F1:[AHWSinkSPKR] DL resync B: 2664, A:2664. wo: 5352, target offset: 2688 (align 168) -> ro:2688
09-27 13:51:41.856  1203  1203 D AOC     : F1:Speaker TDM Started with Clk: 6144 KHz, FS: 48 KHz, Slots: 4 (4 ch used) DMA:1+2
09-27 13:51:41.857  1203  1203 D AOC     : F1:[Idle Tracker] long no idle:[0] average between idle:[0.361131ms] max no idle:[68.096041ms]
09-27 13:51:41.857  1203  1203 D AOC     : F1:MSG: controller.cc, 919: AudioOutCtrl: ipc: audio_output_co, cmd ID: 0x010f, tag: 0xbd, rc: 0
09-27 13:51:41.857  1203  1203 D AOC     : F1:MSG: mix_creator.cc, 179: [AHWSinkSPKR] HF overrun. RP(0x80203100) not 3840 bytes behind WP(0x80202f80)
09-27 13:51:41.857  1203  1203 D AOC     : F1:MSG: controller.cc, 275: AudioOutCtrl: cmd ID: 0x00d5, tag: 0x8c [cntr = 25555]
09-27 13:51:41.858  1203  1203 D AOC     : H0:Mixer AMixSPKR: 480 samples (0002/0002) (ON SC) multi out OFF
09-27 13:51:41.858  1203  1203 D AOC     : H0:	 1: 0x406319c8
09-27 13:51:41.858  1203  1203 D AOC     : H0:AMixSPKR PostProcessing Config: WAVES
09-27 13:51:41.858  1203  1203 D AOC     : H0:Mixer configuration updated
09-27 13:51:41.858  1203  1203 D AOC     : H0:[Idle Tracker] long no idle:[9] average between idle:[4.245301ms] max no idle:[234.192416ms]
09-27 13:51:41.859  1203  1203 D AOC     : H0:Mixer state changed
09-27 13:51:41.859   868  1669 I AHal::AocPlaybackTuningAdapter: WriteReadTuningBuffer: updated tuning with size 12724
09-27 13:51:41.859  1203  1203 D AOC     : H0:MSG: controller.cc, 919: AudOutCtrlH0: ipc: C-AO-H0, cmd ID: 0x00d5, tag: 0xcc, rc: 0
09-27 13:51:41.859  1203  1203 D AOC     : F1:MSG: controller.cc, 919: AudioOutCtrl: ipc: audio_output_tu, cmd ID: 0x00d5, tag: 0xcc, rc: 0
09-27 13:51:41.860   868  1669 D AHal::Waves: UpdateTuning: update Device: speaker, InstanceId: 1, IsInitialize: false, NeedToUpdate: true, Parameters{is_bypass:false, MaxVolume: 0.0794288, ScreenOrientation: 0}, is_any_active_track_on_sink: true
09-27 13:51:41.860   868  1669 I AHal::Router: InvalidateLocked: ============ apply graph #32238 end ============
09-27 13:51:41.860   868  1669 I ASvc::PeriodicWorker: SetLinkedConfigIds: update linked configs [100001]
09-27 13:51:41.860   868  1669 D BTAudioSessionAidl: UpdateSourceMetadata - SessionType=LE_AUDIO_HARDWARE_OFFLOAD_ENCODING_DATAPATH has NO session
09-27 13:51:41.860   868  1669 D BTAudioSessionAidl: UpdateSinkMetadata - SessionType=LE_AUDIO_HARDWARE_OFFLOAD_DECODING_DATAPATH has NO session
09-27 13:51:41.860   868  1669 I AHal::Stream: Start: start stream primary-playback
09-27 13:51:41.860   868  1669 D AHal::TinyalsaDriverOperations: OpenAndPrepareLocked: open pcmC0D1p with [channel: 2, rate: 48000, period_size: 480, period_count: 4, format: 9, start_threshold: 0, stop_threshold: 18446744073709551615, silence_threshold: 0, silence_size: 0, avail_min: 0]
09-27 13:51:41.863 18036 18036 D ImeBackDispatcher: switch root view (mImeCallbacks.size=1)
09-27 13:51:41.863 18036 18036 D WindowOnBackDispatcher: setTopOnBackInvokedCallback (unwrapped): android.view.ViewRootImpl$$ExternalSyntheticLambda12@8f1f77e
09-27 13:51:41.864 18036 18036 D WindowOnBackDispatcher: setTopOnBackInvokedCallback (unwrapped): android.view.ImeBackAnimationController@5a3a3b7
09-27 13:51:41.864  1463  3751 D CoreBackPreview: Window{340b369 u0 com.myfitnesspal.android/com.myfitnesspal.feature.search.ui.activity.FoodSearchActivityV2}: Setting back callback OnBackInvokedCallbackInfo{mCallback=android.window.IOnBackInvokedCallback$Stub$Proxy@b12fb96, mPriority=0, mIsAnimationCallback=false, mOverrideBehavior=0}
09-27 13:51:41.864  1463  3751 D CoreBackPreview: Window{6962c4b u0 PopupWindow:712fcfb}: Setting back callback OnBackInvokedCallbackInfo{mCallback=android.window.IOnBackInvokedCallback$Stub$Proxy@bc10317, mPriority=0, mIsAnimationCallback=true, mOverrideBehavior=0}
09-27 13:51:41.865  1463  1979 I ImeTracker: com.myfitnesspal.android:ffd77ffe: onRequestHide at ORIGIN_SERVER reason HIDE_WINDOW_GAINED_FOCUS_WITHOUT_EDITOR fromUser false
09-27 13:51:41.866 18036 18036 D InsetsController: hide(ime())
09-27 13:51:41.866 18036 18036 I ImeTracker: com.myfitnesspal.android:ffd77ffe: onCancelled at PHASE_CLIENT_ALREADY_HIDDEN
09-27 13:51:41.868 29060 29060 I GoogleInputMethodService: GoogleInputMethodService.onFinishInputView():1571 onFinishInputView(true)
09-27 13:51:41.868 29060 29060 I GlobeKeyExtension: GlobeKeyExtension.onDeactivate():144 
09-27 13:51:41.869 29060 29060 W TooltipLifecycleManager: TooltipLifecycleManager.dismissTooltips():153 Tooltip with id SUGGESTION_VIEW_EDU_MINI_DIALOG not found in tooltipManager.
09-27 13:51:41.869 29060 29060 I NgaExtension: NgaExtension.onDeactivate():579 NgaExtension#onDeactivate [SDG]
09-27 13:51:41.869 29060 29060 I HardKeyTracker: HardKeyTracker.unregisterKeySequence():221 Unregister key sequence nfz{labelResId=2132020502, callback=cgp@95a1c53, lastModifier=2, keyCodes=[32], actions=[0]}
09-27 13:51:41.869 29060 29060 I HardKeyTracker: HardKeyTracker.unregisterKeySequence():221 Unregister key sequence nfz{labelResId=2132020502, callback=cgp@d602aaf, lastModifier=0, keyCodes=[319], actions=[0]}
09-27 13:51:41.869 29060  3931 I NgaDataShareClient: NgaDataShareClient.sendCorrectionsAndEndSession():452 endDataPushSession() [SDG]
09-27 13:51:41.869 29060 29060 I HardKeyTracker: HardKeyTracker.registerKeySequence():170 Register key sequence nfz{labelResId=2132020502, callback=cgp@ece471a, lastModifier=2, keyCodes=[32], actions=[0]}
09-27 13:51:41.870 29060 29060 I HardKeyTracker: HardKeyTracker.registerKeySequence():170 Register key sequence nfz{labelResId=2132020502, callback=cgp@2c58541, lastModifier=0, keyCodes=[319], actions=[0]}
09-27 13:51:41.870 29060  3931 I NgaDataShareClient: NgaDataShareClient.sendCorrectionsList():460 sendCorrectionsList() [SDG]
09-27 13:51:41.870 29060  3931 I NgaDataShareClient: NgaDataShareClient.sendCorrectionsList():476 Replace DataShareService.shareCorrections with function call. [SDG]
09-27 13:51:41.870 29060  3931 I NgaDataShareClient: NgaDataShareClient.handleDataShareHelperTask():258 Replace DataShareService.shareCorrections with function call. [SDG]
09-27 13:51:41.870 29060  3932 I DataShareHelper: DataShareHelper.shareCorrections():25 shareCorrections() [SD]
09-27 13:51:41.870 29060  3931 W NotificationCenter: NotificationCenter.unregisterListener():480 Listener gef@77ca386 was not registered for notification class lva
09-27 13:51:41.870 29060 29060 I HardKeyTracker: HardKeyTracker.unregisterKeySequence():221 Unregister key sequence nfz{labelResId=2132020502, callback=cgp@fa31954, lastModifier=2, keyCodes=[32], actions=[0]}
09-27 13:51:41.870 29060  3931 W NotificationCenter: NotificationCenter.unregisterListener():480 Listener gee@988a447 was not registered for notification class lpt
09-27 13:51:41.871 29060 29060 I HardKeyTracker: HardKeyTracker.unregisterKeySequence():221 Unregister key sequence nfz{labelResId=2132020502, callback=cgp@9f2c043, lastModifier=0, keyCodes=[319], actions=[0]}
09-27 13:51:41.871 29060 29060 I HardKeyTracker: HardKeyTracker.registerKeySequence():170 Register key sequence nfz{labelResId=2132020502, callback=cgp@fc49b79, lastModifier=2, keyCodes=[32], actions=[0]}
09-27 13:51:41.871 29060 29060 I HardKeyTracker: HardKeyTracker.registerKeySequence():170 Register key sequence nfz{labelResId=2132020502, callback=cgp@947f06c, lastModifier=0, keyCodes=[319], actions=[0]}
09-27 13:51:41.871 29060 29060 W NotificationCenter: NotificationCenter.unregisterListener():480 Listener gcx@5808129 was not registered for notification class lpt
09-27 13:51:41.872 29060  3930 I KeyboardEventHandler: KeyboardEventHandler.handleKeyboardVisibilityEvent():216 Handling KeyboardVisibilityEvent: KEYBOARD_CLOSED [SD]
09-27 13:51:41.872  1463  2544 I ImeTracker: system_server:3b89ff97: onRequestHide at ORIGIN_SERVER reason IME_REQUESTED_CHANGED_LISTENER fromUser false
09-27 13:51:41.873 29060 29060 I NgaVoiceInputHandler: NgaVoiceInputHandler.onDeactivateIme():293 VoiceInputHandler:deactivating [SDG]
09-27 13:51:41.873 29060 29060 W NotificationCenter: NotificationCenter.unregisterListener():480 Listener mqc@b32ccd was not registered for notification class mqd
09-27 13:51:41.873 29060 29060 W SmartEdit: SmartEdit.setGenAiVoiceEditManager():849 Cannot set LC UI delegate: promotionManager is null
09-27 13:51:41.873 29060 29060 I SmartEdit: SmartEdit.unloadModels():146 SmartEdit: unloading models [SDG]
09-27 13:51:41.873 18036 18036 W RemoteInputConnectionImpl: requestCursorUpdates on inactive InputConnection
09-27 13:51:41.874 29060 29060 I NgaInputManager: NgaInputManager.onDeactivate():457 SmartEdit: unloading models false [SDG]
09-27 13:51:41.875 29060 29060 W TooltipLifecycleManager: TooltipLifecycleManager.dismissTooltips():153 Tooltip with id spell_check_add_to_dictionary not found in tooltipManager.
09-27 13:51:41.876  2122  2145 D WindowManagerShell: onKeepClearAreasChanged: restricted={}, unrestricted={}
09-27 13:51:41.876 29060 29060 I InputBundle: InputBundle.consumeEvent():1032 Skip consuming an event as keyboard status is INACTIVE
09-27 13:51:41.876  2870  3130 I twoshay.TouchContextService: Got new packet! ContextPacket{orientation: PORTRAIT, audioMode: NORMAL, adaptiveTouchSensitivity: ON, screenProtectorMode: OFF, imeState: ImeState{displayId: 0, visible: false, top: 0, left: 0, bottom: 0, right: 0}, audioDeviceInfo: TYPE_UNKNOWN}
09-27 13:51:41.879  1463  1703 D HintManagerService: Sent cleanup message for uid 10212
09-27 13:51:41.882 29060 29060 I AndroidIME: AbstractIme.onDeactivate():216 LatinIme.onDeactivate()
09-27 13:51:41.882  8188  8192 E gcblocker: too long GC blocking: 8
09-27 13:51:41.882  8188  8192 E gcblocker: gc block end, 497818355,100
09-27 13:51:41.883 29060  3840 W AutoCloseableReference: AutoCloseablePhantomReference.close():42 close() is invoked more than once
09-27 13:51:41.883 29060 29060 I GoogleInputMethodService: GoogleInputMethodService.onFinishInput():2085 
09-27 13:51:41.883 29060 29060 I Module  : DeviceLockedStatusModuleProvider$Module.updateDeviceLockedStatus():100 repeatCheckTimes = 0, locked = false
09-27 13:51:41.884 29060 29060 D ImeBackDispatcher: Send callback unregistration id=155500632
09-27 13:51:41.884 29060 29060 I GoogleInputMethodService: GoogleInputMethodService.onStartInput():1346 onStartInput(EditorInfo{EditorInfo{packageName=com.myfitnesspal.android, inputType=0, inputTypeString=NULL, enableLearning=false, autoCorrection=false, autoComplete=false, imeOptions=0, privateImeOptions=null, actionName=UNSPECIFIED, actionLabel=null, initialSelStart=-1, initialSelEnd=-1, initialCapsMode=0, label=null, fieldId=0, fieldName=null, extras=null, hintText=null, hintLocales=[]}}, false)
09-27 13:51:41.884 29060 29060 I Module  : DeviceLockedStatusModuleProvider$Module.updateDeviceLockedStatus():100 repeatCheckTimes = 1, locked = false
09-27 13:51:41.884  1463  2544 W PackageConfigPersister: App-specific configuration not found for packageName: com.myfitnesspal.android and userId: 0
09-27 13:51:41.885 29060 29060 I GoogleInputMethodService: GoogleInputMethodService.onStartInputView():1439 onStartInputView(EditorInfo{EditorInfo{packageName=com.myfitnesspal.android, inputType=0, inputTypeString=NULL, enableLearning=false, autoCorrection=false, autoComplete=false, imeOptions=0, privateImeOptions=null, actionName=UNSPECIFIED, actionLabel=null, initialSelStart=-1, initialSelEnd=-1, initialCapsMode=0, label=null, fieldId=0, fieldName=null, extras=null, hintText=null, hintLocales=[]}}, false)
09-27 13:51:41.885 29060 29060 I KeyboardHeightUtil: KeyboardHeightUtil.getOemKeyboardHeightRatio():108 systemKeyboardHeightRatio:1.090000.
09-27 13:51:41.888 29060 29111 I NebulaeTrainingCacheMetricsProcessor: NebulaeTrainingCacheMetricsProcessor.processEndSession():550 No input action collection in this session, skip logging.
09-27 13:51:41.889 29060 29111 I OnDeviceWmrCalculator: OnDeviceWmrCalculator.calculateWmr():94 WMR: -1.0000 (0 / 0)
09-27 13:51:41.892 18036 18036 D ImeBackDispatcher: Unregister received callback id=155500632
09-27 13:51:41.892 18036 18036 D WindowOnBackDispatcher: setTopOnBackInvokedCallback (unwrapped): android.view.ViewRootImpl$$ExternalSyntheticLambda12@20a6dd7
09-27 13:51:41.893  1463  3751 D CoreBackPreview: Window{6962c4b u0 PopupWindow:712fcfb}: Setting back callback OnBackInvokedCallbackInfo{mCallback=android.window.IOnBackInvokedCallback$Stub$Proxy@68b3e0f, mPriority=0, mIsAnimationCallback=false, mOverrideBehavior=0}
09-27 13:51:41.893 29060 29060 I InputContextChangeTracker: InputContextChangeTracker.fixLyingSelectionRangeFromSurroundingText():1678 fixLyingSelectionRangeFromSurroundingText(): [-1, -1]([-1, -1]) -> [0, 0]([0, 0])
09-27 13:51:41.894 29060 29060 I AndroidIME: InputBundleManager.loadActiveInputBundleId():528 loadActiveInputBundleId: und-Latn-x-password, password
09-27 13:51:41.894 29060 29060 I AndroidIME: AbstractIme.onActivate():96 PasswordIme.onActivate() : EditorInfo = EditorInfo{packageName=com.myfitnesspal.android, inputType=0, inputTypeString=NULL, enableLearning=false, autoCorrection=false, autoComplete=false, imeOptions=0, privateImeOptions=null, actionName=UNSPECIFIED, actionLabel=null, initialSelStart=-1, initialSelEnd=-1, initialCapsMode=0, label=null, fieldId=0, fieldName=null, extras=null, hintText=null, hintLocales=[]}, IncognitoMode = false, DeviceLocked = false
09-27 13:51:41.894 29060 29060 I KeyboardWrapper: KeyboardWrapper.activateKeyboard():581 activateKeyboard(): type=prime, status=INACTIVE, imeDef=mkk{stringId=password, language=und-Latn-x-password, languageTag=und-Latn-x-password, processedConditions={writing_helper_enable_by_word_revert=false, enable_access_points_in_password_number=true, variant=qwerty, true=true, language=en-AU, enable_number_row=true, device=phone, enable_number_row_in_password=true}, className=com.google.android.libraries.inputmethod.ime.password.PasswordIme, label=2132019275, keyEventInterpreter=null, inlineComposing=true, autoCapital=true, announceAutoSelectedCandidate=true, statusIcon=0, indicatorIcon=0, indicatorLabel=null, displayAppCompletions=false, extraValues=mkd{}, processors=mmb@9d470fa, unacceptableMetaKeys=4098, languageSpecificSettings=0, asciiCapable=false, alwaysShowSuggestions=false, useAsciiPasswordKeyboard=false, keyboardGroupDef=mlk@40db447, phenotypeFlagId=0, localizationLanguageTag=null, supportsInlineSuggestion=false}
09-27 13:51:41.894 29060 29060 I KeyboardManager: KeyboardManager.requestKeyboard():248 Creating keyboard prime, imeId=password, cacheKey=theme,!gsf,!pgsf,!use_system_font,BORDER,FLAVOR_DPI=XXHDPI,GOOGLE_ICONS,IS_LIGHT,KEYBOARD_WIDTH_CATEGORY=NORMAL,KEY_BORDER_SHAPE=1,LIGHT_THEME=true,PHYSICAL_DIAGONAL=5.9895906,POPUP,SCREEN_SHORTEST_WIDTH=411,SCREEN_SHORTEST_WIDTH_NO_SCALE=411,SW400DP,XXHDPI,bottom4dp,enable_emoji_kitchen_browse_color_v2=true,enable_google_fonts_icons=true,enable_popup_on_keypress=true,keyboard_height_48_mm,noshadow,overlay_builtin_dynamic_color_light_base.binarypb:gm3-light-fff6faf8-ff1d6a63-13b580e58da4c9b7058031bdb51392e7,pgsans,roundedchip,silkpopup
09-27 13:51:41.895 29060 29060 I KeyboardWrapper: KeyboardWrapper.onKeyboardReady():224 onKeyboardReady(): type=prime(prime), kb=com.google.android.apps.inputmethod.latin.keyboard.LatinPasswordKeyboard@9cae656
09-27 13:51:41.895 29060 29060 I KeyboardWrapper: KeyboardWrapper.doActivateKeyboard():611 doActivateKeyboard(): prime
09-27 13:51:41.908  1203  1203 D AOC     : F1:MSG: controller.cc, 275: AudioOutCtrl: cmd ID: 0x00ce, tag: 0xbe [cntr = 25556]
09-27 13:51:41.908  1203  1203 D AOC     : F1:MSG: controller_audio_output.cc, 1971: audio_playback1 set default threshold 11520
09-27 13:51:41.908  1203  1203 D AOC     : F1:RAW Endpoint Data Format: 32-bit floating point (XTensa Optimized)
09-27 13:51:41.909  1463  1708 I ImeTracker: system_server:2c6a44ed: onRequestShow at ORIGIN_SERVER reason CONTROLS_CHANGED fromUser false
09-27 13:51:41.909  1203  1203 D AOC     : F1:MSG: controller.cc, 919: AudioOutCtrl: ipc: audio_output_co, cmd ID: 0x0132, tag: 0x00, rc: 0
09-27 13:51:41.909  1203  1203 D AOC     : F1:MSG: controller.cc, 275: AudioOutCtrl: cmd ID: 0x012a, tag: 0xbf [cntr = 25557]
09-27 13:51:41.909  1203  1203 D AOC     : F1:MSG: controller_audio_output.cc, 2110: audio_playback1 set threshold 11520 of 15360
09-27 13:51:41.910  1203  1203 D AOC     : F1:MSG: controller.cc, 919: AudioOutCtrl: ipc: audio_output_co, cmd ID: 0x012a, tag: 0xbf, rc: 0
09-27 13:51:41.910  1203  1203 D AOC     : F1:MSG: controller.cc, 275: AudioOutCtrl: cmd ID: 0x00c9, tag: 0xc0 [cntr = 25558]
09-27 13:51:41.910  1203  1203 D AOC     : F1:MSG: controller.cc, 919: AudioOutCtrl: ipc: audio_output_co, cmd ID: 0x00c9, tag: 0xc0, rc: 0
09-27 13:51:41.923 29060 29060 I KeyboardHeightUtil: KeyboardHeightUtil.calculateMaxKeyboardBodyHeight():50 leave 281 height for app when ime window height:2146, header height:126 and isFullscreenMode:false, so the max keyboard body height is:1739
09-27 13:51:41.924 29060 29060 W TooltipLifecycleManager: TooltipLifecycleManager.dismissTooltips():153 Tooltip with id undo_access_point_promotion_banner not found in tooltipManager.
09-27 13:51:41.927 29060 29060 I KeyboardModeUtils: KeyboardModeUtils.getKeyboardBottomOffset():435 inch: 0.350000 ydpi: 424.617004 adjustKeyboardBottomByDisplaySize: false currentDensityDpi: 420 defaultDensityDpi: 420 keyboardBottomToScreenPx: 148 keyboardBottomToNavBarPx: 22 navBarHeight: 126
09-27 13:51:41.927 29060 29060 I KeyboardHeightUtil: KeyboardHeightUtil.calculateMaxKeyboardBodyHeight():50 leave 281 height for app when ime window height:2146, header height:126 and isFullscreenMode:false, so the max keyboard body height is:1739
09-27 13:51:41.927 29060 29060 I KeyboardHeightUtil: KeyboardHeightUtil.calculateMaxKeyboardBodyHeight():50 leave 281 height for app when ime window height:2146, header height:126 and isFullscreenMode:false, so the max keyboard body height is:1739
09-27 13:51:41.927 29060 29060 I AndroidIME: KeyboardViewManager.updateKeyboardBodyViewHolderPaddingBottom():472 Set finalPaddingBottom = 22 while holderPaddingBottom = 22; navigationHeight = 126
09-27 13:51:41.927 29060 29060 I KeyboardHeightUtil: KeyboardHeightUtil.calculateMaxKeyboardBodyHeight():50 leave 281 height for app when ime window height:2146, header height:126 and isFullscreenMode:false, so the max keyboard body height is:1739
09-27 13:51:41.927 29060 29060 I KeyboardHeightUtil: KeyboardHeightUtil.calculateMaxKeyboardBodyHeight():50 leave 281 height for app when ime window height:2146, header height:126 and isFullscreenMode:false, so the max keyboard body height is:1739
09-27 13:51:41.927 29060 29060 I GlobeKeyExtension: GlobeKeyExtension.getKeyboardInitialStates():175 
09-27 13:51:41.927  1463  3745 I ImeTracker: system_server:2c6a44ed: onCancelled at PHASE_WM_SET_REMOTE_TARGET_IME_VISIBILITY
09-27 13:51:41.927 29060 29060 W Keyboard: Keyboard.getKeyboardViewHelper():609 null helper is returned: keyboardDef=mle{processedConditions={show_comma_key=true, enable_more_candidates_view_for_multilingual=false, layout_9key_split=false, enable_secondary_symbols=false, pref_enable_flick_symbols=false, language=en-AU, deprecate_long_press_space_for_ime_picker=false, show_suggestion_strip=true, expressions=normal, enable_access_points_in_password_number=true, enable_correction_settings_updates=true, enable_flick_symbols=true, variant=qwerty, show_period_key=true, enable_number_row=true, device=phone, keyboard_mode=normal, show_secondary_digits=false, enable_preemptive_decode=true, enable_pk_simulator=false, bottom_period_popup_slash=false}, globalConditions={global_theme_key=theme,!gsf,!pgsf,!use_system_font,BORDER,FLAVOR_DPI=XXHDPI,GOOGLE_ICONS,IS_LIGHT,KEYBOARD_WIDTH_CATEGORY=NORMAL,KEY_BORDER_SHAPE=1,LIGHT_THEME=true,PHYSICAL_DIAGONAL=5.9895906,POPUP,SCREEN_SHORTEST_WIDTH=411,SCREEN_SHORTEST_WIDTH_NO_SCALE=411,SW400DP,XXHDPI,bottom4dp,enable_emoji_kitchen_browse_color_v2=true,enable_google_fonts_icons=true,enable_popup_on_keypress=true,keyboard_height_48_mm,noshadow,overlay_builtin_dynamic_color_light_base.binarypb:gm3-light-fff6faf8-ff1d6a63-13b580e58da4c9b7058031bdb51392e7,pgsans,roundedchip,silkpopup, global_locale=en_AU, global_density_dpi=420, global_orientation=1}, className=.latin.keyboard.LatinPasswordKeyboard, resourceIds=[#0x7f1705fb, #0x7f17088d, #0x7f1706bb], initialStates=0, keyboardViewDefs=[mls{direction=null, id=#0x7f0b0224, isScalable=true, layoutId=#0x7f0e029f, type=BODY, touchable=true, defaultShow=true}, mls{direction=null, id=#0x7f0b0224, isScalable=false, layoutId=#0x7f0e01f9, type=FLOATING_CANDIDATES, touchable=false, defaultShow=false}, mls{direction=LOCALE, id=#0x7f0b0224, isScalable=false, layoutId=#0x7f0e0500, type=HEADER, touchable=true, defaultShow=true}], persistentStates=0, persistentStatesPrefKey=null, popupBubbleLayoutId=#0x7f0e05f1, recentKeyLayoutId=0, recentKeyPopupLayoutId=0, recentKeyType=null, rememberRecentKey=NONE, sessionStates=17592186044419}, type=WIDGET, helpersCreated=[lxm@4274d5b, lxm@dafd9f8, lxm@6198ed1, null], context.getResources().getConfiguration(): {1.3 505mcc1mnc [en_AU] ldltr sw411dp w411dp h923dp 420dpi nrml long compactNeeded hdr widecg port finger -keyb/v/h -nav/h winConfig={ mBounds=Rect(0, 0 - 1080, 2424) mAppBounds=Rect(0, 0 - 1080, 2424) mMaxBounds=Rect(0, 0 - 1080, 2424) mDisplayRotation=ROTATION_0 mWindowingMode=fullscreen mActivityType=undefined mAlwaysOnTop=undefined mRotation=ROTATION_0} s.3365 fontWeightAdjustment=0}
09-27 13:51:41.927 29060 29060 I KeyboardHeightUtil: KeyboardHeightUtil.calculateMaxKeyboardBodyHeight():50 leave 281 height for app when ime window height:2146, header height:126 and isFullscreenMode:false, so the max keyboard body height is:1739
09-27 13:51:41.928 29060 29060 I AndroidIME: InputBundleManager.startInput():358 startInput() with mlo[keyboardType=prime, payload=null]
09-27 13:51:41.928 29060 29060 I GlobeKeyExtension: GlobeKeyExtension.onActivate():120 
09-27 13:51:41.928 29060 29060 I NewLanguagePromptExtension: NewLanguagePromptExtension.onActivate():189 Not activated NewLanguagePromptExtension: not a normal text input box.
09-27 13:51:41.928 29060 29060 I NgaExtension: NgaExtension.onActivate():538 NgaExtension#onActivate [SDG]
09-27 13:51:41.928 29060 29060 I NgaVoiceInputHandlerSwitcher: NgaVoiceInputHandlerSwitcher.restorePrimary():229 not switching to primary. fallback is null [SDG]
09-27 13:51:41.928 29060 29060 I NgaVoiceInputHandler: NgaVoiceInputHandler.maybeCreateInputManager():236 VoiceInputHandler:activating [SDG]
09-27 13:51:41.928 29060 29060 I SpeechEnhancementLogger: SpeechEnhancementLogger.logAtInfo():24 Speech enhancement is disabled because device model is not supported [SD]
09-27 13:51:41.928 29060 29060 I CompositeIntentClassifier: CompositeIntentClassifier.<init>():49 Determined SmartEdit intent-classifier threshold: 0.950000 [SDG]
09-27 13:51:41.929 29060 29060 I NativeLibHelper: NativeLibHelper.loadLibrary():190 Loaded native library:integrated_shared_object (result=true)
09-27 13:51:41.929 29060 29060 I MobileBertIntentClassifier: MobileBertIntentClassifier.<init>():174 Successfully loaded native lib mobilebert_classifier_android_jni
09-27 13:51:41.929 29060 29060 I ModelessCommandDetector: ModelessCommandDetector.<init>():86 Created modeless command detector with language code en [SDG]
09-27 13:51:41.929 29060 29060 I NgaExtension: NgaExtension.onActivate():564 NgaExtension: interaction type=4 [SDG]
09-27 13:51:41.929 29060 29060 I HardKeyTracker: HardKeyTracker.unregisterKeySequence():221 Unregister key sequence nfz{labelResId=2132020497, callback=cgp@9920679, lastModifier=2, keyCodes=[56], actions=[0]}
09-27 13:51:41.929 29060 29060 I HardKeyTracker: HardKeyTracker.unregisterKeySequence():221 Unregister key sequence nfz{labelResId=2132020497, callback=cgp@118976c, lastModifier=0, keyCodes=[317], actions=[0]}
09-27 13:51:41.929 29060 29060 I HardKeyTracker: HardKeyTracker.registerKeySequence():170 Register key sequence nfz{labelResId=2132020497, callback=cgp@ecf92a9, lastModifier=2, keyCodes=[56], actions=[0]}
09-27 13:51:41.929 29060 29060 I HardKeyTracker: HardKeyTracker.registerKeySequence():170 Register key sequence nfz{labelResId=2132020497, callback=cgp@bfff55c, lastModifier=0, keyCodes=[317], actions=[0]}
09-27 13:51:41.929 29060  3929 I KeyboardEventHandler: KeyboardEventHandler.handleKeyboardVisibilityEvent():216 Handling KeyboardVisibilityEvent: KEYBOARD_OPENED [SD]
09-27 13:51:41.929 29060 29060 I PkModeUpdater: PkModeUpdater.onActivate():74 onActivate false true
09-27 13:51:41.929 29060 29060 I AccessoryInputModeManager: AccessoryInputModeManager.onModeStarted():318 Accessory input mode started: null
09-27 13:51:41.930 29060  3929 I ContactsDataManager: ContactsDataManager.onContentChanged():153 onContentChanged()
09-27 13:51:41.930 29060 29060 W SupplementaryKeyboardsWrapper: SupplementaryKeyboardsWrapper.deactivateKeyboard():161 keyboard accessory_candidates_consumer is not activated before!
09-27 13:51:41.930 29060  3929 I ProfileDataManager: ProfileDataManager.onContentChanged():116 onContentChanged()
09-27 13:51:41.930 29060 29060 I KeyboardModeUtils: KeyboardModeUtils.getKeyboardBottomOffset():435 inch: 0.350000 ydpi: 424.617004 adjustKeyboardBottomByDisplaySize: false currentDensityDpi: 420 defaultDensityDpi: 420 keyboardBottomToScreenPx: 148 keyboardBottomToNavBarPx: 22 navBarHeight: 126
09-27 13:51:41.930 29060 29060 I KeyboardHeightUtil: KeyboardHeightUtil.calculateMaxKeyboardBodyHeight():50 leave 281 height for app when ime window height:2146, header height:126 and isFullscreenMode:false, so the max keyboard body height is:1739
09-27 13:51:41.930 29060  3935 I SpeechEnhancementLogger: SpeechEnhancementLogger.logAtInfo():24 Speech enhancement is disabled because device model is not supported [SD]
09-27 13:51:41.930 29060 29060 I KeyboardHeightUtil: KeyboardHeightUtil.calculateMaxKeyboardBodyHeight():50 leave 281 height for app when ime window height:2146, header height:126 and isFullscreenMode:false, so the max keyboard body height is:1739
09-27 13:51:41.930 29060 29060 I AndroidIME: KeyboardViewManager.updateKeyboardBodyViewHolderPaddingBottom():472 Set finalPaddingBottom = 22 while holderPaddingBottom = 22; navigationHeight = 126
09-27 13:51:41.930 29060 29060 I KeyboardHeightUtil: KeyboardHeightUtil.calculateMaxKeyboardBodyHeight():50 leave 281 height for app when ime window height:2146, header height:126 and isFullscreenMode:false, so the max keyboard body height is:1739
09-27 13:51:41.930 29060 29060 I KeyboardHeightUtil: KeyboardHeightUtil.calculateMaxKeyboardBodyHeight():50 leave 281 height for app when ime window height:2146, header height:126 and isFullscreenMode:false, so the max keyboard body height is:1739
09-27 13:51:41.930 29060 29060 W ExtensionWrapper: ExtensionWrapper.setExtensionViewVisibility():811 interface mas is not activate
09-27 13:51:41.930 29060  3929 I PackageStatusChecker: PackageStatusChecker.isPackageSuspended():24 Current package suspended=false [SD]
09-27 13:51:41.931 29060 29060 I Module  : DeviceLockedStatusModuleProvider$Module.updateDeviceLockedStatus():100 repeatCheckTimes = 1, locked = false
09-27 13:51:41.931 29060 29060 I HardKeyTracker: HardKeyTracker.unregisterKeySequence():221 Unregister key sequence nfz{labelResId=2132020497, callback=cgp@700a2b3, lastModifier=2, keyCodes=[56], actions=[0]}
09-27 13:51:41.931 29060 29060 I HardKeyTracker: HardKeyTracker.unregisterKeySequence():221 Unregister key sequence nfz{labelResId=2132020497, callback=cgp@359a46e, lastModifier=0, keyCodes=[317], actions=[0]}
09-27 13:51:41.931 29060 29060 I HardKeyTracker: HardKeyTracker.registerKeySequence():170 Register key sequence nfz{labelResId=2132020497, callback=cgp@bd57819, lastModifier=2, keyCodes=[56], actions=[0]}
09-27 13:51:41.931 29060 29060 I HardKeyTracker: HardKeyTracker.registerKeySequence():170 Register key sequence nfz{labelResId=2132020497, callback=cgp@d596d8c, lastModifier=0, keyCodes=[317], actions=[0]}
09-27 13:51:41.932 29060 29060 I VoiceImeExtension: VoiceImeExtension.shouldStartVoiceInputAutomaticallyInCurrentInputBox():378 No private IME option set to start voice input.
09-27 13:51:41.932 29060 29060 I HardKeyTracker: HardKeyTracker.unregisterKeySequence():221 Unregister key sequence nfz{labelResId=2132020502, callback=cgp@ece471a, lastModifier=2, keyCodes=[32], actions=[0]}
09-27 13:51:41.932 29060 29060 I HardKeyTracker: HardKeyTracker.unregisterKeySequence():221 Unregister key sequence nfz{labelResId=2132020502, callback=cgp@2c58541, lastModifier=0, keyCodes=[319], actions=[0]}
09-27 13:51:41.932 29060 29060 I HardKeyTracker: HardKeyTracker.registerKeySequence():170 Register key sequence nfz{labelResId=2132020502, callback=cgp@1ede224, lastModifier=2, keyCodes=[32], actions=[0]}
09-27 13:51:41.932 29060 29060 I HardKeyTracker: HardKeyTracker.registerKeySequence():170 Register key sequence nfz{labelResId=2132020502, callback=cgp@1db7b53, lastModifier=0, keyCodes=[319], actions=[0]}
09-27 13:51:41.932 29060 29060 I HardKeyTracker: HardKeyTracker.unregisterKeySequence():221 Unregister key sequence nfz{labelResId=2132020502, callback=cgp@fc49b79, lastModifier=2, keyCodes=[32], actions=[0]}
09-27 13:51:41.933 29060 29060 I HardKeyTracker: HardKeyTracker.unregisterKeySequence():221 Unregister key sequence nfz{labelResId=2132020502, callback=cgp@947f06c, lastModifier=0, keyCodes=[319], actions=[0]}
09-27 13:51:41.933 29060 29060 I HardKeyTracker: HardKeyTracker.registerKeySequence():170 Register key sequence nfz{labelResId=2132020502, callback=cgp@e7d01cb, lastModifier=2, keyCodes=[32], actions=[0]}
09-27 13:51:41.933 29060 29060 I HardKeyTracker: HardKeyTracker.registerKeySequence():170 Register key sequence nfz{labelResId=2132020502, callback=cgp@557efa7, lastModifier=0, keyCodes=[319], actions=[0]}
09-27 13:51:41.933 29060  3930 I MultilangConditionManagerImpl: MultilangConditionManagerImpl.isAutomaticSwitchingEnabled():77 Automatic switching disabled because Gboard setting is not shown [SD]
09-27 13:51:41.933 29060 29060 D ImeBackDispatcher: Send callback registration id=155500632 priority=-1
09-27 13:51:41.933 29060  3930 I MultilangConditionManagerImpl: MultilangConditionManagerImpl.isAutomaticSwitchingEnabled():92 Automatic switching disabled because there aren't enough supported keyboard languages [SD]
09-27 13:51:41.933 29060  3930 I AsrProviderChoice: AsrProviderChoice.setChosenProvider():68 Setting chosen ASR provider to: 6 [SD]
09-27 13:51:41.933 29060  3930 I EligibilityChecker: EligibilityChecker.triggerProactiveLanguagePackUpdate():521 Never attempted LP download before, triggering download for potential updates [SD]
09-27 13:51:41.934 29060  3930 I EligibilityChecker: EligibilityChecker.getDictationConfigEligibilityForLocale():306 Dictation is enabled. workprofile=false [SD]
09-27 13:51:41.934 29060  3840 I LanguageDownloadQueue: LanguageDownloadQueue.performLanguageDownload():81 Starting language download job for en-AU [SD]
09-27 13:51:41.934 29060  3930 I EligibilityUtilKt: EligibilityUtilKt.isDictationSupportedInInputField():90 Field type is not set, assuming supported input field. [SD]
09-27 13:51:41.934 29060  3840 I LanguageDownloadQueue: LanguageDownloadQueue.performLanguageDownload():101 Skip download for en-AU due to another recent attempt [SD]
09-27 13:51:41.935 29060  3930 I MultilangConditionManagerImpl: MultilangConditionManagerImpl.isAutomaticSwitchingEnabled():77 Automatic switching disabled because Gboard setting is not shown [SD]
09-27 13:51:41.935 29060  3930 I MultilangConditionManagerImpl: MultilangConditionManagerImpl.isAutomaticSwitchingEnabled():92 Automatic switching disabled because there aren't enough supported keyboard languages [SD]
09-27 13:51:41.935 29060  3932 I KeyboardEligibilityNotifier: KeyboardEligibilityNotifier.notifyEligibility():51 Keyboard notified that eligibility=ELIGIBLE [SD]
09-27 13:51:41.935 29060  3932 I KeyboardUiManagerImpl: KeyboardUiManagerImpl.onKeyboardShownAgain():157 #onKeyboardShownAgain scheduled [SD]
09-27 13:51:41.935 29060  3932 I KeyboardUiManagerImpl: KeyboardUiManagerImpl.onKeyboardShownAgain():160 #onKeyboardShownAgain [SD]
09-27 13:51:41.935 29060  3932 I KeyboardEventHandler: KeyboardEventHandler.handleFieldChangedEvent():457 Handling FieldChangedEvent: fgPkg=com.myfitnesspal.android, fieldType=0, interactionType=FIELD_CHANGE [SD]
09-27 13:51:41.936 29060  3934 I SpeechEnhancementLogger: SpeechEnhancementLogger.logAtInfo():24 Speech enhancement is disabled because device model is not supported [SD]
09-27 13:51:41.936 29060 29060 I KeyboardModeUtils: KeyboardModeUtils.getKeyboardBottomOffset():435 inch: 0.350000 ydpi: 424.617004 adjustKeyboardBottomByDisplaySize: false currentDensityDpi: 420 defaultDensityDpi: 420 keyboardBottomToScreenPx: 148 keyboardBottomToNavBarPx: 22 navBarHeight: 126
09-27 13:51:41.936 29060 29060 I KeyboardHeightUtil: KeyboardHeightUtil.calculateMaxKeyboardBodyHeight():50 leave 281 height for app when ime window height:2146, header height:126 and isFullscreenMode:false, so the max keyboard body height is:1739
09-27 13:51:41.936 29060 29060 I KeyboardHeightUtil: KeyboardHeightUtil.calculateMaxKeyboardBodyHeight():50 leave 281 height for app when ime window height:2146, header height:126 and isFullscreenMode:false, so the max keyboard body height is:1739
09-27 13:51:41.936 29060 29060 I AndroidIME: KeyboardViewManager.updateKeyboardBodyViewHolderPaddingBottom():472 Set finalPaddingBottom = 22 while holderPaddingBottom = 22; navigationHeight = 126
09-27 13:51:41.936 29060  3935 I PackageStatusChecker: PackageStatusChecker.isPackageSuspended():24 Current package suspended=false [SD]
09-27 13:51:41.939 29060  3934 I MultilangConditionManagerImpl: MultilangConditionManagerImpl.isAutomaticSwitchingEnabled():77 Automatic switching disabled because Gboard setting is not shown [SD]
09-27 13:51:41.939 29060  3934 I MultilangConditionManagerImpl: MultilangConditionManagerImpl.isAutomaticSwitchingEnabled():92 Automatic switching disabled because there aren't enough supported keyboard languages [SD]
09-27 13:51:41.939 29060  3932 I AsrProviderChoice: AsrProviderChoice.setChosenProvider():68 Setting chosen ASR provider to: 6 [SD]
09-27 13:51:41.940 29060  3932 I EligibilityChecker: EligibilityChecker.triggerProactiveLanguagePackUpdate():521 Never attempted LP download before, triggering download for potential updates [SD]
09-27 13:51:41.940 29060  3932 I EligibilityChecker: EligibilityChecker.getDictationConfigEligibilityForLocale():306 Dictation is enabled. workprofile=false [SD]
09-27 13:51:41.940 29060  3743 I LanguageDownloadQueue: LanguageDownloadQueue.performLanguageDownload():81 Starting language download job for en-AU [SD]
09-27 13:51:41.940 29060  3932 I EligibilityUtilKt: EligibilityUtilKt.isDictationSupportedInInputField():90 Field type is not set, assuming supported input field. [SD]
09-27 13:51:41.940 29060  3743 I LanguageDownloadQueue: LanguageDownloadQueue.performLanguageDownload():101 Skip download for en-AU due to another recent attempt [SD]
09-27 13:51:41.940 29060  3932 I MultilangConditionManagerImpl: MultilangConditionManagerImpl.isAutomaticSwitchingEnabled():77 Automatic switching disabled because Gboard setting is not shown [SD]
09-27 13:51:41.940 29060  3932 I MultilangConditionManagerImpl: MultilangConditionManagerImpl.isAutomaticSwitchingEnabled():92 Automatic switching disabled because there aren't enough supported keyboard languages [SD]
09-27 13:51:41.941 29060  3931 I KeyboardEligibilityNotifier: KeyboardEligibilityNotifier.notifyEligibility():51 Keyboard notified that eligibility=ELIGIBLE [SD]
09-27 13:51:41.943 18036 18036 D ImeBackDispatcher: Register received callback id=155500632 priority=0
09-27 13:51:41.943 18036 18036 D WindowOnBackDispatcher: setTopOnBackInvokedCallback (unwrapped): android.view.ImeBackAnimationController@5a3a3b7
09-27 13:51:41.944  1463  4933 D CoreBackPreview: Window{6962c4b u0 PopupWindow:712fcfb}: Setting back callback OnBackInvokedCallbackInfo{mCallback=android.window.IOnBackInvokedCallback$Stub$Proxy@9cb90a5, mPriority=0, mIsAnimationCallback=true, mOverrideBehavior=0}
09-27 13:51:41.951 29060 29060 I GoogleInputMethodService: GoogleInputMethodService.onFinishInputView():1571 onFinishInputView(false)
09-27 13:51:41.951 29060 29060 I GlobeKeyExtension: GlobeKeyExtension.onDeactivate():144 
09-27 13:51:41.951 29060 29060 W TooltipLifecycleManager: TooltipLifecycleManager.dismissTooltips():153 Tooltip with id SUGGESTION_VIEW_EDU_MINI_DIALOG not found in tooltipManager.
09-27 13:51:41.952 29060 29060 I NgaExtension: NgaExtension.onDeactivate():579 NgaExtension#onDeactivate [SDG]
09-27 13:51:41.952 29060  3935 I NgaDataShareClient: NgaDataShareClient.sendCorrectionsAndEndSession():452 endDataPushSession() [SDG]
09-27 13:51:41.952 29060 29060 I HardKeyTracker: HardKeyTracker.unregisterKeySequence():221 Unregister key sequence nfz{labelResId=2132020502, callback=cgp@1ede224, lastModifier=2, keyCodes=[32], actions=[0]}
09-27 13:51:41.952 29060  3935 I NgaDataShareClient: NgaDataShareClient.sendCorrectionsList():460 sendCorrectionsList() [SDG]
09-27 13:51:41.952 29060 29060 I HardKeyTracker: HardKeyTracker.unregisterKeySequence():221 Unregister key sequence nfz{labelResId=2132020502, callback=cgp@1db7b53, lastModifier=0, keyCodes=[319], actions=[0]}
09-27 13:51:41.952 29060  3935 I NgaDataShareClient: NgaDataShareClient.sendCorrectionsList():476 Replace DataShareService.shareCorrections with function call. [SDG]
09-27 13:51:41.952 29060 29060 I HardKeyTracker: HardKeyTracker.registerKeySequence():170 Register key sequence nfz{labelResId=2132020502, callback=cgp@b258695, lastModifier=2, keyCodes=[32], actions=[0]}
09-27 13:51:41.952 29060  3935 I NgaDataShareClient: NgaDataShareClient.handleDataShareHelperTask():258 Replace DataShareService.shareCorrections with function call. [SDG]
09-27 13:51:41.952 29060 29060 I HardKeyTracker: HardKeyTracker.registerKeySequence():170 Register key sequence nfz{labelResId=2132020502, callback=cgp@e22bb38, lastModifier=0, keyCodes=[319], actions=[0]}
09-27 13:51:41.952 29060  3935 W NotificationCenter: NotificationCenter.unregisterListener():480 Listener gef@77ca386 was not registered for notification class lva
09-27 13:51:41.952 29060  3935 W NotificationCenter: NotificationCenter.unregisterListener():480 Listener gee@988a447 was not registered for notification class lpt
