09-27 13:51:40.456  2122  2145 V WindowManagerShell:  Checking filter Pair{{types=[] flags=0x0] notFlags=0x0 checks=[{atype=undefined independent=true modes=[CLOSE,TO_BACK] flags=IN_TASK_WITH_EMBEDDED_ACTIVITY mustBeTask=false order=ANY topActivity=null launchCookie=null taskFragmentToken=android.os.BinderProxy@eb6a0e5 windowingMode=undefined}]} RemoteTransition { remoteTransition = android.window.IRemoteTransition$Stub$Proxy@ee677ba, appThread = android.app.IApplicationThread$Stub$Proxy@477d66b, debugName = overlayBackTransition }}
09-27 13:51:40.456  2122  2145 V WindowManagerShell:  Checking filter Pair{{types=[] flags=0x0] notFlags=0x0 checks=[{atype=dream independent=true modes=[OPEN,TO_FRONT] flags=NONE mustBeTask=false order=ANY topActivity=null launchCookie=null windowingMode=undefined},{atype=home independent=true modes=[CLOSE,TO_BACK] flags=NONE mustBeTask=false order=ANY topActivity=null launchCookie=null windowingMode=undefined}]} RemoteTransition { remoteTransition = android.window.IRemoteTransition$Stub$Proxy@c1d15c8, appThread = android.app.IApplicationThread$Stub$Proxy@5b56661, debugName = LauncherToDream }}
09-27 13:51:40.456  1463  2544 D AutofillSession: createPendingIntent for request 1078
09-27 13:51:40.457  2122  2145 V WindowManagerShell:  Checking filter Pair{{types=[] flags=0x0] notFlags=0x100 checks=[{atype=home independent=true modes=[OPEN,TO_FRONT] flags=NONE mustBeTask=false order=TOP topActivity=ComponentInfo{com.google.android.apps.nexuslauncher/com.google.android.apps.nexuslauncher.NexusLauncherActivity} launchCookie=null windowingMode=undefined},{atype=standard independent=true modes=[CLOSE,TO_BACK] flags=NONE mustBeTask=false order=ANY topActivity=null launchCookie=null windowingMode=undefined},{NOT atype=undefined independent=true modes=[] flags=NONE mustBeTask=true order=ANY topActivity=null launchCookie=null customAnim=true windowingMode=undefined}]} RemoteTransition { remoteTransition = android.window.IRemoteTransition$Stub$Proxy@3745586, appThread = android.app.IApplicationThread$Stub$Proxy@63b6e47, debugName = QuickstepLaunchHome }}
09-27 13:51:40.457  2122  2145 V WindowManagerShell:  Delegate animation for (#6671) to null
09-27 13:51:40.457  2122  2145 V WindowManagerShell: start default transition animation, info = {id=6671 t=OPEN f=0x0 trk=0 r=[0@Point(0, 0)] c=[{m=OPEN f=FILLS_TASK leash=Surface(name=ActivityRecord{51693471 u0 com.myfitnesspal.android/com.myfitnesspal.feature.search.ui.activity.FoodSearchActivityV2 t13321})/@0x7d70b7e sb=Rect(0, 0 - 0, 0) eb=Rect(0, 0 - 1080, 2424) epz=Point(1080, 2424) d=-1->0 r=-1->0:-1 bc=ffffffff activity=ActivityTransitionInfo { component = ComponentInfo{com.myfitnesspal.android/com.myfitnesspal.feature.search.ui.activity.FoodSearchActivityV2}, taskId = 13321, appCompatTransitionInfo = null } opt={t=FROM_STYLE mUserId=0}},{m=TO_BACK f=FILLS_TASK leash=Surface(name=ActivityRecord{204124773 u0 com.myfitnesspal.android/com.myfitnesspal.feature.main.ui.MainActivity t13321})/@0xd8478df sb=Rect(0, 0 - 1080, 2424) eb=Rect(0, 0 - 1080, 2424) epz=Point(1080, 2424) d=0 bc=ffffffff activity=ActivityTransitionInfo { component = ComponentInfo{com.myfitnesspal.android/com.myfitnesspal.feature.main.ui.MainActivity}, taskId = 13321, appCompatTransitionInfo = null } opt={t=FROM_STYLE mUserId=0}}]}
09-27 13:51:40.457  1463  2544 D ContentCapturePerUserService: Notified activity assist data for activity: Token{8a5a0ec ActivityRecord{51693471 u0 com.myfitnesspal.android/com.myfitnesspal.feature.search.ui.activity.FoodSearchActivityV2 t13321}} without a session Id
09-27 13:51:40.457  2122  2145 V WindowManagerShell: loadAnimation: anim=android.view.animation.AnimationSet@1791c18 animAttr=0x5 type=OPEN isEntrance=false
09-27 13:51:40.458  2122  2145 V WindowManagerShell: loadAnimation: anim=android.view.animation.AnimationSet@9fea4d7 animAttr=0x4 type=OPEN isEntrance=true
09-27 13:51:40.458  2122  2145 V WindowManagerShell:  animated by com.android.wm.shell.transition.DefaultTransitionHandler@681d6c6
09-27 13:51:40.571  1463  2067 D BackgroundInstallControlService: Package event received: 0
09-27 13:51:40.602  1463  2067 D BackgroundInstallControlService: Package event received: 0
09-27 13:51:40.606  1463  2544 W PackageConfigPersister: App-specific configuration not found for packageName: com.myfitnesspal.android and userId: 0
09-27 13:51:40.739  1463  3745 D CoreBackPreview: Window{340b369 u0 com.myfitnesspal.android/com.myfitnesspal.feature.search.ui.activity.FoodSearchActivityV2}: Setting back callback OnBackInvokedCallbackInfo{mCallback=android.window.IOnBackInvokedCallback$Stub$Proxy@de1eeb0, mPriority=0, mIsAnimationCallback=true, mOverrideBehavior=0}
09-27 13:51:40.745  2122  2145 D WindowManagerShell: onKeepClearAreasChanged: restricted={}, unrestricted={Rect(0, 2298 - 1080, 2424)}
09-27 13:51:40.754  2122  2145 D WindowManagerShell: onKeepClearAreasChanged: restricted={}, unrestricted={Rect(0, 1459 - 1080, 2424)}
09-27 13:51:40.762  1463  1463 W FillRequestEventLogger: Shouldn't be logging AutofillFillRequestReported again for same event
09-27 13:51:40.762  1463  1463 W FillResponseEventLogger: Shouldn't be logging AutofillFillRequestReported again for same event
09-27 13:51:40.762  1463  1463 W PresentationStatsEventLogger: Empty dataset. Autofill ignoring log
09-27 13:51:40.762  1463  1463 D AutofillSession: clearPendingIntentLocked
09-27 13:51:40.767  1463  2067 D BackgroundInstallControlService: Package event received: 0
09-27 13:51:40.778  1463  2067 D BackgroundInstallControlService: Package event received: 0
09-27 13:51:40.936  2122  2145 V WindowManagerShell: Transition animation finished (aborted=false), notifying core (#6671) android.os.BinderProxy@c52ad00@0
09-27 13:51:40.940  1463  1703 V WindowManager: Finish Transition (#6671): created at 09-27 13:51:40.344 collect-started=0.092ms request-sent=4.656ms started=5.824ms ready=15.828ms sent=109.729ms commit=16.513ms finished=595.891ms
09-27 13:51:40.941  2122  2145 V WindowManagerShell: Track 0 became idle
09-27 13:51:40.941  2122  2145 V WindowManagerShell: All active transition animations finished
09-27 13:51:40.971  1463  2067 D BackgroundInstallControlService: Package event received: 0
09-27 13:51:41.789  1463  2067 D BackgroundInstallControlService: Package event received: 0
09-27 13:51:41.790  1463  2067 D BackgroundInstallControlService: Package event received: 0
09-27 13:51:41.790  1463  2067 D BackgroundInstallControlService: Package event received: 0
09-27 13:51:41.790  1463  2067 D BackgroundInstallControlService: Package event received: 0
09-27 13:51:41.797  1463  2146 D CoreBackPreview: Window{6962c4b u0 PopupWindow:712fcfb}: Setting back callback OnBackInvokedCallbackInfo{mCallback=android.window.IOnBackInvokedCallback$Stub$Proxy@7d15240, mPriority=0, mIsAnimationCallback=false, mOverrideBehavior=0}
09-27 13:51:41.864  1463  3751 D CoreBackPreview: Window{340b369 u0 com.myfitnesspal.android/com.myfitnesspal.feature.search.ui.activity.FoodSearchActivityV2}: Setting back callback OnBackInvokedCallbackInfo{mCallback=android.window.IOnBackInvokedCallback$Stub$Proxy@b12fb96, mPriority=0, mIsAnimationCallback=false, mOverrideBehavior=0}
09-27 13:51:41.864  1463  3751 D CoreBackPreview: Window{6962c4b u0 PopupWindow:712fcfb}: Setting back callback OnBackInvokedCallbackInfo{mCallback=android.window.IOnBackInvokedCallback$Stub$Proxy@bc10317, mPriority=0, mIsAnimationCallback=true, mOverrideBehavior=0}
09-27 13:51:41.876  2122  2145 D WindowManagerShell: onKeepClearAreasChanged: restricted={}, unrestricted={}
09-27 13:51:41.879  1463  1703 D HintManagerService: Sent cleanup message for uid 10212
09-27 13:51:41.884  1463  2544 W PackageConfigPersister: App-specific configuration not found for packageName: com.myfitnesspal.android and userId: 0
09-27 13:51:41.893  1463  3751 D CoreBackPreview: Window{6962c4b u0 PopupWindow:712fcfb}: Setting back callback OnBackInvokedCallbackInfo{mCallback=android.window.IOnBackInvokedCallback$Stub$Proxy@68b3e0f, mPriority=0, mIsAnimationCallback=false, mOverrideBehavior=0}
09-27 13:51:41.944  1463  4933 D CoreBackPreview: Window{6962c4b u0 PopupWindow:712fcfb}: Setting back callback OnBackInvokedCallbackInfo{mCallback=android.window.IOnBackInvokedCallback$Stub$Proxy@9cb90a5, mPriority=0, mIsAnimationCallback=true, mOverrideBehavior=0}
09-27 13:51:41.954  1463  3751 D CoreBackPreview: Window{6962c4b u0 PopupWindow:712fcfb}: Setting back callback OnBackInvokedCallbackInfo{mCallback=android.window.IOnBackInvokedCallback$Stub$Proxy@65d0c7a, mPriority=0, mIsAnimationCallback=false, mOverrideBehavior=0}
09-27 13:51:42.062  1463  3751 D ActivityManager: sync unfroze 7040 com.google.android.apps.turbo for 7
09-27 13:51:42.063  1463  2067 D BackgroundInstallControlService: Package event received: 0
09-27 13:51:42.070  1463  2544 D CompatChangeReporter: Compat change id reported: 311402873; UID 10135; state: ENABLED
09-27 13:51:42.070  1463  2544 D CompatChangeReporter: Compat change id reported: 323349338; UID 10135; state: ENABLED
09-27 13:51:42.087  1463  2067 D BackgroundInstallControlService: Package event received: 0
09-27 13:51:42.089  1463  3751 D ActivityManager: sync unfroze 29668 com.google.android.turboadapter for 6
09-27 13:51:42.089  1463  2067 D BackgroundInstallControlService: Package event received: 0
09-27 13:51:42.092  1463  2067 D BackgroundInstallControlService: Package event received: 0
09-27 13:51:42.198  2122  2770 D PowerUI : can't show warning due to - plugged: true status unknown: false
09-27 13:51:42.473  1463  2067 D BackgroundInstallControlService: Package event received: 0
09-27 13:51:42.562  1463  4933 W BroadcastQueue: Ignoring finishReceiverLocked; no active broadcast for BroadcastProcessQueue{d9fc3af 8188:com.lemon.lvoverseas/u0a316}
09-27 13:51:42.885  1463  1962 D HintManagerService: Starts cleaning for 10212
09-27 13:51:43.083  1463  3755 D CoreBackPreview: Window{6962c4b u0 PopupWindow:712fcfb}: Setting back callback null
09-27 13:51:43.099  1463  1706 V WindowManager: Unknown focus tokens, dropping reportFocusChanged
09-27 13:51:43.121  1463  4933 W PackageConfigPersister: App-specific configuration not found for packageName: com.myfitnesspal.android and userId: 0
09-27 13:51:43.122  1463  2067 D BackgroundInstallControlService: Package event received: 0
09-27 13:51:43.148  1463  3755 D CoreBackPreview: Window{340b369 u0 com.myfitnesspal.android/com.myfitnesspal.feature.search.ui.activity.FoodSearchActivityV2}: Setting back callback OnBackInvokedCallbackInfo{mCallback=android.window.IOnBackInvokedCallback$Stub$Proxy@ac7be90, mPriority=0, mIsAnimationCallback=true, mOverrideBehavior=0}
09-27 13:51:43.150  2122  2145 D WindowManagerShell: onKeepClearAreasChanged: restricted={}, unrestricted={Rect(0, 2298 - 1080, 2424)}
09-27 13:51:43.154  2122  2145 D WindowManagerShell: onKeepClearAreasChanged: restricted={}, unrestricted={Rect(0, 1459 - 1080, 2424)}
09-27 13:51:43.169  1463  3755 D ImeInsetsSourceProvider: showImePostLayout cancelled, serverVisible: true, frozen: false, mWin is: non-null, isDrawn: true, mGivenInsetsPending: false, imeLayeringTarget: Window{340b369 u0 com.myfitnesspal.android/com.myfitnesspal.feature.search.ui.activity.FoodSearchActivityV2}, controlTarget: Window{340b369 u0 com.myfitnesspal.android/com.myfitnesspal.feature.search.ui.activity.FoodSearchActivityV2}
09-27 13:51:43.169  1463  3755 D ImeInsetsSourceProvider: controlTarget == DisplayContent.imeControlTarget: true, hasPendingControls: true, leash is: non-null
09-27 13:51:43.306  1463  2067 D BackgroundInstallControlService: Package event received: 0
09-27 13:51:43.308  1463  2067 D BackgroundInstallControlService: Package event received: 0
09-27 13:51:43.308  1463  2067 D BackgroundInstallControlService: Package event received: 0
09-27 13:51:43.308  1463  2067 D BackgroundInstallControlService: Package event received: 0
09-27 13:51:44.838  1463  2067 D BackgroundInstallControlService: Package event received: 0
09-27 13:51:44.841  1463  2067 D BackgroundInstallControlService: Package event received: 0
09-27 13:51:44.844  1463  2067 D BackgroundInstallControlService: Package event received: 0
09-27 13:51:44.844  1463  2067 D BackgroundInstallControlService: Package event received: 0
09-27 13:51:46.358  1463  2067 D BackgroundInstallControlService: Package event received: 0
09-27 13:51:46.365  1463  2067 D BackgroundInstallControlService: Package event received: 0
09-27 13:51:46.365  1463  2067 D BackgroundInstallControlService: Package event received: 0
09-27 13:51:46.366  1463  2067 D BackgroundInstallControlService: Package event received: 0
09-27 13:51:47.767  1463  1961 D ActivityManager: freezing 3069 com.google.android.adservices.api
09-27 13:51:47.877  1463  2067 D BackgroundInstallControlService: Package event received: 0
09-27 13:51:47.878  1463  2067 D BackgroundInstallControlService: Package event received: 0
09-27 13:51:47.878  1463  2067 D BackgroundInstallControlService: Package event received: 0
09-27 13:51:47.879  1463  2067 D BackgroundInstallControlService: Package event received: 0
09-27 13:51:48.233  1463  1722 W ProcessStats: Tracking association SourceState{b06e1f8 com.google.android.gms.persistent/10152 BTop #2544264} whose proc state 2 is better than process ProcessState{a3f050c com.google.android.gms/10152 pkg=com.google.android.gms} proc state 14 (362 skipped)
09-27 13:51:49.046   488  3848 I keystore2: system/security/keystore2/watchdog/src/lib.rs:371 - Watchdog thread idle -> terminating. Have a great day.
09-27 13:51:49.400  1463  2067 D BackgroundInstallControlService: Package event received: 0
09-27 13:51:49.401  1463  2067 D BackgroundInstallControlService: Package event received: 0
09-27 13:51:49.401  1463  2067 D BackgroundInstallControlService: Package event received: 0
09-27 13:51:49.402  1463  2067 D BackgroundInstallControlService: Package event received: 0
09-27 13:51:50.934  1463  2067 D BackgroundInstallControlService: Package event received: 0
09-27 13:51:50.935  1463  2067 D BackgroundInstallControlService: Package event received: 0
09-27 13:51:50.936  1463  2067 D BackgroundInstallControlService: Package event received: 0
09-27 13:51:50.936  1463  2067 D BackgroundInstallControlService: Package event received: 0
09-27 13:51:52.127  1463  1961 D ActivityManager: freezing 29668 com.google.android.turboadapter
09-27 13:51:52.473  1463  2067 D BackgroundInstallControlService: Package event received: 0
09-27 13:51:52.474  1463  2067 D BackgroundInstallControlService: Package event received: 0
09-27 13:51:52.474  1463  2067 D BackgroundInstallControlService: Package event received: 0
09-27 13:51:52.477  1463  2067 D BackgroundInstallControlService: Package event received: 0
09-27 13:51:54.005  1463  2067 D BackgroundInstallControlService: Package event received: 0
09-27 13:51:54.006  1463  2067 D BackgroundInstallControlService: Package event received: 0
09-27 13:51:54.009  1463  2067 D BackgroundInstallControlService: Package event received: 0
09-27 13:51:54.009  1463  2067 D BackgroundInstallControlService: Package event received: 0
09-27 13:51:54.612  1463  3755 W PackageConfigPersister: App-specific configuration not found for packageName: com.myfitnesspal.android and userId: 0
09-27 13:51:55.147  1463  1946 D ActivityManager: sync unfroze 1550 com.instagram.android for 6
09-27 13:51:55.183  1463  1946 W JobServiceContext: Sending onNetworkChanged for a job that isn't started. JobStatus{a244 #u0a281/2131434957 com.instagram.android/com.instagram.jobscheduler.bgfetch.scheduler.IgBgFetchSchedulerService u=0 s=10281 TIME=-65ms:none NET PERSISTED READY}
09-27 13:51:55.518  1463  2067 D BackgroundInstallControlService: Package event received: 0
09-27 13:51:55.518  1463  2067 D BackgroundInstallControlService: Package event received: 0
09-27 13:51:55.518  1463  2067 D BackgroundInstallControlService: Package event received: 0
09-27 13:51:55.518  1463  2067 D BackgroundInstallControlService: Package event received: 0
09-27 13:51:56.059  1463  3745 W JobScheduler: Job didn't exist in JobStore: a244 #u0a281/2131434957 com.instagram.android/com.instagram.jobscheduler.bgfetch.scheduler.IgBgFetchSchedulerService
09-27 13:51:57.052  1463  2067 D BackgroundInstallControlService: Package event received: 0
09-27 13:51:57.053  1463  2067 D BackgroundInstallControlService: Package event received: 0
09-27 13:51:57.053  1463  2067 D BackgroundInstallControlService: Package event received: 0
09-27 13:51:57.063  1463  2067 D BackgroundInstallControlService: Package event received: 0
09-27 13:51:58.623  1463  2067 D BackgroundInstallControlService: Package event received: 0
09-27 13:51:58.626  1463  2067 D BackgroundInstallControlService: Package event received: 0
09-27 13:51:58.626  1463  2067 D BackgroundInstallControlService: Package event received: 0
09-27 13:51:58.626  1463  2067 D BackgroundInstallControlService: Package event received: 0
