09-27 13:56:47.088   868  7190 D BTAudioSessionAidl: UpdateSourceMetadata - SessionType=LE_AUDIO_HARDWARE_OFFLOAD_ENCODING_DATAPATH has NO session
09-27 13:56:47.088   868  7190 D BTAudioSessionAidl: UpdateSinkMetadata - SessionType=LE_AUDIO_HARDWARE_OFFLOAD_DECODING_DATAPATH has NO session
09-27 13:56:47.092   933  7191 D DeviceHalAidl: [default] releaseAudioPatch: patch: 3987
09-27 13:56:47.092   933  7191 D Hal2AidlMapper: [default] releaseAudioPatch: patchId 3987
09-27 13:56:47.092   868  3002 I ASvc::Module: resetAudioPatch: patch id = 3987
09-27 13:56:47.092   868  3002 I AHal::Router: InvalidateLocked: nothing change between graph #32292 and #32293
09-27 13:56:47.104   933 32088 D StreamHalAidl: [in|ioHandle:28030] dump
09-27 13:56:47.113   933 32088 D StreamHalAidl: [in|ioHandle:28030] ~StreamHalAidl
09-27 13:56:47.114   868  3001 I ASvc::StreamCommonImpl: close (sound-trigger-capture) : closing sound-trigger-capture, on 404307
09-27 13:56:47.114   868  7190 I ASvc::CommandWorker: cw-sound-trigger-capture: exit command form HAL
09-27 13:56:47.114   868  7190 I AUtl::Worker: Loop: cw-sound-trigger-capture thread exit
09-27 13:56:47.114   868  7189 I AUtl::Worker: Loop: pw-sound-trigger-capture thread exit
09-27 13:56:47.712 14791 14795 I pixel-thermal: VIRTUAL-SKIN-CPU-MID:29.9794 raw data: VIRTUAL-SKIN:29979.4 VIRTUAL-SKIN-CPU-MID:29979.4 
09-27 13:56:47.727 14791 14795 I pixel-thermal: VIRTUAL-SKIN-SOC:29.9794 raw data: VIRTUAL-SKIN:29979.4 VIRTUAL-SKIN-SOC:29979.4 
09-27 13:56:47.728 14791 14795 I pixel-thermal: VIRTUAL-SKIN-DISPLAY:29.9794 raw data: VIRTUAL-SKIN:29979.4 VIRTUAL-SKIN-DISPLAY:29979.4 
09-27 13:56:47.728 14791 14795 I pixel-thermal: CPU_THROTTLE_SEVERE:0 raw data: CPU_THROTTLE_SEVERE:0 
09-27 13:56:47.728 14791 14795 I pixel-thermal: VIRTUAL-SKIN:29.9794 raw data: VIRTUAL-SKIN:29979.4 
09-27 13:56:47.728 14791 14795 I pixel-thermal: VIRTUAL-SKIN-HINT:29.9794 raw data: VIRTUAL-SKIN:29979.4 VIRTUAL-SKIN-HINT:29979.4 
09-27 13:56:47.728 14791 14795 I pixel-thermal: VIRTUAL-SKIN-CPU-LIGHT-ODPM:29.9794 raw data: VIRTUAL-SKIN:29979.4 VIRTUAL-SKIN-CPU-LIGHT-ODPM:29979.4 
09-27 13:56:47.728  1463  2067 D BackgroundInstallControlService: Package event received: 0
09-27 13:56:47.728  1463  2067 D BackgroundInstallControlService: Package event received: 0
09-27 13:56:47.728 14791 14795 I pixel-thermal: VIRTUAL-SKIN-CPU-ODPM:29.9794 raw data: VIRTUAL-SKIN:29979.4 VIRTUAL-SKIN-CPU-ODPM:29979.4 
09-27 13:56:47.728 14791 14795 I pixel-thermal: VIRTUAL-SKIN-MODEL: model_input: [31594.00 31394.00 32551.00 28856.00 28789.00 28656.00 31616.00 32240.00 ]
09-27 13:56:47.728 14791 14795 I native  : I0000 00:00:1758945407.728781   14795 thermal_tflite_wrapper.cc:261] ThermalTfliteInvoke
09-27 13:56:47.729 14791 14795 I pixel-thermal: VIRTUAL-SKIN-MODEL: model_output: [29914.9 ]
09-27 13:56:47.729 14791 14795 I pixel-thermal: VIRTUAL-SKIN-MODEL: predicted_value: [29914.9 ]
09-27 13:56:47.729 14791 14795 I pixel-thermal: VIRTUAL-SKIN-ODPM-MODEL: model_input: [31594.00 31394.00 32551.00 28856.00 28789.00 28656.00 31616.00 32240.00 29600.00 530.59 5.03 18.87 111.37 4.42 39.04 ]
09-27 13:56:47.729 14791 14795 I native  : I0000 00:00:1758945407.729232   14795 thermal_tflite_wrapper.cc:261] ThermalTfliteInvoke
09-27 13:56:47.729 14791 14795 I pixel-thermal: VIRTUAL-SKIN-ODPM-MODEL: model_output: [28916.2 ]
09-27 13:56:47.729 14791 14795 I pixel-thermal: VIRTUAL-SKIN-ODPM-MODEL: predicted_value: [28916.2 ]
09-27 13:56:47.729  1463  2067 D BackgroundInstallControlService: Package event received: 0
09-27 13:56:47.729  1463  2067 D BackgroundInstallControlService: Package event received: 0
09-27 13:56:47.730 14791 14795 I pixel-thermal: VIRTUAL-SKIN-SPEAKER-MODEL: model_input: [29600.00 28789.00 32551.00 28656.00 31616.00 31394.00 31594.00 32240.00 28856.00 ]
09-27 13:56:47.730 14791 14795 I native  : I0000 00:00:1758945407.730435   14795 thermal_tflite_wrapper.cc:261] ThermalTfliteInvoke
09-27 13:56:47.730 14791 14795 I pixel-thermal: VIRTUAL-SKIN-SPEAKER-MODEL: model_output: [29255.1 ]
09-27 13:56:47.730 14791 14795 I pixel-thermal: VIRTUAL-SKIN-SPEAKER-MODEL: predicted_value: [29255.1 ]
09-27 13:56:47.730 14791 14795 I pixel-thermal: STATS-UPDATOR:0 raw data: EXTREME-SOC-CONDITION-CHECK:0 MAIN_SOC_POWER:245.665 MODEL_CAMERA_PWR:5.03361 MODEL_DISPLAY_PWR:18.8706 MODEL_MISC_PWR:530.594 MODEL_MODEM_PWR:111.374 MODEL_RFFE_PWR:4.41989 MODEL_WLAN_BT_PWR:39.0408 NORTH_THERM-UNDER-THRESHOLD:1 NORTH_THERM-VSKIN-DIFF-DURING-NORTH_THERM-OVER-THRESHOLD:-998363 NORTH_THERM-VSKIN-DIFF-DURING-VSKIN-OVER-52:-998363 QUIET_THERM-UNDER-THRESHOLD:1 QUIET_THERM-VSKIN-DIFF-DURING-QUIET_THERM-OVER-THRESHOLD:-998585 QUIET_THERM-VSKIN-DIFF-DURING-VSKIN-OVER-52:-998585 RFPA_THERM-UNDER-THRESHOLD:1 RFPA_THERM-VSKIN-DIFF-DURING-RFPA_THERM-OVER-THRESHOLD:-998385 RFPA_THERM-VSKIN-DIFF-DURING-VSKIN-OVER-52:-998385 SOC_THERM-UNDER-THRESHOLD:1 SOC_THERM-VSKIN-DIFF-DURING-SOC_THERM-OVER-THRESHOLD:-997739 SOC_THERM-VSKIN-DIFF-DURING-VSKIN-OVER-52:-997739 STATS-UPDATOR:0 TPU_35S:0 VIRTUAL-SKIN:29979.4 VIRTUAL-SKIN-LEGACY:30249.5 VIRTUAL-SKIN-MODEL:29914.9 VIRTUAL-SKIN-MODEL-LEGACY-DIFF:-295.324 VIRTUAL-SKIN-ODPM-MODEL:28916.2 VIRTUAL-SKIN-SPEAKER-MODEL:29255.1 VSKIN-SKIN-UNDER-52:1 battery:29600 btmspkr_therm:28789 charging_therm:32551 disp_therm:28656 north_therm:31616 quiet_therm:31394 rfpa_therm:31594 soc_therm:32240 usb_pwr_therm:28856 
09-27 13:56:47.730 14791 14795 I pixel-thermal: VIRTUAL-SKIN-CPU-HIGH:29.9794 raw data: VIRTUAL-SKIN:29979.4 VIRTUAL-SKIN-CPU-HIGH:29979.4 
09-27 13:56:47.731 14791 14795 I pixel-thermal: cellular-emergency:29.9794 raw data: VIRTUAL-SKIN:29979.4 cellular-emergency:29979.4 
09-27 13:56:47.832  8188  8192 E gcblocker: too long GC blocking: 8
09-27 13:56:47.832  8188  8192 E gcblocker: gc block end, 498124304,100
09-27 13:56:47.934  3643  5092 W native  : W0000 00:00:1758945407.930095    5092 tree_candidate_lookup.cc:72] Tree leaf 291 missing from database.
09-27 13:56:47.936  3643  5092 W native  : W0000 00:00:1758945407.936119    5092 tree_candidate_lookup.cc:72] Tree leaf 928 missing from database.
09-27 13:56:48.643  3643  5092 I NnfpMusicRecognizer: (REDACTED) Finished recognition for region %s and DB version %s with result: %s
09-27 13:56:48.645  3643  5092 I RecognitionStateHandler: (REDACTED) Dsp model overrides: reloadDetectionModel = [%b] : new squelch = [%s]
09-27 13:56:48.645  3643  5092 I RecognitionStateHandler: Reconfiguration [%s] Latest:[%s]
09-27 13:56:48.649  3643  5092 I MusicRecognitionHandler: (REDACTED) Music recognized (%s): %s.
09-27 13:56:48.662  3643  5092 I MusicResultIntentFactor: (REDACTED) Creating favorite intent with request code %s
09-27 13:56:48.676  2122  2122 I AmbientIndication: Using extended interaction: false
09-27 13:56:48.679  2122  2122 I AmbientIndication: Showing ambient indication.
09-27 13:56:48.686  3643  5092 I AmbientMusicDetector: (REDACTED) Pipeline run finished, restarting model: %s
09-27 13:56:48.688  3643  5092 I AmbientMusicServiceMana: (REDACTED) Trying to load model %s from %s
09-27 13:56:48.688  3643  5092 I AmbientMusicServiceMana: (REDACTED) Applying config override: %s
09-27 13:56:48.689  3643  5092 I SmoothedLatchingClassif: Reconfiguring tflite model.
09-27 13:56:48.690  3643  5092 I SoundTriggerManagerComp: (REDACTED) Loading model %s
09-27 13:56:48.696  1203  1203 D AOC     : F1:MSG: controller.cc, 275: AudioInCtrl: cmd ID: 0x0101, tag: 0x15 [cntr = 5390]
09-27 13:56:48.697  1203  1203 D AOC     : F1:TRC: hotword_input_processor.cc, 1008: Receive cmd: 0x6e (110)
09-27 13:56:48.697  1203  1203 D AOC     : F1:TRC: hotword_input_processor.cc, 1504: Finished cmd: 0x6e (110)
09-27 13:56:48.698  1203  1203 D AOC     : F1:TRC: hotword_input_processor.cc, 1008: Receive cmd: 0x6d (109)
09-27 13:56:48.699  1203  1203 D AOC     : F1:TRC: hotword_input_processor.cc, 1504: Finished cmd: 0x6d (109)
09-27 13:56:48.700  1203  1203 D AOC     : F1:MSG: controller_audio_input.cc, 4299: Stopping hotword pipeline (user: 2)
09-27 13:56:48.700  1203  1203 D AOC     : F1:MSG: audio_capture_pdm.cc, 454: Reconfig not seamless
09-27 13:56:48.700  1203  1203 D AOC     : F1:TRC: hotword_input_processor.cc, 1008: Receive cmd: 0x70 (112)
09-27 13:56:48.700  1203  1203 D AOC     : F1:TRC: hotword_input_processor.cc, 1504: Finished cmd: 0x70 (112)
09-27 13:56:48.701  1203  1203 D AOC     : F1:MSG: controller.cc, 919: AudioInCtrl: ipc: sound_trigger, cmd ID: 0x0101, tag: 0x15, rc: 0
09-27 13:56:48.701  1203  1203 D AOC     : F1:MSG: controller.cc, 275: AudioInCtrl: cmd ID: 0x0109, tag: 0x16 [cntr = 5391]
09-27 13:56:48.702  1203  1203 D AOC     : F1:TRC: hotword_input_processor.cc, 1008: Receive cmd: 0x72 (114)
09-27 13:56:48.703  1203  1203 D AOC     : F1:TRC: hotword_input_processor.cc, 1504: Finished cmd: 0x72 (114)
09-27 13:56:48.703   868  3001 I StHal::Client: ChangeStateTo: client 1 transits from Buffering to ModelUnloaded
09-27 13:56:48.703   868  3001 I StHal::SoundTriggerHal: UnloadSoundModel: Unload model with handle 1
09-27 13:56:48.703   868  1632 I StHal::SoundTriggerHal: ControlThreadLoop: get update command
09-27 13:56:48.704  1463  1659 I SoundTriggerMiddlewareLogging: UNLOAD_MODEL (1)
09-27 13:56:48.704  1203  1203 D AOC     : F1:MSG: controller.cc, 919: AudioInCtrl: ipc: sound_trigger, cmd ID: 0x0109, tag: 0x16, rc: 0
09-27 13:56:48.706  1463  1659 W SoundTriggerHelper: Unload error: Attempting unload invalid generic model with id:9f6ad62a-1f0b-11e7-87c5-40a8f03d3f15
09-27 13:56:48.706  3643  5092 I AmbientMusicServiceMana: Re-starting music detector model.
09-27 13:56:48.710   868  3001 I StHal::Client: Create: with handle: 1
09-27 13:56:48.710   868  3001 I StHal::Client: Initialize: model size: 22936
09-27 13:56:48.714  1203  1203 D AOC     : F1:MSG: controller.cc, 275: AudioInCtrl: cmd ID: 0x0107, tag: 0x17 [cntr = 5392]
09-27 13:56:48.728  1203  1203 D AOC     : F1:TRC: hotword_input_processor.cc, 1008: Receive cmd: 0x94 (148)
09-27 13:56:48.728  1203  1203 D AOC     : F1:MSG: hotword_input_processor.cc, 825: Update size of ambient model as 16384
09-27 13:56:48.729  1203  1203 D AOC     : F1:TRC: hotword_input_processor.cc, 1504: Finished cmd: 0x94 (148)
09-27 13:56:48.729  1203  1203 D AOC     : F1:MSG: controller.cc, 919: AudioInCtrl: ipc: sound_trigger, cmd ID: 0x0107, tag: 0x17, rc: 0
09-27 13:56:48.730  1203  1203 D AOC     : F1:MSG: controller.cc, 275: AudioInCtrl: cmd ID: 0x0107, tag: 0x18 [cntr = 5393]
09-27 13:56:48.731  1203  1203 D AOC     : F1:TRC: hotword_input_processor.cc, 1008: Receive cmd: 0x94 (148)
09-27 13:56:48.732  1203  1203 D AOC     : F1:MSG: hotword_input_processor.cc, 825: Update size of ambient model as 22936
09-27 13:56:48.733  1203  1203 D AOC     : F1:TRC: hotword_input_processor.cc, 1504: Finished cmd: 0x94 (148)
09-27 13:56:48.734  1203  1203 D AOC     : F1:MSG: controller.cc, 919: AudioInCtrl: ipc: sound_trigger, cmd ID: 0x0107, tag: 0x18, rc: 0
09-27 13:56:48.734  1203  1203 D AOC     : F1:MSG: controller.cc, 275: AudioInCtrl: cmd ID: 0x0108, tag: 0x19 [cntr = 5394]
09-27 13:56:48.735  1203  1203 D AOC     : F1:TRC: hotword_input_processor.cc, 1008: Receive cmd: 0x71 (113)
09-27 13:56:48.736  1203  1203 D AOC     : F1:TRC: hotword_input_processor.cc, 910: Enter InternalLoadMusdetModel
09-27 13:56:48.736  1203  1203 D AOC     : F1:TRC: hotword_input_processor.cc, 916: Musdet: CRC
09-27 13:56:48.737  1203  1203 D AOC     : F1:TRC: hotword_input_processor.cc, 927: Musdet: identifier
09-27 13:56:48.737  1203  1203 D AOC     : F1:TRC: hotword_input_processor.cc, 934: Musdet: model
09-27 13:56:48.738  1203  1203 D AOC     : F1:TRC: hotword_input_processor.cc, 943: Musdet: interpreter
09-27 13:56:48.738  1203  1203 D AOC     : F1:TRC: hotword_input_processor.cc, 953: Musdet: tensors
09-27 13:56:48.743   868  3001 I StHal::Client: ChangeStateTo: client 1 transits from ModelUnloaded to ModelLoaded
09-27 13:56:48.743   868  3001 I StHal::SoundTriggerHal: LoadModel: Loaded model with handle 1
09-27 13:56:48.744  1203  1203 D AOC     : F1:TRC: hotword_input_processor.cc, 990: Exit success InternalLoadMusdetModel
09-27 13:56:48.744  1203  1203 D AOC     : F1:TRC: hotword_input_processor.cc, 1504: Finished cmd: 0x71 (113)
09-27 13:56:48.745  1463  1659 I SoundTriggerMiddlewareLogging: LOAD_MODEL ("9f6ad62a-1f0b-11e7-87c5-40a8f03d3f15") -> 1
09-27 13:56:48.745  1203  1203 D AOC     : F1:MSG: controller.cc, 919: AudioInCtrl: ipc: sound_trigger, cmd ID: 0x0108, tag: 0x19, rc: 0
09-27 13:56:48.749  1203  1203 D AOC     : F1:MSG: controller.cc, 275: AudioInCtrl: cmd ID: 0x0100, tag: 0x1a [cntr = 5395]
09-27 13:56:48.750  1203  1203 D AOC     : F1:TRC: hotword_input_processor.cc, 1008: Receive cmd: 0x6f (111)
09-27 13:56:48.750  1203  1203 D AOC     : F1:TRC: hotword_input_processor.cc, 1504: Finished cmd: 0x6f (111)
09-27 13:56:48.751  1203  1203 D AOC     : F1:MSG: controller_audio_input.cc, 4284: Starting hotword pipeline (user: 2)
09-27 13:56:48.752  1203  1203 D AOC     : F1:MSG: audio_capture_pdm.cc, 454: Reconfig not seamless
09-27 13:56:48.752  1203  1203 D AOC     : F1:MSG: audio_capture_pdm.cc, 563: Stream 1 restarted (ramp ON)
09-27 13:56:48.752  1203  1203 D AOC     : F1:MSG: audio_capture_pdm.cc, 1028: Starting PDM in Low Power mode, mask=0x3
09-27 13:56:48.810   868  3001 I StHal::Client: ChangeStateTo: client 1 transits from ModelLoaded to StartDetecting
09-27 13:56:48.810   868  3001 I StHal::SoundTriggerHal: StartRecognition: Started recognition of client 1 with io_handle 28038
09-27 13:56:48.810   868  1632 I StHal::SoundTriggerHal: ControlThreadLoop: get update command
09-27 13:56:48.810  1463  1659 I SoundTriggerMiddlewareLogging: START_RECOGNITION (1, RecognitionConfig{captureRequested: true, phraseRecognitionExtras: [], audioCapabilities: 0, data: []}) -> android.os.Binder@3396cff
09-27 13:56:48.810  1203  1203 D AOC     : F1:MSG: controller.cc, 919: AudioInCtrl: ipc: sound_trigger, cmd ID: 0x0100, tag: 0x1a, rc: 0
09-27 13:56:48.810  1463  1659 I SoundTriggerHelper: startRecognition successful.
09-27 13:56:48.810  1463  1659 W SoundTriggerService: error onStart(): Model 9f6ad62a-1f0b-11e7-87c5-40a8f03d3f15 already started
09-27 13:56:48.811  3643  5092 I AmbientMusicServiceMana: (REDACTED) Trying to unloading model %s
09-27 13:56:48.811  3643  5092 I SoundTriggerManagerComp: (REDACTED) Unloading model %s
09-27 13:56:48.812  1463  1659 W SoundTriggerHelper: Unload error: Attempting unload invalid generic model with id:12caddb1-acdb-4dce-8cb0-2e95a2313aee
09-27 13:56:48.812  1463  1659 I SoundTriggerService: error onStop(): Model 12caddb1-acdb-4dce-8cb0-2e95a2313aee has no stats available
09-27 13:56:48.813  1203  1203 D AOC     : F1:MSG: hotword_aec.cc, 119: Reset HotwordAec
09-27 13:56:48.818  3643  5092 I AmbientMusicServiceMana: (REDACTED) Update config: %s Success: %b
09-27 13:56:48.910  1463  1463 V NotificationHistory: Attempted to add notif for locked/gone/disabled user 0
09-27 13:56:48.911  1463  2067 D BackgroundInstallControlService: Package event received: 0
09-27 13:56:48.920  3643  4826 I AiAiEcho: SmartspaceNotificationPredictor no parser can handle this notification or notification is invalid
09-27 13:56:48.921  1463  1659 W MediaSessionRecord: Ignoring call to destroyed session
09-27 13:56:48.923  1463  2100 W MediaSessionRecord: Ignoring call to destroyed session
09-27 13:56:48.927 17712 17712 I NotificationListener: received notification posted event - com.google.android.as#UserHandle{0},category=-1
09-27 13:56:49.262  1463  2067 D BackgroundInstallControlService: Package event received: 0
09-27 13:56:49.268  1463  2067 D BackgroundInstallControlService: Package event received: 0
09-27 13:56:49.268  1463  2067 D BackgroundInstallControlService: Package event received: 0
09-27 13:56:49.268  1463  2067 D BackgroundInstallControlService: Package event received: 0
09-27 13:56:49.349  8188  8192 E gcblocker: too long GC blocking: 8
09-27 13:56:49.350  8188  8192 E gcblocker: gc block end, 498125822,101
09-27 13:56:50.784  1463  2067 D BackgroundInstallControlService: Package event received: 0
09-27 13:56:50.785  1463  2067 D BackgroundInstallControlService: Package event received: 0
09-27 13:56:50.787  1463  2067 D BackgroundInstallControlService: Package event received: 0
09-27 13:56:50.787  1463  2067 D BackgroundInstallControlService: Package event received: 0
09-27 13:56:50.818   883   883 W TracingMuxer: type=1400 audit(0.0:251956): avc:  denied  { write } for  name="traced_producer" dev="tmpfs" ino=1296 scontext=u:r:hal_neuralnetworks_darwinn:s0 tcontext=u:object_r:traced_producer_socket:s0 tclass=sock_file permissive=0
09-27 13:56:50.879  8188  8192 E gcblocker: too long GC blocking: 8
09-27 13:56:50.879  8188  8192 E gcblocker: gc block end, 498127352,100
09-27 13:56:52.314  1463  2067 D BackgroundInstallControlService: Package event received: 0
09-27 13:56:52.315  1463  2067 D BackgroundInstallControlService: Package event received: 0
09-27 13:56:52.316  1463  2067 D BackgroundInstallControlService: Package event received: 0
09-27 13:56:52.317  1463  2067 D BackgroundInstallControlService: Package event received: 0
09-27 13:56:52.403  8188  8192 E gcblocker: too long GC blocking: 8
09-27 13:56:52.404  8188  8192 E gcblocker: gc block end, 498128876,100
09-27 13:56:53.849  1463  2067 D BackgroundInstallControlService: Package event received: 0
09-27 13:56:53.851  1463  2067 D BackgroundInstallControlService: Package event received: 0
09-27 13:56:53.852  1463  2067 D BackgroundInstallControlService: Package event received: 0
09-27 13:56:53.853  1463  2067 D BackgroundInstallControlService: Package event received: 0
09-27 13:56:53.949  8188  8192 E gcblocker: too long GC blocking: 8
09-27 13:56:53.949  8188  8192 E gcblocker: gc block end, 498130421,101
09-27 13:56:53.961 14791 14795 I pixel-thermal: disp_therm:28.7 raw data: disp_therm:28700 
09-27 13:56:53.969 14791 14795 I pixel-thermal: battery:29.6 raw data: battery:29600 
09-27 13:56:53.969 14791 14795 I pixel-thermal: btmspkr_therm:28.789 raw data: btmspkr_therm:28789 
09-27 13:56:53.970 14791 14795 I pixel-thermal: usb_pwr_therm:28.812 raw data: usb_pwr_therm:28812 
09-27 13:56:53.970 14791 14795 I pixel-thermal: quiet_therm:31.327 raw data: quiet_therm:31327 
09-27 13:56:53.970 14791 14795 I pixel-thermal: VIRTUAL-USB-UI:0 raw data: USB-MINUS-CHARGER:-3717 VIRTUAL-USB-UI:0 charging_therm:32529 usb_pwr_therm:28812 
09-27 13:56:53.970 14791 14795 I pixel-thermal: VIRTUAL-USB-THROTTLING:0 raw data: USB-MINUS-CHARGER:-3717 VIRTUAL-USB-THROTTLING:0 usb_pwr_therm:28812 
09-27 13:56:53.971 14791 14795 I pixel-thermal: Power rails total power: 447.97 mW for 60005 ms
09-27 13:56:53.971 14791 14795 I pixel-thermal: Power rails [S6M_LLDO1: 54.09 mW] [S4M_VDD_CPUCL0: 56.95 mW] [S3M_VDD_CPUCL2: 1.97 mW] [S1M_VDD_MIF: 15.69 mW] [S5M_VDD_INT: 19.12 mW] [S9M_VDD_CPUCL1_M: 4.67 mW] 
09-27 13:56:53.971 14791 14795 I pixel-thermal: Power rails [S2M_VDD_CPUCL1: 13.31 mW] [VSYS_PWR_CAMERA: 3.44 mW] [VSYS_PWR_DISPLAY: 3.46 mW] [L21S_VDD2L_MEM: 2.13 mW] [S8M_LLDO2: 58.90 mW] [S3S_LLDO1: 28.79 mW] 
09-27 13:56:53.971 14791 14795 I pixel-thermal: Power rails [VSYS_PWR_RFFE: 3.95 mW] [VSYS_PWR_WLAN_BT: 18.63 mW] [VSYS_PWR_MODEM: 103.54 mW] [L2S_PLL_MIPI_UFS: 17.63 mW] [S4S_VDD2H_MEM: 20.05 mW] [S9S_VDD_AOC: 8.12 mW] 
09-27 13:56:53.971 14791 14795 I pixel-thermal: Power rails [S2S_VDD_G3D: 0.52 mW] [S1S_VDD_CAM: 5.27 mW] [S7M_VDD_TPU: 0.00 mW] [L22S_UDFPS: 0.31 mW] [S12S_VDD_AUR: 4.54 mW] [S5S_VDDQ_MEM: 2.90 mW] 
09-27 13:56:53.971 14791 14795 I pixel-thermal: CDEV log dc_icl state:0 gxp-cooling state:0 thermal-uclamp-4 state:0 thermal-cpufreq-2 state:0 thermal-cpufreq-0 state:0 tpu_cooling state:0 usbc-port state:0 thermal-uclamp-0 state:0 fcc state:0 thermal-cpufreq-1 state:0 thermal-gpufreq-0 state:0 thermal-uclamp-7 state:0 
09-27 13:56:54.726 14791 14795 I pixel-thermal: VIRTUAL-SKIN-CPU-MID:29.9536 raw data: VIRTUAL-SKIN:29953.6 VIRTUAL-SKIN-CPU-MID:29953.6 VIRTUAL-SKIN-LEGACY:30231.2 VIRTUAL-SKIN-LEGACY-MODEL-DIFF:316.256 VIRTUAL-SKIN-LEGACY-SHUTDOWN:0 VIRTUAL-SKIN-MODEL:29914.9 VIRTUAL-SKIN-MODEL-CLAMPED:29914.9 VIRTUAL-SKIN-MODEL-LEGACY-DIFF:-316.256 VIRTUAL-SKIN-MODEL-UPDATED:29953.6 VIRTUAL-SKIN-MODEL-UPPER-CLAMPED:29914.9 VIRTUAL-SKIN-SUB-0:29076.7 VIRTUAL-SKIN-SUB-1:29864.4 VIRTUAL-SKIN-SUB-2:29903.7 VIRTUAL-SKIN-SUB-3:30231.2 VIRTUAL-SKIN-SUB-4:29831.4 VT_LEGACY_WEIGHT:0 VT_MODEL_WEIGHT:1 battery:29600 btmspkr_therm:28789 charging_therm:32529 disp_therm:28700 north_therm:31572 quiet_therm:31327 rfpa_therm:31594 soc_therm:32195 usb_pwr_therm:28812 
09-27 13:56:54.734 14791 14795 I pixel-thermal: VIRTUAL-SKIN-SOC:29.9536 raw data: VIRTUAL-SKIN:29953.6 VIRTUAL-SKIN-SOC:29953.6 
09-27 13:56:54.734 14791 14795 I pixel-thermal: VIRTUAL-SKIN-DISPLAY:29.9536 raw data: VIRTUAL-SKIN:29953.6 VIRTUAL-SKIN-DISPLAY:29953.6 
09-27 13:56:54.734 14791 14795 I pixel-thermal: CPU_THROTTLE_SEVERE:0 raw data: CPU_THROTTLE_SEVERE:0 
09-27 13:56:54.734 14791 14795 I pixel-thermal: VIRTUAL-SKIN:29.9536 raw data: VIRTUAL-SKIN:29953.6 
09-27 13:56:54.734 14791 14795 I pixel-thermal: VIRTUAL-SKIN-HINT:29.9536 raw data: VIRTUAL-SKIN:29953.6 VIRTUAL-SKIN-HINT:29953.6 
09-27 13:56:54.734 14791 14795 I pixel-thermal: VIRTUAL-SKIN-CPU-LIGHT-ODPM:29.9536 raw data: VIRTUAL-SKIN:29953.6 VIRTUAL-SKIN-CPU-LIGHT-ODPM:29953.6 
09-27 13:56:54.734 14791 14795 I pixel-thermal: VIRTUAL-SKIN-CPU-ODPM:29.9536 raw data: VIRTUAL-SKIN:29953.6 VIRTUAL-SKIN-CPU-ODPM:29953.6 
09-27 13:56:54.734 14791 14795 I pixel-thermal: VIRTUAL-SKIN-MODEL: model_input: [31594.00 31327.00 32529.00 28812.00 28789.00 28700.00 31572.00 32195.00 ]
09-27 13:56:54.735 14791 14795 I native  : I0000 00:00:1758945414.734850   14795 thermal_tflite_wrapper.cc:261] ThermalTfliteInvoke
09-27 13:56:54.735 14791 14795 I pixel-thermal: VIRTUAL-SKIN-MODEL: model_output: [29860.3 ]
09-27 13:56:54.735 14791 14795 I pixel-thermal: VIRTUAL-SKIN-MODEL: predicted_value: [29860.3 ]
09-27 13:56:54.735 14791 14795 I pixel-thermal: VIRTUAL-SKIN-ODPM-MODEL: model_input: [31594.00 31327.00 32529.00 28812.00 28789.00 28700.00 31572.00 32195.00 29600.00 519.24 5.01 12.39 110.37 4.39 37.81 ]
09-27 13:56:54.736 14791 14795 I native  : I0000 00:00:1758945414.735989   14795 thermal_tflite_wrapper.cc:261] ThermalTfliteInvoke
09-27 13:56:54.736 14791 14795 I pixel-thermal: VIRTUAL-SKIN-ODPM-MODEL: model_output: [28811.3 ]
09-27 13:56:54.736 14791 14795 I pixel-thermal: VIRTUAL-SKIN-ODPM-MODEL: predicted_value: [28811.3 ]
09-27 13:56:54.736 14791 14795 I pixel-thermal: VIRTUAL-SKIN-SPEAKER-MODEL: model_input: [29600.00 28789.00 32529.00 28700.00 31572.00 31327.00 31594.00 32195.00 28812.00 ]
09-27 13:56:54.736 14791 14795 I native  : I0000 00:00:1758945414.736807   14795 thermal_tflite_wrapper.cc:261] ThermalTfliteInvoke
09-27 13:56:54.736 14791 14795 I pixel-thermal: VIRTUAL-SKIN-SPEAKER-MODEL: model_output: [29117.8 ]
09-27 13:56:54.736 14791 14795 I pixel-thermal: VIRTUAL-SKIN-SPEAKER-MODEL: predicted_value: [29117.8 ]
09-27 13:56:54.737 14791 14795 I pixel-thermal: STATS-UPDATOR:0 raw data: EXTREME-SOC-CONDITION-CHECK:0 MAIN_SOC_POWER:255.391 MODEL_CAMERA_PWR:5.01226 MODEL_DISPLAY_PWR:12.3939 MODEL_MISC_PWR:519.241 MODEL_MODEM_PWR:110.375 MODEL_RFFE_PWR:4.39311 MODEL_WLAN_BT_PWR:37.8137 NORTH_THERM-UNDER-THRESHOLD:1 NORTH_THERM-VSKIN-DIFF-DURING-NORTH_THERM-OVER-THRESHOLD:-998382 NORTH_THERM-VSKIN-DIFF-DURING-VSKIN-OVER-52:-998382 QUIET_THERM-UNDER-THRESHOLD:1 QUIET_THERM-VSKIN-DIFF-DURING-QUIET_THERM-OVER-THRESHOLD:-998627 QUIET_THERM-VSKIN-DIFF-DURING-VSKIN-OVER-52:-998627 RFPA_THERM-UNDER-THRESHOLD:1 RFPA_THERM-VSKIN-DIFF-DURING-RFPA_THERM-OVER-THRESHOLD:-998360 RFPA_THERM-VSKIN-DIFF-DURING-VSKIN-OVER-52:-998360 SOC_THERM-UNDER-THRESHOLD:1 SOC_THERM-VSKIN-DIFF-DURING-SOC_THERM-OVER-THRESHOLD:-997759 SOC_THERM-VSKIN-DIFF-DURING-VSKIN-OVER-52:-997759 STATS-UPDATOR:0 TPU_35S:0 VIRTUAL-SKIN:29953.6 VIRTUAL-SKIN-LEGACY:30231.2 VIRTUAL-SKIN-MODEL:29860.3 VIRTUAL-SKIN-MODEL-LEGACY-DIFF:-316.256 VIRTUAL-SKIN-ODPM-MODEL:28811.3 VIRTUAL-SKIN-SPEAKER-MODEL:29117.8 VSKIN-SKIN-UNDER-52:1 battery:29600 btmspkr_therm:28789 charging_therm:32529 disp_therm:28700 north_therm:31572 quiet_therm:31327 rfpa_therm:31594 soc_therm:32195 usb_pwr_therm:28812 
09-27 13:56:54.737 14791 14795 I pixel-thermal: VIRTUAL-SKIN-CPU-HIGH:29.9536 raw data: VIRTUAL-SKIN:29953.6 VIRTUAL-SKIN-CPU-HIGH:29953.6 
09-27 13:56:54.737 14791 14795 I pixel-thermal: cellular-emergency:29.9536 raw data: VIRTUAL-SKIN:29953.6 cellular-emergency:29953.6 
09-27 13:56:55.372  1463  2067 D BackgroundInstallControlService: Package event received: 0
09-27 13:56:55.373  1463  2067 D BackgroundInstallControlService: Package event received: 0
09-27 13:56:55.375  1463  2067 D BackgroundInstallControlService: Package event received: 0
09-27 13:56:55.375  1463  2067 D BackgroundInstallControlService: Package event received: 0
09-27 13:56:55.469  8188  8192 E gcblocker: too long GC blocking: 8
09-27 13:56:55.469  8188  8192 E gcblocker: gc block end, 498131942,100
09-27 13:56:56.068 14791 14795 I pixel-thermal: north_therm:31.572 raw data: north_therm:31572 
09-27 13:56:56.678  2251  2423 D TemperatureStateSource: sequence=49741 actualDelay=10002
09-27 13:56:56.679  2251  2423 D TemperatureStateSource: Reading temperature: sequence=49742
09-27 13:56:56.684 14791 14791 I pixel-thermal: CPU_THROTTLE_SEVERE:0 raw data: CPU_THROTTLE_SEVERE:0 
09-27 13:56:56.685 14791 14791 I pixel-thermal: VIRTUAL-SKIN:29.9536 raw data: VIRTUAL-SKIN:29953.6 
09-27 13:56:56.685  2251  2423 D TemperatureStateSource: getDeviceTemperatures: sequence=49742 deviceTemperatureType=3 temperatureSource=0 temperatures=[29.953611]
09-27 13:56:56.686  2251  2423 D BusinessScope: Enqueuing the block
09-27 13:56:56.686  2251  2423 D TemperatureStateSource: sequence=49742 waitTime=10000
09-27 13:56:56.686  2251  2423 D BusinessScope: Start running the #106791 block
09-27 13:56:56.687  2251  2423 D BusinessScope: Enqueuing the block
09-27 13:56:56.687  2251  2423 D ImpulseStateSource: Notify clients: 53389
09-27 13:56:56.687  2251  2423 D BusinessScope: Finish running the #106791 block
09-27 13:56:56.687  2251  2423 D BusinessScope: Start running the #106792 block
09-27 13:56:56.687  2251  2423 D BusinessScope: Finish running the #106792 block
09-27 13:56:56.900  1463  2067 D BackgroundInstallControlService: Package event received: 0
09-27 13:56:56.901  1463  2067 D BackgroundInstallControlService: Package event received: 0
09-27 13:56:56.902  1463  2067 D BackgroundInstallControlService: Package event received: 0
09-27 13:56:56.903  1463  2067 D BackgroundInstallControlService: Package event received: 0
09-27 13:56:56.997  8188  8192 E gcblocker: too long GC blocking: 8
09-27 13:56:56.997  8188  8192 E gcblocker: gc block end, 498133469,100
09-27 13:56:57.094  1197  1197 W TracingMuxer: type=1400 audit(0.0:251957): avc:  denied  { write } for  name="traced_producer" dev="tmpfs" ino=1296 scontext=u:r:gxp_logging:s0 tcontext=u:object_r:traced_producer_socket:s0 tclass=sock_file permissive=0
09-27 13:56:57.416  2995  3012 W pixelstats-vendor: Thread Pool max thread count is 0. Cannot cache binder as linkToDeath cannot be implemented. serviceName: android.frameworks.stats.IStats/default
09-27 13:56:58.426  1463  2067 D BackgroundInstallControlService: Package event received: 0
09-27 13:56:58.431  1463  2067 D BackgroundInstallControlService: Package event received: 0
09-27 13:56:58.432  1463  2067 D BackgroundInstallControlService: Package event received: 0
09-27 13:56:58.432  1463  2067 D BackgroundInstallControlService: Package event received: 0
09-27 13:56:58.522  8188  8192 E gcblocker: too long GC blocking: 8
09-27 13:56:58.522  8188  8192 E gcblocker: gc block end, 498134995,100
09-27 13:56:58.829 14791 14795 I pixel-thermal: charging_therm:32.529 raw data: charging_therm:32529 
09-27 13:56:59.259  2122  2176 D ControlsListingControllerImpl: Subscribing callback, service count: 1
09-27 13:56:59.263 30414 30584 I Finsky  : [1095] Stats for Executor: BlockingExecutor trk@c2bb0d1[Running, pool size = 0, active threads = 0, queued tasks = 0, completed tasks = 1026]
09-27 13:56:59.264 30414 30584 I Finsky  : [1095] Stats for Executor: LightweightExecutor trk@1202736[Running, pool size = 4, active threads = 0, queued tasks = 0, completed tasks = 5633]
09-27 13:56:59.264 30414 30584 I Finsky  : [1095] Stats for Executor: bgExecutor trk@675637[Running, pool size = 4, active threads = 0, queued tasks = 0, completed tasks = 15243]
09-27 13:56:59.264 30414 30584 I Finsky  : [1095] Stats for Executor: GrpcBackgroundExecutor trk@dcea7a4[Running, pool size = 4, active threads = 0, queued tasks = 0, completed tasks = 11]
09-27 13:56:59.278  2122  2176 D ControlsListingControllerImpl: Unsubscribing callback
09-27 13:56:59.868  1203  1203 D AOC     : A3:MSG: tmd3733_device.cc, 4358: USF: TMD3733: R/C:0.49 2D->1CD d_lux:97.3 c_lux:103.8/-1.0 c_coeff:0.50/-1.00
09-27 13:56:59.868  1203  1203 D AOC     : A3:MSG: tmd3733_device.cc, 4361: USF: TMD3733:  w:0.00 C:2169.24 d_leak:0.0 c_leak:0.0 lux:97.4 leak:0.0
09-27 13:56:59.951  1463  2067 D BackgroundInstallControlService: Package event received: 0
09-27 13:56:59.956  1463  2067 D BackgroundInstallControlService: Package event received: 0
09-27 13:56:59.956  1463  2067 D BackgroundInstallControlService: Package event received: 0
09-27 13:56:59.956  1463  2067 D BackgroundInstallControlService: Package event received: 0
09-27 13:57:00.048  8188  8192 E gcblocker: too long GC blocking: 8
09-27 13:57:00.048  8188  8192 E gcblocker: gc block end, 498136520,101
09-27 13:57:00.086  2122  2176 I QAWController: Re-creating the QAW client to avoid stale.
09-27 13:57:00.122  1463  2067 D BackgroundInstallControlService: Package event received: 0
09-27 13:57:00.150  1463  2067 D BackgroundInstallControlService: Package event received: 0
09-27 13:57:00.170  1463  2100 D ActivityManager: sync unfroze 30277 com.google.android.gms for 4
09-27 13:57:00.173  1463  2100 W ProcessStats: Tracking association SourceState{5e799da com.myfitnesspal.android/10326 Top #2546436} whose proc state 1 is better than process ProcessState{209c17b com.android.vending/10178 pkg=com.android.vending} proc state 4 (0 skipped)
09-27 13:57:00.191  1463  2067 D BackgroundInstallControlService: Package event received: 0
09-27 13:57:00.229 30277  6901 E ServiceAvailability: Too many files
09-27 13:57:00.356  2122  2176 I QuickAccessWalletTile: Successfully retrieved wallet cards.
09-27 13:57:00.662  2404  2727 D SatelliteController: iisInCarrierRoamingNbIotNtn: satellite is disabled
09-27 13:57:00.666  2359  2359 I SHANNON_IMS: 6075 [PROX] Received onSignalStrengthsChanged [CellSignalStrengthLte: rssi=-83 rsrp=-101 rsrq=-10 rssnr=24 cqiTableIndex=1 cqi=14 ta=27 level=2 parametersUseForLevel=0] [SLID:0 APM:false] (ImsConnectivityProxyListener$ImsPhoneStateListener%onSignalStrengthsChanged:413)
09-27 13:57:00.672  2795  2795 D CellularQualityMonitor-0: Signal Strength Changed : SignalStrength:{mCdma=CellSignalStrengthCdma: cdmaDbm=2147483647 cdmaEcio=2147483647 evdoDbm=2147483647 evdoEcio=2147483647 evdoSnr=2147483647 level=0,mGsm=CellSignalStrengthGsm: rssi=2147483647 ber=2147483647 mTa=2147483647 mLevel=0,mWcdma=CellSignalStrengthWcdma: ss=2147483647 ber=2147483647 rscp=2147483647 ecno=2147483647 level=0,mTdscdma=CellSignalStrengthTdscdma: rssi=2147483647 ber=2147483647 rscp=2147483647 level=0,mLte=CellSignalStrengthLte: rssi=-83 rsrp=-101 rsrq=-10 rssnr=24 cqiTableIndex=1 cqi=14 ta=27 level=2 parametersUseForLevel=0,mNr=CellSignalStrengthNr:{ csiRsrp = 2147483647 csiRsrq = 2147483647 csiCqiTableIndex = 2147483647 csiCqiReport = [] ssRsrp = 2147483647 ssRsrq = 2147483647 ssSinr = 2147483647 level = 0 parametersUseForLevel = 0 timingAdvance = 2147483647 },primary=CellSignalStrengthLte}
09-27 13:57:00.672  2795  2795 D CellularQualityMonitor-0: CellSignalStrength Changed: CellSignalStrengthLte: rssi=-83 rsrp=-101 rsrq=-10 rssnr=24 cqiTableIndex=1 cqi=14 ta=27 level=2 parametersUseForLevel=0
09-27 13:57:00.973 14791 14795 I pixel-thermal: disp_therm:28.611 raw data: disp_therm:28611 
09-27 13:57:00.980 14791 14795 I pixel-thermal: btmspkr_therm:28.789 raw data: btmspkr_therm:28789 
09-27 13:57:00.980 14791 14795 I pixel-thermal: usb_pwr_therm:28.812 raw data: usb_pwr_therm:28812 
09-27 13:57:00.981 14791 14795 I pixel-thermal: VIRTUAL-USB-UI:0 raw data: USB-MINUS-CHARGER:-3628 VIRTUAL-USB-UI:0 charging_therm:32440 usb_pwr_therm:28812 
09-27 13:57:00.981 14791 14795 I pixel-thermal: VIRTUAL-USB-THROTTLING:0 raw data: USB-MINUS-CHARGER:-3628 VIRTUAL-USB-THROTTLING:0 usb_pwr_therm:28812 
09-27 13:57:01.485  1463  2067 D BackgroundInstallControlService: Package event received: 0
09-27 13:57:01.488  1463  2067 D BackgroundInstallControlService: Package event received: 0
09-27 13:57:01.488  1463  2067 D BackgroundInstallControlService: Package event received: 0
09-27 13:57:01.488  1463  2067 D BackgroundInstallControlService: Package event received: 0
09-27 13:57:01.572  8188  8192 E gcblocker: too long GC blocking: 8
09-27 13:57:01.572  8188  8192 E gcblocker: gc block end, 498138044,101
09-27 13:57:01.738 14791 14795 I pixel-thermal: VIRTUAL-SKIN-MODEL: model_input: [31550.00 31305.00 32440.00 28812.00 28789.00 28611.00 31550.00 32128.00 ]
09-27 13:57:01.739 14791 14795 I native  : I0000 00:00:1758945421.739364   14795 thermal_tflite_wrapper.cc:261] ThermalTfliteInvoke
09-27 13:57:01.740 14791 14795 I pixel-thermal: VIRTUAL-SKIN-MODEL: model_output: [29806.3 ]
09-27 13:57:01.740 14791 14795 I pixel-thermal: VIRTUAL-SKIN-MODEL: predicted_value: [29806.3 ]
09-27 13:57:01.740 14791 14795 I pixel-thermal: VIRTUAL-SKIN-CPU-MID:29.8947 raw data: VIRTUAL-SKIN:29894.7 VIRTUAL-SKIN-CPU-MID:29894.7 VIRTUAL-SKIN-LEGACY:30191.6 VIRTUAL-SKIN-LEGACY-MODEL-DIFF:385.223 VIRTUAL-SKIN-LEGACY-SHUTDOWN:0 VIRTUAL-SKIN-MODEL:29806.3 VIRTUAL-SKIN-MODEL-CLAMPED:29806.3 VIRTUAL-SKIN-MODEL-LEGACY-DIFF:-385.223 VIRTUAL-SKIN-MODEL-UPDATED:29894.7 VIRTUAL-SKIN-MODEL-UPPER-CLAMPED:29806.3 VIRTUAL-SKIN-SUB-0:29023.1 VIRTUAL-SKIN-SUB-1:29828.6 VIRTUAL-SKIN-SUB-2:29855.5 VIRTUAL-SKIN-SUB-3:30191.6 VIRTUAL-SKIN-SUB-4:29824.8 VT_LEGACY_WEIGHT:0 VT_MODEL_WEIGHT:1 battery:29600 btmspkr_therm:28789 charging_therm:32440 disp_therm:28611 north_therm:31550 quiet_therm:31305 rfpa_therm:31550 soc_therm:32128 usb_pwr_therm:28812 
09-27 13:57:01.747 14791 14795 I pixel-thermal: VIRTUAL-SKIN-SOC:29.8947 raw data: VIRTUAL-SKIN:29894.7 VIRTUAL-SKIN-SOC:29894.7 
09-27 13:57:01.747 14791 14795 I pixel-thermal: VIRTUAL-SKIN-DISPLAY:29.8947 raw data: VIRTUAL-SKIN:29894.7 VIRTUAL-SKIN-DISPLAY:29894.7 
09-27 13:57:01.747 14791 14795 I pixel-thermal: CPU_THROTTLE_SEVERE:0 raw data: CPU_THROTTLE_SEVERE:0 
09-27 13:57:01.747 14791 14795 I pixel-thermal: VIRTUAL-SKIN:29.8947 raw data: VIRTUAL-SKIN:29894.7 
09-27 13:57:01.747 14791 14795 I pixel-thermal: VIRTUAL-SKIN-HINT:29.8947 raw data: VIRTUAL-SKIN:29894.7 VIRTUAL-SKIN-HINT:29894.7 
09-27 13:57:01.747 14791 14795 I pixel-thermal: VIRTUAL-SKIN-CPU-LIGHT-ODPM:29.8947 raw data: VIRTUAL-SKIN:29894.7 VIRTUAL-SKIN-CPU-LIGHT-ODPM:29894.7 
09-27 13:57:01.747 14791 14795 I pixel-thermal: VIRTUAL-SKIN-CPU-ODPM:29.8947 raw data: VIRTUAL-SKIN:29894.7 VIRTUAL-SKIN-CPU-ODPM:29894.7 
09-27 13:57:01.748 14791 14795 I pixel-thermal: VIRTUAL-SKIN-ODPM-MODEL: model_input: [31550.00 31305.00 32440.00 28812.00 28789.00 28611.00 31550.00 32128.00 29600.00 470.20 4.97 12.39 109.01 4.37 33.50 ]
09-27 13:57:01.748 14791 14795 I native  : I0000 00:00:1758945421.748098   14795 thermal_tflite_wrapper.cc:261] ThermalTfliteInvoke
09-27 13:57:01.748 14791 14795 I pixel-thermal: VIRTUAL-SKIN-ODPM-MODEL: model_output: [28991.6 ]
09-27 13:57:01.748 14791 14795 I pixel-thermal: VIRTUAL-SKIN-ODPM-MODEL: predicted_value: [28991.6 ]
09-27 13:57:01.748 14791 14795 I pixel-thermal: VIRTUAL-SKIN-SPEAKER-MODEL: model_input: [29600.00 28789.00 32440.00 28611.00 31550.00 31305.00 31550.00 32128.00 28812.00 ]
09-27 13:57:01.748 14791 14795 I native  : I0000 00:00:1758945421.748939   14795 thermal_tflite_wrapper.cc:261] ThermalTfliteInvoke
09-27 13:57:01.749 14791 14795 I pixel-thermal: VIRTUAL-SKIN-SPEAKER-MODEL: model_output: [29221.5 ]
09-27 13:57:01.749 14791 14795 I pixel-thermal: VIRTUAL-SKIN-SPEAKER-MODEL: predicted_value: [29221.5 ]
09-27 13:57:01.749 14791 14795 I pixel-thermal: STATS-UPDATOR:0 raw data: EXTREME-SOC-CONDITION-CHECK:0 MAIN_SOC_POWER:258.604 MODEL_CAMERA_PWR:4.96676 MODEL_DISPLAY_PWR:12.39 MODEL_MISC_PWR:470.197 MODEL_MODEM_PWR:109.005 MODEL_RFFE_PWR:4.37072 MODEL_WLAN_BT_PWR:33.5026 NORTH_THERM-UNDER-THRESHOLD:1 NORTH_THERM-VSKIN-DIFF-DURING-NORTH_THERM-OVER-THRESHOLD:-998345 NORTH_THERM-VSKIN-DIFF-DURING-VSKIN-OVER-52:-998345 QUIET_THERM-UNDER-THRESHOLD:1 QUIET_THERM-VSKIN-DIFF-DURING-QUIET_THERM-OVER-THRESHOLD:-998590 QUIET_THERM-VSKIN-DIFF-DURING-VSKIN-OVER-52:-998590 RFPA_THERM-UNDER-THRESHOLD:1 RFPA_THERM-VSKIN-DIFF-DURING-RFPA_THERM-OVER-THRESHOLD:-998345 RFPA_THERM-VSKIN-DIFF-DURING-VSKIN-OVER-52:-998345 SOC_THERM-UNDER-THRESHOLD:1 SOC_THERM-VSKIN-DIFF-DURING-SOC_THERM-OVER-THRESHOLD:-997767 SOC_THERM-VSKIN-DIFF-DURING-VSKIN-OVER-52:-997767 STATS-UPDATOR:0 TPU_35S:0 VIRTUAL-SKIN:29894.7 VIRTUAL-SKIN-LEGACY:30191.6 VIRTUAL-SKIN-MODEL:29806.3 VIRTUAL-SKIN-MODEL-LEGACY-DIFF:-385.223 VIRTUAL-SKIN-ODPM-MODEL:28991.6 VIRTUAL-SKIN-SPEAKER-MODEL:29221.5 VSKIN-SKIN-UNDER-52:1 battery:29600 btmspkr_therm:28789 charging_therm:32440 disp_therm:28611 north_therm:31550 quiet_therm:31305 rfpa_therm:31550 soc_therm:32128 usb_pwr_therm:28812 
09-27 13:57:01.749 14791 14795 I pixel-thermal: VIRTUAL-SKIN-CPU-HIGH:29.8947 raw data: VIRTUAL-SKIN:29894.7 VIRTUAL-SKIN-CPU-HIGH:29894.7 
09-27 13:57:01.749 14791 14795 I pixel-thermal: cellular-emergency:29.8947 raw data: VIRTUAL-SKIN:29894.7 cellular-emergency:29894.7 
09-27 13:57:03.010  1463  2067 D BackgroundInstallControlService: Package event received: 0
09-27 13:57:03.013  1463  2067 D BackgroundInstallControlService: Package event received: 0
09-27 13:57:03.013  1463  2067 D BackgroundInstallControlService: Package event received: 0
09-27 13:57:03.013  1463  2067 D BackgroundInstallControlService: Package event received: 0
09-27 13:57:03.100  8188  8192 E gcblocker: too long GC blocking: 8
09-27 13:57:03.100  8188  8192 E gcblocker: gc block end, 498139572,101
09-27 13:57:03.380 14791 14795 I pixel-thermal: soc_therm:32.128 raw data: soc_therm:32128 
09-27 13:57:04.535  1463  2067 D BackgroundInstallControlService: Package event received: 0
09-27 13:57:04.541  1463  2067 D BackgroundInstallControlService: Package event received: 0
09-27 13:57:04.542  1463  2067 D BackgroundInstallControlService: Package event received: 0
09-27 13:57:04.542  1463  2067 D BackgroundInstallControlService: Package event received: 0
09-27 13:57:04.627  8188  8192 E gcblocker: too long GC blocking: 8
09-27 13:57:04.627  8188  8192 E gcblocker: gc block end, 498141099,101
09-27 13:57:05.634  7387  4241 I FusedLocation: (REDACTED) getLastLocation() noteOp denied for %s
09-27 13:57:05.684  7387  4241 I FusedLocation: (REDACTED) getCurrentLocation() from %s failed - inactive
09-27 13:57:05.781  2404  2727 D SatelliteController: iisInCarrierRoamingNbIotNtn: satellite is disabled
09-27 13:57:05.785  2359  2359 I SHANNON_IMS: 6077 [PROX] Received onSignalStrengthsChanged [CellSignalStrengthLte: rssi=-83 rsrp=-101 rsrq=-10 rssnr=22 cqiTableIndex=1 cqi=2 ta=0 level=2 parametersUseForLevel=0] [SLID:1 APM:false] (ImsConnectivityProxyListener$ImsPhoneStateListener%onSignalStrengthsChanged:413)
09-27 13:57:05.788  2795  2795 D CellularQualityMonitor-1: Signal Strength Changed : SignalStrength:{mCdma=CellSignalStrengthCdma: cdmaDbm=2147483647 cdmaEcio=2147483647 evdoDbm=2147483647 evdoEcio=2147483647 evdoSnr=2147483647 level=0,mGsm=CellSignalStrengthGsm: rssi=2147483647 ber=2147483647 mTa=2147483647 mLevel=0,mWcdma=CellSignalStrengthWcdma: ss=2147483647 ber=2147483647 rscp=2147483647 ecno=2147483647 level=0,mTdscdma=CellSignalStrengthTdscdma: rssi=2147483647 ber=2147483647 rscp=2147483647 level=0,mLte=CellSignalStrengthLte: rssi=-83 rsrp=-101 rsrq=-10 rssnr=22 cqiTableIndex=1 cqi=2 ta=0 level=2 parametersUseForLevel=0,mNr=CellSignalStrengthNr:{ csiRsrp = 2147483647 csiRsrq = 2147483647 csiCqiTableIndex = 2147483647 csiCqiReport = [] ssRsrp = 2147483647 ssRsrq = 2147483647 ssSinr = 2147483647 level = 0 parametersUseForLevel = 0 timingAdvance = 2147483647 },primary=CellSignalStrengthLte}
09-27 13:57:05.790  2795  2795 D CellularQualityMonitor-1: CellSignalStrength Changed: CellSignalStrengthLte: rssi=-83 rsrp=-101 rsrq=-10 rssnr=22 cqiTableIndex=1 cqi=2 ta=0 level=2 parametersUseForLevel=0
09-27 13:57:06.065  1463  2067 D BackgroundInstallControlService: Package event received: 0
09-27 13:57:06.065  1463  2067 D BackgroundInstallControlService: Package event received: 0
09-27 13:57:06.065  1463  2067 D BackgroundInstallControlService: Package event received: 0
09-27 13:57:06.067  1463  2067 D BackgroundInstallControlService: Package event received: 0
09-27 13:57:06.153  8188  8192 E gcblocker: too long GC blocking: 8
09-27 13:57:06.153  8188  8192 E gcblocker: gc block end, 498142625,100
09-27 13:57:06.661  2251  2446 D ImpulseConnection: timeout happen: com.google.android.apps.turbo
09-27 13:57:06.661  2251  2446 D ImpulseConnection: unbindService for releasing a CONNECTED connection com.google.android.apps.turbo
09-27 13:57:06.686  2251  2576 D TemperatureStateSource: sequence=49742 actualDelay=10000
09-27 13:57:06.687  2251  2576 D TemperatureStateSource: Reading temperature: sequence=49743
09-27 13:57:06.694 14791 14791 I pixel-thermal: CPU_THROTTLE_SEVERE:0 raw data: CPU_THROTTLE_SEVERE:0 
09-27 13:57:06.695 14791 14791 I pixel-thermal: VIRTUAL-SKIN:29.8594 raw data: VIRTUAL-SKIN:29859.4 VIRTUAL-SKIN-LEGACY:30176.5 VIRTUAL-SKIN-LEGACY-MODEL-DIFF:370.141 VIRTUAL-SKIN-LEGACY-SHUTDOWN:0 VIRTUAL-SKIN-MODEL:29806.3 VIRTUAL-SKIN-MODEL-CLAMPED:29806.3 VIRTUAL-SKIN-MODEL-LEGACY-DIFF:-370.141 VIRTUAL-SKIN-MODEL-UPDATED:29859.4 VIRTUAL-SKIN-MODEL-UPPER-CLAMPED:29806.3 VIRTUAL-SKIN-SUB-0:28987.7 VIRTUAL-SKIN-SUB-1:29805.5 VIRTUAL-SKIN-SUB-2:29831.7 VIRTUAL-SKIN-SUB-3:30176.5 VIRTUAL-SKIN-SUB-4:29812.3 VT_LEGACY_WEIGHT:0 VT_MODEL_WEIGHT:1 battery:29600 btmspkr_therm:28745 charging_therm:32440 disp_therm:28611 north_therm:31572 quiet_therm:31327 rfpa_therm:31394 soc_therm:32084 usb_pwr_therm:28812 
09-27 13:57:06.695  2251  2576 D TemperatureStateSource: getDeviceTemperatures: sequence=49743 deviceTemperatureType=3 temperatureSource=0 temperatures=[29.859358]
09-27 13:57:06.695  2251  2576 D BusinessScope: Enqueuing the block
09-27 13:57:06.696  2251  2576 D TemperatureStateSource: sequence=49743 waitTime=10000
09-27 13:57:06.696  2251  2423 D BusinessScope: Start running the #106793 block
09-27 13:57:06.698 14791 14791 I pixel-thermal: CPU_THROTTLE_SEVERE:0 raw data: CPU_THROTTLE_SEVERE:0 
09-27 13:57:06.698 14791 14791 I pixel-thermal: VIRTUAL-SKIN:29.8594 raw data: VIRTUAL-SKIN:29859.4 
09-27 13:57:06.699  2251  2423 I TemperatureStateSource: temperature was set
09-27 13:57:06.700  2251  2423 D BusinessScope: Enqueuing the block
09-27 13:57:06.701  2251  2423 D ImpulseStateSource: Notify clients: 53390
09-27 13:57:06.701  2251  2423 D BusinessScope: Finish running the #106793 block
09-27 13:57:06.701  2251  2423 D BusinessScope: Start running the #106794 block
09-27 13:57:06.701  2251  2423 D ImpulseConnection: bindService: com.google.android.apps.turbo
09-27 13:57:06.705  1463  2067 D BackgroundInstallControlService: Package event received: 0
09-27 13:57:06.706  1463  2067 D BackgroundInstallControlService: Package event received: 0
09-27 13:57:06.714  2251  2251 D ImpulseConnection: onServiceConnected: ComponentInfo{com.google.android.apps.turbo/com.google.android.apps.turbo.adaptiveplatform.impulse.ImpulseClientService} service is null false
09-27 13:57:06.716  2251  2576 D BusinessScope: Finish running the #106794 block
09-27 13:57:07.273   870  2643 I bthal.activity: bt_power: AclDataStat: 13:57:05:260 - 13:57:07:273, conn_handle: 65, duration: 2012, acl_data_count: 8, acl_tx_data_count: 4, acl_rx_data_count: 4, total_acl_data_count: 262183
09-27 13:57:07.314  1463  3747 W ActivityManager: Unbind failed: could not find connection for android.os.BinderProxy@932d7ec
09-27 13:57:07.315  2404  2404 D SatelliteModemInterface: Binding to com.google.android.satellite
09-27 13:57:07.318  1463  3747 W ActivityManager: Unable to start service Intent { act=android.telephony.satellite.SatelliteService xflg=0x4 pkg=com.google.android.satellite } U=0: not found
09-27 13:57:07.319  2404  2404 E SatelliteModemInterface: Error binding to the satellite service. Retrying in 33848 ms.
09-27 13:57:07.591  1463  2067 D BackgroundInstallControlService: Package event received: 0
09-27 13:57:07.594  1463  2067 D BackgroundInstallControlService: Package event received: 0
09-27 13:57:07.594  1463  2067 D BackgroundInstallControlService: Package event received: 0
09-27 13:57:07.594  1463  2067 D BackgroundInstallControlService: Package event received: 0
09-27 13:57:07.698  8188  8192 E gcblocker: too long GC blocking: 8
09-27 13:57:07.698  8188  8192 E gcblocker: gc block end, 498144170,101
09-27 13:57:07.986 14791 14795 I pixel-thermal: disp_therm:28.611 raw data: disp_therm:28611 
09-27 13:57:07.993 14791 14795 I pixel-thermal: btmspkr_therm:28.745 raw data: btmspkr_therm:28745 
09-27 13:57:07.993 14791 14795 I pixel-thermal: usb_pwr_therm:28.812 raw data: usb_pwr_therm:28812 
09-27 13:57:07.993 14791 14795 I pixel-thermal: VIRTUAL-USB-UI:0 raw data: USB-MINUS-CHARGER:-3628 VIRTUAL-USB-UI:0 charging_therm:32440 usb_pwr_therm:28812 
09-27 13:57:07.993 14791 14795 I pixel-thermal: VIRTUAL-USB-THROTTLING:0 raw data: USB-MINUS-CHARGER:-3628 VIRTUAL-USB-THROTTLING:0 usb_pwr_therm:28812 
09-27 13:57:08.748 14791 14795 I pixel-thermal: VIRTUAL-SKIN-MODEL: model_input: [31394.00 31327.00 32440.00 28812.00 28745.00 28611.00 31572.00 32084.00 ]
09-27 13:57:08.748 14791 14795 I native  : I0000 00:00:1758945428.748671   14795 thermal_tflite_wrapper.cc:261] ThermalTfliteInvoke
09-27 13:57:08.749 14791 14795 I pixel-thermal: VIRTUAL-SKIN-MODEL: model_output: [29810.4 ]
09-27 13:57:08.749 14791 14795 I pixel-thermal: VIRTUAL-SKIN-MODEL: predicted_value: [29810.4 ]
09-27 13:57:08.749 14791 14795 I pixel-thermal: VIRTUAL-SKIN-CPU-MID:29.8398 raw data: VIRTUAL-SKIN:29839.8 VIRTUAL-SKIN-CPU-MID:29839.8 VIRTUAL-SKIN-LEGACY:30176.5 VIRTUAL-SKIN-LEGACY-MODEL-DIFF:366.074 VIRTUAL-SKIN-LEGACY-SHUTDOWN:0 VIRTUAL-SKIN-MODEL:29810.4 VIRTUAL-SKIN-MODEL-CLAMPED:29810.4 VIRTUAL-SKIN-MODEL-LEGACY-DIFF:-366.074 VIRTUAL-SKIN-MODEL-UPDATED:29839.8 VIRTUAL-SKIN-MODEL-UPPER-CLAMPED:29810.4 VIRTUAL-SKIN-SUB-0:28987.7 VIRTUAL-SKIN-SUB-1:29805.5 VIRTUAL-SKIN-SUB-2:29831.7 VIRTUAL-SKIN-SUB-3:30176.5 VIRTUAL-SKIN-SUB-4:29812.3 VT_LEGACY_WEIGHT:0 VT_MODEL_WEIGHT:1 battery:29600 btmspkr_therm:28745 charging_therm:32440 disp_therm:28611 north_therm:31572 quiet_therm:31327 rfpa_therm:31394 soc_therm:32084 usb_pwr_therm:28812 
09-27 13:57:08.755 14791 14795 I pixel-thermal: VIRTUAL-SKIN-SOC:29.8398 raw data: VIRTUAL-SKIN:29839.8 VIRTUAL-SKIN-SOC:29839.8 
09-27 13:57:08.755 14791 14795 I pixel-thermal: VIRTUAL-SKIN-DISPLAY:29.8398 raw data: VIRTUAL-SKIN:29839.8 VIRTUAL-SKIN-DISPLAY:29839.8 
09-27 13:57:08.756 14791 14795 I pixel-thermal: CPU_THROTTLE_SEVERE:0 raw data: CPU_THROTTLE_SEVERE:0 
09-27 13:57:08.756 14791 14795 I pixel-thermal: VIRTUAL-SKIN:29.8398 raw data: VIRTUAL-SKIN:29839.8 
09-27 13:57:08.756 14791 14795 I pixel-thermal: VIRTUAL-SKIN-HINT:29.8398 raw data: VIRTUAL-SKIN:29839.8 VIRTUAL-SKIN-HINT:29839.8 
09-27 13:57:08.756 14791 14795 I pixel-thermal: VIRTUAL-SKIN-CPU-LIGHT-ODPM:29.8398 raw data: VIRTUAL-SKIN:29839.8 VIRTUAL-SKIN-CPU-LIGHT-ODPM:29839.8 
09-27 13:57:08.756 14791 14795 I pixel-thermal: VIRTUAL-SKIN-CPU-ODPM:29.8398 raw data: VIRTUAL-SKIN:29839.8 VIRTUAL-SKIN-CPU-ODPM:29839.8 
09-27 13:57:08.756 14791 14795 I pixel-thermal: VIRTUAL-SKIN-ODPM-MODEL: model_input: [31394.00 31327.00 32440.00 28812.00 28745.00 28611.00 31572.00 32084.00 29600.00 406.63 4.91 12.11 108.04 4.35 29.50 ]
09-27 13:57:08.756 14791 14795 I native  : I0000 00:00:1758945428.756557   14795 thermal_tflite_wrapper.cc:261] ThermalTfliteInvoke
09-27 13:57:08.756 14791 14795 I pixel-thermal: VIRTUAL-SKIN-ODPM-MODEL: model_output: [29092.3 ]
09-27 13:57:08.756 14791 14795 I pixel-thermal: VIRTUAL-SKIN-ODPM-MODEL: predicted_value: [29092.3 ]
09-27 13:57:08.757 14791 14795 I pixel-thermal: VIRTUAL-SKIN-SPEAKER-MODEL: model_input: [29600.00 28745.00 32440.00 28611.00 31572.00 31327.00 31394.00 32084.00 28812.00 ]
09-27 13:57:08.757 14791 14795 I native  : I0000 00:00:1758945428.757374   14795 thermal_tflite_wrapper.cc:261] ThermalTfliteInvoke
09-27 13:57:08.757 14791 14795 I pixel-thermal: VIRTUAL-SKIN-SPEAKER-MODEL: model_output: [29260 ]
09-27 13:57:08.757 14791 14795 I pixel-thermal: VIRTUAL-SKIN-SPEAKER-MODEL: predicted_value: [29260 ]
