09-27 13:52:27.414     0     0 I trusty  : logging.cc: 79: ***: :221: Command Received: AuthenticationEvaluate
09-27 13:52:27.436     0     0 I trusty  : logging.cc: 79: ***: :221: Command Received: AuthenticationEvaluate
09-27 13:52:27.454  1463  2020 D CompatChangeReporter: Compat change id reported: 349487600; UID 1000; state: ENABLED
09-27 13:52:27.471     0     0 I trusty  : logging.cc: 79: ***: :221: Command Received: AuthenticationEvaluate
09-27 13:52:27.504     0     0 I trusty  : logging.cc: 79: ***: :221: Command Received: AuthenticationEvaluate
09-27 13:52:27.537     0     0 I trusty  : logging.cc: 79: ***: :221: Command Received: AuthenticationEvaluate
09-27 13:52:27.571     0     0 I trusty  : logging.cc: 79: ***: :221: Command Received: AuthenticationEvaluate
09-27 13:52:27.574  1463  2067 D BackgroundInstallControlService: Package event received: 0
09-27 13:52:27.578  1463  2067 D BackgroundInstallControlService: Package event received: 0
09-27 13:52:27.578  1463  2067 D BackgroundInstallControlService: Package event received: 0
09-27 13:52:27.578  1463  2067 D BackgroundInstallControlService: Package event received: 0
09-27 13:52:27.582  1463  2067 D BackgroundInstallControlService: Package event received: 0
09-27 13:52:27.593  1463  4936 I SoundTriggerMiddlewareLogging: UNLOAD_MODEL (1)
09-27 13:52:27.594  1463  4936 W SoundTriggerHelper: Unload error: Attempting unload invalid generic model with id:9f6ad62a-1f0b-11e7-87c5-40a8f03d3f15
09-27 13:52:27.606  1463  4936 I SoundTriggerMiddlewareLogging: LOAD_MODEL ("9f6ad62a-1f0b-11e7-87c5-40a8f03d3f15") -> 1
09-27 13:52:27.608     0     0 I trusty  : logging.cc: 79: ***: :221: Command Received: AuthenticationEvaluate
09-27 13:52:27.636     0     0 I trusty  : logging.cc: 79: ***: :221: Command Received: AuthenticationEvaluate
09-27 13:52:27.669     0     0 I trusty  : logging.cc: 79: ***: :221: Command Received: AuthenticationEvaluate
09-27 13:52:27.638  1463  3752 I MediaSessionStack: removeSession | record: com.google.android.gms/cast_rcn_media_session/3339 (userId=0)
09-27 13:52:27.658  1463  3745 I MediaSessionStack: addSession to bottom of stack | record: com.google.android.gms/cast_rcn_media_session/3340 (userId=0)
09-27 13:52:27.664  1463  4936 I SoundTriggerMiddlewareLogging: START_RECOGNITION (1, RecognitionConfig{captureRequested: true, phraseRecognitionExtras: [], audioCapabilities: 0, data: []}) -> android.os.Binder@9f3979e
09-27 13:52:27.664  1463  4936 I SoundTriggerHelper: startRecognition successful.
09-27 13:52:27.664  1463  4936 W SoundTriggerService: error onStart(): Model 9f6ad62a-1f0b-11e7-87c5-40a8f03d3f15 already started
09-27 13:52:27.664  1463  3752 W SoundTriggerHelper: Unload error: Attempting unload invalid generic model with id:12caddb1-acdb-4dce-8cb0-2e95a2313aee
09-27 13:52:27.664  1463  3752 I SoundTriggerService: error onStop(): Model 12caddb1-acdb-4dce-8cb0-2e95a2313aee has no stats available
09-27 13:52:27.678  1463  3752 W ActivityManager: Background start not allowed: service Intent { xflg=0x4 cmp=com.facebook.orca/com.facebook.mqtt.service.MqttServiceV2 (has extras) } to com.facebook.orca/com.facebook.mqtt.service.MqttServiceV2 from pid=31421 uid=10325 pkg=com.facebook.orca startFg?=false
09-27 13:52:27.703     0     0 I trusty  : logging.cc: 79: ***: :221: Command Received: AuthenticationEvaluate
09-27 13:52:27.723  1463  3752 D CompatChangeReporter: Compat change id reported: 311208629; UID 10194; state: ENABLED
09-27 13:52:27.724  1463  3752 W JobScheduler: Job didn't exist in JobStore: 15ab5c0 {androidx.work.systemjobscheduler} #u0a194/9417 @androidx.work.systemjobscheduler@com.google.android.apps.tachyon/androidx.work.impl.background.systemjob.SystemJobService
09-27 13:52:27.738     0     0 I trusty  : logging.cc: 79: ***: :221: Command Received: AuthenticationEvaluate
09-27 13:52:27.771     0     0 I trusty  : logging.cc: 79: ***: :221: Command Received: AuthenticationEvaluate
09-27 13:52:27.801  1463  2100 E AppOps  : attributionTag IWLAN not declared in manifest of com.google.pixel.iwlan
09-27 13:52:27.802     0     0 I trusty  : logging.cc: 79: ***: :221: Command Received: AuthenticationEvaluate
09-27 13:52:27.815  1463  2067 D BackgroundInstallControlService: Package event received: 0
09-27 13:52:27.838     0     0 I trusty  : logging.cc: 79: ***: :221: Command Received: AuthenticationEvaluate
09-27 13:52:27.838  1463  2067 D BackgroundInstallControlService: Package event received: 0
09-27 13:52:27.869     0     0 I trusty  : logging.cc: 79: ***: :221: Command Received: AuthenticationEvaluate
09-27 13:52:27.900  1463  1724 I ActivityManager: Start proc 6103:com.google.android.calendar/u0a217 for broadcast {com.google.android.calendar/com.google.android.apps.calendar.removeaccountdata.AccountDataCleaner}
09-27 13:52:27.901  1463  2067 D BackgroundInstallControlService: Package event received: 0
09-27 13:52:27.905     0     0 I trusty  : logging.cc: 79: ***: :221: Command Received: AuthenticationEvaluate
09-27 13:52:27.936     0     0 I trusty  : logging.cc: 79: ***: :221: Command Received: AuthenticationEvaluate
09-27 13:52:27.945  1463  2067 D BackgroundInstallControlService: Package event received: 0
09-27 13:52:27.947  1463  1706 W WindowManager: Cannot find camera activity.
09-27 13:52:27.952  1463  2067 D BackgroundInstallControlService: Package event received: 0
09-27 13:52:27.972     0     0 I trusty  : logging.cc: 79: ***: :221: Command Received: AuthenticationEvaluate
09-27 13:52:27.983  1463  2067 D BackgroundInstallControlService: Package event received: 0
09-27 13:52:27.988  1463  2067 D BackgroundInstallControlService: Package event received: 0
09-27 13:52:27.994  1463  2067 D BackgroundInstallControlService: Package event received: 0
09-27 13:52:28.004     0     0 I trusty  : logging.cc: 79: ***: :221: Command Received: AuthenticationEvaluate
09-27 13:52:28.038     0     0 I trusty  : logging.cc: 79: ***: :221: Command Received: AuthenticationEvaluate
09-27 13:52:28.034  1463  1723 D ActivityManager: sync unfroze 1476 com.google.android.googlequicksearchbox:googleapp for 3
09-27 13:52:28.036  1463  1723 D ActivityManager: sync unfroze 2982 com.google.android.webview:sandboxed_process0:org.chromium.content.app.SandboxedProcessService0:0 for 3
09-27 13:52:28.054  1463  2067 D BackgroundInstallControlService: Package event received: 0
09-27 13:52:28.071     0     0 I trusty  : logging.cc: 79: ***: :221: Command Received: AuthenticationEvaluate
09-27 13:52:28.105     0     0 I trusty  : logging.cc: 79: ***: :221: Command Received: AuthenticationEvaluate
09-27 13:52:28.103  1463  2146 I MediaSessionStack: removeSession | record: com.google.android.gms/cast_rcn_media_session/3340 (userId=0)
09-27 13:52:28.139     0     0 I trusty  : logging.cc: 79: ***: :221: Command Received: AuthenticationEvaluate
09-27 13:52:28.150  1463  1961 D ActivityManager: freezing 4696 com.google.android.as.oss:learning_bg
09-27 13:52:28.157  1463  1961 D ActivityManager: freezing 4591 com.google.android.as.oss
09-27 13:52:28.175     0     0 I trusty  : logging.cc: 79: ***: :221: Command Received: AuthenticationEvaluate
09-27 13:52:28.207     0     0 I trusty  : logging.cc: 79: ***: :221: Command Received: AuthenticationEvaluate
09-27 13:52:28.241     0     0 I trusty  : logging.cc: 79: ***: :221: Command Received: AuthenticationEvaluate
09-27 13:52:28.243  1463  2100 D ActivityManager: sync unfroze 1399 com.android.providers.calendar for 7
09-27 13:52:28.272     0     0 I trusty  : logging.cc: 79: ***: :221: Command Received: AuthenticationEvaluate
09-27 13:52:28.306     0     0 I trusty  : logging.cc: 79: ***: :221: Command Received: AuthenticationEvaluate
09-27 13:52:28.338     0     0 I trusty  : logging.cc: 79: ***: :221: Command Received: AuthenticationEvaluate
09-27 13:52:28.372     0     0 I trusty  : logging.cc: 79: ***: :221: Command Received: AuthenticationEvaluate
09-27 13:52:28.405     0     0 I trusty  : logging.cc: 79: ***: :221: Command Received: AuthenticationEvaluate
09-27 13:52:28.439     0     0 I trusty  : logging.cc: 79: ***: :221: Command Received: AuthenticationEvaluate
09-27 13:52:28.475     0     0 I trusty  : logging.cc: 79: ***: :221: Command Received: AuthenticationEvaluate
09-27 13:52:28.506     0     0 I trusty  : logging.cc: 79: ***: :221: Command Received: AuthenticationEvaluate
09-27 13:52:28.513  1463  1724 I ActivityManager: Start proc 6229:com.google.android.contacts/u0a209 for broadcast {com.google.android.contacts/com.google.android.libraries.notifications.platform.entrypoints.accountchanged.AccountChangedReceiver}
09-27 13:52:28.539     0     0 I trusty  : logging.cc: 79: ***: :221: Command Received: AuthenticationEvaluate
09-27 13:52:28.572     0     0 I trusty  : logging.cc: 79: ***: :221: Command Received: AuthenticationEvaluate
09-27 13:52:28.607     0     0 I trusty  : logging.cc: 79: ***: :221: Command Received: AuthenticationEvaluate
09-27 13:52:28.639     0     0 I trusty  : logging.cc: 79: ***: :221: Command Received: AuthenticationEvaluate
09-27 13:52:28.648  3823  6062 W Lyric   : shutter_notification_manager.cc:270: 1 calls in 1383 sec(s): vsync timeout for frame 39
09-27 13:52:28.649  3823  6062 I Lyric   : shutter_notification_manager.cc:312: 1 calls in 1383 sec(s): vsync_timestamp unavailable. Apply previous vsync_sof_offset -233590
09-27 13:52:28.650  1463  1961 D ActivityManager: freezing 4266 au.com.shiftyjelly.pocketcasts
09-27 13:52:28.673     0     0 I trusty  : logging.cc: 79: ***: :221: Command Received: AuthenticationEvaluate
09-27 13:52:28.705     0     0 I trusty  : logging.cc: 79: ***: :221: Command Received: AuthenticationEvaluate
09-27 13:52:28.740     0     0 I trusty  : logging.cc: 79: ***: :221: Command Received: AuthenticationEvaluate
09-27 13:52:28.775     0     0 I trusty  : logging.cc: 79: ***: :221: Command Received: AuthenticationEvaluate
09-27 13:52:28.779     0     0 I trusty  : logging.cc: 79: ***: :221: Command Received: AuthenticationDecide
09-27 13:52:28.779     0     0 I trusty  : logging.cc: 79: ***: :156: Auth decision: timeout
09-27 13:52:28.779  1463  2060 D AcquisitionClient: onErrorInternal code: 3, finish: true
09-27 13:52:28.779  1463  2060 D BiometricLogger: Error! Modality: face, latency: 1943
09-27 13:52:28.780  1463  2060 D BiometricSchedulerOperation: [Finished / destroy]: {[2657] com.android.server.biometrics.sensors.face.aidl.FaceAuthenticationClient, proto=3, owner=com.android.systemui, cookie=0, requestId=1460, userId=0}
09-27 13:52:28.782  1463  2060 V ALSProbe: Disable ALS: 226403331
09-27 13:52:28.783  1463  2060 D BiometricScheduler: [Finishing] {[2657] com.android.server.biometrics.sensors.face.aidl.FaceAuthenticationClient, proto=3, owner=com.android.systemui, cookie=0, requestId=1460, userId=0}, success: false
09-27 13:52:28.783  1463  2060 D BiometricScheduler: No operations, returning to idle
09-27 13:52:28.786  3823  5300 I Lyric   : camera_device_session_hwl_impl.cc:1127: Flush entered, camera_id: 1
09-27 13:52:28.786  3823  5300 I Lyric   : camera_powerhal_impl.cc:187: SetPowerBoost Trigger CAMERA_LAUNCH for 200ms
09-27 13:52:28.786  3823  5300 I Lyric   : camera_device_session_manager_base.cc:1303: Attempting to flush graph:top_graph_for_camera_Front
09-27 13:52:28.787  3823  3962 I Lyric   : retiming_node.cc:571: Front(hal id: 1), Reporting image frame drop to framework for stream id: 0, request id: 42
09-27 13:52:28.787  3823  3962 I Lyric   : retiming_node.cc:571: Front(hal id: 1), Reporting image frame drop to framework for stream id: 0, request id: 43
09-27 13:52:28.787  3823  3957 I Lyric   : camera_device_session_manager_base.cc:1159: Reporting metadata frame drop for camera: Front, request id: 42, partial result count: 2
09-27 13:52:28.787  3823  5300 I Lyric   : fe_node.cc:1024: frontend flush at flush_mark 45 output frame stats (ignores fence-signaled drops): {process_input_count = 0, dropped_all_outputs = 0, valid_ae = 0, valid_pre_lsc_ae = 0, valid_uae = 0, valid_awb = 0, valid_histogram = 0, valid_flicker = 0, valid_motion = 0, valid_cdaf = 0, valid_pdaf = 0, valid_align = 0, valid_alias_map = 0, valid_gaussian_pyramid = 0, valid_scaled_rgb_stats = 0, valid_scaled_yuv_stats = 0, valid_lsc = 0, valid_bilateral_grid = 0, valid_scaled_rgb = 0, valid_scaled_yuv = 0, valid_cam_data_dump = 0, valid_pixel_patch = 0}
09-27 13:52:28.787  3823  5300 I Lyric   : unified_zuma_front_end_controller.cc:427: [CAM1] Flushing at Normal mode
09-27 13:52:28.787  3823  5300 I Lyric   : per_camera_barrier_impl.cc:47: Blocker for FeControllerBlockCam1ToStop#1ForFlush acquired
09-27 13:52:28.787  3823  5300 I Lyric   : inflight_config_queue.cc:151: [CAM1][ISPFE] Flushing 1 pending configs. Queue: last completed: (sensor frame # 44 (abs 43), id: 3420) pending: (sensor frame # 45 (abs 44), id: 3421), 
09-27 13:52:28.787  3823  5309 W Lyric   : sensor_node.cc:763: sensor SensorNode producing drops due to frame request drop on frame 45
09-27 13:52:28.787  3823  3962 I Lyric   : retiming_node.cc:571: Front(hal id: 1), Reporting image frame drop to framework for stream id: 0, request id: 44
09-27 13:52:28.787  3823  5300 I Lyric   : fe_programming_async.cc:385: [CAM1][ISPFE] Rewinding PDMA write pointer to end of sensor frame # 44 (abs 43) commands. Write pointer: 704
09-27 13:52:28.787  3823  3953 W Lyric   : tuning_node.cc:546: 2 calls in 1382 sec(s): TuningNode producing frame drop because request frame is drop
09-27 13:52:28.787  3823  5300 I Lyric   : frame_images_queue_handler.cc:140: [CAM1] Bayer[0] Canceled sensor frames 45 Flushed [CAM1] Bayer[0] frame
09-27 13:52:28.787  3823  5300 I Lyric   : lmp_pipeline.cc:585: [Bayer4][CAM1] Removed obsolete lmp frame (not frame 43) (not frame 44) 45
09-27 13:52:28.787  3823  5300 I Lyric   : zuma_lmp_context.cc:117: Flushing Lmp context bayer
09-27 13:52:28.787  3823  5300 I Lyric   : lmp_pipeline.cc:494: [Bayer4][CAM1] Drain(timeout=200.47034875ms) entered. Number of frames in the queue is 2
09-27 13:52:28.787  3823  5300 I Lyric   : lmp_pipeline.cc:511: [Bayer4][CAM1] Waiting for pipeline to drain. There are 2 pending transactions for frames: sensor frame numbers: [43 44], abs frame numbers: [42 43]
09-27 13:52:28.787  3823  3957 I Lyric   : camera_device_session_manager_base.cc:1159: Reporting metadata frame drop for camera: Front, request id: 45, partial result count: 1
09-27 13:52:28.788  3823  3957 I Lyric   : camera_device_session_manager_base.cc:1159: Reporting metadata frame drop for camera: Front, request id: 43, partial result count: 2
09-27 13:52:28.788  3823  3957 I Lyric   : camera_device_session_manager_base.cc:1159: Reporting metadata frame drop for camera: Front, request id: 44, partial result count: 2
09-27 13:52:28.812  1463  1724 I ActivityManager: Start proc 6289:com.google.android.dialer/u0a156 for broadcast {com.google.android.dialer/com.google.android.libraries.notifications.platform.entrypoints.accountchanged.AccountChangedReceiver}
09-27 13:52:28.821  1463  1723 D ActivityManager: sync unfroze 620 com.google.android.apps.walletnfcrel for 3
09-27 13:52:28.829  3823  5300 I Lyric   : lmp_pipeline.cc:523: [Bayer4][CAM1] Pipeline drained.
09-27 13:52:28.829  3823  5300 I Lyric   : zuma_lmp_context.cc:120: Done flushing Lmp context bayer
09-27 13:52:28.829  3823  5300 I Lyric   : zuma_csis_core_context.cc:957: [CAM1] Waiting for 0 bayer[0] images: none for 33ms
09-27 13:52:28.829  3823  5300 I Lyric   : zuma_csis_core_context.cc:966: [CAM1] Flush is done
09-27 13:52:28.829  3823  5300 I Lyric   : unified_zuma_front_end_controller.cc:562: [CAM1] Sensor isn't waiting on the barrier, skip re-acquiring the blocker
09-27 13:52:28.829  3823  5300 I Lyric   : unified_zuma_front_end_controller.cc:483: [CAM1] Flushed.
09-27 13:52:28.829  3823  5300 I Lyric   : per_camera_barrier_impl.cc:58: Blocker for FeControllerBlockCam1ToStop#1ForFlush released with status: OK without lwis fence.
09-27 13:52:28.829  3823  5300 I Lyric   : unified_zuma_front_end_controller.cc:519: [CAM1] Sensor isn't waiting on the barrier, skip re-acquiring the blocker
09-27 13:52:28.829  3823  5300 I Lyric   : zuma_backend_pipeline_context.cc:1933: Flushing backend pipeline Pipeline (ID: (instance_id: 10663), IPs: [ RawToYuv ], Max Outputs: 1, IPConnections: [ ], Usecase: Realtime) took 13 us, with flush HW = false
09-27 13:52:28.829  3823  5300 I Lyric   : auto_exposure_node.cc:1159: {type: Node, name: top_graph_for_camera_Front.ae, class_name: AutoExposureNode}: AE input statistics: {process_input_count = 46, dropped_requests = 1, stats_not_ready_count = 0, motion_stats_not_ready_count = 0, segmentation_mask_not_ready_count = 0, stage_detection_result_not_ready_count = 0, saliency_data_not_ready_count = 0, valid_flash_state = 0, valid_exposure_timestamp = 42, valid_sensor_properties = 42, valid_motion_stats = 0, valid_wb_config = 44, valid_color_correction = 44}
09-27 13:52:28.830  3823  3962 I Lyric   : fe_node.cc:2724: frontend received incomplete request at frame number: 45, request dropped: 1, sensor_image dropped: 1, sensor_properties dropped: 1, tuning point dropped: 0
09-27 13:52:28.830  3823  3962 I Lyric   : fe_node.cc:1598: frontend Finished processing an incomplete_request at frame 45 when flush_mark is at frame 45 power mode is Normal
09-27 13:52:28.830  3823  5309 I Lyric   : sensor_node.cc:627: sensor Missing sensor results for frame 45
09-27 13:52:28.830  3823  5309 I Lyric   : retiming_node.cc:571: Front(hal id: 1), Reporting image frame drop to framework for stream id: 0, request id: 45
09-27 13:52:28.830  3823  3953 I Lyric   : camera_device_session_manager_base.cc:1159: Reporting metadata frame drop for camera: Front, request id: 45, partial result count: 2
09-27 13:52:28.830  3823  5300 I Lyric   : retiming_node.cc:1692: Front(hal id: 1), Over the past 1.430009359s there were 45 responses sent and 41 of them had no error. FPS: 31.4683 Non-error FPS: 28.6711
09-27 13:52:28.831  3823  5300 I Lyric   : camera_device_session_manager_base.cc:1354: Finished flushing graph:top_graph_for_camera_Front
09-27 13:52:28.832  3823  6087 I Lyric   : camera_device_session_hwl_impl.cc:967: DestroyPipelines entered, camera_id: 1
09-27 13:52:28.832  3823  6087 I Lyric   : camera_powerhal_impl.cc:302: CAMERA_STREAMING_STANDARD mode unset
09-27 13:52:28.832  3823  6087 I Lyric   : camera_powerhal_impl.cc:302: CAMERA_GPU_STANDARD mode unset
09-27 13:52:28.832  3823  6087 I Lyric   : camera_device_session_manager_base.cc:1025: Attempting to stop graph:top_graph_for_camera_Front
09-27 13:52:28.832  3823  3892 I Lyric   : page_release_controller.cc:151: Reenabling page releasing.
09-27 13:52:28.832  3823  6087 I Lyric   : fe_node.cc:1024: frontend flush at flush_mark 9223372036854774807 output frame stats (ignores fence-signaled drops): {process_input_count = 0, dropped_all_outputs = 0, valid_ae = 0, valid_pre_lsc_ae = 0, valid_uae = 0, valid_awb = 0, valid_histogram = 0, valid_flicker = 0, valid_motion = 0, valid_cdaf = 0, valid_pdaf = 0, valid_align = 0, valid_alias_map = 0, valid_gaussian_pyramid = 0, valid_scaled_rgb_stats = 0, valid_scaled_yuv_stats = 0, valid_lsc = 0, valid_bilateral_grid = 0, valid_scaled_rgb = 0, valid_scaled_yuv = 0, valid_cam_data_dump = 0, valid_pixel_patch = 0}
09-27 13:52:28.832  3823  6087 I Lyric   : unified_zuma_front_end_controller.cc:427: [CAM1] Flushing at Normal mode
09-27 13:52:28.832  3823  6087 I Lyric   : per_camera_barrier_impl.cc:47: Blocker for FeControllerBlockCam1ToStop#2ForFlush acquired
09-27 13:52:28.832  3823  6087 I Lyric   : fe_programming_async.cc:363: [CAM1][ISPFE] No inflight frame configs to flush
09-27 13:52:28.832  3823  6087 I Lyric   : frame_images_queue_handler.cc:140: [CAM1] Bayer[0] Flushed [CAM1] Bayer[0] frame
09-27 13:52:28.832  3823  6087 I Lyric   : lmp_pipeline.cc:585: [Bayer4][CAM1] Removed obsolete lmp frame
09-27 13:52:28.832  3823  6087 I Lyric   : zuma_lmp_context.cc:117: Flushing Lmp context bayer
09-27 13:52:28.832  3823  6087 I Lyric   : lmp_pipeline.cc:494: [Bayer4][CAM1] Drain(timeout=100ms) entered. Number of frames in the queue is 0
09-27 13:52:28.832  3823  6087 I Lyric   : lmp_pipeline.cc:498: [Bayer4][CAM1] Pipeline drained.
09-27 13:52:28.832  3823  6087 I Lyric   : zuma_lmp_context.cc:120: Done flushing Lmp context bayer
09-27 13:52:28.832  3823  6087 I Lyric   : zuma_csis_core_context.cc:957: [CAM1] Waiting for 0 bayer[0] images: none for 33ms
09-27 13:52:28.832  3823  6087 I Lyric   : zuma_csis_core_context.cc:966: [CAM1] Flush is done
09-27 13:52:28.832  3823  6087 I Lyric   : unified_zuma_front_end_controller.cc:562: [CAM1] Sensor isn't waiting on the barrier, skip re-acquiring the blocker
09-27 13:52:28.832  3823  6087 I Lyric   : unified_zuma_front_end_controller.cc:483: [CAM1] Flushed.
09-27 13:52:28.832  3823  6087 I Lyric   : per_camera_barrier_impl.cc:58: Blocker for FeControllerBlockCam1ToStop#2ForFlush released with status: OK without lwis fence.
09-27 13:52:28.832  3823  6087 I Lyric   : unified_zuma_front_end_controller.cc:519: [CAM1] Sensor isn't waiting on the barrier, skip re-acquiring the blocker
09-27 13:52:28.832  3823  6087 I Lyric   : zuma_backend_pipeline_context.cc:1933: Flushing backend pipeline Pipeline (ID: (instance_id: 10663), IPs: [ RawToYuv ], Max Outputs: 1, IPConnections: [ ], Usecase: Realtime) took 10 us, with flush HW = false
09-27 13:52:28.833  3823  6087 I Lyric   : processing_graph.cc:611: top_graph_for_camera_Front starting OutputPort production audit...
09-27 13:52:28.833  3823  6087 I Lyric   : processing_graph.cc:675: OutputPort production audit passed, no anomalies detected :)
09-27 13:52:28.833  3823  3894 I Lyric   : multisensor_controller.cc:982: Front StopStreaming, waiting on barrier
09-27 13:52:28.834  3823  3892 I Lyric   : unified_zuma_front_end_controller.cc:750: [CAM1] Updating power mode from Normal to Standby with incomplete_request on frame -1
09-27 13:52:28.834  3823  3892 I Lyric   : zuma_lmp_context.cc:104: Lmp context bayer go to standby mode at hw frame 45
09-27 13:52:28.834  3823  3892 I Lyric   : lmp_pipeline.cc:494: [Bayer4][CAM1] Drain(timeout=100ms) entered. Number of frames in the queue is 0
09-27 13:52:28.834  3823  3892 I Lyric   : lmp_pipeline.cc:498: [Bayer4][CAM1] Pipeline drained.
09-27 13:52:28.834  3823  3892 I Lyric   : zuma_lmp_context.cc:109: LMP context bayer is done waiting for frame for standby mode
09-27 13:52:28.834  3823  3892 I Lyric   : zuma_csis_core_context.cc:957: [CAM1] Waiting for 0 bayer[0] images: none for 33ms
09-27 13:52:28.834  3823  3892 I Lyric   : zuma_csis_core_context.cc:966: [CAM1] Flush is done
09-27 13:52:28.834  3823  3892 I Lyric   : per_camera_barrier_impl.cc:47: Blocker for FeControllerBlockCam1ToStartExp0#1 acquired
09-27 13:52:28.834  3823  3892 I Lyric   : per_camera_barrier_impl.cc:58: Blocker for FeControllerBlockCam1ToStop#0 released with status: OK without lwis fence.
09-27 13:52:28.835  3823  6062 I Lyric   : sensor_generic_driver.cc:1219: LESHEN stream off success.
09-27 13:52:28.835  3823  3893 I Lyric   : zuma_backend_pipeline_context.cc:1933: Flushing backend pipeline Pipeline (ID: (instance_id: 10663), IPs: [ RawToYuv ], Max Outputs: 1, IPConnections: [ ], Usecase: Realtime) took 17 us, with flush HW = false
09-27 13:52:28.835  3823  3894 I Lyric   : sensor_generic_driver.cc:1293:  event thread stopped.
09-27 13:52:28.835  3823  3894 I Lyric   : sensor_generic_driver.cc:1669: LESHEN sensor frame drop rate at stream off: 0%. drop rate for hw sync: 0%
09-27 13:52:28.835  3823  3893 I Lyric   : zuma_be_core_driver_impl.cc:433: BeCore: receives context release notification
09-27 13:52:28.835  3823  3894 I Lyric   : sensor_generic_driver.cc:1705: LESHEN stream off, size: {width: 2104, height: 1536}, frame rate range: [15, 30.02]
09-27 13:52:28.835  3823  3894 I Lyric   : per_camera_barrier_impl.cc:58: Blocker for MultiSensorController_Stop released with status: OK without lwis fence.
09-27 13:52:28.835  3823  3894 I Lyric   : dpm_bandwidth_controller_v2.cc:1035: Update minimum MIF clock to 0 number of active sensor: 0
09-27 13:52:28.835  3823  3894 I Lyric   : dpm_bandwidth_controller_v2.cc:1091: Update minimum INT clock to 0 number of active sensor: 0
09-27 13:52:28.835  3823  3894 I Lyric   : three_a_request_node.cc:829: three_a_request: Performance statistics for this session: {process_input_count = 46, dropped_request_count = 0}
09-27 13:52:28.835  3823  3894 I Lyric   : motion_sensor_controller_proxy.cc:447: MotionSensor context requests resource change to standby.
09-27 13:52:28.835  3823  3915 I Lyric   : motion_sensor_controller_proxy.cc:535: Start to release all sensor readers.
09-27 13:52:28.835  3823  3892 I Lyric   : zuma_fe_driver.cc:1385: [ISPFE] Cleaning up the sub-driver contexts
09-27 13:52:28.835  3823  3892 I Lyric   : zuma_csis_phy_link_context.cc:1104: Zuma CsisPhyLinkContext_6 disabled
09-27 13:52:28.836  3823  3892 I Lyric   : zuma_fc_bayer_context.cc:249: Disabling bayer context 4
09-27 13:52:28.836  3823  3892 I Lyric   : zuma_fe_driver.cc:1412: [ISPFE] Skip cleaning up the FC PDAF context.
09-27 13:52:28.836  3823  3892 I Lyric   : lmp_pipeline.cc:585: [Bayer4][CAM1] Removed obsolete lmp frame
09-27 13:52:28.836  3823  3892 I Lyric   : zuma_fe_driver.cc:1424: [ISPFE] Skip cleaning up the LMP PDAF context.
09-27 13:52:28.836  3823  3892 I Lyric   : zuma_pdma_context.cc:165: disabling Pdma context.
09-27 13:52:28.837  3823  3892 I Lyric   : zuma_csis_core_context.cc:311: [CAM1] Destroyed Zuma CSIS Core context for sensor LESHEN with size: {width: 2104, height: 1536}
09-27 13:52:28.837  3823  3893 I Lyric   : zuma_secure_operation_controller.cc:84: ZumaSecureOperationController: End secure session for zuma-mcfp
09-27 13:52:28.838  3823  3893 I Lyric   : zuma_secure_operation_controller.cc:84: ZumaSecureOperationController: End secure session for zuma-rgbp
09-27 13:52:28.839  3823  3893 I Lyric   : zuma_secure_operation_controller.cc:84: ZumaSecureOperationController: End secure session for zuma-yuvp
09-27 13:52:28.839  3823  3893 I Lyric   : zuma_be_core_driver_impl.cc:468: BeCore: release internal memory allocation
09-27 13:52:28.839  3823  3893 I Lyric   : zuma_be_core_driver_impl.cc:548: BeCore: power down
09-27 13:52:28.840  3823  3893 I Lyric   : zuma_be_core_driver_impl.cc:571: BeCore: disabling hardware
09-27 13:52:28.840  3823  3915 I Lyric   : direct_channel_motion_sensor_data_streamer.cc:487: gyroscope direct channel released.
09-27 13:52:28.841  3823  3892 I Lyric   : zuma_secure_operation_controller.cc:84: ZumaSecureOperationController: End secure session for zuma-fe
09-27 13:52:28.841  3823  3892 I Lyric   : zuma_fe_driver.cc:1437: [ISPFE] Received context release notification for camera 1
09-27 13:52:28.841  3823  3893 I Lyric   : dynamic_boost_manager.cc:82: Boost factor reset done
09-27 13:52:28.841  3823  3892 I Lyric   : zuma_fe_driver.cc:1367: ISP-FE Qos Update: clock frequency: 0, write bandwidth: 0, read bandwidth: 0
09-27 13:52:28.841  3823  3892 I Lyric   : zuma_fe_driver.cc:1457: [ISPFE] Skipping power down due to active power context
09-27 13:52:28.842  3823  3892 I Lyric   : unified_zuma_front_end_controller.cc:488: [CAM1] Received notification that graph has stopped
09-27 13:52:28.848  3823  3892 I Lyric   : unified_zuma_front_end_controller.cc:721: Release ZumaFeControllerContext for binding id [CAM1]
09-27 13:52:28.848  3823  3892 I Lyric   : unified_zuma_front_end_controller.cc:115: [CAM1] Context is being destroyed
09-27 13:52:28.848  3823  3892 I Lyric   : per_camera_barrier_impl.cc:58: Blocker for FeControllerBlockCam1ToStartExp0#1 released with status: OK without lwis fence.
09-27 13:52:28.848  3823  3892 I Lyric   : zuma_fe_driver.cc:943: [ISPFE] Received context release notification when releasing power_context.
09-27 13:52:28.848  3823  3892 I Lyric   : zuma_fe_driver.cc:1244: [ISPFE] Disabling the device
09-27 13:52:28.848  3823  3892 I Lyric   : lwis_event_thread.cc:117: LwEv:IspFeEvent RemovedLwisClient(isp-fe|FePhyLink) from event thread
09-27 13:52:28.848  3823  3892 I Lyric   : lwis_event_thread.cc:117: LwEv:IspFeEvent RemovedLwisClient(isp-fe|FeLmp) from event thread
09-27 13:52:28.848  3823  3892 I Lyric   : zuma_fe_pdma_driver.cc:61: Disabling pdma hardware
09-27 13:52:28.849  3823  3892 I Lyric   : lwis_event_thread.cc:117: LwEv:IspFeEvent RemovedLwisClient(isp-fe|FePdma) from event thread
09-27 13:52:28.849  3823  3892 I Lyric   : zuma_fe_resetter.cc:157: FrontEnd: SW Reset begins.
09-27 13:52:28.850  3823  3892 I Lyric   : zuma_fe_resetter.cc:168: FrontEnd: SW Reset done: rstctl_status = 0x0
09-27 13:52:28.852  3823  6087 I Lyric   : camera_device_session_manager_base.cc:1029: Successfully stopped graph:top_graph_for_camera_Front
09-27 13:52:28.852  3823  6087 I Lyric   : camera_device_session_manager_base.cc:812: Attempting to destroy graph:top_graph_for_camera_Front
09-27 13:52:28.854  3823  6087 W Lyric   : graph_runner.cc:222: GraphRunner::StopGraph(1) called on a graph that is not running.
09-27 13:52:28.860  3823  3915 I Lyric   : direct_channel_motion_sensor_data_streamer.cc:487: gravity direct channel released.
09-27 13:52:28.860  3823  3915 I Lyric   : time_triggered_task_pool.cc:79: Timer is removed: TTTP[0,0]
09-27 13:52:28.866  3823  6087 I Lyric   : camera_device_session_manager_base.cc:825: Successfully destroyed graph:top_graph_for_camera_Front
09-27 13:52:28.866  3823  6087 I Lyric   : camera_device_session_hwl_impl.cc:397: Destroyed CameraDeviceSessionHwlImpl for camera 1
09-27 13:52:28.866  3823  6087 I Lyric   : camera_powerhal_impl.cc:202: CancelPowerBoost CAMERA_LAUNCH
09-27 13:52:28.866  3823  6087 I Lyric   : camera_powerhal_impl.cc:202: CancelPowerBoost CAMERA_THERMAL_SEVERE_BOOST
09-27 13:52:28.866  3823  6087 I Lyric   : camera_powerhal_impl.cc:202: CancelPowerBoost CAMERA_VIDEO_RECORDING
09-27 13:52:28.866  3823  6087 I Lyric   : camera_powerhal_impl.cc:202: CancelPowerBoost CAMERA_HIGH_PERFORMANCE_BOOST
09-27 13:52:28.866  3823  6087 I Lyric   : camera_powerhal_impl.cc:202: CancelPowerBoost CAMERA_LAUNCH_EXTENDED
09-27 13:52:28.866  3823  6087 I Lyric   : camera_powerhal_impl.cc:202: CancelPowerBoost CAMERA_BACKEND_BOOST
09-27 13:52:28.866  3823  3960 I G3ACoordinator: coordinator.cc:1065: Coordinator NotifyCaptureSessionClose called for camera: {position: front, lens_type: normal, spectrum: visible, instance: real}
09-27 13:52:28.866  3823  3960 I G3ACoordinator: coordinator.cc:1089: Coordinator AfNotifyCaptureSessionClose called for camera: {position: front, lens_type: normal, spectrum: visible, instance: real}
09-27 13:52:28.866  3823  3960 I G3ACoordinator: coordinator.cc:1110: Coordinator AsdNotifyCaptureSessionClose called for camera: {position: front, lens_type: normal, spectrum: visible, instance: real}
09-27 13:52:28.866  3823  3960 I G3ACoordinator: coordinator.cc:1127: Coordinator AwbNotifyCaptureSessionClose called for camera: {position: front, lens_type: normal, spectrum: visible, instance: real}
09-27 13:52:28.866  3823  3960 I Lyric   : device_context.cc:258: Unable to get SaliencyController. Status: NOT_FOUND: Failed to find controller by type; Controller with ID: saliency controller not present in device_context
09-27 13:52:28.866  3823  3894 W Lyric   : device_context.cc:378: NotifyCaptureSessionClose: No OisController found for physical camera Front. Status: NOT_FOUND: Failed to find controller by type and camera id(Front); Controller with ID: optical image stabilization controller for camera: Front not present in device_context
09-27 13:52:28.866  3823  3960 I Lyric   : device_context.cc:280: Unable to get RoiTrackingController. Status: NOT_FOUND: Failed to find controller by type; Controller with ID: Roi tracking controller not present in device_context
09-27 13:52:28.866  3823  3960 I G3ACoordinator: coordinator.cc:1044: Coordinator::NotifyCaptureSessionClose called for camera: {position: front, lens_type: normal, spectrum: visible, instance: real}
09-27 13:52:28.866  3823  6087 I Lyric   : camera_latency_analyzer.cc:99: [CLA] Cam1-Close
09-27 13:52:28.867  3823  6087 I Lyric   : camera_latency_analyzer.cc:101: [CLA] (Cam1-Close) Flush latency: 45.1219
09-27 13:52:28.867  3823  6087 I Lyric   : camera_latency_analyzer.cc:101: [CLA] (Cam1-Close) <-- IDLE --> latency: 0.247721
09-27 13:52:28.867  3823  6087 I Lyric   : camera_latency_analyzer.cc:101: [CLA] (Cam1-Close) Close latency: 35.133
09-27 13:52:28.867  3823  6087 I Lyric   : camera_latency_analyzer.cc:101: [CLA] (Cam1-Close) Overall latency: 80.511
09-27 13:52:28.867  3823  6087 I Lyric   : camera_latency_analyzer.cc:101: [CLA] (Cam1-Close) HAL Total latency: 80.2516
09-27 13:52:28.870  3823  3915 I Lyric   : direct_channel_motion_sensor_data_streamer.cc:487: accelerometer direct channel released.
09-27 13:52:28.874  3823  3894 I G3ACoordinator: front_als_manager.cc:209: Front ALS sensor disabled
09-27 13:52:28.885     0     0 I trusty  : logging.cc: 79: ***: :221: Command Received: AuthenticationDelete
09-27 13:52:28.892     0     0 I trusty  : logging.cc: 79: ***"faceauth": :50: TZ-TPU Wakelock released.
09-27 13:52:28.892     0     0 I trusty  : logging.cc: 79: ***"faceauth": :189: Session finished, current heap footprint: 1282048, maximum footprint: 11669504
09-27 13:52:28.880  3823  3915 I Lyric   : motion_sensor_controller_proxy.cc:560: Successfully release all sensor readers.
09-27 13:52:28.880  3823  3915 I Lyric   : motion_sensor_controller_proxy.cc:535: Start to release all sensor readers.
09-27 13:52:28.880  3823  3915 I Lyric   : motion_sensor_controller_proxy.cc:560: Successfully release all sensor readers.
09-27 13:52:29.094  1463  2067 D BackgroundInstallControlService: Package event received: 0
09-27 13:52:29.094  1463  2067 D BackgroundInstallControlService: Package event received: 0
09-27 13:52:29.094  1463  2067 D BackgroundInstallControlService: Package event received: 0
09-27 13:52:29.095  1463  2067 D BackgroundInstallControlService: Package event received: 0
09-27 13:52:29.372  1463  2067 D BackgroundInstallControlService: Package event received: 0
09-27 13:52:29.393  1463  1724 I ActivityManager: Start proc 6370:com.google.android.projection.gearhead:provider/u0a141 for content provider {com.google.android.projection.gearhead/com.google.android.apps.auto.components.projectionstate.ProjectionStateProvider}
09-27 13:52:29.415  1463  1723 D CompatChangeReporter: Compat change id reported: 151861875; UID 10205; state: ENABLED
09-27 13:52:29.444  1463  1724 I ActivityManager: Start proc 6385:com.google.android.videos/u0a205 for broadcast {com.google.android.videos/com.google.android.apps.googletv.app.account.AccountBroadcastReceiver}
09-27 13:52:29.544  1463  2067 D BackgroundInstallControlService: Package event received: 0
09-27 13:52:29.557  1463  2067 D BackgroundInstallControlService: Package event received: 0
09-27 13:52:29.650  1463  2067 D BackgroundInstallControlService: Package event received: 0
09-27 13:52:29.664  1463  1724 I ActivityManager: Start proc 6418:com.android.chrome/u0a201 for service {com.android.chrome/org.chromium.chrome.browser.customtabs.CustomTabsConnectionService}
09-27 13:52:29.759  1463  3746 D CompatChangeReporter: Compat change id reported: 311402873; UID 10205; state: ENABLED
09-27 13:52:29.759  1463  3746 D CompatChangeReporter: Compat change id reported: 323349338; UID 10205; state: ENABLED
09-27 13:52:29.763  1463  3746 I MediaSessionStack: addSession to bottom of stack | record: com.google.android.videos/play_movies_media/3341 (userId=0)
09-27 13:52:29.818  1463  1723 D CompatChangeReporter: Compat change id reported: 151861875; UID 10197; state: ENABLED
09-27 13:52:29.832  1463  1724 I ActivityManager: Start proc 6481:com.google.android.youtube/u0a197 for broadcast {com.google.android.youtube/com.google.android.libraries.notifications.platform.entrypoints.accountchanged.AccountChangedReceiver}
09-27 13:52:30.000  1463  2067 D BackgroundInstallControlService: Package event received: 0
09-27 13:52:30.025  1463  1961 D ActivityManager: freezing 31912 com.google.android.apps.docs
09-27 13:52:30.035  1463  2067 D BackgroundInstallControlService: Package event received: 0
09-27 13:52:30.131  1463  1723 D CompatChangeReporter: Compat change id reported: 151861875; UID 10140; state: ENABLED
09-27 13:52:30.146  1463  1724 I ActivityManager: Start proc 6530:com.google.assistant.hubui:search/u0a140 for broadcast {com.google.assistant.hubui/com.google.apps.tiktok.account.data.device.DeviceAccountsChangedReceiver_Receiver}
09-27 13:52:30.292  1463  1723 D CompatChangeReporter: Compat change id reported: 151861875; UID 10293; state: ENABLED
09-27 13:52:30.300  1463  4936 D CompatChangeReporter: Compat change id reported: 311402873; UID 10197; state: ENABLED
09-27 13:52:30.300  1463  4936 D CompatChangeReporter: Compat change id reported: 323349338; UID 10197; state: ENABLED
09-27 13:52:30.306  1463  1724 I ActivityManager: Start proc 6562:com.google.android.apps.docs.editors.docs/u0a293 for broadcast {com.google.android.apps.docs.editors.docs/com.google.android.libraries.notifications.platform.entrypoints.accountchanged.AccountChangedReceiver}
09-27 13:52:30.307  1463  1961 D ActivityManager: freezing 15810 com.google.android.apps.messaging
09-27 13:52:30.476  1463  2067 D BackgroundInstallControlService: Package event received: 0
09-27 13:52:30.605  1463  1961 D ActivityManager: freezing 4776 com.google.android.rkpdapp
09-27 13:52:30.608  1463  2067 D BackgroundInstallControlService: Package event received: 0
09-27 13:52:30.609  1463  2067 D BackgroundInstallControlService: Package event received: 0
09-27 13:52:30.609  1463  2067 D BackgroundInstallControlService: Package event received: 0
09-27 13:52:30.609  1463  2067 D BackgroundInstallControlService: Package event received: 0
09-27 13:52:30.641  1463  2067 D BackgroundInstallControlService: Package event received: 0
09-27 13:52:30.734  1463  2067 D BackgroundInstallControlService: Package event received: 0
09-27 13:52:30.762  1463  4936 D CompatChangeReporter: Compat change id reported: 311402873; UID 10293; state: ENABLED
09-27 13:52:30.762  1463  4936 D CompatChangeReporter: Compat change id reported: 323349338; UID 10293; state: ENABLED
09-27 13:52:30.824  1463  2067 D BackgroundInstallControlService: Package event received: 0
09-27 13:52:30.930  1463  3742 D CompatChangeReporter: Compat change id reported: 319212206; UID 10197; state: ENABLED
09-27 13:52:31.055  1463  3742 D CompatChangeReporter: Compat change id reported: 297989574; UID 10197; state: ENABLED
09-27 13:52:31.154  1463  2067 D BackgroundInstallControlService: Package event received: 0
09-27 13:52:31.307  1463  1946 D ActivityManager: sync unfroze 4274 au.com.spriggy.app for 6
09-27 13:52:31.312  1463  1946 W JobServiceContext: Sending onNetworkChanged for a job that isn't started. JobStatus{8118915 #u0a335/999 au.com.spriggy.app/com.transistorsoft.tsbackgroundfetch.FetchJobService u=0 s=10335 TIME=-6m38s98ms:+8m21s902ms NET PERIODIC PERSISTED READY}
09-27 13:52:31.314  1463  2067 D BackgroundInstallControlService: Package event received: 0
09-27 13:52:31.352  1463  1961 D ActivityManager: freezing 5177 com.google.android.apps.nbu.files
09-27 13:52:31.474   488  4247 I keystore2: system/security/keystore2/watchdog/src/lib.rs:371 - Watchdog thread idle -> terminating. Have a great day.
09-27 13:52:31.885  1463  2544 I ContentCaptureManagerService: Data share request accepted by Content Capture service
09-27 13:52:31.959  1463  1961 D ActivityManager: freezing 5360 com.google.android.apps.pixel.creativeassistant
09-27 13:52:32.118  1463  2067 D BackgroundInstallControlService: Package event received: 0
09-27 13:52:32.118  1463  2067 D BackgroundInstallControlService: Package event received: 0
09-27 13:52:32.118  1463  2067 D BackgroundInstallControlService: Package event received: 0
09-27 13:52:32.119  1463  2067 D BackgroundInstallControlService: Package event received: 0
09-27 13:52:32.120  1463  1961 D ActivityManager: freezing 21064 com.google.android.apps.pixel.dcservice
09-27 13:52:32.426  1463  2067 D BackgroundInstallControlService: Package event received: 0
09-27 13:52:32.474  1463  2146 W ActivityManager: Unbind failed: could not find connection for android.os.BinderProxy@5200f65
09-27 13:52:32.486  1463  2146 W ActivityManager: Unable to start service Intent { act=android.telephony.satellite.SatelliteService xflg=0x4 pkg=com.google.android.satellite } U=0: not found
09-27 13:52:32.557  6418  6418 I DisplayManager: Implicitly registering for refresh rate
09-27 13:52:32.564  1463  1961 D ActivityManager: freezing 5444 com.google.android.apps.pixel.relationships
09-27 13:52:32.601  1463  3742 W ProcessStats: Tracking association SourceState{5e799da com.myfitnesspal.android/10326 Top #2545387} whose proc state 1 is better than process ProcessState{209c17b com.android.vending/10178 pkg=com.android.vending} proc state 8 (216 skipped)
09-27 13:52:33.482  1463  2067 D BackgroundInstallControlService: Package event received: 0
09-27 13:52:33.497  1463  1724 I ActivityManager: Start proc 6772:com.android.chrome:privileged_process0/u0a201 for service {com.android.chrome/org.chromium.content.app.PrivilegedProcessService0}
09-27 13:52:33.520  1463  1961 D ActivityManager: freezing 1062 com.google.android.apps.safetyhub
09-27 13:52:33.637  1463  2067 D BackgroundInstallControlService: Package event received: 0
09-27 13:52:33.637  1463  2067 D BackgroundInstallControlService: Package event received: 0
09-27 13:52:33.638  1463  2067 D BackgroundInstallControlService: Package event received: 0
09-27 13:52:33.638  1463  2067 D BackgroundInstallControlService: Package event received: 0
09-27 13:52:33.641  1463  2067 D BackgroundInstallControlService: Package event received: 0
09-27 13:52:33.809  1463  1961 D ActivityManager: freezing 5586 com.google.android.projection.gearhead:car
09-27 13:52:33.811  1463  1961 D ActivityManager: freezing 4901 com.google.android.apps.maps
09-27 13:52:33.952  1463  1961 D ActivityManager: freezing 5536 com.google.android.apps.pixel.support
09-27 13:52:33.981  1463  1961 D ActivityManager: freezing 9463 com.google.android.apps.weather
09-27 13:52:34.078  1463  2146 D CompatChangeReporter: Compat change id reported: 349487600; UID 10201; state: ENABLED
09-27 13:52:34.459  1463  1754 V DisplayPowerController[0]: Brightness [0.05] reason changing to: 'manual [ dim ]', previous reason: 'manual'.
09-27 13:52:34.459  1463  1754 I DisplayPowerController[0]: BrightnessEvent: brt=0.05(47.0%), nits=91.35098, lux=-1.0, reason=manual [ dim ], strat=FallbackBrightnessStrategy, state=ON, stateReason=KEY, policy=DIM, flags=, initBrt=0.19630218, rcmdBrt=NaN, preBrt=NaN, preLux=0.0, wasShortTermModelActive=false, autoBrightness=false (default), unclampedBrt=0.19630218, hbmMax=0.67, hbmMode=off, thrmMax=1.0, rbcStrength=35, powerFactor=1.0, physDisp=Built-in Screen(local:4619827612623940864), logicalId=0, slowChange=false, rampSpeed=0.7047244
09-27 13:52:34.590  1463  1724 W ActivityManager: Slow operation: 126ms so far, now at startProcess: returned from zygote!
09-27 13:52:34.590  1463  1724 W ActivityManager: Slow operation: 126ms so far, now at startProcess: done updating battery stats
09-27 13:52:34.590  1463  1724 W ActivityManager: Slow operation: 126ms so far, now at startProcess: building log message
09-27 13:52:34.590  1463  1724 I ActivityManager: Start proc 6842:com.android.chrome:sandboxed_process0:org.chromium.content.app.SandboxedProcessService0:0/u0ai0 for  {com.android.chrome/org.chromium.content.app.SandboxedProcessService0:0}
09-27 13:52:34.590  1463  1724 W ActivityManager: Slow operation: 126ms so far, now at startProcess: starting to update pids map
09-27 13:52:34.590  1463  1724 W ActivityManager: Slow operation: 126ms so far, now at startProcess: done updating pids map
09-27 13:52:34.593  1463  1961 D ActivityManager: freezing 5710 com.google.android.apps.recorder
09-27 13:52:35.160  1463  2067 D BackgroundInstallControlService: Package event received: 0
09-27 13:52:35.161  1463  2067 D BackgroundInstallControlService: Package event received: 0
09-27 13:52:35.161  1463  2067 D BackgroundInstallControlService: Package event received: 0
09-27 13:52:35.161  1463  2067 D BackgroundInstallControlService: Package event received: 0
09-27 13:52:35.387  1463  1961 D ActivityManager: freezing 30766 com.google.android.webview:webview_service
09-27 13:52:35.996  1463  1961 D ActivityManager: freezing 5788 com.google.android.apps.restore
09-27 13:52:36.039  1463  1961 D ActivityManager: freezing 4869 com.google.android.gm
09-27 13:52:36.411  1463  2067 D BackgroundInstallControlService: Package event received: 0
09-27 13:52:36.411  1463  2067 D BackgroundInstallControlService: Package event received: 0
09-27 13:52:36.411  1463  2067 D BackgroundInstallControlService: Package event received: 0
09-27 13:52:36.453  1463  1754 I PowerGroup: Napping power group (groupId=0, uid=1000)...
09-27 13:52:36.453  1463  1754 I PowerManagerService: Nap time (uid 1000)...
09-27 13:52:36.453  1463  1754 I PowerGroup: Powering off display group due to timeout (groupId= 0, uid= 1000, millisSinceLastUserActivity=10001, lastUserActivityEvent=other)...
09-27 13:52:36.454  1463  2067 D BackgroundInstallControlService: Package event received: 0
09-27 13:52:36.455  1463  1754 I PowerManagerService: Going to sleep due to timeout (uid 1000, screenOffTimeout=1800000, activityTimeoutWM=10000, maxDimRatio=0.20000005, maxDimDur=7000)...
09-27 13:52:36.462  1463  3742 D CoreBackPreview: Window{47bd4f3 u0 NotificationShade}: Setting back callback null
09-27 13:52:36.487  1463  2059 V ALSProbe: Disable ALS: 190654905
09-27 13:52:36.499  1463  1961 D ActivityManager: freezing 21414 com.google.android.webview:sandboxed_process0:org.chromium.content.app.SandboxedProcessService0:0
09-27 13:52:36.626  1463  1961 D ActivityManager: freezing 31421 com.facebook.orca
09-27 13:52:36.681  1463  2067 D BackgroundInstallControlService: Package event received: 0
09-27 13:52:36.681  1463  2067 D BackgroundInstallControlService: Package event received: 0
09-27 13:52:36.681  1463  2067 D BackgroundInstallControlService: Package event received: 0
09-27 13:52:36.681  1463  2067 D BackgroundInstallControlService: Package event received: 0
09-27 13:52:36.758  1463  1754 V DisplayPowerController[0]: Brightness [0.19630218] reason changing to: 'manual', previous reason: 'manual [ dim ]'.
09-27 13:52:36.758  1463  1754 I DisplayPowerController[0]: BrightnessEvent: brt=0.19630218(77.0%), nits=352.38757, lux=-1.0, reason=manual, strat=FallbackBrightnessStrategy, state=ON, stateReason=DEFAULT_POLICY, policy=OFF, flags=, initBrt=0.05, rcmdBrt=NaN, preBrt=NaN, preLux=0.0, wasShortTermModelActive=false, autoBrightness=false (default), unclampedBrt=0.19630218, hbmMax=0.67, hbmMode=off, thrmMax=1.0, rbcStrength=35, powerFactor=1.0, physDisp=Built-in Screen(local:4619827612623940864), logicalId=0, slowChange=false, rampSpeed=0.0
09-27 13:52:36.848  1463  2448 I ActivityManager: Process com.microsoft.office.outlook (pid 23167) has died: cch  +95 CEM 
09-27 13:52:37.086  1463  3755 I ActivityManager: Killing 5799:com.google.android.webview:sandboxed_process0:org.chromium.content.app.SandboxedProcessService0:0/u0a340i688 (adj 0): isolated not needed
09-27 13:52:37.186  1463  1754 I DisplayPowerController[0]: Blocking screen off
09-27 13:52:37.187  1463  1754 D WindowManager: Create SleepToken: tag=Display-off, displayId=0
09-27 13:52:37.190  1463  1754 I DisplayPowerController[0]: Unblocked screen off after 4 ms
09-27 13:52:37.190  1463  1754 I DisplayBrightnessStrategySelector: Changing the DisplayBrightnessStrategy from FallbackBrightnessStrategy to ScreenOffBrightnessStrategy for display 0
09-27 13:52:37.190  1463  1754 V DisplayPowerController[0]: Brightness [0.0] reason changing to: 'screen_off', previous reason: 'manual'.
09-27 13:52:37.190  1463  1754 I DisplayPowerController[0]: BrightnessEvent: brt=0.0(0.0%), nits=2.0, lux=-1.0, reason=screen_off, strat=ScreenOffBrightnessStrategy, state=OFF, stateReason=DEFAULT_POLICY, policy=OFF, flags=, initBrt=0.19630218, rcmdBrt=NaN, preBrt=NaN, preLux=0.0, wasShortTermModelActive=false, autoBrightness=false (default), unclampedBrt=-1.0, hbmMax=0.67, hbmMode=off, thrmMax=1.0, rbcStrength=35, powerFactor=1.0, physDisp=Built-in Screen(local:4619827612623940864), logicalId=0, slowChange=false, rampSpeed=0.0
09-27 13:52:37.193  1463  1706 I DisplayDeviceRepository: Display device changed state: "Built-in Screen", OFF
09-27 13:52:37.193  1463  1754 D BrightnessThermalClamper: Thermal status observer already started
09-27 13:52:37.202  1463  1708 I DisplayDevice: [0] Layerstack set to -1 for local:4619827612623940864
09-27 13:52:37.211  1463  1704 D WindowManager: DeferredDisplayUpdater: partially applying DisplayInfo(1080 x 2424) immediately
09-27 13:52:37.231  1463  1961 D ActivityManager: freezing 4851 com.twitter.android
09-27 13:52:37.236  1463  1961 D ActivityManager: Reschedule freeze for process 4851 com.twitter.android (new pending txns), timeout=2636
09-27 13:52:37.237  1463  1961 D ActivityManager: sync unfroze 4851 com.twitter.android for 18
09-27 13:52:37.242  1463  1961 D ActivityManager: freezing 3069 com.google.android.adservices.api
09-27 13:52:37.383  1463  2448 W ActivityManager: pid 30277 com.google.android.gms sent binder code 46 with flags 2 and got error -2147483646
09-27 13:52:37.432  1463  2086 I LocalDisplayAdapter: SF.setDisplayPowerMode took 242ms
09-27 13:52:37.437  1463  1754 I DreamManagerService: Entering dreamland.
09-27 13:52:37.439  1463  1754 I PowerManagerService: Dozing...
09-27 13:52:37.442  1463  1703 I DreamController: Starting dream: name=ComponentInfo{com.android.systemui/com.android.systemui.doze.DozeService}, isPreviewMode=false, canDoze=true, userId=0, reason='power manager request'
