09-27 13:51:22.196   868  3604 I StHal::SoundTriggerDriverOperations: Stop: io_handle 27966
09-27 13:51:22.196   868  3604 I AHal::Router: Deactivate: deactivate 404299
09-27 13:51:22.197   868  3604 I AHal::Router: InvalidateLocked: new graph #32232 Edges(0):
09-27 13:51:22.197   868  3604 I AHal::Router: InvalidateLocked: ============ apply graph #32232 [Sat Sep 27 13:51:22 2025] start ============
09-27 13:51:22.197   868  3604 I AHal::DeviceInterface: Disconnect: disconnect sound-trigger-microphones -> sound-trigger-capture-0
09-27 13:51:22.197   868  3604 I AHal::AudioRoutePathController: ResetPath: sound-trigger-microphones -> sound-trigger-capture-0: true
09-27 13:51:22.197   868  3604 I AHal::Router: LogTransferring: Transferring (1):
09-27 13:51:22.197   868  3604 I AHal::Router: LogTransferring:   sound-trigger-microphones -> sound-trigger-capture-0 => (null)
09-27 13:51:22.197   868  3604 I AHal::VoiceCall: Update: reset echo reference device
09-27 13:51:22.197   868  3604 I AHal::Router: InvalidateLocked: ============ apply graph #32232 end ============
09-27 13:51:22.197   868  3604 I ASvc::PeriodicWorker: SetLinkedConfigIds: update linked configs []
09-27 13:51:22.197   868  3604 D BTAudioSessionAidl: UpdateSourceMetadata - SessionType=LE_AUDIO_HARDWARE_OFFLOAD_ENCODING_DATAPATH has NO session
09-27 13:51:22.197   868  3604 D BTAudioSessionAidl: UpdateSinkMetadata - SessionType=LE_AUDIO_HARDWARE_OFFLOAD_DECODING_DATAPATH has NO session
09-27 13:51:22.200  3643  4991 I NnfpMusicRecognizer: (REDACTED) Finished recognition for region %s and DB version %s with result: %s
09-27 13:51:22.200  3643  4991 I RecognitionStateHandler: (REDACTED) Dsp model overrides: reloadDetectionModel = [%b] : new squelch = [%s]
09-27 13:51:22.200  3643  4991 I RecognitionStateHandler: Reconfiguration [%s] Latest:[%s]
09-27 13:51:22.201  3643  4991 I MusicRecognitionHandler: (REDACTED) Music recognized (%s): %s.
09-27 13:51:22.201   933  3605 D DeviceHalAidl: [default] releaseAudioPatch: patch: 3979
09-27 13:51:22.201   933  3605 D Hal2AidlMapper: [default] releaseAudioPatch: patchId 3979
09-27 13:51:22.201   868   868 I ASvc::Module: resetAudioPatch: patch id = 3979
09-27 13:51:22.201   868   868 I AHal::Router: InvalidateLocked: nothing change between graph #32232 and #32233
09-27 13:51:22.202  3643  4991 I MusicResultIntentFactor: (REDACTED) Creating favorite intent with request code %s
09-27 13:51:22.210   933  1651 D StreamHalAidl: [in|ioHandle:27966] dump
09-27 13:51:22.210  9463  9523 I EssentialsHourlyForecas: Querying hourly forecast cache for request=1430649893
09-27 13:51:22.211  9463  9525 I EssentialsHourlyForecas: Old hourly forecast is different from new hourly forecast for request=1430649893
09-27 13:51:22.214  2122  2122 I AmbientIndication: Using extended interaction: false
09-27 13:51:22.215  2122  2122 I AmbientIndication: Showing ambient indication.
09-27 13:51:22.215  9463  9522 I WidgetDataListener: EssentialsHourlyForecast changed: No widgets installed, not refreshing
09-27 13:51:22.225   933  1651 D StreamHalAidl: [in|ioHandle:27966] ~StreamHalAidl
09-27 13:51:22.226   868  3001 I ASvc::StreamCommonImpl: close (sound-trigger-capture) : closing sound-trigger-capture, on 404299
09-27 13:51:22.227   868  3604 I ASvc::CommandWorker: cw-sound-trigger-capture: exit command form HAL
09-27 13:51:22.227   868  3604 I AUtl::Worker: Loop: cw-sound-trigger-capture thread exit
09-27 13:51:22.227  3643  4991 I AmbientMusicDetector: (REDACTED) Pipeline run finished, restarting model: %s
09-27 13:51:22.228   868  3603 I AUtl::Worker: Loop: pw-sound-trigger-capture thread exit
09-27 13:51:22.228  3643  4991 I AmbientMusicServiceMana: (REDACTED) Trying to load model %s from %s
09-27 13:51:22.228  3643  4991 I AmbientMusicServiceMana: (REDACTED) Applying config override: %s
09-27 13:51:22.229  3643  4991 I SmoothedLatchingClassif: Reconfiguring tflite model.
09-27 13:51:22.230  3643  4991 I SoundTriggerManagerComp: (REDACTED) Loading model %s
09-27 13:51:22.236  9463  9523 I EssentialsHourlyForecas: Hourly forecast cache hit for request=180450096
09-27 13:51:22.237  1203  1203 D AOC     : F1:MSG: controller.cc, 275: AudioInCtrl: cmd ID: 0x0101, tag: 0xe4 [cntr = 5341]
09-27 13:51:22.238  1203  1203 D AOC     : F1:TRC: hotword_input_processor.cc, 1008: Receive cmd: 0x6e (110)
09-27 13:51:22.238  1203  1203 D AOC     : F1:TRC: hotword_input_processor.cc, 1504: Finished cmd: 0x6e (110)
09-27 13:51:22.238  1203  1203 D AOC     : F1:TRC: hotword_input_processor.cc, 1008: Receive cmd: 0x6d (109)
09-27 13:51:22.239  1203  1203 D AOC     : F1:TRC: hotword_input_processor.cc, 1504: Finished cmd: 0x6d (109)
09-27 13:51:22.239  1203  1203 D AOC     : F1:MSG: controller_audio_input.cc, 4299: Stopping hotword pipeline (user: 2)
09-27 13:51:22.241   868  3001 I StHal::Client: ChangeStateTo: client 1 transits from Buffering to ModelUnloaded
09-27 13:51:22.241   868  3001 I StHal::SoundTriggerHal: UnloadSoundModel: Unload model with handle 1
09-27 13:51:22.242  1203  1203 D AOC     : F1:MSG: audio_capture_pdm.cc, 454: Reconfig not seamless
09-27 13:51:22.242  1203  1203 D AOC     : F1:TRC: hotword_input_processor.cc, 1008: Receive cmd: 0x70 (112)
09-27 13:51:22.242   868  1632 I StHal::SoundTriggerHal: ControlThreadLoop: get update command
09-27 13:51:22.242  1203  1203 D AOC     : F1:TRC: hotword_input_processor.cc, 1504: Finished cmd: 0x70 (112)
09-27 13:51:22.242  1203  1203 D AOC     : F1:MSG: controller.cc, 919: AudioInCtrl: ipc: sound_trigger, cmd ID: 0x0101, tag: 0xe4, rc: 0
09-27 13:51:22.242  1203  1203 D AOC     : F1:MSG: controller.cc, 275: AudioInCtrl: cmd ID: 0x0109, tag: 0xe5 [cntr = 5342]
09-27 13:51:22.242  1203  1203 D AOC     : F1:TRC: hotword_input_processor.cc, 1008: Receive cmd: 0x72 (114)
09-27 13:51:22.243  1203  1203 D AOC     : F1:TRC: hotword_input_processor.cc, 1504: Finished cmd: 0x72 (114)
09-27 13:51:22.243  1203  1203 D AOC     : F1:MSG: controller.cc, 919: AudioInCtrl: ipc: sound_trigger, cmd ID: 0x0109, tag: 0xe5, rc: 0
09-27 13:51:22.245  9463  9494 I EssentialsHourlyForecas: Hourly forecast cache hit for request=-1708993763
09-27 13:51:22.249  1463  4936 I SoundTriggerMiddlewareLogging: UNLOAD_MODEL (1)
09-27 13:51:22.249  9463  9494 I EssentialsHourlyForecas: Hourly forecast cache hit for request=1430649893
09-27 13:51:22.252  1463  4936 W SoundTriggerHelper: Unload error: Attempting unload invalid generic model with id:9f6ad62a-1f0b-11e7-87c5-40a8f03d3f15
09-27 13:51:22.253  3643  4991 I AmbientMusicServiceMana: Re-starting music detector model.
09-27 13:51:22.258   868  3001 I StHal::Client: Create: with handle: 1
09-27 13:51:22.258   868  3001 I StHal::Client: Initialize: model size: 22936
09-27 13:51:22.260  1203  1203 D AOC     : F1:MSG: controller.cc, 275: AudioInCtrl: cmd ID: 0x0107, tag: 0xe6 [cntr = 5343]
09-27 13:51:22.266  1203  1203 D AOC     : F1:TRC: hotword_input_processor.cc, 1008: Receive cmd: 0x94 (148)
09-27 13:51:22.266  1203  1203 D AOC     : F1:MSG: hotword_input_processor.cc, 825: Update size of ambient model as 16384
09-27 13:51:22.267  1203  1203 D AOC     : F1:TRC: hotword_input_processor.cc, 1504: Finished cmd: 0x94 (148)
09-27 13:51:22.267  1203  1203 D AOC     : F1:MSG: controller.cc, 919: AudioInCtrl: ipc: sound_trigger, cmd ID: 0x0107, tag: 0xe6, rc: 0
09-27 13:51:22.267  1203  1203 D AOC     : F1:MSG: controller.cc, 275: AudioInCtrl: cmd ID: 0x0107, tag: 0xe7 [cntr = 5344]
09-27 13:51:22.268  1203  1203 D AOC     : F1:TRC: hotword_input_processor.cc, 1008: Receive cmd: 0x94 (148)
09-27 13:51:22.268  1203  1203 D AOC     : F1:MSG: hotword_input_processor.cc, 825: Update size of ambient model as 22936
09-27 13:51:22.269  1203  1203 D AOC     : F1:TRC: hotword_input_processor.cc, 1504: Finished cmd: 0x94 (148)
09-27 13:51:22.269  1203  1203 D AOC     : F1:MSG: controller.cc, 919: AudioInCtrl: ipc: sound_trigger, cmd ID: 0x0107, tag: 0xe7, rc: 0
09-27 13:51:22.269  9463  9494 I PreferredLocationsRemot: Preferred location cache hit
09-27 13:51:22.270  1203  1203 D AOC     : F1:MSG: controller.cc, 275: AudioInCtrl: cmd ID: 0x0108, tag: 0xe8 [cntr = 5345]
09-27 13:51:22.270  1203  1203 D AOC     : F1:TRC: hotword_input_processor.cc, 1008: Receive cmd: 0x71 (113)
09-27 13:51:22.271  1203  1203 D AOC     : F1:TRC: hotword_input_processor.cc, 910: Enter InternalLoadMusdetModel
09-27 13:51:22.271  1203  1203 D AOC     : F1:TRC: hotword_input_processor.cc, 916: Musdet: CRC
09-27 13:51:22.271  1203  1203 D AOC     : F1:TRC: hotword_input_processor.cc, 927: Musdet: identifier
09-27 13:51:22.271  1203  1203 D AOC     : F1:TRC: hotword_input_processor.cc, 934: Musdet: model
09-27 13:51:22.272  1203  1203 D AOC     : F1:TRC: hotword_input_processor.cc, 943: Musdet: interpreter
09-27 13:51:22.272  1203  1203 D AOC     : F1:TRC: hotword_input_processor.cc, 953: Musdet: tensors
09-27 13:51:22.276  1203  1203 D AOC     : F1:TRC: hotword_input_processor.cc, 990: Exit success InternalLoadMusdetModel
09-27 13:51:22.276   868  3001 I StHal::Client: ChangeStateTo: client 1 transits from ModelUnloaded to ModelLoaded
09-27 13:51:22.276   868  3001 I StHal::SoundTriggerHal: LoadModel: Loaded model with handle 1
09-27 13:51:22.276  1203  1203 D AOC     : F1:TRC: hotword_input_processor.cc, 1504: Finished cmd: 0x71 (113)
09-27 13:51:22.276  1203  1203 D AOC     : F1:MSG: controller.cc, 919: AudioInCtrl: ipc: sound_trigger, cmd ID: 0x0108, tag: 0xe8, rc: 0
09-27 13:51:22.276  1463  4936 I SoundTriggerMiddlewareLogging: LOAD_MODEL ("9f6ad62a-1f0b-11e7-87c5-40a8f03d3f15") -> 1
09-27 13:51:22.277  9463  9494 I LocationProviderImpl: Returning cached location, age=112679
09-27 13:51:22.278  9463  9494 I EssentialsCurrentCondit: Querying current condition cache for request=-686047259
09-27 13:51:22.279  9463  9523 I LocalAddressCacheAccess: Querying local address cache for request=-734713897
09-27 13:51:22.279  9463  9522 I EssentialsHourlyForecas: Querying hourly forecast cache for request=-686047259
09-27 13:51:22.282  9463  9525 I EssentialsCurrentCondit: Querying current condition cache for request=-981749709
09-27 13:51:22.283  1203  1203 D AOC     : F1:MSG: controller.cc, 275: AudioInCtrl: cmd ID: 0x0100, tag: 0xe9 [cntr = 5346]
09-27 13:51:22.284  1203  1203 D AOC     : F1:TRC: hotword_input_processor.cc, 1008: Receive cmd: 0x6f (111)
09-27 13:51:22.285  1203  1203 D AOC     : F1:TRC: hotword_input_processor.cc, 1504: Finished cmd: 0x6f (111)
09-27 13:51:22.285  1203  1203 D AOC     : F1:MSG: controller_audio_input.cc, 4284: Starting hotword pipeline (user: 2)
09-27 13:51:22.285  1203  1203 D AOC     : F1:MSG: audio_capture_pdm.cc, 454: Reconfig not seamless
09-27 13:51:22.285  1203  1203 D AOC     : F1:MSG: audio_capture_pdm.cc, 563: Stream 1 restarted (ramp ON)
09-27 13:51:22.285  1203  1203 D AOC     : F1:MSG: audio_capture_pdm.cc, 1028: Starting PDM in Low Power mode, mask=0x3
09-27 13:51:22.286  9463  9522 I EssentialsHourlyForecas: Querying hourly forecast cache for request=-981749709
09-27 13:51:22.289  9463  9524 I EssentialsCurrentCondit: Querying current condition cache for request=-1054876365
09-27 13:51:22.290  9463  9524 I EssentialsHourlyForecas: Querying hourly forecast cache for request=-1054876365
09-27 13:51:22.299  9463  9494 I LocalAddressCacheAccess: Local address cache hit for request=-734713897
09-27 13:51:22.305  9463  9494 I EssentialsCurrentCondit: Current condition cache hit for request=-686047259
09-27 13:51:22.308  9463  9494 I EssentialsCurrentCondit: Current condition cache hit for request=-981749709
09-27 13:51:22.309  9463  9494 I EssentialsCurrentCondit: Current condition cache hit for request=-1054876365
09-27 13:51:22.325  9463  9494 I EssentialsHourlyForecas: Hourly forecast cache hit for request=-686047259
09-27 13:51:22.329 27705 27705 I Finsky:background: [2] Memory trim requested to level 40
09-27 13:51:22.332 30414 30414 I Finsky  : [2] Memory trim requested to level 40
09-27 13:51:22.332 30414 30414 I Finsky  : [2] Flushing in-memory image cache
09-27 13:51:22.336  1203  1203 D AOC     : F1:MSG: controller.cc, 919: AudioInCtrl: ipc: sound_trigger, cmd ID: 0x0100, tag: 0xe9, rc: 0
09-27 13:51:22.338   868  3001 I StHal::Client: ChangeStateTo: client 1 transits from ModelLoaded to StartDetecting
09-27 13:51:22.338   868  3001 I StHal::SoundTriggerHal: StartRecognition: Started recognition of client 1 with io_handle 27974
09-27 13:51:22.338   868  1632 I StHal::SoundTriggerHal: ControlThreadLoop: get update command
09-27 13:51:22.339  1463  4936 I SoundTriggerMiddlewareLogging: START_RECOGNITION (1, RecognitionConfig{captureRequested: true, phraseRecognitionExtras: [], audioCapabilities: 0, data: []}) -> android.os.Binder@768fb42
09-27 13:51:22.339  1463  4936 I SoundTriggerHelper: startRecognition successful.
09-27 13:51:22.339  1463  4936 W SoundTriggerService: error onStart(): Model 9f6ad62a-1f0b-11e7-87c5-40a8f03d3f15 already started
09-27 13:51:22.340  3643  4991 I AmbientMusicServiceMana: (REDACTED) Trying to unloading model %s
09-27 13:51:22.340  3643  4991 I SoundTriggerManagerComp: (REDACTED) Unloading model %s
09-27 13:51:22.340  1463  4936 W SoundTriggerHelper: Unload error: Attempting unload invalid generic model with id:12caddb1-acdb-4dce-8cb0-2e95a2313aee
09-27 13:51:22.340  1463  4936 I SoundTriggerService: error onStop(): Model 12caddb1-acdb-4dce-8cb0-2e95a2313aee has no stats available
09-27 13:51:22.343  1203  1203 D AOC     : F1:MSG: hotword_aec.cc, 119: Reset HotwordAec
09-27 13:51:22.344  3643  4991 I AmbientMusicServiceMana: (REDACTED) Update config: %s Success: %b
09-27 13:51:22.345  9463  9494 I EssentialsHourlyForecas: Hourly forecast cache hit for request=-981749709
09-27 13:51:22.354  9463  9494 I EssentialsHourlyForecas: Hourly forecast cache hit for request=-1054876365
09-27 13:51:22.357  9463  9494 I PrecipitationForecastNo: Skipping Precipitation notification because it is not enabled for location_id: 1ec85c2e-b875-4d64-8792-0152d4c7e4e8.
09-27 13:51:22.359  9463  9494 I PrecipitationForecastNo: Skipping Precipitation notification because it is not enabled for location_id: 25e2d8f9-cb1e-424c-87cb-94bc5b2c8196.
09-27 13:51:22.360  9463  9494 I PrecipitationForecastNo: Skipping Precipitation notification because the forecasted chance of precipitation remains below threshold of 70 for the next 3 hours for location_id: 0c870068-c67e-429e-8182-cf64eb552460
09-27 13:51:22.364  9463  9517 I SyncManagerImpl: #sync() complete
09-27 13:51:22.364  9463  9517 I SyncManagerImpl: Completed sync. Scheduling next wakeup
09-27 13:51:22.364  9463  9517 I SyncWorkManagerPeriodic: Scheduling next periodic WorkManager workers
09-27 13:51:22.365  9463  9515 I WM-WorkerWrapper: Worker result SUCCESS for Work [ id=de905cd7-756e-4f32-b8dc-b829f7a1ef91, tags={ com.google.apps.tiktok.contrib.work.TikTokListenableWorker,com.google.apps.tiktok.sync.impl.workmanager.SyncPeriodicWorker,TikTokWorker#com.google.apps.tiktok.sync.impl.workmanager.SyncPeriodicWorker } ]
09-27 13:51:22.370  9463  9463 D WM-Processor: o de905cd7-756e-4f32-b8dc-b829f7a1ef91 executed; reschedule = false
09-27 13:51:22.370  9463  9463 D WM-SystemJobService: de905cd7-756e-4f32-b8dc-b829f7a1ef91 executed on JobScheduler
09-27 13:51:22.380  9463  9515 D WM-GreedyScheduler: Cancelling work ID de905cd7-756e-4f32-b8dc-b829f7a1ef91
09-27 13:51:22.388  9463  9515 D WM-SystemJobScheduler: Scheduling work ID de905cd7-756e-4f32-b8dc-b829f7a1ef91Job ID 9184
09-27 13:51:22.398  9463  9515 D WM-GreedyScheduler: Cancelling work ID f8ba0223-d4c5-4c1f-a70a-8f22175909b5
09-27 13:51:22.406  9463  9515 D WM-SystemJobScheduler: Scheduling work ID f8ba0223-d4c5-4c1f-a70a-8f22175909b5Job ID 9185
09-27 13:51:22.419  9463  9515 D WM-GreedyScheduler: Cancelling work ID 528e17e2-aab2-4809-84cf-fd8d2bbe076b
09-27 13:51:22.452 17712 17712 I NotificationListener: received notification posted event - com.google.android.as#UserHandle{0},category=-1
09-27 13:51:22.453  1463  4936 W MediaSessionRecord: Ignoring call to destroyed session
09-27 13:51:22.455  1463  4936 W MediaSessionRecord: Ignoring call to destroyed session
09-27 13:51:22.455  3643  4826 I AiAiEcho: SmartspaceNotificationPredictor no parser can handle this notification or notification is invalid
09-27 13:51:22.473  9463  9515 D WM-SystemJobScheduler: Scheduling work ID 528e17e2-aab2-4809-84cf-fd8d2bbe076bJob ID 9186
09-27 13:51:22.493  9463  9494 I SyncWorkManagerPeriodic: Successfully scheduled next periodic workers
09-27 13:51:22.504  9463  9515 D WM-GreedyScheduler: Cancelling work ID de905cd7-756e-4f32-b8dc-b829f7a1ef91
09-27 13:51:22.541  9463  9476 V ClearcutMetricXmitter: Transmission is done.
09-27 13:51:22.542  9463  9476 V ClearcutMetricXmitter: Transmission is done.
09-27 13:51:23.330 10494 10514 I ediu    : (REDACTED) appOpsListener %s %s
09-27 13:51:23.330 10494 10514 I ediu    : (REDACTED) Ignoring irrelevant audio permission changes for package %s
09-27 13:51:23.333 10494 10514 I ediu    : (REDACTED) appOpsListener %s %s
09-27 13:51:23.333 10494 10514 I ediu    : (REDACTED) Ignoring irrelevant audio permission changes for package %s
09-27 13:51:23.465  1463  2067 D BackgroundInstallControlService: Package event received: 0
09-27 13:51:23.468  1463  2067 D BackgroundInstallControlService: Package event received: 0
09-27 13:51:23.468  1463  2067 D BackgroundInstallControlService: Package event received: 0
09-27 13:51:23.469  1463  2067 D BackgroundInstallControlService: Package event received: 0
09-27 13:51:23.547  8188  8192 E gcblocker: too long GC blocking: 8
09-27 13:51:23.548  8188  8192 E gcblocker: gc block end, 497800019,101
09-27 13:51:24.132 14791 14795 I pixel-thermal: disp_therm:30.125 raw data: disp_therm:30125 
09-27 13:51:24.140 14791 14795 I pixel-thermal: btmspkr_therm:29.791 raw data: btmspkr_therm:29791 
09-27 13:51:24.140 14791 14795 I pixel-thermal: usb_pwr_therm:29.747 raw data: usb_pwr_therm:29747 
09-27 13:51:24.141 14791 14795 I pixel-thermal: VIRTUAL-USB-UI:0 raw data: USB-MINUS-CHARGER:-3027 VIRTUAL-USB-UI:0 charging_therm:32774 usb_pwr_therm:29747 
09-27 13:51:24.141 14791 14795 I pixel-thermal: VIRTUAL-USB-THROTTLING:0 raw data: USB-MINUS-CHARGER:-3027 VIRTUAL-USB-THROTTLING:0 usb_pwr_therm:29747 
09-27 13:51:24.527   932   932 I WifiHAL : Creating message to get link statistics; iface = 47
09-27 13:51:24.591   932   932 I WifiHAL : index: 0 per_rate_size 32, data_rem_len 1152
09-27 13:51:24.591   932   932 I WifiHAL : index: 1 per_rate_size 32, data_rem_len 1120
09-27 13:51:24.591   932   932 I WifiHAL : index: 2 per_rate_size 32, data_rem_len 1088
09-27 13:51:24.591   932   932 I WifiHAL : index: 3 per_rate_size 32, data_rem_len 1056
09-27 13:51:24.591   932   932 I WifiHAL : index: 4 per_rate_size 32, data_rem_len 1024
09-27 13:51:24.591   932   932 I WifiHAL : index: 5 per_rate_size 32, data_rem_len 992
09-27 13:51:24.591   932   932 I WifiHAL : index: 6 per_rate_size 32, data_rem_len 960
09-27 13:51:24.591   932   932 I WifiHAL : index: 7 per_rate_size 32, data_rem_len 928
09-27 13:51:24.591   932   932 I WifiHAL : index: 8 per_rate_size 32, data_rem_len 896
09-27 13:51:24.591   932   932 I WifiHAL : index: 9 per_rate_size 32, data_rem_len 864
09-27 13:51:24.591   932   932 I WifiHAL : index: 10 per_rate_size 32, data_rem_len 832
09-27 13:51:24.591   932   932 I WifiHAL : index: 11 per_rate_size 32, data_rem_len 800
09-27 13:51:24.591   932   932 I WifiHAL : index: 12 per_rate_size 32, data_rem_len 768
09-27 13:51:24.591   932   932 I WifiHAL : index: 13 per_rate_size 32, data_rem_len 736
09-27 13:51:24.591   932   932 I WifiHAL : index: 14 per_rate_size 32, data_rem_len 704
09-27 13:51:24.591   932   932 I WifiHAL : index: 15 per_rate_size 32, data_rem_len 672
09-27 13:51:24.591   932   932 I WifiHAL : index: 16 per_rate_size 32, data_rem_len 640
09-27 13:51:24.591   932   932 I WifiHAL : index: 17 per_rate_size 32, data_rem_len 608
09-27 13:51:24.591   932   932 I WifiHAL : index: 18 per_rate_size 32, data_rem_len 576
09-27 13:51:24.591   932   932 I WifiHAL : index: 19 per_rate_size 32, data_rem_len 544
09-27 13:51:24.591   932   932 I WifiHAL : index: 20 per_rate_size 32, data_rem_len 512
09-27 13:51:24.591   932   932 I WifiHAL : index: 21 per_rate_size 32, data_rem_len 480
09-27 13:51:24.591   932   932 I WifiHAL : index: 22 per_rate_size 32, data_rem_len 448
09-27 13:51:24.591   932   932 I WifiHAL : index: 23 per_rate_size 32, data_rem_len 416
09-27 13:51:24.591   932   932 I WifiHAL : index: 24 per_rate_size 32, data_rem_len 384
09-27 13:51:24.591   932   932 I WifiHAL : index: 25 per_rate_size 32, data_rem_len 352
09-27 13:51:24.591   932   932 I WifiHAL : index: 26 per_rate_size 32, data_rem_len 320
09-27 13:51:24.591   932   932 I WifiHAL : index: 27 per_rate_size 32, data_rem_len 288
09-27 13:51:24.592   932   932 I WifiHAL : index: 28 per_rate_size 32, data_rem_len 256
09-27 13:51:24.592   932   932 I WifiHAL : index: 29 per_rate_size 32, data_rem_len 224
09-27 13:51:24.592   932   932 I WifiHAL : index: 30 per_rate_size 32, data_rem_len 192
09-27 13:51:24.592   932   932 I WifiHAL : index: 31 per_rate_size 32, data_rem_len 160
09-27 13:51:24.592   932   932 I WifiHAL : index: 32 per_rate_size 32, data_rem_len 128
09-27 13:51:24.592   932   932 I WifiHAL : index: 33 per_rate_size 32, data_rem_len 96
09-27 13:51:24.592   932   932 I WifiHAL : index: 34 per_rate_size 32, data_rem_len 64
09-27 13:51:24.592   932   932 I WifiHAL : index: 35 per_rate_size 32, data_rem_len 32
09-27 13:51:24.595   932   932 I WifiHAL : Getting cached scan results, iface handle = 0xb400007e3fe71150
09-27 13:51:24.595   932   932 E WifiHAL : Creating message to get cached scan results
09-27 13:51:24.602   932   932 I WifiHAL : In GetCachedScanResultsCommand::handleResponse
09-27 13:51:24.653  1463  2017 D ConnectivityService: NetReassign [no changes] [c 4] [a 2] [i 4]
09-27 13:51:24.992  1463  2067 D BackgroundInstallControlService: Package event received: 0
09-27 13:51:24.992  1463  2067 D BackgroundInstallControlService: Package event received: 0
09-27 13:51:24.992  1463  2067 D BackgroundInstallControlService: Package event received: 0
09-27 13:51:24.992  1463  2067 D BackgroundInstallControlService: Package event received: 0
09-27 13:51:25.084  8188  8192 E gcblocker: too long GC blocking: 8
09-27 13:51:25.084  8188  8192 E gcblocker: gc block end, 497801556,101
09-27 13:51:25.263 14791 14795 I pixel-thermal: VIRTUAL-SKIN-MODEL: model_input: [32017.00 31972.00 32774.00 29747.00 29791.00 30125.00 31950.00 32551.00 ]
09-27 13:51:25.263 14791 14795 I native  : I0000 00:00:1758945085.263266   14795 thermal_tflite_wrapper.cc:261] ThermalTfliteInvoke
09-27 13:51:25.263 14791 14795 I pixel-thermal: VIRTUAL-SKIN-MODEL: model_output: [30627.5 ]
09-27 13:51:25.263 14791 14795 I pixel-thermal: VIRTUAL-SKIN-MODEL: predicted_value: [30627.5 ]
09-27 13:51:25.264 14791 14795 I pixel-thermal: VIRTUAL-SKIN-CPU-MID:30.6239 raw data: VIRTUAL-SKIN:30623.9 VIRTUAL-SKIN-CPU-MID:30623.9 VIRTUAL-SKIN-LEGACY:30903.3 VIRTUAL-SKIN-LEGACY-MODEL-DIFF:275.781 VIRTUAL-SKIN-LEGACY-SHUTDOWN:0 VIRTUAL-SKIN-MODEL:30627.5 VIRTUAL-SKIN-MODEL-CLAMPED:30627.5 VIRTUAL-SKIN-MODEL-LEGACY-DIFF:-275.781 VIRTUAL-SKIN-MODEL-UPDATED:30623.9 VIRTUAL-SKIN-MODEL-UPPER-CLAMPED:30627.5 VIRTUAL-SKIN-SUB-0:29732.1 VIRTUAL-SKIN-SUB-1:30719.2 VIRTUAL-SKIN-SUB-2:30561.5 VIRTUAL-SKIN-SUB-3:30903.3 VIRTUAL-SKIN-SUB-4:30512.7 VT_LEGACY_WEIGHT:0 VT_MODEL_WEIGHT:1 battery:29900 btmspkr_therm:29791 charging_therm:32774 disp_therm:30125 north_therm:31950 quiet_therm:31972 rfpa_therm:32017 soc_therm:32551 usb_pwr_therm:29747 
09-27 13:51:25.270 14791 14795 I pixel-thermal: VIRTUAL-SKIN-SOC:30.6239 raw data: VIRTUAL-SKIN:30623.9 VIRTUAL-SKIN-SOC:30623.9 
09-27 13:51:25.270 14791 14795 I pixel-thermal: VIRTUAL-SKIN-DISPLAY:30.6239 raw data: VIRTUAL-SKIN:30623.9 VIRTUAL-SKIN-DISPLAY:30623.9 
09-27 13:51:25.270 14791 14795 I pixel-thermal: CPU_THROTTLE_SEVERE:0 raw data: CPU_THROTTLE_SEVERE:0 
09-27 13:51:25.270 14791 14795 I pixel-thermal: VIRTUAL-SKIN:30.6239 raw data: VIRTUAL-SKIN:30623.9 
09-27 13:51:25.270 14791 14795 I pixel-thermal: VIRTUAL-SKIN-HINT:30.6239 raw data: VIRTUAL-SKIN:30623.9 VIRTUAL-SKIN-HINT:30623.9 
09-27 13:51:25.270 14791 14795 I pixel-thermal: VIRTUAL-SKIN-CPU-LIGHT-ODPM:30.6239 raw data: VIRTUAL-SKIN:30623.9 VIRTUAL-SKIN-CPU-LIGHT-ODPM:30623.9 
09-27 13:51:25.270 14791 14795 I pixel-thermal: VIRTUAL-SKIN-CPU-ODPM:30.6239 raw data: VIRTUAL-SKIN:30623.9 VIRTUAL-SKIN-CPU-ODPM:30623.9 
09-27 13:51:25.271 14791 14795 I pixel-thermal: VIRTUAL-SKIN-ODPM-MODEL: model_input: [32017.00 31972.00 32774.00 29747.00 29791.00 30125.00 31950.00 32551.00 29900.00 320.26 4.32 510.82 91.86 5.16 38.42 ]
09-27 13:51:25.271 14791 14795 I native  : I0000 00:00:1758945085.271796   14795 thermal_tflite_wrapper.cc:261] ThermalTfliteInvoke
09-27 13:51:25.271 14791 14795 I pixel-thermal: VIRTUAL-SKIN-ODPM-MODEL: model_output: [31193.2 ]
09-27 13:51:25.271 14791 14795 I pixel-thermal: VIRTUAL-SKIN-ODPM-MODEL: predicted_value: [31193.2 ]
09-27 13:51:25.272 14791 14795 I pixel-thermal: VIRTUAL-SKIN-SPEAKER-MODEL: model_input: [29900.00 29791.00 32774.00 30125.00 31950.00 31972.00 32017.00 32551.00 29747.00 ]
09-27 13:51:25.272 14791 14795 I native  : I0000 00:00:1758945085.272555   14795 thermal_tflite_wrapper.cc:261] ThermalTfliteInvoke
09-27 13:51:25.272 14791 14795 I pixel-thermal: VIRTUAL-SKIN-SPEAKER-MODEL: model_output: [29212.3 ]
09-27 13:51:25.272 14791 14795 I pixel-thermal: VIRTUAL-SKIN-SPEAKER-MODEL: predicted_value: [29212.3 ]
09-27 13:51:25.272 14791 14795 I pixel-thermal: STATS-UPDATOR:0 raw data: EXTREME-SOC-CONDITION-CHECK:0 MAIN_SOC_POWER:266.833 MODEL_CAMERA_PWR:4.32201 MODEL_DISPLAY_PWR:510.816 MODEL_MISC_PWR:320.263 MODEL_MODEM_PWR:91.8555 MODEL_RFFE_PWR:5.16278 MODEL_WLAN_BT_PWR:38.4212 NORTH_THERM-UNDER-THRESHOLD:1 NORTH_THERM-VSKIN-DIFF-DURING-NORTH_THERM-OVER-THRESHOLD:-998674 NORTH_THERM-VSKIN-DIFF-DURING-VSKIN-OVER-52:-998674 QUIET_THERM-UNDER-THRESHOLD:1 QUIET_THERM-VSKIN-DIFF-DURING-QUIET_THERM-OVER-THRESHOLD:-998652 QUIET_THERM-VSKIN-DIFF-DURING-VSKIN-OVER-52:-998652 RFPA_THERM-UNDER-THRESHOLD:1 RFPA_THERM-VSKIN-DIFF-DURING-RFPA_THERM-OVER-THRESHOLD:-998607 RFPA_THERM-VSKIN-DIFF-DURING-VSKIN-OVER-52:-998607 SOC_THERM-UNDER-THRESHOLD:1 SOC_THERM-VSKIN-DIFF-DURING-SOC_THERM-OVER-THRESHOLD:-998073 SOC_THERM-VSKIN-DIFF-DURING-VSKIN-OVER-52:-998073 STATS-UPDATOR:0 TPU_35S:0 VIRTUAL-SKIN:30623.9 VIRTUAL-SKIN-LEGACY:30903.3 VIRTUAL-SKIN-MODEL:30627.5 VIRTUAL-SKIN-MODEL-LEGACY-DIFF:-275.781 VIRTUAL-SKIN-ODPM-MODEL:31193.2 VIRTUAL-SKIN-SPEAKER-MODEL:29212.3 VSKIN-SKIN-UNDER-52:1 battery:29900 btmspkr_therm:29791 charging_therm:32774 disp_therm:30125 north_therm:31950 quiet_therm:31972 rfpa_therm:32017 soc_therm:32551 usb_pwr_therm:29747 
09-27 13:51:25.272 14791 14795 I pixel-thermal: VIRTUAL-SKIN-CPU-HIGH:30.6239 raw data: VIRTUAL-SKIN:30623.9 VIRTUAL-SKIN-CPU-HIGH:30623.9 
09-27 13:51:25.273 14791 14795 I pixel-thermal: cellular-emergency:30.6239 raw data: VIRTUAL-SKIN:30623.9 cellular-emergency:30623.9 
09-27 13:51:26.003  7387  3548 I CastService: [instance-318] [com.google.android.gms] Disconnecting
09-27 13:51:26.004  7387  3548 I CastService: [instance-318] [com.google.android.gms] Disposing ConnectedClient; controller = CSC.
09-27 13:51:26.247  7387  3548 I CastService: [instance-319] [com.google.android.gms] Disconnecting
09-27 13:51:26.247  7387  3548 I CastService: [instance-319] [com.google.android.gms] Disposing ConnectedClient; controller = CSC.
09-27 13:51:26.279  2251  2576 D TemperatureStateSource: sequence=49708 actualDelay=10001
09-27 13:51:26.280  2251  2576 D TemperatureStateSource: Reading temperature: sequence=49709
09-27 13:51:26.284 14791 14791 I pixel-thermal: CPU_THROTTLE_SEVERE:0 raw data: CPU_THROTTLE_SEVERE:0 
09-27 13:51:26.284 14791 14791 I pixel-thermal: VIRTUAL-SKIN:30.6239 raw data: VIRTUAL-SKIN:30623.9 
09-27 13:51:26.284  2251  2576 D TemperatureStateSource: getDeviceTemperatures: sequence=49709 deviceTemperatureType=3 temperatureSource=0 temperatures=[30.623857]
09-27 13:51:26.284  2251  2576 D BusinessScope: Enqueuing the block
09-27 13:51:26.285  2251  2576 D TemperatureStateSource: sequence=49709 waitTime=10000
09-27 13:51:26.285  2251  2423 D BusinessScope: Start running the #106721 block
09-27 13:51:26.285  2251  2423 D BusinessScope: Enqueuing the block
09-27 13:51:26.285  2251  2423 D ImpulseStateSource: Notify clients: 53354
09-27 13:51:26.285  2251  2423 D BusinessScope: Finish running the #106721 block
09-27 13:51:26.285  2251  2423 D BusinessScope: Start running the #106722 block
09-27 13:51:26.286  2251  2423 D BusinessScope: Finish running the #106722 block
09-27 13:51:26.527  1463  2067 D BackgroundInstallControlService: Package event received: 0
09-27 13:51:26.528  1463  2067 D BackgroundInstallControlService: Package event received: 0
09-27 13:51:26.533  1463  2067 D BackgroundInstallControlService: Package event received: 0
09-27 13:51:26.533  1463  2067 D BackgroundInstallControlService: Package event received: 0
09-27 13:51:26.624  8188  8192 E gcblocker: too long GC blocking: 8
09-27 13:51:26.624  8188  8192 E gcblocker: gc block end, 497803097,100
09-27 13:51:26.746  1197  1197 W TracingMuxer: type=1400 audit(0.0:251890): avc:  denied  { write } for  name="traced_producer" dev="tmpfs" ino=1296 scontext=u:r:gxp_logging:s0 tcontext=u:object_r:traced_producer_socket:s0 tclass=sock_file permissive=0
09-27 13:51:27.358  1463  2017 D InetDiagMessage: Destroyed 2 sockets, proto=IPPROTO_TCP, family=AF_INET, states=14
09-27 13:51:27.362  1463  2017 D InetDiagMessage: Destroyed 0 sockets, proto=IPPROTO_TCP, family=AF_INET6, states=14
09-27 13:51:27.362  1463  2017 D InetDiagMessage: Destroyed live tcp sockets for uids={10332} in 16ms
09-27 13:51:27.364  1463  2017 D InetDiagMessage: Destroyed 0 sockets, proto=IPPROTO_TCP, family=AF_INET, states=14
09-27 13:51:27.366  1463  2017 D InetDiagMessage: Destroyed 0 sockets, proto=IPPROTO_TCP, family=AF_INET6, states=14
09-27 13:51:27.366  1463  2017 D InetDiagMessage: Destroyed live tcp sockets for uids={20332} in 4ms
09-27 13:51:27.388  1463  2017 D InetDiagMessage: Destroyed 0 sockets, proto=IPPROTO_TCP, family=AF_INET, states=14
09-27 13:51:27.390  1463  2017 D InetDiagMessage: Destroyed 0 sockets, proto=IPPROTO_TCP, family=AF_INET6, states=14
09-27 13:51:27.390  1463  2017 D InetDiagMessage: Destroyed live tcp sockets for uids={10167} in 4ms
09-27 13:51:27.391  1463  2017 D InetDiagMessage: Destroyed 0 sockets, proto=IPPROTO_TCP, family=AF_INET, states=14
09-27 13:51:27.393  1463  2017 D InetDiagMessage: Destroyed 0 sockets, proto=IPPROTO_TCP, family=AF_INET6, states=14
09-27 13:51:27.393  1463  2017 D InetDiagMessage: Destroyed live tcp sockets for uids={20167} in 3ms
09-27 13:51:27.410  2234 20860 D ApfFilter: (wlan0): Ignoring RA RA fe80::2223:51ff:febc:e012 -> ff02::1 0s  which matches RA fe80::2223:51ff:febc:e012 -> ff02::1 0s 
09-27 13:51:27.645   932   932 I WifiHAL : Creating message to get link statistics; iface = 47
09-27 13:51:27.663  7387  3354 I NearbyMediums: No BLE Fast/GATT advertisements found in the latest cycle.
09-27 13:51:27.663  7387  3354 I NearbyMediums: Current Tracked Scanning Clients are : {NearbyConnections.EnvironmentMonitor, NearbySharing, NearbyConnections.TxAdvertisement}
09-27 13:51:27.705   932   932 I WifiHAL : index: 0 per_rate_size 32, data_rem_len 1152
09-27 13:51:27.705   932   932 I WifiHAL : index: 1 per_rate_size 32, data_rem_len 1120
09-27 13:51:27.705   932   932 I WifiHAL : index: 2 per_rate_size 32, data_rem_len 1088
09-27 13:51:27.705   932   932 I WifiHAL : index: 3 per_rate_size 32, data_rem_len 1056
09-27 13:51:27.705   932   932 I WifiHAL : index: 4 per_rate_size 32, data_rem_len 1024
09-27 13:51:27.705   932   932 I WifiHAL : index: 5 per_rate_size 32, data_rem_len 992
09-27 13:51:27.705   932   932 I WifiHAL : index: 6 per_rate_size 32, data_rem_len 960
09-27 13:51:27.705   932   932 I WifiHAL : index: 7 per_rate_size 32, data_rem_len 928
09-27 13:51:27.705   932   932 I WifiHAL : index: 8 per_rate_size 32, data_rem_len 896
09-27 13:51:27.705   932   932 I WifiHAL : index: 9 per_rate_size 32, data_rem_len 864
09-27 13:51:27.705   932   932 I WifiHAL : index: 10 per_rate_size 32, data_rem_len 832
09-27 13:51:27.705   932   932 I WifiHAL : index: 11 per_rate_size 32, data_rem_len 800
09-27 13:51:27.705   932   932 I WifiHAL : index: 12 per_rate_size 32, data_rem_len 768
09-27 13:51:27.705   932   932 I WifiHAL : index: 13 per_rate_size 32, data_rem_len 736
09-27 13:51:27.705   932   932 I WifiHAL : index: 14 per_rate_size 32, data_rem_len 704
09-27 13:51:27.705   932   932 I WifiHAL : index: 15 per_rate_size 32, data_rem_len 672
09-27 13:51:27.705   932   932 I WifiHAL : index: 16 per_rate_size 32, data_rem_len 640
09-27 13:51:27.705   932   932 I WifiHAL : index: 17 per_rate_size 32, data_rem_len 608
09-27 13:51:27.705   932   932 I WifiHAL : index: 18 per_rate_size 32, data_rem_len 576
09-27 13:51:27.705   932   932 I WifiHAL : index: 19 per_rate_size 32, data_rem_len 544
09-27 13:51:27.705   932   932 I WifiHAL : index: 20 per_rate_size 32, data_rem_len 512
09-27 13:51:27.705   932   932 I WifiHAL : index: 21 per_rate_size 32, data_rem_len 480
09-27 13:51:27.705   932   932 I WifiHAL : index: 22 per_rate_size 32, data_rem_len 448
09-27 13:51:27.705   932   932 I WifiHAL : index: 23 per_rate_size 32, data_rem_len 416
09-27 13:51:27.705   932   932 I WifiHAL : index: 24 per_rate_size 32, data_rem_len 384
09-27 13:51:27.705   932   932 I WifiHAL : index: 25 per_rate_size 32, data_rem_len 352
09-27 13:51:27.705   932   932 I WifiHAL : index: 26 per_rate_size 32, data_rem_len 320
09-27 13:51:27.705   932   932 I WifiHAL : index: 27 per_rate_size 32, data_rem_len 288
09-27 13:51:27.705   932   932 I WifiHAL : index: 28 per_rate_size 32, data_rem_len 256
09-27 13:51:27.705   932   932 I WifiHAL : index: 29 per_rate_size 32, data_rem_len 224
09-27 13:51:27.705   932   932 I WifiHAL : index: 30 per_rate_size 32, data_rem_len 192
09-27 13:51:27.705   932   932 I WifiHAL : index: 31 per_rate_size 32, data_rem_len 160
09-27 13:51:27.705   932   932 I WifiHAL : index: 32 per_rate_size 32, data_rem_len 128
09-27 13:51:27.705   932   932 I WifiHAL : index: 33 per_rate_size 32, data_rem_len 96
09-27 13:51:27.705   932   932 I WifiHAL : index: 34 per_rate_size 32, data_rem_len 64
09-27 13:51:27.706   932   932 I WifiHAL : index: 35 per_rate_size 32, data_rem_len 32
09-27 13:51:27.708   932   932 I WifiHAL : Getting cached scan results, iface handle = 0xb400007e3fe71150
09-27 13:51:27.708   932   932 E WifiHAL : Creating message to get cached scan results
09-27 13:51:27.716   932   932 I WifiHAL : In GetCachedScanResultsCommand::handleResponse
09-27 13:51:27.762  1463  2017 D ConnectivityService: NetReassign [no changes] [c 2] [a 2] [i 2]
09-27 13:51:28.062  1463  2067 D BackgroundInstallControlService: Package event received: 0
09-27 13:51:28.065  1463  2067 D BackgroundInstallControlService: Package event received: 0
09-27 13:51:28.066  1463  2067 D BackgroundInstallControlService: Package event received: 0
09-27 13:51:28.067  1463  2067 D BackgroundInstallControlService: Package event received: 0
09-27 13:51:28.148  8188  8192 E gcblocker: too long GC blocking: 8
09-27 13:51:28.148  8188  8192 E gcblocker: gc block end, 497804620,100
09-27 13:51:29.053  7387  3406 I CastService: [instance-320] [com.google.android.gms] Disconnecting
09-27 13:51:29.053  7387  3406 I CastService: [instance-320] [com.google.android.gms] Disposing ConnectedClient; controller = CSC.
09-27 13:51:29.596  1463  2067 D BackgroundInstallControlService: Package event received: 0
09-27 13:51:29.602  1463  2067 D BackgroundInstallControlService: Package event received: 0
09-27 13:51:29.604  1463  2067 D BackgroundInstallControlService: Package event received: 0
09-27 13:51:29.604  1463  2067 D BackgroundInstallControlService: Package event received: 0
09-27 13:51:29.632   896   896 D usf_sensor_hal: pressure: Enter Batch. Period = 100000000, latency = 0.
09-27 13:51:29.632  7387  7570 W Settings: Setting airplane_mode_on has moved from android.provider.Settings.System to android.provider.Settings.Global, returning read-only value.
09-27 13:51:29.633   896  1714 I sensor-suez: Vendor atom [id = 100243] reported.
09-27 13:51:29.633   896   896 D usf_sensor_hal: pressure: Enter Activate. Enable = 1.
09-27 13:51:29.636  1203  1203 D AOC     : A3:MSG: usf_sensor.cc, 1784: USF: Received start sampling request for SPL07003 Barometer (active:2).
09-27 13:51:29.636  1203  1203 D AOC     : A3:MSG: spl07003_sensor.cc, 99: USF: Spl07003Sensor: Start 0, period: 40000000, latency: 100000000.
09-27 13:51:29.636  1203  1203 D AOC     : A3:MSG: spl07003_device.cc, 155: USF: Spl07003Device: SPL07003 registry val :c, period: 40000000 ns.
09-27 13:51:29.638   896  1714 I sensor-suez: Vendor atom [id = 100242] reported.
09-27 13:51:29.638   896  1714 I sensor-suez: Vendor atom [id = 100243] reported.
09-27 13:51:29.639  1203  1203 D AOC     : A3:MSG: spl07003_sensor.cc, 111: USF: Spl07003Sensor: Supported sampling period: 40000000 ns.
09-27 13:51:29.645   896  1714 I sensor-suez: Vendor atom [id = 100245] reported.
09-27 13:51:29.689  8188  8192 E gcblocker: too long GC blocking: 8
09-27 13:51:29.689  8188  8192 E gcblocker: gc block end, 497806161,100
09-27 13:51:29.697  2671  2813 D IwlanEventListener: Cellinfo changed
09-27 13:51:29.698  2671  2813 D IwlanEventListener[0]: Updating handlers for the event: 11
09-27 13:51:29.698  2671  2813 D IwlanEventListener[1]: Updating handlers for the event: 11
09-27 13:51:29.698  2671  2814 D IwlanDataService$IwlanDataServiceHandler: msg.what = CELLINFO_CHANGED_EVENT
09-27 13:51:29.698  2671  2814 D IwlanDataService:  Update cached cellinfo
09-27 13:51:29.701  1463  4936 E AppOps  : attributionTag IWLAN not declared in manifest of com.google.pixel.iwlan
09-27 13:51:29.705  2671  2814 D IwlanDataService$IwlanDataServiceHandler: msg.what = CELLINFO_CHANGED_EVENT
09-27 13:51:29.705  2671  2814 D IwlanDataService:  Update cached cellinfo
09-27 13:51:30.018  1463  2020 I serviceDiscovery: [MdnsDiscoveryManager._googlecast._tcp.local-239/47] Handling response from service: AI-PONT-ab17bee175724c7f32499ce72c483a7c, newInCache: false, serviceBecomesComplete: false, responseIsComplete: true
09-27 13:51:30.030  1463  2020 I serviceDiscovery: [MdnsDiscoveryManager._googlecast._tcp.local-239/47] Handling response from service: AI-PONT-ab17bee175724c7f32499ce72c483a7c, newInCache: false, serviceBecomesComplete: false, responseIsComplete: true
09-27 13:51:30.641  1463  4936 E AppOps  : attributionTag IWLAN not declared in manifest of com.google.pixel.iwlan
09-27 13:51:30.757   932   932 I WifiHAL : Creating message to get link statistics; iface = 47
09-27 13:51:30.818   932   932 I WifiHAL : index: 0 per_rate_size 32, data_rem_len 1152
09-27 13:51:30.819   932   932 I WifiHAL : index: 1 per_rate_size 32, data_rem_len 1120
09-27 13:51:30.819   932   932 I WifiHAL : index: 2 per_rate_size 32, data_rem_len 1088
09-27 13:51:30.819   932   932 I WifiHAL : index: 3 per_rate_size 32, data_rem_len 1056
09-27 13:51:30.819   932   932 I WifiHAL : index: 4 per_rate_size 32, data_rem_len 1024
09-27 13:51:30.819   932   932 I WifiHAL : index: 5 per_rate_size 32, data_rem_len 992
09-27 13:51:30.819   932   932 I WifiHAL : index: 6 per_rate_size 32, data_rem_len 960
09-27 13:51:30.819   932   932 I WifiHAL : index: 7 per_rate_size 32, data_rem_len 928
09-27 13:51:30.819   932   932 I WifiHAL : index: 8 per_rate_size 32, data_rem_len 896
09-27 13:51:30.819   932   932 I WifiHAL : index: 9 per_rate_size 32, data_rem_len 864
09-27 13:51:30.819   932   932 I WifiHAL : index: 10 per_rate_size 32, data_rem_len 832
09-27 13:51:30.819   932   932 I WifiHAL : index: 11 per_rate_size 32, data_rem_len 800
09-27 13:51:30.819   932   932 I WifiHAL : index: 12 per_rate_size 32, data_rem_len 768
09-27 13:51:30.819   932   932 I WifiHAL : index: 13 per_rate_size 32, data_rem_len 736
09-27 13:51:30.819   932   932 I WifiHAL : index: 14 per_rate_size 32, data_rem_len 704
09-27 13:51:30.819   932   932 I WifiHAL : index: 15 per_rate_size 32, data_rem_len 672
09-27 13:51:30.819   932   932 I WifiHAL : index: 16 per_rate_size 32, data_rem_len 640
09-27 13:51:30.819   932   932 I WifiHAL : index: 17 per_rate_size 32, data_rem_len 608
09-27 13:51:30.819   932   932 I WifiHAL : index: 18 per_rate_size 32, data_rem_len 576
09-27 13:51:30.819   932   932 I WifiHAL : index: 19 per_rate_size 32, data_rem_len 544
09-27 13:51:30.819   932   932 I WifiHAL : index: 20 per_rate_size 32, data_rem_len 512
09-27 13:51:30.819   932   932 I WifiHAL : index: 21 per_rate_size 32, data_rem_len 480
09-27 13:51:30.819   932   932 I WifiHAL : index: 22 per_rate_size 32, data_rem_len 448
09-27 13:51:30.819   932   932 I WifiHAL : index: 23 per_rate_size 32, data_rem_len 416
09-27 13:51:30.819   932   932 I WifiHAL : index: 24 per_rate_size 32, data_rem_len 384
09-27 13:51:30.819   932   932 I WifiHAL : index: 25 per_rate_size 32, data_rem_len 352
09-27 13:51:30.819   932   932 I WifiHAL : index: 26 per_rate_size 32, data_rem_len 320
09-27 13:51:30.819   932   932 I WifiHAL : index: 27 per_rate_size 32, data_rem_len 288
09-27 13:51:30.819   932   932 I WifiHAL : index: 28 per_rate_size 32, data_rem_len 256
09-27 13:51:30.819   932   932 I WifiHAL : index: 29 per_rate_size 32, data_rem_len 224
09-27 13:51:30.819   932   932 I WifiHAL : index: 30 per_rate_size 32, data_rem_len 192
09-27 13:51:30.819   932   932 I WifiHAL : index: 31 per_rate_size 32, data_rem_len 160
09-27 13:51:30.819   932   932 I WifiHAL : index: 32 per_rate_size 32, data_rem_len 128
09-27 13:51:30.819   932   932 I WifiHAL : index: 33 per_rate_size 32, data_rem_len 96
09-27 13:51:30.819   932   932 I WifiHAL : index: 34 per_rate_size 32, data_rem_len 64
09-27 13:51:30.819   932   932 I WifiHAL : index: 35 per_rate_size 32, data_rem_len 32
09-27 13:51:30.821   932   932 I WifiHAL : Getting cached scan results, iface handle = 0xb400007e3fe71150
09-27 13:51:30.821   932   932 E WifiHAL : Creating message to get cached scan results
09-27 13:51:30.827   932   932 I WifiHAL : In GetCachedScanResultsCommand::handleResponse
09-27 13:51:30.868  1463  2017 D ConnectivityService: NetReassign [no changes] [c 3] [a 2] [i 3]
09-27 13:51:31.002   872   916 I CHRE    : @ 792631.510: [ImuCal] [GYRO_RPS] (s0, c0) Offset | Temp [C] | Quality: -0.000042, -0.000262, -0.001243 | 32.47 | 4
09-27 13:51:31.002   872   916 I CHRE    : @ 792631.510: [ImuCal] [GYRO_RPS] (s0) Temp Sensitivity: 0.000086, 0.000027, 0.000026
09-27 13:51:31.002   872   916 I CHRE    : @ 792631.510: [ImuCal] [GYRO_RPS] (s0) Temp Intercept: -0.002815, -0.001136, -0.002091
09-27 13:51:31.129  1463  2067 D BackgroundInstallControlService: Package event received: 0
09-27 13:51:31.130  1463  2067 D BackgroundInstallControlService: Package event received: 0
09-27 13:51:31.132  1463  2067 D BackgroundInstallControlService: Package event received: 0
09-27 13:51:31.132  1463  2067 D BackgroundInstallControlService: Package event received: 0
09-27 13:51:31.148 14791 14795 I pixel-thermal: disp_therm:30.147 raw data: disp_therm:30147 
09-27 13:51:31.155 14791 14795 I pixel-thermal: btmspkr_therm:29.769 raw data: btmspkr_therm:29769 
09-27 13:51:31.156 14791 14795 I pixel-thermal: usb_pwr_therm:29.858 raw data: usb_pwr_therm:29858 
09-27 13:51:31.156 14791 14795 I pixel-thermal: VIRTUAL-USB-UI:0 raw data: USB-MINUS-CHARGER:-3094 VIRTUAL-USB-UI:0 charging_therm:32952 usb_pwr_therm:29858 
09-27 13:51:31.156 14791 14795 I pixel-thermal: VIRTUAL-USB-THROTTLING:0 raw data: USB-MINUS-CHARGER:-3094 VIRTUAL-USB-THROTTLING:0 usb_pwr_therm:29858 
09-27 13:51:31.189   872   916 I CHRE    : @ 792631.699: [ImuCal] [GYRO_RPS] (s0, c0) Offset | Temp [C] | Quality: -0.000042, -0.000262, -0.001243 | 32.47 | 4
09-27 13:51:31.189   872   916 I CHRE    : @ 792631.699: [ImuCal] [GYRO_RPS] (s0) Temp Sensitivity: 0.000086, 0.000027, 0.000026
09-27 13:51:31.189   872   916 I CHRE    : @ 792631.699: [ImuCal] [GYRO_RPS] (s0) Temp Intercept: -0.002815, -0.001136, -0.002091
09-27 13:51:31.215  8188  8192 E gcblocker: too long GC blocking: 8
09-27 13:51:31.215  8188  8192 E gcblocker: gc block end, 497807688,100
09-27 13:51:31.522  1463  3764 D WifiNl80211Manager: Scan result ready event
09-27 13:51:31.522  1463  3764 D WifiNative: Scan result ready event
09-27 13:51:31.527  1463  2012 W IE_Capabilities: Unknown RSN cipher suite: 6ac0f00
09-27 13:51:31.532  7387  7397 I WifiScanner: onFullResults
09-27 13:51:31.532  7387  7489 I WifiScanner: onFullResults
09-27 13:51:31.533  7387  8099 I WifiScanner: onFullResults
09-27 13:51:31.544   932   932 I WifiHAL : Creating message to get link statistics; iface = 47
09-27 13:51:31.548  7387  7570 I ActivityScheduler: nextTriggerTime: 792750819, in 120992ms, detectorType: 0,  alarmWindowMillis: 30000
09-27 13:51:31.550  2234 20860 D ApfFilter: (wlan0): Ignoring RA RA fe80::2223:51ff:febc:e012 -> ff02::1 0s  which matches RA fe80::2223:51ff:febc:e012 -> ff02::1 0s 
09-27 13:51:31.599   932   932 I WifiHAL : index: 0 per_rate_size 32, data_rem_len 1152
09-27 13:51:31.600   932   932 I WifiHAL : index: 1 per_rate_size 32, data_rem_len 1120
09-27 13:51:31.600   932   932 I WifiHAL : index: 2 per_rate_size 32, data_rem_len 1088
09-27 13:51:31.600   932   932 I WifiHAL : index: 3 per_rate_size 32, data_rem_len 1056
09-27 13:51:31.600   932   932 I WifiHAL : index: 4 per_rate_size 32, data_rem_len 1024
09-27 13:51:31.600   932   932 I WifiHAL : index: 5 per_rate_size 32, data_rem_len 992
09-27 13:51:31.600   932   932 I WifiHAL : index: 6 per_rate_size 32, data_rem_len 960
09-27 13:51:31.600   932   932 I WifiHAL : index: 7 per_rate_size 32, data_rem_len 928
09-27 13:51:31.600   932   932 I WifiHAL : index: 8 per_rate_size 32, data_rem_len 896
09-27 13:51:31.600   932   932 I WifiHAL : index: 9 per_rate_size 32, data_rem_len 864
09-27 13:51:31.600   932   932 I WifiHAL : index: 10 per_rate_size 32, data_rem_len 832
09-27 13:51:31.600   932   932 I WifiHAL : index: 11 per_rate_size 32, data_rem_len 800
09-27 13:51:31.600   932   932 I WifiHAL : index: 12 per_rate_size 32, data_rem_len 768
09-27 13:51:31.600   932   932 I WifiHAL : index: 13 per_rate_size 32, data_rem_len 736
09-27 13:51:31.600   932   932 I WifiHAL : index: 14 per_rate_size 32, data_rem_len 704
09-27 13:51:31.600   932   932 I WifiHAL : index: 15 per_rate_size 32, data_rem_len 672
09-27 13:51:31.600   932   932 I WifiHAL : index: 16 per_rate_size 32, data_rem_len 640
09-27 13:51:31.600   932   932 I WifiHAL : index: 17 per_rate_size 32, data_rem_len 608
09-27 13:51:31.600   932   932 I WifiHAL : index: 18 per_rate_size 32, data_rem_len 576
09-27 13:51:31.600   932   932 I WifiHAL : index: 19 per_rate_size 32, data_rem_len 544
09-27 13:51:31.600   932   932 I WifiHAL : index: 20 per_rate_size 32, data_rem_len 512
09-27 13:51:31.600   932   932 I WifiHAL : index: 21 per_rate_size 32, data_rem_len 480
09-27 13:51:31.600   932   932 I WifiHAL : index: 22 per_rate_size 32, data_rem_len 448
09-27 13:51:31.600   932   932 I WifiHAL : index: 23 per_rate_size 32, data_rem_len 416
09-27 13:51:31.600   932   932 I WifiHAL : index: 24 per_rate_size 32, data_rem_len 384
09-27 13:51:31.600   932   932 I WifiHAL : index: 25 per_rate_size 32, data_rem_len 352
09-27 13:51:31.600   932   932 I WifiHAL : index: 26 per_rate_size 32, data_rem_len 320
09-27 13:51:31.600   932   932 I WifiHAL : index: 27 per_rate_size 32, data_rem_len 288
09-27 13:51:31.600   932   932 I WifiHAL : index: 28 per_rate_size 32, data_rem_len 256
09-27 13:51:31.600   932   932 I WifiHAL : index: 29 per_rate_size 32, data_rem_len 224
09-27 13:51:31.600   932   932 I WifiHAL : index: 30 per_rate_size 32, data_rem_len 192
09-27 13:51:31.600   932   932 I WifiHAL : index: 31 per_rate_size 32, data_rem_len 160
09-27 13:51:31.600   932   932 I WifiHAL : index: 32 per_rate_size 32, data_rem_len 128
09-27 13:51:31.600   932   932 I WifiHAL : index: 33 per_rate_size 32, data_rem_len 96
09-27 13:51:31.600   932   932 I WifiHAL : index: 34 per_rate_size 32, data_rem_len 64
09-27 13:51:31.600   932   932 I WifiHAL : index: 35 per_rate_size 32, data_rem_len 32
09-27 13:51:31.602   932   932 I WifiHAL : Getting cached scan results, iface handle = 0xb400007e3fe71150
09-27 13:51:31.602   932   932 E WifiHAL : Creating message to get cached scan results
09-27 13:51:31.609   932   932 I WifiHAL : In GetCachedScanResultsCommand::handleResponse
09-27 13:51:31.617   932   932 D WifiHAL : Start debug command: mType GET_FEATURE
09-27 13:51:31.617   932   932 I WifiHAL : CreateRequest mType = GET_FEATURE
09-27 13:51:31.617   932   932 D WifiHAL : In DebugCommand::handleResponse, mType:GET_FEATURE
09-27 13:51:31.617   932   932 D WifiHAL : len = 4, expected len = 4
09-27 13:51:31.619  1463  2004 I HalDevMgr: bestIfaceCreationProposal is null, requestIface=STA, existingIface=[name=wlan0 type=STA]
09-27 13:51:31.640   896   896 D usf_sensor_hal: pressure: Enter Activate. Enable = 0.
09-27 13:51:31.642  1203  1203 D AOC     : A3:MSG: usf_sensor.cc, 1792: USF: Received stop sampling request for SPL07003 Barometer (active:1).
09-27 13:51:31.642  1203  1203 D AOC     : A3:MSG: spl07003_sensor.cc, 99: USF: Spl07003Sensor: Start 0, period: 40000000, latency: 10000000000.
09-27 13:51:31.643  1203  1203 D AOC     : A3:MSG: spl07003_device.cc, 155: USF: Spl07003Device: SPL07003 registry val :c, period: 40000000 ns.
09-27 13:51:31.644  1203  1203 D AOC     : A3:MSG: spl07003_sensor.cc, 111: USF: Spl07003Sensor: Supported sampling period: 40000000 ns.
09-27 13:51:31.645   896  1714 I sensor-suez: Vendor atom [id = 100242] reported.
09-27 13:51:31.645   896  1714 I sensor-suez: Vendor atom [id = 100243] reported.
