09-27 13:52:19.647  1463  2544 I am_proc_died: [0,23773,com.android.chrome,950,17]
09-27 13:52:19.649  1463  2544 I am_schedule_service_restart: [0,com.android.chrome/org.chromium.chrome.browser.customtabs.CustomTabsConnectionService,30000]
09-27 13:52:19.650  1463  2544 I am_uid_stopped: 10201
09-27 13:52:19.682  1463  1463 I notification_cancel_all: [1000,1463,com.google.android.gm,0,0,0,20,NULL]
09-27 13:52:19.787  1463  1705 I commit_sys_config_file: [notification-policy,2]
09-27 13:52:19.914  1463  3748 I am_mem_factor: [1,3]
09-27 13:52:19.917  1463  1722 I am_schedule_service_restart: [0,com.android.chrome/org.chromium.chrome.browser.customtabs.CustomTabsConnectionService,9733]
09-27 13:52:20.024  1463  1723 I am_uid_running: 10166
09-27 13:52:20.038  1463  1724 I am_proc_start: [0,5177,10166,com.google.android.apps.nbu.files,broadcast,{com.google.android.apps.nbu.files/com.google.android.libraries.notifications.platform.entrypoints.accountchanged.AccountChangedReceiver}]
09-27 13:52:20.063  1463  2100 I am_proc_bound: [0,5177,com.google.android.apps.nbu.files]
09-27 13:52:20.228  1463  1946 I job_deferred_execution: 1398983
09-27 13:52:20.304  1463  1723 I am_uid_running: 10195
09-27 13:52:20.320  1463  1724 I am_proc_start: [0,5234,10195,com.google.android.apps.photos,broadcast,{com.google.android.apps.photos/com.google.android.apps.photos.account.full.RefreshAccountsReceiver}]
09-27 13:52:20.336  1463  1722 I am_pss  : [15810,10134,com.google.android.apps.messaging,0,0,0,135696384,0,16,32]
09-27 13:52:20.345  1463  2100 I am_proc_bound: [0,5234,com.google.android.apps.photos]
09-27 13:52:20.550   883   883 I auditd  : type=1400 audit(0.0:251895): avc:  denied  { write } for  comm="TracingMuxer" name="traced_producer" dev="tmpfs" ino=1296 scontext=u:r:hal_neuralnetworks_darwinn:s0 tcontext=u:object_r:traced_producer_socket:s0 tclass=sock_file permissive=0
09-27 13:52:20.794  1463  2108 I sync    : [com.google.android.gms.fitness,0,0,-925071279]
09-27 13:52:20.910  1463  1998 I netstats_mobile_sample: [2662219795,220174010,2162809,646174,2648034861,214529747,2332264,586819,1758945140029]
09-27 13:52:20.912  1463  1998 I netstats_wifi_sample: [28205160722,3745661224,23972021,6283793,28159524265,3722251569,23768872,6138773,1758945140029]
09-27 13:52:21.041  1463  1705 I commit_sys_config_file: [jobs,22]
09-27 13:52:21.126  1463  2108 I sync    : [com.google.android.gms.fitness,0,0,350964325]
09-27 13:52:21.146  1463  2108 I sync    : [com.google.android.gms.fitness,1,0,-925071279]
09-27 13:52:21.158  1463  2108 I sync    : [com.google.android.gms.fitness,0,0,-1534454069]
09-27 13:52:21.181  1463  2108 I sync    : [com.google.android.gms.fitness,1,0,350964325]
09-27 13:52:21.183  1463  2108 I sync    : [com.google.android.gms.fitness,0,0,380373622]
09-27 13:52:21.237  1463  2108 I sync    : [com.google.android.gms.fitness,1,0,380373622]
09-27 13:52:21.240  1463  2108 I sync    : [com.google.android.gms.people,0,0,350964325]
09-27 13:52:21.260  1463  2108 I sync    : [com.google.android.gms.people,1,0,350964325]
09-27 13:52:21.267  1463  2108 I sync    : [com.google.android.gms.fitness,1,0,-1534454069]
09-27 13:52:21.269  1463  2108 I sync    : [com.google.android.gms.people,0,0,380373622]
09-27 13:52:21.293  1463  2108 I sync    : [com.google.android.gms.people,1,0,380373622]
09-27 13:52:21.298  1463  2108 I sync    : [com.google.android.gms.people,0,0,-1534454069]
09-27 13:52:21.302  1463  2108 I sync    : [com.google.android.keep,0,0,380373622]
09-27 13:52:21.315  1463  1722 I am_pss  : [30277,10152,com.google.android.gms,0,0,0,146071552,0,5,5]
09-27 13:52:21.328  1463  2108 I sync    : [com.google.android.gms.people,1,0,-1534454069]
09-27 13:52:21.333  1463  2108 I commit_sys_config_file: [sync-status,5]
09-27 13:52:21.351  1463  1723 I am_uid_running: 10115
09-27 13:52:21.364  1463  1463 I job_deferred_execution: 1390725
09-27 13:52:21.375  1463  1724 I am_proc_start: [0,5360,10115,com.google.android.apps.pixel.creativeassistant,broadcast,{com.google.android.apps.pixel.creativeassistant/com.google.apps.tiktok.account.data.device.DeviceAccountsChangedReceiver_Receiver}]
09-27 13:52:21.383  1463  2108 I sync    : [com.google.android.keep,1,0,380373622]
09-27 13:52:21.418  1463  3218 I am_proc_bound: [0,5360,com.google.android.apps.pixel.creativeassistant]
09-27 13:52:21.698  1463  3752 I job_deferred_execution: 1389376
09-27 13:52:21.955  1463  1723 I am_uid_running: 10150
09-27 13:52:21.970  1463  1724 I am_proc_start: [0,5444,10150,com.google.android.apps.pixel.relationships,broadcast,{com.google.android.apps.pixel.relationships/com.google.apps.tiktok.account.data.device.DeviceAccountsChangedReceiver_Receiver}]
09-27 13:52:21.991  1463  2544 I am_proc_bound: [0,5444,com.google.android.apps.pixel.relationships]
09-27 13:52:22.122  1463  1961 I am_unfreeze: [1062,com.google.android.apps.safetyhub,3]
09-27 13:52:22.497  1463  3752 I am_uid_active: 10206
09-27 13:52:22.562  1463  1723 I am_uid_running: 10173
09-27 13:52:22.578  1463  3751 I am_uid_running: 99687
09-27 13:52:22.579  1463  1724 I am_proc_start: [0,5536,10173,com.google.android.apps.pixel.support,broadcast,{com.google.android.apps.pixel.support/com.google.android.libraries.notifications.platform.entrypoints.accountchanged.AccountChangedReceiver}]
09-27 13:52:22.595  1463  1724 I am_proc_start: [0,5537,99687,com.google.android.webview:sandboxed_process0:org.chromium.content.app.SandboxedProcessService0:0,,{com.google.android.gms/org.chromium.content.app.SandboxedProcessService0:0}]
09-27 13:52:22.610  1463  3751 I am_proc_bound: [0,5537,com.google.android.webview:sandboxed_process0:org.chromium.content.app.SandboxedProcessService0:0]
09-27 13:52:22.614  1463  3752 I am_proc_bound: [0,5536,com.google.android.apps.pixel.support]
09-27 13:52:22.621  1463  3751 I am_uid_active: 99687
09-27 13:52:22.778  1463  3752 I am_uid_running: 10141
09-27 13:52:22.798  1463  1724 I am_proc_start: [0,5586,10141,com.google.android.projection.gearhead:car,service,{com.google.android.projection.gearhead/com.google.android.apps.auto.carservice.service.impl.GearheadCarStartupService}]
09-27 13:52:22.823  1463  3752 I am_proc_bound: [0,5586,com.google.android.projection.gearhead:car]
09-27 13:52:23.180  1463  1705 I commit_sys_config_file: [jobs,36]
09-27 13:52:23.187  1463  1961 I am_unfreeze: [29376,android.process.acore,7]
09-27 13:52:23.517  1463  1723 I am_uid_running: 10168
09-27 13:52:23.544  1463  1724 I am_proc_start: [0,5675,10168,com.google.android.apps.privacy.wildlife,broadcast,{com.google.android.apps.privacy.wildlife/com.google.android.apps.privacy.wildlife.receiver.WildlifeVpnReceiver}]
09-27 13:52:23.590  1463  3751 I am_proc_bound: [0,5675,com.google.android.apps.privacy.wildlife]
09-27 13:52:23.812  1463  1961 I am_unfreeze: [9463,com.google.android.apps.weather,3]
09-27 13:52:23.882  1463  1723 I am_uid_running: 10174
09-27 13:52:23.913  1463  1724 I am_proc_start: [0,5710,10174,com.google.android.apps.recorder,broadcast,{com.google.android.apps.recorder/com.google.android.libraries.notifications.platform.entrypoints.accountchanged.AccountChangedReceiver}]
09-27 13:52:23.960  1463  3751 I am_proc_bound: [0,5710,com.google.android.apps.recorder]
09-27 13:52:24.213  1463  2608 I am_uid_running: 10127
09-27 13:52:24.229  1463  1724 I am_proc_start: [0,5757,10127,com.google.android.apps.tips,content provider,{com.google.android.apps.tips/com.google.android.apps.tips.fortnite.external.tipsprovider.FortniteTipsProvider}]
09-27 13:52:24.256  1463  2608 I am_proc_bound: [0,5757,com.google.android.apps.tips]
09-27 13:52:24.590  1463  1723 I am_uid_running: 10144
09-27 13:52:24.607  1463  1724 I am_proc_start: [0,5788,10144,com.google.android.apps.restore,broadcast,{com.google.android.apps.restore/com.google.apps.tiktok.account.data.device.DeviceAccountsChangedReceiver_Receiver}]
09-27 13:52:24.616  1463  2146 I am_uid_running: 99688
09-27 13:52:24.633  1463  1724 I am_proc_start: [0,5799,99688,com.google.android.webview:sandboxed_process0:org.chromium.content.app.SandboxedProcessService0:0,,{com.twitter.android/org.chromium.content.app.SandboxedProcessService0:0}]
09-27 13:52:24.638  1463  3752 I am_proc_bound: [0,5788,com.google.android.apps.restore]
09-27 13:52:24.647  1463  2608 I am_proc_bound: [0,5799,com.google.android.webview:sandboxed_process0:org.chromium.content.app.SandboxedProcessService0:0]
09-27 13:52:24.844  1463  1961 I am_freeze: [17668,com.google.android.cellbroadcastreceiver]
09-27 13:52:25.048  1463  1463 I notification_cancel_all: [1000,1463,com.google.android.gm,0,0,0,20,NULL]
09-27 13:52:25.081  1463  1961 I am_freeze: [17641,com.textra]
09-27 13:52:25.275  1463  1705 I commit_sys_config_file: [notification-policy,8]
09-27 13:52:25.429  1463  1723 I am_uid_running: 10194
09-27 13:52:25.445  1463  1724 I am_proc_start: [0,5878,10194,com.google.android.apps.tachyon,broadcast,{com.google.android.apps.tachyon/com.google.android.libraries.notifications.platform.entrypoints.accountchanged.AccountChangedReceiver}]
09-27 13:52:25.471  1463  2608 I am_proc_bound: [0,5878,com.google.android.apps.tachyon]
09-27 13:52:26.004  1463  1463 I notification_cancel_all: [1000,1463,com.google.android.apps.tips,0,0,0,20,NULL]
09-27 13:52:26.005  1463  3748 I sysui_multi_action: [757,856,758,2,806,com.google.android.apps.tips,857,02_EDUCATIONS,858,3]
09-27 13:52:26.016  1463  2146 I sysui_multi_action: [757,856,758,1,806,com.google.android.apps.tips,857,02_EDUCATIONS,858,3]
09-27 13:52:26.062  1463  1961 I am_freeze: [4265,com.grindrapp.android]
09-27 13:52:26.120  1463  1961 I am_unfreeze: [16347,com.google.android.googlequicksearchbox:search,3]
09-27 13:52:26.329  1463  1705 I commit_sys_config_file: [notification-policy,73]
09-27 13:52:26.480  1463  1973 I sysui_multi_action: [757,804,799,power_consecutive_short_tap_count,801,1,802,1]
09-27 13:52:26.480  1463  1973 I sysui_multi_action: [757,804,799,power_double_tap_interval,801,18328,802,1]
09-27 13:52:26.480  1463  1973 I intercept_power: [ACTION_DOWN,0,1]
09-27 13:52:26.494  1463  1463 I screen_toggled: 1
09-27 13:52:26.499  1463  1463 I power_screen_broadcast_send: 1
09-27 13:52:26.505  1463  1754 I sysui_multi_action: [757,1696,758,6,759,3]
09-27 13:52:26.511  1463  3752 I sysui_multi_action: [757,127,758,1]
09-27 13:52:26.511  1463  3752 I sysui_multi_action: [757,804,799,note_load,801,2,802,1]
09-27 13:52:26.511  1463  3752 I notification_panel_revealed: 2
09-27 13:52:26.533  1463  2100 I wm_set_keyguard_shown: [0,1,0,0,0,setKeyguardShown]
09-27 13:52:26.547 17712 17712 I viewroot_draw_event: [VRI[Taskbar],Resumed drawing after screen turned on]
09-27 13:52:26.554  2122  2122 I viewroot_draw_event: [VRI[NotificationShade],Resumed drawing after screen turned on]
09-27 13:52:26.563  1463  1463 I battery_saving_stats: [0,0,0,17373,0,0,300006823,-18447500,-333]
09-27 13:52:26.570  1463  2146 I netstats_mobile_sample: [2662219795,220174010,2162809,646174,2648034861,214529747,2332264,586819,1758945145690]
09-27 13:52:26.571  1463  2146 I netstats_wifi_sample: [28205252212,3745733530,23972266,6284073,28159615327,3722323755,23769109,6139051,1758945145690]
09-27 13:52:26.658  1463  1973 I intercept_power: [ACTION_UP,0,0]
09-27 13:52:26.753  2122  2122 I viewroot_draw_event: [VRI[NotificationShade],reportDrawFinished seqId=0]
09-27 13:52:26.754  2122  2122 I viewroot_draw_event: [VRI[StatusBar],Resumed drawing after screen turned on]
09-27 13:52:26.761  1463  1960 I commit_sys_config_file: [settings-2-0,10]
09-27 13:52:26.762  1463  1754 I sysui_latency: [5,275]
09-27 13:52:26.762  1463  1463 I sysui_multi_action: [757,198,758,1,759,1,1359,310,1694,1]
09-27 13:52:26.762  1463  1463 I power_screen_state: [1,0,0,0,310]
09-27 13:52:26.770  1463  1703 I sysui_multi_action: [757,223,758,2]
09-27 13:52:26.770  1463  1703 I sysui_multi_action: [757,804,799,dozing_minutes,801,0,802,1]
09-27 13:52:26.824  1463  1708 I wm_wallpaper_surface: [0,1,Window{47bd4f3 u0 NotificationShade}]
09-27 13:52:26.826  1197  1197 I auditd  : type=1400 audit(0.0:251896): avc:  denied  { write } for  comm="TracingMuxer" name="traced_producer" dev="tmpfs" ino=1296 scontext=u:r:gxp_logging:s0 tcontext=u:object_r:traced_producer_socket:s0 tclass=sock_file permissive=0
09-27 13:52:26.840  2122  2157 I jank_cuj_events_end_request: [80,1758945146840475000,792685119473023,497863413327201]
09-27 13:52:26.851  1463  3742 I sysui_multi_action: [757,803,799,sth_get_generic_model_state,802,1]
09-27 13:52:26.902  1463  1463 I sysui_multi_action: [757,803,799,sth_generic_recognition_event,802,1]
09-27 13:52:26.978  2122  2614 I viewroot_draw_event: [VRI[ScreenDecorOverlay],Start draw after previous draw not visible]
09-27 13:52:26.989  2122  2614 I viewroot_draw_event: [VRI[ScreenDecorOverlay],reportDrawFinished seqId=10]
09-27 13:52:27.024  1463  1961 I am_freeze: [4274,au.com.spriggy.app]
09-27 13:52:27.250  1210  1210 I auditd  : type=1400 audit(0.0:251897): avc:  denied  { read } for  comm="binder:1210_5C3" name="u:object_r:default_prop:s0" dev="tmpfs" ino=176 scontext=u:r:hal_face_default:s0 tcontext=u:object_r:default_prop:s0 tclass=file permissive=0
09-27 13:52:27.273  1463  1703 I power_screen_broadcast_done: [1,773,1]
09-27 13:52:27.418  1210  1210 I auditd  : type=1400 audit(0.0:251898): avc:  denied  { read } for  comm="binder:1210_5C3" name="u:object_r:default_prop:s0" dev="tmpfs" ino=176 scontext=u:r:hal_face_default:s0 tcontext=u:object_r:default_prop:s0 tclass=file permissive=0
09-27 13:52:27.438  1210  1210 I auditd  : type=1400 audit(0.0:251899): avc:  denied  { read } for  comm="binder:1210_5C3" name="u:object_r:default_prop:s0" dev="tmpfs" ino=176 scontext=u:r:hal_face_default:s0 tcontext=u:object_r:default_prop:s0 tclass=file permissive=0
09-27 13:52:27.470  1210  1210 I auditd  : type=1400 audit(0.0:251900): avc:  denied  { read } for  comm="binder:1210_5C3" name="u:object_r:default_prop:s0" dev="tmpfs" ino=176 scontext=u:r:hal_face_default:s0 tcontext=u:object_r:default_prop:s0 tclass=file permissive=0
09-27 13:52:27.506  1210  1210 I auditd  : type=1400 audit(0.0:251901): avc:  denied  { read } for  comm="binder:1210_5C3" name="u:object_r:default_prop:s0" dev="tmpfs" ino=176 scontext=u:r:hal_face_default:s0 tcontext=u:object_r:default_prop:s0 tclass=file permissive=0
09-27 13:52:27.511  1463  1463 I notification_enqueue: [10136,3643,com.google.android.as,123,NULL,0,Notification(channel=com.google.intelligence.sense.ambientmusic.MusicNotificationChannel shortcut=null contentView=null vibrate=null sound=null defaults=0 flags=NO_CLEAR color=0xff607d8b category=transport actions=2 vis=PRIVATE),1,1]
09-27 13:52:27.538  1210  1210 I auditd  : type=1400 audit(0.0:251902): avc:  denied  { read } for  comm="binder:1210_5C3" name="u:object_r:default_prop:s0" dev="tmpfs" ino=176 scontext=u:r:hal_face_default:s0 tcontext=u:object_r:default_prop:s0 tclass=file permissive=0
09-27 13:52:27.570  1210  1210 I auditd  : type=1400 audit(0.0:251903): avc:  denied  { read } for  comm="binder:1210_5C3" name="u:object_r:default_prop:s0" dev="tmpfs" ino=176 scontext=u:r:hal_face_default:s0 tcontext=u:object_r:default_prop:s0 tclass=file permissive=0
09-27 13:52:27.588  1463  4936 I sysui_multi_action: [757,803,799,sth_unload_generic_sound_model,802,1]
09-27 13:52:27.594  1463  4936 I sysui_multi_action: [757,803,799,sth_unload_generic_sound_model,802,1]
09-27 13:52:27.594  1463  4936 I sysui_multi_action: [757,803,799,sth_start_recognition,802,1]
09-27 13:52:27.610  1210  1210 I auditd  : type=1400 audit(0.0:251904): avc:  denied  { read } for  comm="binder:1210_5C3" name="u:object_r:default_prop:s0" dev="tmpfs" ino=176 scontext=u:r:hal_face_default:s0 tcontext=u:object_r:default_prop:s0 tclass=file permissive=0
09-27 13:52:27.664  1463  4936 I sysui_multi_action: [757,803,799,sth_start_recognition_success,802,1]
09-27 13:52:27.664  1463  3752 I sysui_multi_action: [757,803,799,sth_unload_generic_sound_model,802,1]
09-27 13:52:27.883  1463  1723 I am_uid_running: 10217
09-27 13:52:27.900  1463  1724 I am_proc_start: [0,6103,10217,com.google.android.calendar,broadcast,{com.google.android.calendar/com.google.android.apps.calendar.removeaccountdata.AccountDataCleaner}]
09-27 13:52:27.927  1463  2431 I am_proc_bound: [0,6103,com.google.android.calendar]
09-27 13:52:28.043  1463  1961 I am_unfreeze: [1476,com.google.android.googlequicksearchbox:googleapp,3]
09-27 13:52:28.045  1463  1961 I am_unfreeze: [2982,com.google.android.webview:sandboxed_process0:org.chromium.content.app.SandboxedProcessService0:0,3]
09-27 13:52:28.150  1463  1961 I am_freeze: [4696,com.google.android.as.oss:learning_bg]
09-27 13:52:28.157  1463  1961 I am_freeze: [4591,com.google.android.as.oss]
09-27 13:52:28.244  1463  1961 I am_unfreeze: [1399,com.android.providers.calendar,7]
09-27 13:52:28.478  1210  1210 I auditd  : type=1400 audit(0.0:251930): avc:  denied  { read } for  comm="binder:1210_5C3" name="u:object_r:default_prop:s0" dev="tmpfs" ino=176 scontext=u:r:hal_face_default:s0 tcontext=u:object_r:default_prop:s0 tclass=file permissive=0
09-27 13:52:28.494  1463  1723 I am_uid_running: 10209
09-27 13:52:28.506  1210  1210 I auditd  : type=1400 audit(0.0:251931): avc:  denied  { read } for  comm="binder:1210_5C3" name="u:object_r:default_prop:s0" dev="tmpfs" ino=176 scontext=u:r:hal_face_default:s0 tcontext=u:object_r:default_prop:s0 tclass=file permissive=0
09-27 13:52:28.513  1463  1724 I am_proc_start: [0,6229,10209,com.google.android.contacts,broadcast,{com.google.android.contacts/com.google.android.libraries.notifications.platform.entrypoints.accountchanged.AccountChangedReceiver}]
09-27 13:52:28.538  1210  1210 I auditd  : type=1400 audit(0.0:251932): avc:  denied  { read } for  comm="binder:1210_5C3" name="u:object_r:default_prop:s0" dev="tmpfs" ino=176 scontext=u:r:hal_face_default:s0 tcontext=u:object_r:default_prop:s0 tclass=file permissive=0
09-27 13:52:28.550  1463  2100 I am_proc_bound: [0,6229,com.google.android.contacts]
09-27 13:52:28.574  1210  1210 I auditd  : type=1400 audit(0.0:251933): avc:  denied  { read } for  comm="binder:1210_5C3" name="u:object_r:default_prop:s0" dev="tmpfs" ino=176 scontext=u:r:hal_face_default:s0 tcontext=u:object_r:default_prop:s0 tclass=file permissive=0
09-27 13:52:28.610  1210  1210 I auditd  : type=1400 audit(0.0:251934): avc:  denied  { read } for  comm="binder:1210_5C3" name="u:object_r:default_prop:s0" dev="tmpfs" ino=176 scontext=u:r:hal_face_default:s0 tcontext=u:object_r:default_prop:s0 tclass=file permissive=0
09-27 13:52:28.653  1463  1961 I am_freeze: [4266,au.com.shiftyjelly.pocketcasts]
09-27 13:52:28.781  2122  2122 I sysui_multi_action: [757,1697,758,15,759,1,1741,3]
09-27 13:52:28.791  1463  1723 I am_uid_running: 10156
09-27 13:52:28.812  1463  1724 I am_proc_start: [0,6289,10156,com.google.android.dialer,broadcast,{com.google.android.dialer/com.google.android.libraries.notifications.platform.entrypoints.accountchanged.AccountChangedReceiver}]
09-27 13:52:28.833  1463  1961 I am_unfreeze: [620,com.google.android.apps.walletnfcrel,3]
09-27 13:52:28.837  1463  2146 I am_proc_bound: [0,6289,com.google.android.dialer]
09-27 13:52:29.393  1463  1724 I am_proc_start: [0,6370,10141,com.google.android.projection.gearhead:provider,content provider,{com.google.android.projection.gearhead/com.google.android.apps.auto.components.projectionstate.ProjectionStateProvider}]
09-27 13:52:29.414  1463  1723 I am_uid_running: 10205
09-27 13:52:29.428  2122  2614 I viewroot_draw_event: [VRI[ScreenDecorOverlay],Not drawing due to not visible. Reason=View.INVISIBLE]
09-27 13:52:29.438  1463  3746 I am_proc_bound: [0,6370,com.google.android.projection.gearhead:provider]
09-27 13:52:29.444  1463  1724 I am_proc_start: [0,6385,10205,com.google.android.videos,broadcast,{com.google.android.videos/com.google.android.apps.googletv.app.account.AccountBroadcastReceiver}]
09-27 13:52:29.472  1463  3747 I am_proc_bound: [0,6385,com.google.android.videos]
09-27 13:52:29.650  1463  1723 I am_uid_running: 10201
09-27 13:52:29.664  1463  1724 I am_proc_start: [0,6418,10201,com.android.chrome,service,{com.android.chrome/org.chromium.chrome.browser.customtabs.CustomTabsConnectionService}]
09-27 13:52:29.700  1463  4929 I am_proc_bound: [0,6418,com.android.chrome]
09-27 13:52:29.818  1463  1723 I am_uid_running: 10197
09-27 13:52:29.832  1463  1724 I am_proc_start: [0,6481,10197,com.google.android.youtube,broadcast,{com.google.android.youtube/com.google.android.libraries.notifications.platform.entrypoints.accountchanged.AccountChangedReceiver}]
09-27 13:52:29.856  1463  4936 I am_proc_bound: [0,6481,com.google.android.youtube]
09-27 13:52:30.031  1463  1961 I am_freeze: [31912,com.google.android.apps.docs]
09-27 13:52:30.130  1463  1723 I am_uid_running: 10140
09-27 13:52:30.146  1463  1724 I am_proc_start: [0,6530,10140,com.google.assistant.hubui:search,broadcast,{com.google.assistant.hubui/com.google.apps.tiktok.account.data.device.DeviceAccountsChangedReceiver_Receiver}]
09-27 13:52:30.169  1463  2100 I am_proc_bound: [0,6530,com.google.assistant.hubui:search]
09-27 13:52:30.291  1463  1723 I am_uid_running: 10293
09-27 13:52:30.306  1463  1724 I am_proc_start: [0,6562,10293,com.google.android.apps.docs.editors.docs,broadcast,{com.google.android.apps.docs.editors.docs/com.google.android.libraries.notifications.platform.entrypoints.accountchanged.AccountChangedReceiver}]
09-27 13:52:30.311  1463  1961 I am_freeze: [15810,com.google.android.apps.messaging]
09-27 13:52:30.328  1463  4936 I am_proc_bound: [0,6562,com.google.android.apps.docs.editors.docs]
09-27 13:52:30.606  1463  1961 I am_freeze: [4776,com.google.android.rkpdapp]
09-27 13:52:30.792 16347 16413 I service_manager_stats: [200,70,497867365]
09-27 13:52:31.298  6481  6481 I auditd  : type=1400 audit(0.0:251939): avc:  granted  { execute } for  comm="pool-5-thread-2" path="/data/data/com.google.android.youtube/app_pccache/5/63D0EFE38614789674C5F2401962E588162E432C/pcam.jar" dev="dm-60" ino=22148 scontext=u:r:untrusted_app:s0:c197,c256,c512,c768 tcontext=u:object_r:app_data_file:s0:c197,c256,c512,c768 tclass=file app=com.google.android.youtube
09-27 13:52:31.309  1463  1961 I am_unfreeze: [4274,au.com.spriggy.app,6]
09-27 13:52:31.314  1463  2108 I sync    : [com.google.android.gms.people,0,0,-925071279]
09-27 13:52:31.332  1463  2108 I sync    : [com.google.android.gms.people,1,0,-925071279]
09-27 13:52:31.353  1463  1961 I am_freeze: [5177,com.google.android.apps.nbu.files]
09-27 13:52:31.960  1463  1961 I am_freeze: [5360,com.google.android.apps.pixel.creativeassistant]
09-27 13:52:32.121  1463  1961 I am_freeze: [21064,com.google.android.apps.pixel.dcservice]
09-27 13:52:32.365  1463  1463 I notification_cancel_all: [1000,1463,com.google.android.youtube,0,0,0,20,NULL]
09-27 13:52:32.375  1463  1463 I notification_cancel_all: [1000,1463,com.google.android.youtube,0,0,0,20,NULL]
09-27 13:52:32.565  1463  1961 I am_freeze: [5444,com.google.android.apps.pixel.relationships]
09-27 13:52:33.345  1463  1705 I commit_sys_config_file: [jobs,9]
09-27 13:52:33.359  1463  1705 I commit_sys_config_file: [jobs,14]
09-27 13:52:33.496  1463  1724 I am_proc_start: [0,6772,10201,com.android.chrome:privileged_process0,service,{com.android.chrome/org.chromium.content.app.PrivilegedProcessService0}]
09-27 13:52:33.521  1463  1961 I am_freeze: [1062,com.google.android.apps.safetyhub]
09-27 13:52:33.538  1463  3742 I am_proc_bound: [0,6772,com.android.chrome:privileged_process0]
09-27 13:52:33.811  1463  1961 I am_freeze: [5586,com.google.android.projection.gearhead:car]
09-27 13:52:33.813  1463  1961 I am_freeze: [4901,com.google.android.apps.maps]
09-27 13:52:33.954  1463  1961 I am_freeze: [5536,com.google.android.apps.pixel.support]
09-27 13:52:33.984  1463  1961 I am_freeze: [9463,com.google.android.apps.weather]
09-27 13:52:34.453  1463  2146 I am_uid_running: 90000
09-27 13:52:34.460  1463  1754 I sysui_multi_action: [757,1696,758,6,759,2]
09-27 13:52:34.590  1463  1724 I am_proc_start: [0,6842,90000,com.android.chrome:sandboxed_process0:org.chromium.content.app.SandboxedProcessService0:0,,{com.android.chrome/org.chromium.content.app.SandboxedProcessService0:0}]
09-27 13:52:34.596  1463  1961 I am_freeze: [5710,com.google.android.apps.recorder]
09-27 13:52:34.601  1463  2146 I am_proc_bound: [0,6842,com.android.chrome:sandboxed_process0:org.chromium.content.app.SandboxedProcessService0:0]
09-27 13:52:35.388  1463  1961 I am_freeze: [30766,com.google.android.webview:webview_service]
09-27 13:52:35.998  1463  1961 I am_freeze: [5788,com.google.android.apps.restore]
09-27 13:52:36.043  1463  1961 I am_freeze: [4869,com.google.android.gm]
09-27 13:52:36.456  1463  1754 I power_sleep_requested: 0
09-27 13:52:36.462  1463  2146 I sysui_multi_action: [757,127,758,2]
09-27 13:52:36.462  1463  2146 I notification_panel_hidden: 
09-27 13:52:36.502  1463  1961 I am_freeze: [21414,com.google.android.webview:sandboxed_process0:org.chromium.content.app.SandboxedProcessService0:0]
09-27 13:52:36.629  1463  1961 I am_freeze: [31421,com.facebook.orca]
09-27 13:52:36.758  1463  1754 I sysui_multi_action: [757,1696,758,6,759,0]
09-27 13:52:36.797   451   451 I killinfo: [23167,10358,995,201,63480,3,176516,1272584,23744,1084,61012,352360,3868744,0,625892,1785536,322596,539268,160848,472156,129280,232860,501168,0,488,420,12,35,0,90268,687700,20,33,25.400000,12.810000,27.389999,6.640000,47.500000]
09-27 13:52:36.848  1463  2448 I am_proc_died: [0,23167,com.microsoft.office.outlook,995,19]
09-27 13:52:36.848  1463  2448 I am_uid_stopped: 10358
09-27 13:52:36.853  1463  4936 I am_mem_factor: [3,1]
09-27 13:52:37.034  1463  1708 I wm_wallpaper_surface: [0,0,null]
09-27 13:52:37.087  1463  3755 I am_kill : [0,5799,com.google.android.webview:sandboxed_process0:org.chromium.content.app.SandboxedProcessService0:0,0,isolated not needed,100972]
09-27 13:52:37.121  1463  3755 I am_proc_died: [0,5799,com.google.android.webview:sandboxed_process0:org.chromium.content.app.SandboxedProcessService0:0,0,10]
09-27 13:52:37.122  1463  3755 I am_uid_stopped: 99688
09-27 13:52:37.235  1463  1961 I am_freeze: [4851,com.twitter.android]
09-27 13:52:37.243  1463  1961 I am_freeze: [3069,com.google.android.adservices.api]
09-27 13:52:37.245  1463  1961 I am_unfreeze: [4851,com.twitter.android,18]
09-27 13:52:37.320  1463  1723 I am_mem_factor: [1,3]
09-27 13:52:37.442  1463  1703 I sysui_multi_action: [757,223,758,1]
09-27 13:52:37.456  1463  3755 I wm_set_keyguard_shown: [0,1,1,0,0,setKeyguardShown]
09-27 13:52:37.462  2122  2157 I jank_cuj_events_cancel_request: [5,1758945157462005000,792695741002732,497874034856992]
09-27 13:52:37.470  1463  1754 I sysui_multi_action: [757,1696,758,6,759,1]
09-27 13:52:37.471  1463  1463 I screen_toggled: 0
09-27 13:52:37.471  1463  1463 I sysui_multi_action: [757,804,799,screen_timeout,801,1800,802,1]
09-27 13:52:37.471  1463  1463 I sysui_multi_action: [757,1594,758,4,759,-2147483648,1359,10709]
09-27 13:52:37.471  1463  1463 I sysui_multi_action: [757,198,758,2,759,3,1359,1017,1695,2]
09-27 13:52:37.471  1463  1463 I power_screen_state: [0,3,0,0,1017]
09-27 13:52:37.471  1463  1463 I power_screen_broadcast_send: 1
09-27 13:52:37.471  2122  2157 I jank_cuj_events_cancel_request: [5,1758945157471847000,792695750845424,497874044699643]
09-27 13:52:37.481  2122  2122 I viewroot_draw_event: [VRI[NotificationShade],Not drawing due to screen off]
09-27 13:52:37.492  2122  2122 I viewroot_draw_event: [VRI[StatusBar],Not drawing due to screen off]
09-27 13:52:37.495  1463  1463 I battery_saving_stats: [0,1,0,10932,0,0,59031930,-7460000,-130]
09-27 13:52:37.671  1463  1960 I commit_sys_config_file: [settings-2-0,6]
09-27 13:52:37.701  1463  1703 I power_screen_broadcast_done: [0,230,1]
09-27 13:52:37.764  1463  1723 I am_uid_idle: 10271
09-27 13:52:38.052  1463  1961 I am_freeze: [5878,com.google.android.apps.tachyon]
09-27 13:52:38.322  1463  1961 I am_freeze: [5757,com.google.android.apps.tips]
09-27 13:52:38.821  1463  1961 I am_freeze: [1476,com.google.android.googlequicksearchbox:googleapp]
09-27 13:52:38.822  1463  1961 I am_freeze: [2982,com.google.android.webview:sandboxed_process0:org.chromium.content.app.SandboxedProcessService0:0]
09-27 13:52:39.147  1463  1961 I am_freeze: [6229,com.google.android.contacts]
09-27 13:52:39.420  1463  1961 I am_freeze: [5234,com.google.android.apps.photos]
09-27 13:52:39.547  1463  1961 I am_freeze: [4918,com.google.android.keep]
09-27 13:52:39.639  1463  1961 I am_freeze: [5675,com.google.android.apps.privacy.wildlife]
09-27 13:52:39.762  1463  1961 I am_unfreeze: [1550,com.instagram.android,3]
09-27 13:52:39.787  1463  1961 I am_freeze: [620,com.google.android.apps.walletnfcrel]
09-27 13:52:39.878  1463  1961 I am_freeze: [4851,com.twitter.android]
09-27 13:52:39.886  1463  1961 I am_freeze: [6418,com.android.chrome]
09-27 13:52:39.896  1463  1961 I am_freeze: [6370,com.google.android.projection.gearhead:provider]
09-27 13:52:39.897  1463  1961 I am_freeze: [6289,com.google.android.dialer]
09-27 13:52:40.043  1463  1961 I am_freeze: [6103,com.google.android.calendar]
09-27 13:52:40.057  1463  1961 I am_freeze: [6385,com.google.android.videos]
09-27 13:52:40.320  1463  1961 I am_freeze: [6481,com.google.android.youtube]
09-27 13:52:40.698  1463  1961 I am_freeze: [6530,com.google.assistant.hubui:search]
09-27 13:52:40.876  1463  1961 I am_freeze: [6562,com.google.android.apps.docs.editors.docs]
09-27 13:52:41.487  1463  1961 I am_freeze: [4274,au.com.spriggy.app]
09-27 13:52:42.110  1463  1723 I am_uid_idle: 10218
09-27 13:52:42.781  1463  1659 I am_mem_factor: [0,1]
09-27 13:52:43.241  1463  1961 I am_freeze: [16347,com.google.android.googlequicksearchbox:search]
09-27 13:52:43.243  1463  1961 I am_freeze: [1399,com.android.providers.calendar]
09-27 13:52:43.610  1463  1961 I am_freeze: [6772,com.android.chrome:privileged_process0]
09-27 13:52:44.631  1463  1961 I am_freeze: [6842,com.android.chrome:sandboxed_process0:org.chromium.content.app.SandboxedProcessService0:0]
09-27 13:52:46.087  1463  1659 I am_uid_active: 10082
09-27 13:52:47.642  1463  1961 I am_freeze: [31213,com.facebook.katana]
09-27 13:52:48.293  1463  1463 I sysui_multi_action: [757,803,799,sth_generic_recognition_event,802,1]
09-27 13:52:49.926  1463  1961 I am_freeze: [1550,com.instagram.android]
09-27 13:52:50.590   883   883 I auditd  : type=1400 audit(0.0:251940): avc:  denied  { write } for  comm="TracingMuxer" name="traced_producer" dev="tmpfs" ino=1296 scontext=u:r:hal_neuralnetworks_darwinn:s0 tcontext=u:object_r:traced_producer_socket:s0 tclass=sock_file permissive=0
09-27 13:52:51.001  1463  1961 I am_freeze: [17618,.ShannonImsService]
09-27 13:52:51.592  1463  1463 I notification_enqueue: [10136,3643,com.google.android.as,123,NULL,0,Notification(channel=com.google.intelligence.sense.ambientmusic.MusicNotificationChannel shortcut=null contentView=null vibrate=null sound=null defaults=0 flags=NO_CLEAR color=0xff607d8b category=transport actions=2 vis=PRIVATE),1,1]
09-27 13:52:51.620  1463  3220 I sysui_multi_action: [757,803,799,sth_unload_generic_sound_model,802,1]
09-27 13:52:51.635  1463  3220 I sysui_multi_action: [757,803,799,sth_unload_generic_sound_model,802,1]
09-27 13:52:51.636  1463  3220 I sysui_multi_action: [757,803,799,sth_start_recognition,802,1]
09-27 13:52:51.734  1463  3220 I sysui_multi_action: [757,803,799,sth_start_recognition_success,802,1]
09-27 13:52:51.735  1463  3220 I sysui_multi_action: [757,803,799,sth_unload_generic_sound_model,802,1]
09-27 13:52:56.858  1197  1197 I auditd  : type=1400 audit(0.0:251941): avc:  denied  { write } for  comm="TracingMuxer" name="traced_producer" dev="tmpfs" ino=1296 scontext=u:r:gxp_logging:s0 tcontext=u:object_r:traced_producer_socket:s0 tclass=sock_file permissive=0
09-27 13:53:05.567  1463  1961 I am_freeze: [29376,android.process.acore]
09-27 13:53:08.621  1463  1961 I am_freeze: [18692,com.google.android.apps.wellbeing]
09-27 13:53:08.853  1463  1723 I am_uid_idle: 99682
09-27 13:53:08.854  1463  1723 I am_uid_idle: 10326
09-27 13:53:11.474  1463  1961 I am_freeze: [30277,com.google.android.gms]
09-27 13:53:13.977  1463  1723 I am_uid_idle: 10314
09-27 13:53:14.021  1463  1723 I am_uid_idle: 10335
09-27 13:53:14.868  1463  1723 I am_uid_idle: 10119
09-27 13:53:18.113  1463  1723 I am_uid_idle: 10340
09-27 13:53:18.219  1463  1723 I am_uid_idle: 10210
09-27 13:53:18.629  1463  1723 I am_uid_idle: 10323
09-27 13:53:18.638  1463  1723 I am_uid_idle: 10196
09-27 13:53:18.666  1463  1723 I am_uid_idle: 10294
09-27 13:53:20.066  1463  1723 I am_uid_idle: 10166
09-27 13:53:20.349  1463  1723 I am_uid_idle: 10195
09-27 13:53:20.599  1463  1723 I am_uid_idle: 10267
09-27 13:53:20.622   883   883 I auditd  : type=1400 audit(0.0:251942): avc:  denied  { write } for  comm="TracingMuxer" name="traced_producer" dev="tmpfs" ino=1296 scontext=u:r:hal_neuralnetworks_darwinn:s0 tcontext=u:object_r:traced_producer_socket:s0 tclass=sock_file permissive=0
09-27 13:53:21.424  1463  1723 I am_uid_idle: 10115
09-27 13:53:21.998  1463  1723 I am_uid_idle: 10150
09-27 13:53:22.616  1463  1723 I am_uid_idle: 10173
09-27 13:53:22.826  1463  1723 I am_uid_idle: 10141
09-27 13:53:23.225  1463  1723 I am_uid_idle: 10206
09-27 13:53:23.594  1463  1723 I am_uid_idle: 10168
09-27 13:53:23.965  1463  1723 I am_uid_idle: 10174
09-27 13:53:24.257  1463  1723 I am_uid_idle: 10127
09-27 13:53:24.642  1463  1723 I am_uid_idle: 10144
09-27 13:53:25.475  1463  1723 I am_uid_idle: 10194
09-27 13:53:26.890  1197  1197 I auditd  : type=1400 audit(0.0:251943): avc:  denied  { write } for  comm="TracingMuxer" name="traced_producer" dev="tmpfs" ino=1296 scontext=u:r:gxp_logging:s0 tcontext=u:object_r:traced_producer_socket:s0 tclass=sock_file permissive=0
09-27 13:53:27.932  1463  1723 I am_uid_idle: 10217
09-27 13:53:28.554  1463  1723 I am_uid_idle: 10209
09-27 13:53:28.839  1463  1723 I am_uid_idle: 10156
09-27 13:53:29.475  1463  1723 I am_uid_idle: 10205
09-27 13:53:29.703  1463  1723 I am_uid_idle: 10201
09-27 13:53:29.859  1463  1723 I am_uid_idle: 10197
09-27 13:53:30.172  1463  1723 I am_uid_idle: 10140
09-27 13:53:30.332  1463  1723 I am_uid_idle: 10293
09-27 13:53:31.592  1463  1961 I am_unfreeze: [31213,com.facebook.katana,6]
09-27 13:53:31.637  1463  1961 I am_unfreeze: [4851,com.twitter.android,6]
09-27 13:53:31.637  1463  1961 I am_unfreeze: [30277,com.google.android.gms,6]
09-27 13:53:31.637  1463  1961 I am_unfreeze: [3069,com.google.android.adservices.api,6]
09-27 13:53:31.652  1463  2108 I sync    : [com.google.android.gms.people,0,0,-1534454069]
09-27 13:53:31.746  1463  2108 I sync    : [com.google.android.gms.people,1,0,-1534454069]
09-27 13:53:31.752  1463  2108 I commit_sys_config_file: [sync-status,6]
09-27 13:53:33.772  1463  1705 I commit_sys_config_file: [jobs,20]
09-27 13:53:34.603  1463  1723 I am_uid_idle: 90000
09-27 13:53:39.070  2404  2727 I service_manager_stats: [100,21,100492]
09-27 13:53:41.760  1463  1961 I am_freeze: [30277,com.google.android.gms]
09-27 13:53:41.959  1463  1961 I am_freeze: [4851,com.twitter.android]
09-27 13:53:41.964  1463  1961 I am_freeze: [3069,com.google.android.adservices.api]
09-27 13:53:43.296  1463  1961 I am_freeze: [31213,com.facebook.katana]
09-27 13:53:46.902  1463  1463 I sysui_multi_action: [757,803,799,sth_generic_recognition_event,802,1]
09-27 13:53:48.853  1463  2448 I sysui_multi_action: [757,803,799,sth_unload_generic_sound_model,802,1]
09-27 13:53:48.863  1463  1463 I notification_enqueue: [10136,3643,com.google.android.as,123,NULL,0,Notification(channel=com.google.intelligence.sense.ambientmusic.MusicNotificationChannel shortcut=null contentView=null vibrate=null sound=null defaults=0 flags=NO_CLEAR color=0xff607d8b category=transport actions=2 vis=PRIVATE),1,1]
09-27 13:53:48.870  1463  2448 I sysui_multi_action: [757,803,799,sth_unload_generic_sound_model,802,1]
09-27 13:53:48.875  1463  3769 I sysui_multi_action: [757,803,799,sth_start_recognition,802,1]
09-27 13:53:48.973  1463  3769 I sysui_multi_action: [757,803,799,sth_start_recognition_success,802,1]
09-27 13:53:48.974  1463  3769 I sysui_multi_action: [757,803,799,sth_unload_generic_sound_model,802,1]
09-27 13:53:50.646   883   883 I auditd  : type=1400 audit(0.0:251944): avc:  denied  { write } for  comm="TracingMuxer" name="traced_producer" dev="tmpfs" ino=1296 scontext=u:r:hal_neuralnetworks_darwinn:s0 tcontext=u:object_r:traced_producer_socket:s0 tclass=sock_file permissive=0
09-27 13:53:51.427  1463  1723 I am_uid_idle: 10178
09-27 13:53:51.429  1463  1723 I am_uid_idle: 10082
09-27 13:53:56.918  1197  1197 I auditd  : type=1400 audit(0.0:251945): avc:  denied  { write } for  comm="TracingMuxer" name="traced_producer" dev="tmpfs" ino=1296 scontext=u:r:gxp_logging:s0 tcontext=u:object_r:traced_producer_socket:s0 tclass=sock_file permissive=0
09-27 13:53:57.849  1463  1723 I am_uid_idle: 10126
09-27 13:53:58.608  1463  1723 I am_uid_idle: 10123
09-27 13:53:59.567  1463  1961 I am_unfreeze: [32000,com.google.android.permissioncontroller,6]
09-27 13:54:20.650   883   883 I auditd  : type=1400 audit(0.0:251946): avc:  denied  { write } for  comm="TracingMuxer" name="traced_producer" dev="tmpfs" ino=1296 scontext=u:r:hal_neuralnetworks_darwinn:s0 tcontext=u:object_r:traced_producer_socket:s0 tclass=sock_file permissive=0
09-27 13:54:26.946  1197  1197 I auditd  : type=1400 audit(0.0:251947): avc:  denied  { write } for  comm="TracingMuxer" name="traced_producer" dev="tmpfs" ino=1296 scontext=u:r:gxp_logging:s0 tcontext=u:object_r:traced_producer_socket:s0 tclass=sock_file permissive=0
09-27 13:54:32.624  1463  1463 I sysui_multi_action: [757,803,799,sth_generic_recognition_event,802,1]
09-27 13:54:33.121  1463  1463 I notification_enqueue: [10136,3643,com.google.android.as,123,NULL,0,Notification(channel=com.google.intelligence.sense.ambientmusic.MusicNotificationChannel shortcut=null contentView=null vibrate=null sound=null defaults=0 flags=NO_CLEAR color=0xff607d8b category=transport actions=2 vis=PRIVATE),1,1]
09-27 13:54:33.132  1463  3746 I sysui_multi_action: [757,803,799,sth_unload_generic_sound_model,802,1]
09-27 13:54:33.147  1463  3746 I sysui_multi_action: [757,803,799,sth_unload_generic_sound_model,802,1]
09-27 13:54:33.148  1463  3746 I sysui_multi_action: [757,803,799,sth_start_recognition,802,1]
09-27 13:54:33.250  1463  3746 I sysui_multi_action: [757,803,799,sth_start_recognition_success,802,1]
09-27 13:54:33.251  1463  3746 I sysui_multi_action: [757,803,799,sth_unload_generic_sound_model,802,1]
09-27 13:54:39.605  1463  1961 I am_freeze: [32000,com.google.android.permissioncontroller]
09-27 13:54:50.682   883   883 I auditd  : type=1400 audit(0.0:251948): avc:  denied  { write } for  comm="TracingMuxer" name="traced_producer" dev="tmpfs" ino=1296 scontext=u:r:hal_neuralnetworks_darwinn:s0 tcontext=u:object_r:traced_producer_socket:s0 tclass=sock_file permissive=0
09-27 13:54:56.974  1197  1197 I auditd  : type=1400 audit(0.0:251949): avc:  denied  { write } for  comm="TracingMuxer" name="traced_producer" dev="tmpfs" ino=1296 scontext=u:r:gxp_logging:s0 tcontext=u:object_r:traced_producer_socket:s0 tclass=sock_file permissive=0
09-27 13:55:20.714   883   883 I auditd  : type=1400 audit(0.0:251950): avc:  denied  { write } for  comm="TracingMuxer" name="traced_producer" dev="tmpfs" ino=1296 scontext=u:r:hal_neuralnetworks_darwinn:s0 tcontext=u:object_r:traced_producer_socket:s0 tclass=sock_file permissive=0
09-27 13:55:27.006  1197  1197 I auditd  : type=1400 audit(0.0:251951): avc:  denied  { write } for  comm="TracingMuxer" name="traced_producer" dev="tmpfs" ino=1296 scontext=u:r:gxp_logging:s0 tcontext=u:object_r:traced_producer_socket:s0 tclass=sock_file permissive=0
09-27 13:55:28.422  1463  1463 I sysui_multi_action: [757,803,799,sth_generic_recognition_event,802,1]
09-27 13:55:28.919  1463  1463 I notification_enqueue: [10136,3643,com.google.android.as,123,NULL,0,Notification(channel=com.google.intelligence.sense.ambientmusic.MusicNotificationChannel shortcut=null contentView=null vibrate=null sound=null defaults=0 flags=NO_CLEAR color=0xff607d8b category=transport actions=2 vis=PRIVATE),1,1]
09-27 13:55:28.929  1463  3746 I sysui_multi_action: [757,803,799,sth_unload_generic_sound_model,802,1]
09-27 13:55:28.946  1463  3746 I sysui_multi_action: [757,803,799,sth_unload_generic_sound_model,802,1]
09-27 13:55:28.948  1463  3746 I sysui_multi_action: [757,803,799,sth_start_recognition,802,1]
09-27 13:55:29.045  1463  3746 I sysui_multi_action: [757,803,799,sth_start_recognition_success,802,1]
09-27 13:55:29.046  1463  3746 I sysui_multi_action: [757,803,799,sth_unload_generic_sound_model,802,1]
09-27 13:55:35.309  1463  1961 I am_unfreeze: [31213,com.facebook.katana,3]
09-27 13:55:41.773  1463  1961 I am_unfreeze: [5234,com.google.android.apps.photos,3]
09-27 13:55:41.801  1463  1722 I am_pss  : [5234,10195,com.google.android.apps.photos,0,0,0,95571968,0,11,17]
09-27 13:55:42.674  1463  1463 I notification_cancel_all: [1000,1463,com.google.android.apps.photos,0,0,0,20,NULL]
09-27 13:55:42.674  1463  1463 I notification_cancel_all: [1000,1463,com.google.android.apps.photos,0,0,0,20,NULL]
09-27 13:55:42.674  1463  1463 I notification_cancel_all: [1000,1463,com.google.android.apps.photos,0,0,0,20,NULL]
09-27 13:55:42.674  1463  1463 I notification_cancel_all: [1000,1463,com.google.android.apps.photos,0,0,0,20,NULL]
09-27 13:55:42.674  1463  1463 I notification_cancel_all: [1000,1463,com.google.android.apps.photos,0,0,0,20,NULL]
09-27 13:55:42.941  1463  1705 I commit_sys_config_file: [notification-policy,22]
09-27 13:55:44.015  1463  1705 I commit_sys_config_file: [jobs,9]
09-27 13:55:45.336  1463  1961 I am_freeze: [31213,com.facebook.katana]
09-27 13:55:46.329  7387  5269 I c2dm    : [-7,,138,73]
09-27 13:55:48.380  1463  1705 I commit_sys_config_file: [jobs,8]
09-27 13:55:49.654  1463  1463 I sysui_multi_action: [757,803,799,sth_generic_recognition_event,802,1]
09-27 13:55:50.746   883   883 I auditd  : type=1400 audit(0.0:251952): avc:  denied  { write } for  comm="TracingMuxer" name="traced_producer" dev="tmpfs" ino=1296 scontext=u:r:hal_neuralnetworks_darwinn:s0 tcontext=u:object_r:traced_producer_socket:s0 tclass=sock_file permissive=0
09-27 13:55:51.501  1463  3746 I sysui_multi_action: [757,803,799,sth_unload_generic_sound_model,802,1]
09-27 13:55:51.528  1463  3746 I sysui_multi_action: [757,803,799,sth_unload_generic_sound_model,802,1]
09-27 13:55:51.529  1463  3746 I sysui_multi_action: [757,803,799,sth_start_recognition,802,1]
09-27 13:55:51.643  1463  3746 I sysui_multi_action: [757,803,799,sth_start_recognition_success,802,1]
09-27 13:55:51.645  1463  3746 I sysui_multi_action: [757,803,799,sth_unload_generic_sound_model,802,1]
09-27 13:55:57.038  1197  1197 I auditd  : type=1400 audit(0.0:251953): avc:  denied  { write } for  comm="TracingMuxer" name="traced_producer" dev="tmpfs" ino=1296 scontext=u:r:gxp_logging:s0 tcontext=u:object_r:traced_producer_socket:s0 tclass=sock_file permissive=0
09-27 13:56:00.163  1463  1961 I am_unfreeze: [31213,com.facebook.katana,3]
09-27 13:56:02.951  1463  1961 I am_unfreeze: [4175,com.android.settings,10]
09-27 13:56:02.965  1463  1463 I sysui_multi_action: [757,128,758,5,759,19,793,733819,794,0,795,34050,796,123,806,com.google.android.as,857,com.google.intelligence.sen-942a6e4d,858,1,947,0,1500,34050,1641,transport,1688,1,1745,1043716538]
09-27 13:56:02.965  1463  1463 I notification_canceled: [0|com.google.android.as|123|null|10136,19,733819,34050,0,-1,-1,NULL]
09-27 13:56:03.036  1463  1961 I am_unfreeze: [29376,android.process.acore,7]
09-27 13:56:03.044  1463  3745 I am_uid_active: 10082
09-27 13:56:06.620  1463  1961 I am_freeze: [7040,com.google.android.apps.turbo]
09-27 13:56:06.649  1463  1961 I am_unfreeze: [7040,com.google.android.apps.turbo,6]
09-27 13:56:07.038  1463  1961 I am_freeze: [5234,com.google.android.apps.photos]
09-27 13:56:10.223  1463  1961 I am_freeze: [31213,com.facebook.katana]
09-27 13:56:15.867  2404  2727 I service_manager_stats: [100,15,156797]
09-27 13:56:20.786   883   883 I auditd  : type=1400 audit(0.0:251954): avc:  denied  { write } for  comm="TracingMuxer" name="traced_producer" dev="tmpfs" ino=1296 scontext=u:r:hal_neuralnetworks_darwinn:s0 tcontext=u:object_r:traced_producer_socket:s0 tclass=sock_file permissive=0
09-27 13:56:22.986  1463  1961 I am_freeze: [4175,com.android.settings]
09-27 13:56:27.062  1197  1197 I auditd  : type=1400 audit(0.0:251955): avc:  denied  { write } for  comm="TracingMuxer" name="traced_producer" dev="tmpfs" ino=1296 scontext=u:r:gxp_logging:s0 tcontext=u:object_r:traced_producer_socket:s0 tclass=sock_file permissive=0
09-27 13:56:39.145  1463  1961 I am_freeze: [29376,android.process.acore]
09-27 13:56:46.610  1463  1722 I commit_sys_config_file: [sync-stats,11]
09-27 13:56:46.815  1463  1463 I sysui_multi_action: [757,803,799,sth_generic_recognition_event,802,1]
09-27 13:56:48.691  1463  1659 I sysui_multi_action: [757,803,799,sth_unload_generic_sound_model,802,1]
09-27 13:56:48.696  1463  1463 I notification_enqueue: [10136,3643,com.google.android.as,123,NULL,0,Notification(channel=com.google.intelligence.sense.ambientmusic.MusicNotificationChannel shortcut=null contentView=null vibrate=null sound=null defaults=0 flags=NO_CLEAR color=0xff607d8b category=transport actions=2 vis=PRIVATE),0,1]
09-27 13:56:48.705  1463  1659 I sysui_multi_action: [757,803,799,sth_unload_generic_sound_model,802,1]
09-27 13:56:48.707  1463  1659 I sysui_multi_action: [757,803,799,sth_start_recognition,802,1]
09-27 13:56:48.810  1463  1659 I sysui_multi_action: [757,803,799,sth_start_recognition_success,802,1]
09-27 13:56:48.811  1463  1659 I sysui_multi_action: [757,803,799,sth_unload_generic_sound_model,802,1]
09-27 13:56:48.902  1463  1463 I sysui_multi_action: [757,1501,758,1,793,222,794,0,795,222,796,123,806,com.google.android.as,857,com.google.intelligence.sen-942a6e4d,858,1,947,0,1500,0,1641,transport,1688,1,1745,1043716538]
09-27 13:56:48.903  1463  1463 I sysui_multi_action: [757,804,799,note_interruptive,801,0,802,1]
09-27 13:56:50.818   883   883 I auditd  : type=1400 audit(0.0:251956): avc:  denied  { write } for  comm="TracingMuxer" name="traced_producer" dev="tmpfs" ino=1296 scontext=u:r:hal_neuralnetworks_darwinn:s0 tcontext=u:object_r:traced_producer_socket:s0 tclass=sock_file permissive=0
09-27 13:56:57.094  1197  1197 I auditd  : type=1400 audit(0.0:251957): avc:  denied  { write } for  comm="TracingMuxer" name="traced_producer" dev="tmpfs" ino=1296 scontext=u:r:gxp_logging:s0 tcontext=u:object_r:traced_producer_socket:s0 tclass=sock_file permissive=0
09-27 13:57:00.172  1463  2100 I am_uid_active: 10178
09-27 13:57:00.174  1463  1961 I am_unfreeze: [30277,com.google.android.gms,4]
09-27 13:57:09.118  1463  1723 I am_uid_idle: 10082
09-27 13:57:20.850   883   883 I auditd  : type=1400 audit(0.0:251958): avc:  denied  { write } for  comm="TracingMuxer" name="traced_producer" dev="tmpfs" ino=1296 scontext=u:r:hal_neuralnetworks_darwinn:s0 tcontext=u:object_r:traced_producer_socket:s0 tclass=sock_file permissive=0
09-27 13:57:25.334  1463  1961 I am_freeze: [30277,com.google.android.gms]
09-27 13:57:27.122  1197  1197 I auditd  : type=1400 audit(0.0:251959): avc:  denied  { write } for  comm="TracingMuxer" name="traced_producer" dev="tmpfs" ino=1296 scontext=u:r:gxp_logging:s0 tcontext=u:object_r:traced_producer_socket:s0 tclass=sock_file permissive=0
09-27 13:57:31.294  1463  3746 I am_proc_died: [0,30414,com.android.vending,100,12]
09-27 13:57:31.309  1463  3746 I am_schedule_service_restart: [0,com.android.vending/com.google.android.finsky.billing.iab.InAppBillingService,1000]
09-27 13:57:31.309  1463  3746 I am_schedule_service_restart: [0,com.android.vending/com.google.android.finsky.developergroupidinfo.DeveloperGroupIdInfoService,11000]
09-27 13:57:31.309  1463  3746 I am_schedule_service_restart: [0,com.android.vending/com.google.android.finsky.setup.dse.impl.DseService,21000]
09-27 13:57:31.492  1463  1724 I am_proc_start: [0,7208,10178,com.android.vending,service,{com.android.vending/com.google.android.finsky.billing.iab.InAppBillingService}]
09-27 13:57:31.573  1463  3764 I am_proc_bound: [0,7208,com.android.vending]
09-27 13:57:32.585  1463  1463 I notification_cancel_all: [1000,1463,com.android.vending,0,0,0,20,NULL]
09-27 13:57:32.586  1463  1463 I notification_cancel_all: [1000,1463,com.android.vending,0,0,0,20,NULL]
09-27 13:57:32.586  1463  1463 I notification_cancel_all: [1000,1463,com.android.vending,0,0,0,20,NULL]
09-27 13:57:32.588  1463  1463 I notification_cancel_all: [1000,1463,com.android.vending,0,0,0,20,NULL]
09-27 13:57:32.588  1463  1463 I notification_cancel_all: [1000,1463,com.android.vending,0,0,0,20,NULL]
09-27 13:57:32.631  1463  1961 I am_unfreeze: [30277,com.google.android.gms,7]
09-27 13:57:32.855  1463  1705 I commit_sys_config_file: [notification-policy,17]
09-27 13:57:35.549  1463  1946 I am_uid_running: 10358
09-27 13:57:35.573  1463  1961 I am_unfreeze: [15810,com.google.android.apps.messaging,6]
09-27 13:57:35.592  1463  1961 I am_unfreeze: [5360,com.google.android.apps.pixel.creativeassistant,6]
09-27 13:57:35.601  1463  1724 I am_proc_start: [0,7332,10358,com.microsoft.office.outlook,service,{com.microsoft.office.outlook/androidx.work.impl.background.systemjob.SystemJobService}]
09-27 13:57:35.605  1463  1961 I am_unfreeze: [1062,com.google.android.apps.safetyhub,6]
09-27 13:57:35.634  1463  1961 I am_unfreeze: [5536,com.google.android.apps.pixel.support,6]
09-27 13:57:35.644  1463  1961 I am_unfreeze: [9463,com.google.android.apps.weather,6]
09-27 13:57:35.644  1463  1961 I am_unfreeze: [31213,com.facebook.katana,6]
09-27 13:57:35.645  1463  1961 I am_unfreeze: [16347,com.google.android.googlequicksearchbox:search,6]
