--------- beginning of events
09-27 13:51:20.482   883   883 I auditd  : type=1400 audit(0.0:251889): avc:  denied  { write } for  comm="TracingMuxer" name="traced_producer" dev="tmpfs" ino=1296 scontext=u:r:hal_neuralnetworks_darwinn:s0 tcontext=u:object_r:traced_producer_socket:s0 tclass=sock_file permissive=0
09-27 13:51:20.784  1463  1961 I am_unfreeze: [9463,com.google.android.apps.weather,6]
09-27 13:51:20.865  1463  1961 I am_unfreeze: [29915,com.snapchat.android,6]
09-27 13:51:20.876  1463  1961 I am_unfreeze: [30767,com.google.android.webview:sandboxed_process0:org.chromium.content.app.SandboxedProcessService0:0,6]
09-27 13:51:20.876  1463  1961 I am_unfreeze: [30414,com.android.vending,6]
09-27 13:51:20.876  1463  1961 I am_unfreeze: [23773,com.android.chrome,6]
09-27 13:51:20.876  1463  1961 I am_unfreeze: [27705,com.android.vending:background,6]
09-27 13:51:20.877  1463  1961 I am_unfreeze: [30465,com.android.chrome:sandboxed_process0:org.chromium.content.app.SandboxedProcessService0:0,6]
09-27 13:51:20.879  1463  1961 I am_unfreeze: [30393,com.android.chrome:privileged_process0,6]
09-27 13:51:21.790  1463  1961 I am_unfreeze: [30277,com.google.android.gms,6]
09-27 13:51:21.937  1463  1463 I sysui_multi_action: [757,803,799,sth_generic_recognition_event,802,1]
09-27 13:51:22.229  1463  1463 I notification_enqueue: [10136,3643,com.google.android.as,123,NULL,0,Notification(channel=com.google.intelligence.sense.ambientmusic.MusicNotificationChannel shortcut=null contentView=null vibrate=null sound=null defaults=0 flags=NO_CLEAR color=0xff607d8b category=transport actions=2 vis=PRIVATE),1,1]
09-27 13:51:22.231  1463  4936 I sysui_multi_action: [757,803,799,sth_unload_generic_sound_model,802,1]
09-27 13:51:22.252  1463  4936 I sysui_multi_action: [757,803,799,sth_unload_generic_sound_model,802,1]
09-27 13:51:22.254  1463  4936 I sysui_multi_action: [757,803,799,sth_start_recognition,802,1]
09-27 13:51:22.339  1463  4936 I sysui_multi_action: [757,803,799,sth_start_recognition_success,802,1]
09-27 13:51:22.340  1463  4936 I sysui_multi_action: [757,803,799,sth_unload_generic_sound_model,802,1]
09-27 13:51:26.237  1463  1723 I am_uid_idle: 10135
09-27 13:51:26.746  1197  1197 I auditd  : type=1400 audit(0.0:251890): avc:  denied  { write } for  comm="TracingMuxer" name="traced_producer" dev="tmpfs" ino=1296 scontext=u:r:gxp_logging:s0 tcontext=u:object_r:traced_producer_socket:s0 tclass=sock_file permissive=0
09-27 13:51:32.355  1463  1961 I am_freeze: [29915,com.snapchat.android]
09-27 13:51:32.360  1463  1961 I am_freeze: [30767,com.google.android.webview:sandboxed_process0:org.chromium.content.app.SandboxedProcessService0:0]
09-27 13:51:32.365  1463  1961 I am_freeze: [30414,com.android.vending]
09-27 13:51:32.367  1463  1961 I am_freeze: [23773,com.android.chrome]
09-27 13:51:32.371  1463  1961 I am_freeze: [27705,com.android.vending:background]
09-27 13:51:32.372  1463  1961 I am_freeze: [30465,com.android.chrome:sandboxed_process0:org.chromium.content.app.SandboxedProcessService0:0]
09-27 13:51:32.374  1463  1961 I am_freeze: [30393,com.android.chrome:privileged_process0]
09-27 13:51:32.383  1463  1961 I am_freeze: [9463,com.google.android.apps.weather]
09-27 13:51:32.388  1463  1961 I am_freeze: [30277,com.google.android.gms]
09-27 13:51:36.507  2122  2157 I jank_cuj_events_begin_request: [5,1758945096506887000,792634785889054,497813079743843,]
09-27 13:51:36.508  2122  2157 I jank_cuj_events_begin_request: [5,1758945096508422000,792634787422339,497813081276924,]
09-27 13:51:36.508  2122  2157 I jank_cuj_events_begin_request: [0,1758945096508710000,792634787707699,497813081561999,Collapse]
09-27 13:51:36.635  2122  2157 I jank_cuj_events_end_request: [5,1758945096634865000,792634913863908,497813207718168]
09-27 13:51:36.635  2122  2157 I jank_cuj_events_begin_request: [0,1758945096635398000,792634914395565,497813208249825,Collapse]
09-27 13:51:37.015  1463  1722 I am_pss  : [17712,10227,com.google.android.apps.nexuslauncher,0,0,0,409350144,0,2,2]
09-27 13:51:37.022  2122  2157 I jank_cuj_events_end_request: [0,1758945097022257000,792635301255591,497813595109933]
09-27 13:51:37.034  1463  1708 I input_focus: [Focus request c468388 com.google.android.apps.nexuslauncher/com.google.android.apps.nexuslauncher.NexusLauncherActivity,reason=UpdateInputWindows]
09-27 13:51:37.044  1463  3751 I sysui_multi_action: [757,127,758,2]
09-27 13:51:37.044  1463  3764 I sysui_multi_action: [757,128,758,2,793,467899,794,0,795,14823,796,123,798,0,806,com.google.android.as,857,com.google.intelligence.sen-942a6e4d,858,1,947,0,1395,5,1500,14823,1641,transport,1688,1,1745,1043716538]
09-27 13:51:37.044  1463  3764 I notification_visibility: [0|com.google.android.as|123|null|10136,0,467899,14823,0,0]
09-27 13:51:37.044  1463  3751 I notification_panel_hidden: 
09-27 13:51:37.045  1463  3764 I sysui_multi_action: [757,128,758,2,793,1347099,794,239380,795,1347099,796,26,798,4,806,android,857,DEVELOPER_IMPORTANT,858,4,947,0,1395,5,1500,239379,1688,1]
09-27 13:51:37.045  1463  3764 I notification_visibility: [-1|android|26|null|1000,0,1347099,1347099,0,4]
09-27 13:51:37.046  1463  3764 I sysui_multi_action: [757,128,758,2,793,341436,794,237818,795,341436,796,0,797,350964325::a:snotification:[0x394,wx.f,NOTIFICATION],798,2,806,com.google.android.googlequicksearchbox,857,71,858,1,946,350964325::SUMMARY::wx,947,0,1395,5,1500,237818,1688,1,1745,2098068913]
09-27 13:51:37.046  1463  3764 I notification_visibility: [0|com.google.android.googlequicksearchbox|0|350964325::a:snotification:[0x394,wx.f,NOTIFICATION]|10179,0,341436,341436,0,2]
09-27 13:51:37.046  1463  3764 I sysui_multi_action: [757,128,758,2,793,567225,794,239378,795,567225,796,1001,798,3,806,com.nick.myrecoverytracker,857,mrt_fg_channel_v4,858,4,947,0,1395,5,1500,567225,1641,service,1688,1]
09-27 13:51:37.046  1463  3764 I notification_visibility: [0|com.nick.myrecoverytracker|1001|null|10401,0,567225,567225,0,3]
09-27 13:51:37.046  1463  3764 I sysui_multi_action: [757,128,758,2,793,1347104,794,237095,795,1347104,796,32,798,5,806,android,857,USB,858,1,947,0,1395,5,1500,237095,1688,1]
09-27 13:51:37.046  1463  3764 I notification_visibility: [-1|android|32|null|1000,0,1347104,1347104,0,5]
09-27 13:51:37.065  1463  1972 I input_focus: [Focus leaving 47bd4f3 NotificationShade,reason=NOT_FOCUSABLE]
09-27 13:51:37.065  2122  2122 I viewroot_draw_event: [VRI[NotificationShade],Not drawing due to not visible. Reason=View.INVISIBLE]
09-27 13:51:37.070  1463  1972 I input_focus: [Focus entering c468388 com.google.android.apps.nexuslauncher/com.google.android.apps.nexuslauncher.NexusLauncherActivity,reason=setFocusedWindow]
09-27 13:51:37.631  1463  1972 I input_interaction: Interaction with: [c468388 com.google.android.apps.nexuslauncher/com.google.android.apps.nexuslauncher.NexusLauncherActivity,405578c com.android.systemui.wallpapers.ImageWallpaper,PointerEventDispatcher0,[Gesture Monitor] swipe-up,[Gesture Monitor] edge-swipe], on displayId 0
09-27 13:51:37.634 17712 17728 I jank_cuj_events_begin_request: [25,1758945097633834000,792635912842465,497814206697132,swipe]
09-27 13:51:37.635 17712 17728 I jank_cuj_events_begin_request: [67,1758945097634140000,792635913138078,497814206992583,]
09-27 13:51:37.699 17712 17728 I jank_cuj_events_cancel_request: [25,1758945097699432000,792635978431657,497814272286284]
09-27 13:51:37.699 17712 17728 I jank_cuj_events_cancel_request: [67,1758945097699537000,792635978534400,497814272388619]
09-27 13:51:37.713  1463  2544 I wm_task_moved: [13321,13321,0,1,13]
09-27 13:51:37.713  1463  2544 I wm_task_to_front: [0,13321,0]
09-27 13:51:37.713  1463  2544 I wm_focused_root_task: [0,0,13321,1,bringingFoundTaskToFront]
09-27 13:51:37.714  1463  2544 I wm_pause_activity: [0,55567402,com.google.android.apps.nexuslauncher/.NexusLauncherActivity,userLeaving=true,pauseBackTasks]
09-27 13:51:37.719 17712 17712 I wm_on_top_resumed_lost_called: [55567402,com.google.android.apps.nexuslauncher.NexusLauncherActivity,topStateChangedWhenResumed]
09-27 13:51:37.725 17712 17712 I wm_on_paused_called: [55567402,com.google.android.apps.nexuslauncher.NexusLauncherActivity,performPause,0]
09-27 13:51:37.727  1463  3769 I wm_set_resumed_activity: [0,com.myfitnesspal.android/com.myfitnesspal.feature.main.ui.MainActivity,resumeTopActivity - onActivityStateChanged]
09-27 13:51:37.727  1463  3769 I wm_add_to_stopping: [0,55567402,com.google.android.apps.nexuslauncher/.NexusLauncherActivity,makeInvisible]
09-27 13:51:37.727  1463  3769 I wm_resume_activity: [0,204124773,13321,com.myfitnesspal.android/com.myfitnesspal.feature.main.ui.MainActivity]
09-27 13:51:37.728  1463  1703 I sysui_multi_action: [757,803,799,window_time_0,802,248]
09-27 13:51:37.729  1463  1961 I am_unfreeze: [18036,com.myfitnesspal.android,1]
09-27 13:51:37.729  1463  1708 I input_focus: [Requesting to set focus to null window,reason=UpdateInputWindows]
09-27 13:51:37.730  1463  1706 I am_uid_active: 99682
09-27 13:51:37.730  1463  1706 I am_uid_active: 10326
09-27 13:51:37.730  1463  1706 I am_uid_active: 10271
09-27 13:51:37.730  1463  1706 I am_uid_active: 10178
09-27 13:51:37.736  1463  1961 I am_unfreeze: [30414,com.android.vending,1]
09-27 13:51:37.739  1463  1961 I am_unfreeze: [18353,com.google.android.webview:sandboxed_process0:org.chromium.content.app.SandboxedProcessService0:0,1]
09-27 13:51:37.740  1463  1961 I am_unfreeze: [3069,com.google.android.adservices.api,1]
09-27 13:51:37.741  1463  1961 I am_unfreeze: [27705,com.android.vending:background,1]
09-27 13:51:37.749  1463  1722 I am_pss  : [1245,10401,com.nick.myrecoverytracker,0,0,0,138575872,0,4,2]
09-27 13:51:37.750  1463  1722 I am_pss  : [17641,10347,com.textra,0,0,0,113123328,0,16,2]
09-27 13:51:37.753 18036 18036 I wm_on_restart_called: [204124773,com.myfitnesspal.feature.main.ui.MainActivity,performRestart,0]
09-27 13:51:37.753  1463  1722 I am_pss  : [21414,99683,com.google.android.webview:sandboxed_process0:org.chromium.content.app.SandboxedProcessService0:0,0,0,0,64421888,0,17,3]
09-27 13:51:37.755 17712 17728 I jank_cuj_events_begin_request: [8,1758945097754199000,792636033197079,497814327051339,]
09-27 13:51:37.757  1463  1722 I am_pss  : [1550,10281,com.instagram.android,0,0,0,347492352,0,19,1]
09-27 13:51:37.757  1463  1722 I am_pss  : [18692,10123,com.google.android.apps.wellbeing,0,0,0,115421184,0,19,0]
09-27 13:51:37.758  1463  1972 I input_focus: [Focus leaving c468388 com.google.android.apps.nexuslauncher/com.google.android.apps.nexuslauncher.NexusLauncherActivity,reason=Waiting for window because NO_WINDOW]
09-27 13:51:37.758  1463  1722 I am_pss  : [21028,10254,com.google.android.flipendo,0,0,0,58470400,0,19,1]
09-27 13:51:37.766  1463  1961 I am_unfreeze: [30277,com.google.android.gms,6]
09-27 13:51:37.794 18036 18036 I wm_on_start_called: [204124773,com.myfitnesspal.feature.main.ui.MainActivity,handleStartActivity,40]
09-27 13:51:37.863 18036 18036 I wm_on_resume_called: [204124773,com.myfitnesspal.feature.main.ui.MainActivity,RESUME_ACTIVITY,64]
09-27 13:51:37.883 18036 18036 I wm_on_top_resumed_gained_called: [204124773,com.myfitnesspal.feature.main.ui.MainActivity,topWhenResuming]
09-27 13:51:37.909  1463  1708 I input_focus: [Focus request ceacc11 com.myfitnesspal.android/com.myfitnesspal.feature.main.ui.MainActivity,reason=UpdateInputWindows]
09-27 13:51:37.910 18036 18036 I viewroot_draw_event: [VRI[MainActivity],Start draw after previous draw not visible]
09-27 13:51:37.939 18036 18036 I viewroot_draw_event: [VRI[MainActivity],reportDrawFinished seqId=0]
09-27 13:51:37.964  1463  1703 I sysui_multi_action: [319,26,321,16,322,232,325,497814,757,761,758,9,759,4,806,com.myfitnesspal.android,871,com.myfitnesspal.feature.main.ui.MainActivity,904,com.myfitnesspal.android,905,0,1320,8,1321,5]
09-27 13:51:37.978  1463  1972 I input_focus: [Focus entering ceacc11 com.myfitnesspal.android/com.myfitnesspal.feature.main.ui.MainActivity,reason=Window became focusable. Previous reason: NOT_VISIBLE]
09-27 13:51:38.275 17712 17728 I jank_cuj_events_end_request: [8,1758945098274485000,792636553508196,497814847364206]
09-27 13:51:38.292  1463  1706 I wm_stop_activity: [0,55567402,com.google.android.apps.nexuslauncher/.NexusLauncherActivity]
09-27 13:51:38.304  1463  1708 I wm_wallpaper_surface: [0,0,Window{c468388 u0 com.google.android.apps.nexuslauncher/com.google.android.apps.nexuslauncher.NexusLauncherActivity}]
09-27 13:51:38.316 17712 17712 I viewroot_draw_event: [VRI[NexusLauncherActivity],Not drawing due to not visible. Reason=!mAppVisible && !mForceDecorViewVisibility]
09-27 13:51:38.320 17712 17712 I wm_on_stop_called: [55567402,com.google.android.apps.nexuslauncher.NexusLauncherActivity,STOP_ACTIVITY_ITEM,3]
09-27 13:51:39.363  1463  1972 I input_interaction: Interaction with: [ceacc11 com.myfitnesspal.android/com.myfitnesspal.feature.main.ui.MainActivity,PointerEventDispatcher0,[Gesture Monitor] swipe-up,[Gesture Monitor] edge-swipe], on displayId 0
09-27 13:51:39.468  1463  1708 I input_focus: [Focus request c9d5b19 com.myfitnesspal.android/com.myfitnesspal.feature.main.ui.MainActivity,reason=UpdateInputWindows]
09-27 13:51:39.479 18036 18036 I viewroot_draw_event: [VRI[MainActivity],reportDrawFinished seqId=0]
09-27 13:51:39.493  1463  1708 I wm_dim_created: [Task=13321,83055]
09-27 13:51:39.493  1463  1708 I wm_dim_cancel_anim: [83055,new target values]
09-27 13:51:39.493  1463  1708 I wm_dim_animate: [83055,0.600000,0.000000]
09-27 13:51:39.500  1463  1972 I input_focus: [Focus leaving ceacc11 com.myfitnesspal.android/com.myfitnesspal.feature.main.ui.MainActivity,reason=Waiting for window because NO_WINDOW]
09-27 13:51:39.529  1463  1972 I input_focus: [Focus entering c9d5b19 com.myfitnesspal.android/com.myfitnesspal.feature.main.ui.MainActivity,reason=Window became focusable. Previous reason: NOT_VISIBLE]
09-27 13:51:39.659  1463  1708 I wm_dim_finish_anim: 83055
09-27 13:51:40.209  1463  1972 I input_interaction: Interaction with: [c9d5b19 com.myfitnesspal.android/com.myfitnesspal.feature.main.ui.MainActivity,PointerEventDispatcher0,[Gesture Monitor] swipe-up,[Gesture Monitor] edge-swipe], on displayId 0
09-27 13:51:40.318  1463  1708 I input_focus: [Focus request ceacc11 com.myfitnesspal.android/com.myfitnesspal.feature.main.ui.MainActivity,reason=UpdateInputWindows]
09-27 13:51:40.326  1463  1708 I wm_dim_exit: [83055,-,1,0]
09-27 13:51:40.326  1463  1708 I wm_dim_cancel_anim: [83055,new target values]
09-27 13:51:40.326  1463  1708 I wm_dim_animate: [83055,0.000000,0.000000]
09-27 13:51:40.348  1463  2544 I wm_task_moved: [13321,13321,0,1,13]
09-27 13:51:40.348  1463  2544 I wm_create_activity: [0,51693471,13321,com.myfitnesspal.android/com.myfitnesspal.feature.search.ui.activity.FoodSearchActivityV2,NULL,NULL,NULL,0]
09-27 13:51:40.348  1463  2544 I wm_pause_activity: [0,204124773,com.myfitnesspal.android/com.myfitnesspal.feature.main.ui.MainActivity,userLeaving=true,resumeTopActivity]
09-27 13:51:40.348  1463  1972 I input_focus: [Focus entering ceacc11 com.myfitnesspal.android/com.myfitnesspal.feature.main.ui.MainActivity,reason=setFocusedWindow]
09-27 13:51:40.351 18036 18036 I wm_on_top_resumed_lost_called: [204124773,com.myfitnesspal.feature.main.ui.MainActivity,topStateChangedWhenResumed]
09-27 13:51:40.357 18036 18036 I wm_on_paused_called: [204124773,com.myfitnesspal.feature.main.ui.MainActivity,performPause,4]
09-27 13:51:40.357  1463  4933 I wm_add_to_stopping: [0,204124773,com.myfitnesspal.android/com.myfitnesspal.feature.main.ui.MainActivity,makeInvisible]
09-27 13:51:40.357  1463  4933 I wm_restart_activity: [0,51693471,13321,com.myfitnesspal.android/com.myfitnesspal.feature.search.ui.activity.FoodSearchActivityV2]
09-27 13:51:40.360  1463  4933 I wm_set_resumed_activity: [0,com.myfitnesspal.android/com.myfitnesspal.feature.search.ui.activity.FoodSearchActivityV2,realStartActivityLocked - onActivityStateChanged]
09-27 13:51:40.360  1463  1703 I sysui_multi_action: [757,803,799,window_time_0,802,2]
09-27 13:51:40.361  1463  1708 I input_focus: [Requesting to set focus to null window,reason=UpdateInputWindows]
09-27 13:51:40.386 18036 18036 I wm_on_create_called: [51693471,com.myfitnesspal.feature.search.ui.activity.FoodSearchActivityV2,performCreate,19]
09-27 13:51:40.386 18036 18036 I wm_on_start_called: [51693471,com.myfitnesspal.feature.search.ui.activity.FoodSearchActivityV2,handleStartActivity,0]
09-27 13:51:40.389  1463  1972 I input_focus: [Focus leaving ceacc11 com.myfitnesspal.android/com.myfitnesspal.feature.main.ui.MainActivity,reason=Waiting for window because NO_WINDOW]
09-27 13:51:40.392 18036 18036 I wm_on_resume_called: [51693471,com.myfitnesspal.feature.search.ui.activity.FoodSearchActivityV2,RESUME_ACTIVITY,6]
09-27 13:51:40.395 18036 18036 I wm_on_top_resumed_gained_called: [51693471,com.myfitnesspal.feature.search.ui.activity.FoodSearchActivityV2,topStateChangedWhenResumed]
09-27 13:51:40.435  1463  1708 I input_focus: [Focus request 340b369 com.myfitnesspal.android/com.myfitnesspal.feature.search.ui.activity.FoodSearchActivityV2,reason=UpdateInputWindows]
09-27 13:51:40.440  1463  2544 I sysui_multi_action: [757,906,758,4,806,com.myfitnesspal.android,871,,908,com.google.android.gms,1452,0,1456,1039154691]
09-27 13:51:40.452 18036 18036 I viewroot_draw_event: [VRI[FoodSearchActivityV2],reportDrawFinished seqId=0]
09-27 13:51:40.453  1463  1708 I wm_dim_finish_anim: 83055
09-27 13:51:40.453  1463  1708 I wm_dim_cancel_anim: [83055,ready to remove]
09-27 13:51:40.453  1463  1708 I wm_dim_removed: 83055
09-27 13:51:40.455  1463  1703 I wm_activity_launch_time: [0,51693471,com.myfitnesspal.android/com.myfitnesspal.feature.search.ui.activity.FoodSearchActivityV2,111]
09-27 13:51:40.562  1463  1972 I input_focus: [Focus entering 340b369 com.myfitnesspal.android/com.myfitnesspal.feature.search.ui.activity.FoodSearchActivityV2,reason=Window became focusable. Previous reason: NOT_VISIBLE]
09-27 13:51:40.753 29060 29060 I viewroot_draw_event: [VRI[InputMethod],Start draw after previous draw not visible]
09-27 13:51:40.762  1463  1463 I sysui_multi_action: [757,907,758,10,806,com.myfitnesspal.android,871,,908,com.google.android.gms,909,-1,1454,1,1456,1039154691]
09-27 13:51:40.763  1463  1463 I sysui_multi_action: [757,919,758,4,806,com.myfitnesspal.android,871,,908,com.google.android.gms,1455,1,1456,1039154691]
09-27 13:51:40.782 29060 29060 I viewroot_draw_event: [VRI[InputMethod],reportDrawFinished seqId=26]
09-27 13:51:40.788 18036 18574 I jank_cuj_events_begin_request: [80,1758945100788515000,792639067513934,497817361368154,0@0@com.myfitnesspal.android]
09-27 13:51:40.944  1463  1706 I wm_stop_activity: [0,204124773,com.myfitnesspal.android/com.myfitnesspal.feature.main.ui.MainActivity]
09-27 13:51:40.955 18036 18036 I viewroot_draw_event: [VRI[MainActivity],Not drawing due to not visible. Reason=!mAppVisible && !mForceDecorViewVisibility]
09-27 13:51:40.959 18036 18036 I wm_on_stop_called: [204124773,com.myfitnesspal.feature.main.ui.MainActivity,STOP_ACTIVITY_ITEM,1]
09-27 13:51:41.009 18036 18574 I jank_cuj_events_end_request: [80,1758945101009666000,792639288667133,497817582521433]
09-27 13:51:41.680  1463  1972 I input_interaction: Interaction with: [340b369 com.myfitnesspal.android/com.myfitnesspal.feature.search.ui.activity.FoodSearchActivityV2,PointerEventDispatcher0,[Gesture Monitor] swipe-up,[Gesture Monitor] edge-swipe], on displayId 0
09-27 13:51:41.800  1463  1708 I input_focus: [Focus request 6962c4b PopupWindow:712fcfb,reason=UpdateInputWindows]
09-27 13:51:41.804 18036 18036 I viewroot_draw_event: [VRI[PopupWindow:712fcfb],reportDrawFinished seqId=0]
09-27 13:51:41.809 18036 18036 I viewroot_draw_event: [VRI[PopupWindow:712fcfb],reportDrawFinished seqId=0]
09-27 13:51:41.810  1463  1708 I wm_dim_created: [Task=13321,83078]
09-27 13:51:41.811  1463  1708 I wm_dim_cancel_anim: [83078,new target values]
09-27 13:51:41.811  1463  1708 I wm_dim_animate: [83078,1.000000,0.000000]
09-27 13:51:41.829  1463  1972 I input_focus: [Focus leaving 340b369 com.myfitnesspal.android/com.myfitnesspal.feature.search.ui.activity.FoodSearchActivityV2,reason=Waiting for window because NO_WINDOW]
09-27 13:51:41.863  1463  1972 I input_focus: [Focus entering 6962c4b PopupWindow:712fcfb,reason=Window became focusable. Previous reason: NOT_VISIBLE]
09-27 13:51:41.927 18036 18574 I jank_cuj_events_begin_request: [81,1758945101927377000,792640206378681,497818500233104,1@0@com.myfitnesspal.android]
09-27 13:51:42.025  1463  1708 I wm_dim_finish_anim: 83078
09-27 13:51:42.052  1463  3751 I battery_status: [4,2,1,2,Li-ion]
09-27 13:51:42.053  1463  3751 I battery_level: [82,4219,300]
09-27 13:51:42.062  1463  3751 I am_uid_active: 10135
09-27 13:51:42.063  1463  1961 I am_unfreeze: [7040,com.google.android.apps.turbo,7]
09-27 13:51:42.089  1463  1961 I am_unfreeze: [29668,com.google.android.turboadapter,6]
09-27 13:51:42.089  1463  3751 I am_uid_active: 10218
09-27 13:51:42.141 18036 18574 I jank_cuj_events_end_request: [81,1758945102141761000,792640420759581,497818714613801]
09-27 13:51:42.179  1463  1733 I commit_sys_config_file: [batterystats,2]
09-27 13:51:42.482 29060 29060 I viewroot_draw_event: [VRI[InputMethod],Not drawing due to not visible. Reason=View.GONE]
09-27 13:51:42.977  1463  1972 I input_interaction: Interaction with: [6962c4b PopupWindow:712fcfb,PointerEventDispatcher0,[Gesture Monitor] swipe-up,[Gesture Monitor] edge-swipe], on displayId 0
09-27 13:51:43.090  1463  1708 I input_focus: [Focus request 340b369 com.myfitnesspal.android/com.myfitnesspal.feature.search.ui.activity.FoodSearchActivityV2,reason=UpdateInputWindows]
09-27 13:51:43.108  1463  1708 I wm_dim_exit: [83078,-,1,0]
09-27 13:51:43.108  1463  1708 I wm_dim_cancel_anim: [83078,new target values]
09-27 13:51:43.108  1463  1708 I wm_dim_animate: [83078,0.000000,0.000000]
09-27 13:51:43.111  1463  1972 I input_focus: [Focus entering 340b369 com.myfitnesspal.android/com.myfitnesspal.feature.search.ui.activity.FoodSearchActivityV2,reason=setFocusedWindow]
09-27 13:51:43.153 29060 29060 I viewroot_draw_event: [VRI[InputMethod],Start draw after previous draw not visible]
09-27 13:51:43.162 29060 29060 I viewroot_draw_event: [VRI[InputMethod],reportDrawFinished seqId=26]
09-27 13:51:43.178 18036 18574 I jank_cuj_events_begin_request: [80,1758945103178478000,792641457479715,497819751334097,0@0@com.myfitnesspal.android]
09-27 13:51:43.327  1463  1708 I wm_dim_finish_anim: 83078
09-27 13:51:43.327  1463  1708 I wm_dim_cancel_anim: [83078,ready to remove]
09-27 13:51:43.327  1463  1708 I wm_dim_removed: 83078
09-27 13:51:43.393 18036 18574 I jank_cuj_events_end_request: [80,1758945103393617000,792641672617004,497819966471304]
09-27 13:51:46.163  1463  1972 I input_interaction: Interaction with: [58c0392 InputMethod,PointerEventDispatcher0,[Gesture Monitor] swipe-up,[Gesture Monitor] edge-swipe], on displayId 0
09-27 13:51:47.769  1463  1961 I am_freeze: [3069,com.google.android.adservices.api]
09-27 13:51:50.514   883   883 I auditd  : type=1400 audit(0.0:251891): avc:  denied  { write } for  comm="TracingMuxer" name="traced_producer" dev="tmpfs" ino=1296 scontext=u:r:hal_neuralnetworks_darwinn:s0 tcontext=u:object_r:traced_producer_socket:s0 tclass=sock_file permissive=0
09-27 13:51:50.993  1463  1972 I input_interaction: Interaction with: [340b369 com.myfitnesspal.android/com.myfitnesspal.feature.search.ui.activity.FoodSearchActivityV2,PointerEventDispatcher0,[Gesture Monitor] swipe-up,[Gesture Monitor] edge-swipe], on displayId 0
09-27 13:51:52.128  1463  1961 I am_freeze: [29668,com.google.android.turboadapter]
09-27 13:51:55.147  1463  1961 I am_unfreeze: [1550,com.instagram.android,6]
09-27 13:51:55.256  1463  1972 I input_interaction: Interaction with: [58c0392 InputMethod,PointerEventDispatcher0,[Gesture Monitor] swipe-up,[Gesture Monitor] edge-swipe], on displayId 0
09-27 13:51:56.778  1197  1197 I auditd  : type=1400 audit(0.0:251892): avc:  denied  { write } for  comm="TracingMuxer" name="traced_producer" dev="tmpfs" ino=1296 scontext=u:r:gxp_logging:s0 tcontext=u:object_r:traced_producer_socket:s0 tclass=sock_file permissive=0
09-27 13:51:58.063  1463  1705 I commit_sys_config_file: [jobs,5]
09-27 13:51:58.076  1463  1972 I input_interaction: Interaction with: [340b369 com.myfitnesspal.android/com.myfitnesspal.feature.search.ui.activity.FoodSearchActivityV2,PointerEventDispatcher0,[Gesture Monitor] swipe-up,[Gesture Monitor] edge-swipe], on displayId 0
09-27 13:51:58.578  2404  2727 I service_manager_stats: [100,12,1348810]
09-27 13:52:01.289 18036 18574 I jank_cuj_events_begin_request: [81,1758945121289017000,792659568016467,497837861870687,1@0@com.myfitnesspal.android]
09-27 13:52:01.291  1463  2544 I wm_finish_activity: [0,51693471,13321,com.myfitnesspal.android/com.myfitnesspal.feature.search.ui.activity.FoodSearchActivityV2,app-request]
09-27 13:52:01.292  1463  2544 I wm_pause_activity: [0,51693471,com.myfitnesspal.android/com.myfitnesspal.feature.search.ui.activity.FoodSearchActivityV2,userLeaving=false,finish]
09-27 13:52:01.296  2122  2157 I jank_cuj_events_end_request: [88,1758945121296133000,792659575131132,497837868985311]
09-27 13:52:01.298 18036 18036 I wm_on_top_resumed_lost_called: [51693471,com.myfitnesspal.feature.search.ui.activity.FoodSearchActivityV2,topStateChangedWhenResumed]
09-27 13:52:01.303 18036 18036 I wm_on_paused_called: [51693471,com.myfitnesspal.feature.search.ui.activity.FoodSearchActivityV2,performPause,5]
09-27 13:52:01.304  1463  2544 I wm_add_to_stopping: [0,51693471,com.myfitnesspal.android/com.myfitnesspal.feature.search.ui.activity.FoodSearchActivityV2,completeFinishing]
09-27 13:52:01.305  1463  1972 I input_focus: [Focus leaving 340b369 com.myfitnesspal.android/com.myfitnesspal.feature.search.ui.activity.FoodSearchActivityV2,reason=NO_WINDOW]
09-27 13:52:01.305  1463  2544 I wm_set_resumed_activity: [0,com.myfitnesspal.android/com.myfitnesspal.feature.main.ui.MainActivity,resumeTopActivity - onActivityStateChanged]
09-27 13:52:01.306  1463  2544 I wm_resume_activity: [0,204124773,13321,com.myfitnesspal.android/com.myfitnesspal.feature.main.ui.MainActivity]
09-27 13:52:01.307  1463  1703 I sysui_multi_action: [757,803,799,window_time_0,802,21]
09-27 13:52:01.308 18036 18036 I wm_on_restart_called: [204124773,com.myfitnesspal.feature.main.ui.MainActivity,performRestart,0]
09-27 13:52:01.309 18036 18036 I wm_on_start_called: [204124773,com.myfitnesspal.feature.main.ui.MainActivity,handleStartActivity,0]
09-27 13:52:01.315 18036 18036 I wm_on_resume_called: [204124773,com.myfitnesspal.feature.main.ui.MainActivity,RESUME_ACTIVITY,6]
09-27 13:52:01.318  1463  1722 I am_pss  : [30277,10152,com.google.android.gms,0,0,0,179834880,0,3,10]
09-27 13:52:01.322 18036 18036 I wm_on_top_resumed_gained_called: [204124773,com.myfitnesspal.feature.main.ui.MainActivity,topWhenResuming]
09-27 13:52:01.327  1463  1708 I input_focus: [Focus request ceacc11 com.myfitnesspal.android/com.myfitnesspal.feature.main.ui.MainActivity,reason=UpdateInputWindows]
09-27 13:52:01.328 18036 18036 I viewroot_draw_event: [VRI[MainActivity],Start draw after previous draw not visible]
09-27 13:52:01.333 18036 18036 I viewroot_draw_event: [VRI[MainActivity],reportDrawFinished seqId=0]
09-27 13:52:01.368  1463  1972 I input_focus: [Focus entering ceacc11 com.myfitnesspal.android/com.myfitnesspal.feature.main.ui.MainActivity,reason=Window became focusable. Previous reason: NOT_VISIBLE]
09-27 13:52:01.390  1463  1722 I am_pss  : [29915,10332,com.snapchat.android,0,0,0,266543104,0,16,2]
09-27 13:52:01.391  1463  1722 I am_pss  : [30767,99684,com.google.android.webview:sandboxed_process0:org.chromium.content.app.SandboxedProcessService0:0,0,0,0,84307968,0,17,1]
09-27 13:52:01.419 18036 18574 I jank_cuj_events_cancel_request: [81,1758945121417630000,792659696631417,497837990485921]
09-27 13:52:01.419 18036 18574 I jank_cuj_events_end_request: [81,1758945121418800000,792659697798531,497837991652954]
09-27 13:52:01.841  1463  1706 I wm_destroy_activity: [0,51693471,13321,com.myfitnesspal.android/com.myfitnesspal.feature.search.ui.activity.FoodSearchActivityV2,finish-imm:idle]
09-27 13:52:01.852 18036 18036 I viewroot_draw_event: [VRI[FoodSearchActivityV2],Not drawing due to not visible. Reason=!mAppVisible && !mForceDecorViewVisibility]
09-27 13:52:01.856 18036 18036 I wm_on_stop_called: [51693471,com.myfitnesspal.feature.search.ui.activity.FoodSearchActivityV2,LIFECYCLER_STOP_ACTIVITY,2]
09-27 13:52:01.860 18036 18036 I wm_on_destroy_called: [51693471,com.myfitnesspal.feature.search.ui.activity.FoodSearchActivityV2,performDestroy,3]
09-27 13:52:01.972 29060 29060 I viewroot_draw_event: [VRI[InputMethod],Not drawing due to not visible. Reason=View.GONE]
09-27 13:52:03.850  1463  1972 I input_interaction: Interaction with: [ceacc11 com.myfitnesspal.android/com.myfitnesspal.feature.main.ui.MainActivity,PointerEventDispatcher0,[Gesture Monitor] swipe-up,[Gesture Monitor] edge-swipe], on displayId 0
09-27 13:52:06.076  1463  1961 I am_freeze: [1550,com.instagram.android]
09-27 13:52:08.134  1463  1973 I sysui_multi_action: [757,804,799,power_consecutive_short_tap_count,801,1,802,1]
09-27 13:52:08.134  1463  1973 I sysui_multi_action: [757,804,799,power_double_tap_interval,801,1362681,802,1]
09-27 13:52:08.134  1463  1973 I intercept_power: [ACTION_DOWN,0,1]
09-27 13:52:08.282  1463  1973 I intercept_power: [ACTION_UP,0,0]
09-27 13:52:08.284  1463  1704 I power_sleep_requested: 0
09-27 13:52:08.427  1463  1754 I sysui_multi_action: [757,1696,758,6,759,0]
09-27 13:52:08.851  1463  1754 I wm_pause_activity: [0,204124773,com.myfitnesspal.android/com.myfitnesspal.feature.main.ui.MainActivity,userLeaving=false,sleep]
09-27 13:52:08.852 18036 18036 I wm_on_top_resumed_lost_called: [204124773,com.myfitnesspal.feature.main.ui.MainActivity,topStateChangedWhenResumed]
09-27 13:52:08.862  1463  1703 I sysui_multi_action: [757,223,758,1]
09-27 13:52:08.879 18036 18036 I wm_on_paused_called: [204124773,com.myfitnesspal.feature.main.ui.MainActivity,performPause,27]
09-27 13:52:08.884  1463  3769 I wm_add_to_stopping: [0,204124773,com.myfitnesspal.android/com.myfitnesspal.feature.main.ui.MainActivity,completePauseLocked]
09-27 13:52:08.886  1463  1708 I input_focus: [Requesting to set focus to null window,reason=UpdateInputWindows]
09-27 13:52:08.887  1463  1706 I wm_stop_activity: [0,204124773,com.myfitnesspal.android/com.myfitnesspal.feature.main.ui.MainActivity]
09-27 13:52:08.891  1463  1703 I sysui_multi_action: [757,803,799,window_time_0,802,8]
09-27 13:52:08.904 18036 18036 I wm_on_stop_called: [204124773,com.myfitnesspal.feature.main.ui.MainActivity,STOP_ACTIVITY_ITEM,6]
09-27 13:52:08.909  2122  2122 I sysui_multi_action: [757,196,758,2,759,1]
09-27 13:52:08.909  2122  2122 I sysui_status_bar_state: [1,0,0,0,1,0]
09-27 13:52:08.914  1463  3769 I wm_set_keyguard_shown: [0,0,1,0,0,setKeyguardShown]
09-27 13:52:08.915  1463  1754 I sysui_multi_action: [757,1696,758,6,759,1]
09-27 13:52:08.937  2122  2122 I viewroot_draw_event: [VRI[NotificationShade],Start draw after previous draw not visible]
09-27 13:52:08.941  2122  2122 I viewroot_draw_event: [VRI[NotificationShade],reportDrawFinished seqId=0]
09-27 13:52:08.941  2122  2122 I viewroot_draw_event: [VRI[StatusBar],Not drawing due to screen off]
09-27 13:52:08.948  1463  4936 I netstats_mobile_sample: [2662219795,220174010,2162809,646174,2648034861,214529747,2332264,586819,1758945128068]
09-27 13:52:08.949  1463  4936 I netstats_wifi_sample: [28204948111,3745552848,23971559,6283356,28159312261,3722144103,23768414,6138347,1758945128068]
09-27 13:52:08.949  2122  2122 I viewroot_draw_event: [VRI[NotificationShade],Not drawing due to screen off]
09-27 13:52:08.956  1463  1708 I input_focus: [Focus request 47bd4f3 NotificationShade,reason=UpdateInputWindows]
09-27 13:52:09.091  1463  1463 I screen_toggled: 0
09-27 13:52:09.091  1463  1463 I sysui_multi_action: [757,804,799,screen_timeout,801,1800,802,1]
09-27 13:52:09.092  1463  1463 I sysui_multi_action: [757,1594,758,4,759,-2147483648,1359,1363438]
09-27 13:52:09.092  1463  1463 I sysui_multi_action: [757,198,758,2,759,2,1359,967,1695,4]
09-27 13:52:09.092  1463  1463 I power_screen_state: [0,2,0,0,967]
09-27 13:52:09.092  1463  1463 I power_screen_broadcast_send: 1
09-27 13:52:09.092  1463  1972 I input_focus: [Focus leaving ceacc11 com.myfitnesspal.android/com.myfitnesspal.feature.main.ui.MainActivity,reason=NO_WINDOW]
09-27 13:52:09.093  1463  1972 I input_focus: [Focus entering 47bd4f3 NotificationShade,reason=setFocusedWindow]
09-27 13:52:09.094  1463  1926 I wm_set_keyguard_shown: [0,1,1,0,0,setKeyguardShown]
09-27 13:52:09.096  2122  2157 I jank_cuj_events_cancel_request: [5,1758945129096905000,792667375902905,497845669757165]
09-27 13:52:09.097  2122  2122 I sysui_multi_action: [757,196,758,1,759,1]
09-27 13:52:09.097  2122  2122 I sysui_status_bar_state: [1,1,0,0,1,0]
09-27 13:52:09.101 18036 18036 I viewroot_draw_event: [VRI[MainActivity],Not drawing due to not visible. Reason=!mAppVisible && !mForceDecorViewVisibility]
09-27 13:52:09.116  1463  1706 I user_activity_timeout_override: 10000
09-27 13:52:09.123  1463  1960 I commit_sys_config_file: [settings-2-0,6]
09-27 13:52:09.142 17712 17712 I viewroot_draw_event: [VRI[Taskbar],Not drawing due to screen off]
09-27 13:52:09.190  1463  1463 I battery_saving_stats: [0,1,0,1363660,-92500,-2,59020998,-7460000,-130]
09-27 13:52:09.249  1463  1723 I am_uid_active: 10123
09-27 13:52:09.254  1463  1961 I am_unfreeze: [18692,com.google.android.apps.wellbeing,3]
09-27 13:52:09.285  2122  2122 I viewroot_draw_event: [VRI[UdfpsControllerOverlay],reportDrawFinished seqId=0]
09-27 13:52:09.496  1463  1703 I power_screen_broadcast_done: [0,404,1]
09-27 13:52:09.697  1463  1723 I am_uid_active: 10126
09-27 13:52:09.920  1463  1998 I netstats_mobile_sample: [2662219795,220174010,2162809,646174,2648034861,214529747,2332264,586819,1758945129037]
09-27 13:52:09.924  1463  1998 I netstats_wifi_sample: [28204955007,3745556754,23971595,6283374,28159318758,3722147803,23768447,6138363,1758945129037]
09-27 13:52:10.046  1463  1926 I battery_status: [2,2,1,2,Li-ion]
09-27 13:52:13.851  1463  1961 I am_unfreeze: [17618,.ShannonImsService,7]
09-27 13:52:13.859  1463  1946 I job_deferred_execution: 12008296
09-27 13:52:13.866  1463  1961 I am_unfreeze: [31421,com.facebook.orca,6]
09-27 13:52:13.868  1463  1946 I job_deferred_execution: 12008305
09-27 13:52:13.873  1463  1946 I job_deferred_execution: 6857542
09-27 13:52:13.874  1463  1946 I am_uid_running: 10314
09-27 13:52:13.877  1463  1946 I job_deferred_execution: 6857546
09-27 13:52:13.879  1463  1946 I job_deferred_execution: 6304956
09-27 13:52:13.880  1463  1946 I am_uid_running: 10323
09-27 13:52:13.901  1463  1946 I job_deferred_execution: 6857570
09-27 13:52:13.926  1463  1946 I am_uid_running: 10335
09-27 13:52:13.928  1463  1724 I am_proc_start: [0,4265,10314,com.grindrapp.android,service,{com.grindrapp.android/com.google.android.datatransport.runtime.scheduling.jobscheduling.JobInfoSchedulerService}]
09-27 13:52:13.953  1463  1724 I am_proc_start: [0,4266,10323,au.com.shiftyjelly.pocketcasts,service,{au.com.shiftyjelly.pocketcasts/androidx.work.impl.background.systemjob.SystemJobService}]
09-27 13:52:13.966  1463  1724 I am_proc_start: [0,4274,10335,au.com.spriggy.app,service,{au.com.spriggy.app/com.transistorsoft.tsbackgroundfetch.FetchJobService}]
09-27 13:52:13.971  1463  1926 I am_proc_bound: [0,4265,com.grindrapp.android]
09-27 13:52:14.014  1463  4936 I am_proc_bound: [0,4274,au.com.spriggy.app]
09-27 13:52:14.019  1463  3745 I am_proc_bound: [0,4266,au.com.shiftyjelly.pocketcasts]
09-27 13:52:14.076  1463  1961 I am_unfreeze: [17641,com.textra,3]
09-27 13:52:14.098  1463  1961 I am_unfreeze: [17668,com.google.android.cellbroadcastreceiver,3]
09-27 13:52:14.098  1463  1961 I am_unfreeze: [21414,com.google.android.webview:sandboxed_process0:org.chromium.content.app.SandboxedProcessService0:0,3]
09-27 13:52:14.510  4266  4266 I auditd  : type=1400 audit(0.0:251893): avc:  denied  { read } for  comm="pool-10-thread-" name="version" dev="proc" ino=4026532093 scontext=u:r:untrusted_app:s0:c67,c257,c512,c768 tcontext=u:object_r:proc_version:s0 tclass=file permissive=0 app=au.com.shiftyjelly.pocketcasts
09-27 13:52:14.682  1463  1960 I commit_sys_config_file: [settings-2-0,1]
09-27 13:52:14.730  1463  1961 I am_unfreeze: [31213,com.facebook.katana,7]
09-27 13:52:14.738   451   451 I killinfo: [26766,10209,995,201,69572,3,175808,1671996,23096,908,54600,352360,3868744,362344,356192,1835612,334832,935484,161180,464680,112756,211348,480152,25564,864,140,20,11,0,52848,613536,0,25,1.320000,1.070000,3.750000,1.520000,8.390000]
09-27 13:52:14.771  1463  1926 I am_proc_died: [0,26766,com.google.android.contacts,995,19]
09-27 13:52:14.771  1463  1926 I am_uid_stopped: 10209
09-27 13:52:14.773   451   451 I killinfo: [26269,10141,995,201,55664,3,161200,1667744,23096,828,54600,352360,3868744,380776,356192,1856108,337324,928740,161180,464680,112456,210436,480152,25564,360,176,36,12,0,49008,613536,0,0,1.320000,1.070000,3.750000,1.520000,8.390000]
09-27 13:52:14.791  1463  4933 I am_mem_factor: [3,0]
09-27 13:52:14.801  1463  1658 I am_proc_died: [0,26269,com.google.android.projection.gearhead:provider,995,19]
09-27 13:52:14.802  1463  1998 I netstats_mobile_sample: [2662219795,220174010,2162809,646174,2648034861,214529747,2332264,586819,1758945133922]
09-27 13:52:14.802  1463  1998 I netstats_wifi_sample: [28204957030,3745557934,23971605,6283388,28159320781,3722148511,23768457,6138372,1758945133922]
09-27 13:52:14.818  1463  3747 I am_uid_running: 10119
09-27 13:52:14.833  1463  1724 I am_proc_start: [0,4591,10119,com.google.android.as.oss,service,{com.google.android.as.oss/com.google.android.gms.learning.internal.training.InAppJobService}]
09-27 13:52:14.864  1463  3747 I am_proc_bound: [0,4591,com.google.android.as.oss]
09-27 13:52:14.903   451   451 I killinfo: [8051,10152,985,701,68744,8,166568,1660112,22184,936,54600,352360,3868744,396412,349224,1881128,350700,906372,161180,464652,112500,210212,480152,18908,1368,304,100,14,0,78124,613536,1,1,1.320000,1.070000,3.750000,1.520000,8.390000]
09-27 13:52:14.951  1463  4933 I am_proc_died: [0,8051,com.google.android.gms.unstable,985,19]
09-27 13:52:14.952   451   451 I killinfo: [27562,10195,985,701,62160,8,168480,1662164,22184,936,54600,352360,3868744,437628,342068,1893440,344952,913996,161180,464652,112140,208616,480152,18908,360,356,52,15,0,91988,613280,0,0,1.320000,1.070000,3.750000,1.520000,8.390000]
09-27 13:52:15.004   451   451 I killinfo: [27531,10082,985,701,52252,8,176900,1660796,22184,936,54600,352360,3868744,490108,342068,1896852,333920,923976,161180,464652,111840,208388,480152,18908,0,408,52,16,0,45664,613280,0,0,1.320000,1.070000,3.750000,1.520000,8.390000]
09-27 13:52:15.012  1463  4933 I am_proc_died: [0,27562,com.google.android.apps.photos,985,19]
09-27 13:52:15.012  1463  4933 I am_uid_stopped: 10195
09-27 13:52:15.039  1463  4933 I am_proc_died: [0,27531,com.android.calllogbackup,985,19]
09-27 13:52:15.191  1463  1724 I am_proc_start: [0,4696,10119,com.google.android.as.oss:learning_bg,service,{com.google.android.as.oss/com.google.android.gms.learning.internal.training.InAppTrainingService}]
09-27 13:52:15.206  1463  3752 I am_proc_bound: [0,4696,com.google.android.as.oss:learning_bg]
09-27 13:52:15.519  1463  3751 I am_mem_factor: [1,3]
09-27 13:52:16.105  1463  1961 I am_unfreeze: [3069,com.google.android.adservices.api,6]
09-27 13:52:16.194  1463  3744 I am_uid_running: 10267
09-27 13:52:16.223  1463  1724 I am_proc_start: [0,4776,10267,com.google.android.rkpdapp,service,{com.google.android.rkpdapp/com.android.rkpdapp.service.RemoteProvisioningService}]
09-27 13:52:16.267  1463  3751 I am_proc_bound: [0,4776,com.google.android.rkpdapp]
09-27 13:52:16.337  1463  3751 I am_uid_active: 10267
09-27 13:52:17.051  1463  1961 I am_freeze: [4175,com.android.settings]
09-27 13:52:17.506  1463  1463 I sysui_multi_action: [757,803,799,sth_generic_recognition_event,802,1]
09-27 13:52:18.024  1463  3752 I job_deferred_execution: 6813276
09-27 13:52:18.031  1463  3752 I am_uid_running: 10340
09-27 13:52:18.062  1463  1724 I am_proc_start: [0,4851,10340,com.twitter.android,service,{com.twitter.android/androidx.work.impl.background.systemjob.SystemJobService}]
09-27 13:52:18.109  1463  1847 I am_proc_bound: [0,4851,com.twitter.android]
09-27 13:52:18.118  1463  3752 I job_deferred_execution: 4213132
09-27 13:52:18.123  1463  3752 I am_uid_running: 10210
09-27 13:52:18.149  1463  3752 I job_deferred_execution: 1399486
09-27 13:52:18.155  1463  1724 I am_proc_start: [0,4869,10210,com.google.android.gm,service,{com.google.android.gm/androidx.work.impl.background.systemjob.SystemJobService}]
09-27 13:52:18.175  1463  4933 I am_uid_active: 10323
09-27 13:52:18.213  1463  1939 I am_proc_bound: [0,4869,com.google.android.gm]
09-27 13:52:18.241  1463  1463 I notification_enqueue: [10136,3643,com.google.android.as,123,NULL,0,Notification(channel=com.google.intelligence.sense.ambientmusic.MusicNotificationChannel shortcut=null contentView=null vibrate=null sound=null defaults=0 flags=NO_CLEAR color=0xff607d8b category=transport actions=2 vis=PRIVATE),1,1]
09-27 13:52:18.289  1463  3751 I sysui_multi_action: [757,803,799,sth_unload_generic_sound_model,802,1]
09-27 13:52:18.309  1463  3751 I sysui_multi_action: [757,803,799,sth_unload_generic_sound_model,802,1]
09-27 13:52:18.310  1463  3751 I sysui_multi_action: [757,803,799,sth_start_recognition,802,1]
09-27 13:52:18.411  1463  3751 I sysui_multi_action: [757,803,799,sth_start_recognition_success,802,1]
09-27 13:52:18.417  1463  3218 I sysui_multi_action: [757,803,799,sth_unload_generic_sound_model,802,1]
09-27 13:52:18.528  1463  1961 I am_unfreeze: [15810,com.google.android.apps.messaging,3]
09-27 13:52:18.563  1463  1723 I am_uid_running: 10196
09-27 13:52:18.587  1463  4022 I am_uid_active: 10296
09-27 13:52:18.589  1463  1724 I am_proc_start: [0,4901,10196,com.google.android.apps.maps,broadcast,{com.google.android.apps.maps/com.google.android.apps.gmm.cloudmessage.chime.ChimeCloudMessageReceiver}]
09-27 13:52:18.593  1463  1961 I am_unfreeze: [31912,com.google.android.apps.docs,3]
09-27 13:52:18.596  1463  1961 I am_unfreeze: [21064,com.google.android.apps.pixel.dcservice,3]
09-27 13:52:18.597  1463  1961 I am_unfreeze: [23185,com.whatsapp,6]
09-27 13:52:18.602  1463  2108 I am_uid_running: 10294
09-27 13:52:18.625  1463  1724 I am_proc_start: [0,4918,10294,com.google.android.keep,service,{com.google.android.keep/com.google.android.keep.syncadapter.KeepSyncAdapterService}]
09-27 13:52:18.634  1463  2608 I am_proc_bound: [0,4901,com.google.android.apps.maps]
09-27 13:52:18.663  1463  2608 I am_proc_bound: [0,4918,com.google.android.keep]
09-27 13:52:18.774   451   451 I killinfo: [26685,10336,985,701,71900,8,171156,1586192,21888,988,65516,352360,3868744,408620,342156,1985608,334628,837680,161000,464924,114296,214760,480152,0,588,904,100,9,0,68156,609180,3,7,4.730000,3.010000,8.160000,1.940000,21.660000]
09-27 13:52:18.849  1463  4933 I am_proc_died: [0,26685,org.telegram.messenger,985,19]
09-27 13:52:18.849  1463  4933 I am_uid_stopped: 10336
09-27 13:52:18.878  1463  4933 I am_mem_factor: [2,1]
09-27 13:52:18.926   451   451 I killinfo: [22623,10178,985,701,61308,8,141192,1623584,21660,988,62780,352360,3868744,424068,331556,1990584,331276,880480,161000,464948,114128,213580,480152,0,0,1056,100,11,0,46292,609180,0,0,4.730000,3.010000,8.160000,1.940000,21.660000]
09-27 13:52:18.955   451   451 I killinfo: [21028,10254,975,701,57100,8,135612,1628828,21660,988,62780,352360,3868744,432228,328256,1993320,330776,886876,161000,464948,114068,212440,480152,0,0,0,0,1,1,42380,609180,0,0,4.730000,3.010000,8.160000,1.940000,21.660000]
09-27 13:52:18.956  1463  3748 I am_proc_died: [0,22623,com.android.vending:instant_app_installer,985,19]
09-27 13:52:18.968  1463  1705 I commit_sys_config_file: [jobs,4]
09-27 13:52:18.976  1463  1705 I commit_sys_config_file: [jobs,9]
09-27 13:52:18.985  1463  1705 I commit_sys_config_file: [jobs,8]
09-27 13:52:18.988  1463  3748 I am_proc_died: [0,21028,com.google.android.flipendo,975,19]
09-27 13:52:18.988  1463  3748 I am_uid_stopped: 10254
09-27 13:52:18.989   451   451 I killinfo: [29844,10178,975,701,60408,8,128508,1634072,21660,988,62780,352360,3868744,436892,328256,1995944,322816,899176,161000,464948,113588,211300,480152,0,396,36,36,2,1,50648,609180,0,0,4.730000,3.010000,8.160000,1.940000,21.660000]
09-27 13:52:18.992  1463  1705 I commit_sys_config_file: [jobs,8]
09-27 13:52:19.019  1463  3752 I am_proc_died: [0,29844,com.android.vending:quick_launch,975,19]
09-27 13:52:19.020   451   451 I killinfo: [30465,90000,975,701,56104,8,123276,1637036,21660,988,62780,352360,3868744,450716,328256,1998680,319200,906880,161000,464948,112988,209704,480152,0,0,68,32,3,1,47936,609180,0,0,4.730000,3.010000,8.160000,1.940000,21.660000]
09-27 13:52:19.060   451   451 I killinfo: [30393,10201,975,701,74536,8,110492,1647980,21660,988,62780,352360,3868744,460700,327572,2003696,318224,918256,161000,464948,112748,208564,480152,0,0,108,40,4,1,55412,609180,0,0,4.730000,3.010000,8.160000,1.940000,21.660000]
09-27 13:52:19.068  1463  3752 I am_proc_died: [0,30465,com.android.chrome:sandboxed_process0:org.chromium.content.app.SandboxedProcessService0:0,975,19]
09-27 13:52:19.069  1463  3752 I am_schedule_service_restart: [0,com.android.chrome/org.chromium.content.app.SandboxedProcessService0:0,20000]
09-27 13:52:19.069  1463  3752 I am_uid_stopped: 90000
09-27 13:52:19.113   451   451 I killinfo: [26205,10156,965,701,87584,8,104316,1658012,21660,988,62552,352360,3868744,483760,327116,2007248,312980,934160,161000,464900,112448,207196,480152,0,0,160,52,5,1,88396,606616,0,0,4.730000,3.010000,8.160000,1.940000,21.660000]
09-27 13:52:19.154  4851  4851 I auditd  : type=1400 audit(0.0:251894): avc:  granted  { execute } for  comm="AdWorker(Defaul" path="/data/data/com.twitter.android/app_pccache/5/63D0EFE38614789674C5F2401962E588162E432C/pcam.jar" dev="dm-60" ino=501201 scontext=u:r:untrusted_app:s0:c84,c257,c512,c768 tcontext=u:object_r:app_data_file:s0:c84,c257,c512,c768 tclass=file app=com.twitter.android
09-27 13:52:19.124  1463  2100 I am_proc_died: [0,30393,com.android.chrome:privileged_process0,975,19]
09-27 13:52:19.124  1463  2100 I am_schedule_service_restart: [0,com.android.chrome/org.chromium.content.app.PrivilegedProcessService0,49944]
09-27 13:52:19.164   451   451 I killinfo: [4319,10168,965,701,54516,8,110748,1664396,21660,988,62552,352360,3868744,538068,331220,2005848,308684,945388,161000,464892,111728,205372,480152,0,900,212,52,6,1,45624,603008,0,0,4.730000,3.010000,8.160000,1.940000,21.660000]
09-27 13:52:19.174  1463  3751 I am_proc_died: [0,26205,com.google.android.dialer,965,19]
09-27 13:52:19.175  1463  3751 I am_mem_factor: [3,2]
09-27 13:52:19.176  1463  3751 I am_uid_stopped: 10156
09-27 13:52:19.178  1463  1722 I am_schedule_service_restart: [0,com.android.chrome/org.chromium.content.app.SandboxedProcessService0:0,29890]
09-27 13:52:19.178  1463  1722 I am_schedule_service_restart: [0,com.android.chrome/org.chromium.content.app.PrivilegedProcessService0,69890]
09-27 13:52:19.217   451   451 I killinfo: [32510,1000,955,701,60692,8,119712,1660200,21744,996,62600,352360,3868744,543936,340380,1996628,312056,937608,160996,464936,111156,204748,480152,0,1316,264,52,7,1,39940,603008,0,0,4.730000,3.010000,8.160000,1.940000,21.660000]
09-27 13:52:19.242   451   451 I killinfo: [31753,10141,955,701,61940,8,116688,1661648,21928,1064,62552,352360,3868744,547568,342568,1996768,313036,937952,160996,464728,111032,202724,480152,0,192,288,24,8,1,49412,603008,0,0,4.730000,3.010000,8.160000,1.940000,21.660000]
09-27 13:52:19.276   451   451 I killinfo: [31658,10078,955,701,61700,8,120892,1659652,21980,1064,62552,352360,3868744,557932,347712,1990840,314636,934312,160996,464752,110720,201740,480152,0,964,324,36,9,1,41708,603008,0,0,4.730000,3.010000,8.160000,1.940000,21.660000]
09-27 13:52:19.282  1463  3755 I am_proc_died: [0,4319,com.google.android.apps.privacy.wildlife,965,19]
09-27 13:52:19.282  1463  3755 I am_uid_stopped: 10168
09-27 13:52:19.313   451   451 I killinfo: [31628,1000,955,701,58080,8,143896,1644376,21980,1064,62552,352360,3868744,555800,350220,1983392,318968,914092,160996,464752,110480,200828,480152,0,964,360,36,10,1,39340,603008,0,0,4.730000,3.010000,8.160000,1.940000,21.660000]
09-27 13:52:19.342   451   451 I killinfo: [31722,10141,955,701,60968,8,172020,1634344,21980,1064,62552,352360,3868744,559640,350220,1984304,322388,901464,160996,464752,110360,199688,480152,0,3988,388,28,11,1,48752,603008,0,0,4.730000,3.010000,8.160000,1.940000,21.660000]
09-27 13:52:19.346  1463  3744 I am_proc_died: [0,32510,com.android.keychain,955,19]
09-27 13:52:19.347  1463  3751 I am_proc_died: [0,31628,com.android.DeviceAsWebcam,955,19]
09-27 13:52:19.347  1463  2100 I am_proc_died: [0,31658,android.process.media,955,19]
09-27 13:52:19.347  1463  2100 I am_uid_stopped: 10078
09-27 13:52:19.348  1463  3752 I am_proc_died: [0,31753,com.google.android.projection.gearhead:shared,955,19]
09-27 13:52:19.379  1463  4933 I am_proc_died: [0,31722,com.google.android.projection.gearhead:car,955,19]
09-27 13:52:19.380   451   451 I killinfo: [23773,10201,950,701,98708,8,171436,1641408,21980,1068,62552,352360,3868744,573924,347120,1991144,321932,908760,160996,464752,110120,198548,480152,0,1972,428,40,12,1,66428,603008,0,0,4.730000,3.010000,8.160000,1.940000,21.660000]
09-27 13:52:19.380  1463  4933 I am_uid_stopped: 10141
09-27 13:52:19.447  1463  1961 I am_unfreeze: [30766,com.google.android.webview:webview_service,6]
09-27 13:52:19.470  1463  1705 I commit_sys_config_file: [notification-policy,7]
