09-27 13:52:25.445  1463  1724 I ActivityManager: Start proc 5878:com.google.android.apps.tachyon/u0a194 for broadcast {com.google.android.apps.tachyon/com.google.android.libraries.notifications.platform.entrypoints.accountchanged.AccountChangedReceiver}
09-27 13:52:25.773  1463  2067 D BackgroundInstallControlService: Package event received: 0
09-27 13:52:26.006  1463  3748 W NotificationHistory: Attempted to remove channel for locked/gone/disabled user 0
09-27 13:52:26.060  1463  1961 D ActivityManager: freezing 4265 com.grindrapp.android
09-27 13:52:26.066  1463  2067 D BackgroundInstallControlService: Package event received: 0
09-27 13:52:26.066  1463  2067 D BackgroundInstallControlService: Package event received: 0
09-27 13:52:26.066  1463  2067 D BackgroundInstallControlService: Package event received: 0
09-27 13:52:26.067  1463  2067 D BackgroundInstallControlService: Package event received: 0
09-27 13:52:26.117  1463  1723 D ActivityManager: sync unfroze 16347 com.google.android.googlequicksearchbox:search for 3
09-27 13:52:26.150  1463  2608 D CompatChangeReporter: Compat change id reported: 319212206; UID 10194; state: ENABLED
09-27 13:52:26.487  1463  1973 I PowerGroup: Waking up power group from Dozing (groupId=0, uid=1000, reason=WAKE_REASON_POWER_BUTTON, details=android.policy:POWER)...
09-27 13:52:26.491  1463  1973 I PowerManagerService: Waking up from Dozing (uid=1000, reason=WAKE_REASON_POWER_BUTTON, details=android.policy:POWER)...
09-27 13:52:26.495  1463  2067 D BackgroundInstallControlService: Package event received: 0
09-27 13:52:26.504  1463  1754 I DisplayPowerController[0]: Blocking screen on until initial contents have been drawn.
09-27 13:52:26.504  1463  1754 D WindowManager: Remove SleepToken: tag=Display-off, displayId=0
09-27 13:52:26.504  1463  1754 I DisplayPowerController: Window Manager Policy screenTurningOn complete
09-27 13:52:26.504  1463  1754 I DisplayBrightnessStrategySelector: Changing the DisplayBrightnessStrategy from ScreenOffBrightnessStrategy to FallbackBrightnessStrategy for display 0
09-27 13:52:26.505  1463  1754 V DisplayPowerController[0]: Brightness [0.19630218] reason changing to: 'manual', previous reason: 'screen_off'.
09-27 13:52:26.505  1463  1754 I DisplayPowerController[0]: BrightnessEvent: brt=0.19630218(77.0%), nits=352.38757, lux=-1.0, reason=manual, strat=FallbackBrightnessStrategy, state=ON, stateReason=KEY, policy=BRIGHT, flags=, initBrt=0.0, rcmdBrt=NaN, preBrt=NaN, preLux=0.0, wasShortTermModelActive=false, autoBrightness=false (default), unclampedBrt=0.19630218, hbmMax=0.67, hbmMode=off, thrmMax=1.0, rbcStrength=35, powerFactor=1.0, physDisp=Built-in Screen(local:4619827612623940864), logicalId=0, slowChange=false, rampSpeed=0.0
09-27 13:52:26.507  1463  2058 I MR2ServiceImpl: Updating composite discovery preference | preference: RouteDiscoveryRequest{ preferredFeatures={}, activeScan=false }, active routers: []
09-27 13:52:26.511  1463  2100 D CoreBackPreview: Window{47bd4f3 u0 NotificationShade}: Setting back callback OnBackInvokedCallbackInfo{mCallback=android.window.IOnBackInvokedCallback$Stub$Proxy@9c1fecb, mPriority=0, mIsAnimationCallback=false, mOverrideBehavior=0}
09-27 13:52:26.514  1463  1706 I DisplayDeviceRepository: Display device changed state: "Built-in Screen", ON
09-27 13:52:26.515  1463  1754 D BrightnessThermalClamper: Thermal status observer already started
09-27 13:52:26.524  1463  1708 I DisplayDevice: [0] Layerstack set to 0 for local:4619827612623940864
09-27 13:52:26.525  2122  2122 D InsetsController: Setting requestedVisibleTypes to -9 (was -11)
09-27 13:52:26.530  2122  2145 D ShellSplitScreen: onStartedWakingUp
09-27 13:52:26.535  1463  1704 D WindowManager: DeferredDisplayUpdater: partially applying DisplayInfo(1080 x 2424) immediately
09-27 13:52:26.557  1463  2058 I MR2ServiceImpl: Updating composite discovery preference | preference: RouteDiscoveryRequest{ preferredFeatures={}, activeScan=false }, active routers: []
09-27 13:52:26.658  1463  1704 I WindowManager: Suppressed redundant power key press while already in the process of turning the screen on.
09-27 13:52:26.708  1463  2067 D BackgroundInstallControlService: Package event received: 0
09-27 13:52:26.725  1463  2086 I LocalDisplayAdapter: SF.setDisplayPowerMode took 215ms
09-27 13:52:26.759  1463  1754 I DisplayPowerController[0]: Unblocked screen on after 255 ms
09-27 13:52:26.760  1463  2060 D BiometricScheduler: [Added] {[2657] com.android.server.biometrics.sensors.face.aidl.FaceAuthenticationClient, proto=3, owner=com.android.systemui, cookie=0, requestId=1460, userId=0}, new queue size: 1
09-27 13:52:26.760  1463  2060 D BiometricScheduler: [Polled] {[2657] com.android.server.biometrics.sensors.face.aidl.FaceAuthenticationClient, proto=3, owner=com.android.systemui, cookie=0, requestId=1460, userId=0}, State: 0
09-27 13:52:26.760  1463  2060 V ALSProbe: Enable ALS: 226403331
09-27 13:52:26.760  1463  2060 D BiometricScheduler: [Started] {[2657] com.android.server.biometrics.sensors.face.aidl.FaceAuthenticationClient, proto=3, owner=com.android.systemui, cookie=0, requestId=1460, userId=0}
09-27 13:52:26.760  1463  2060 D AuthenticationClient: Requesting auth for com.android.systemui
09-27 13:52:26.762  1463  1754 W PowerManagerService: Screen on took 310 ms
09-27 13:52:26.762  1463  1754 I DreamManagerService: Gently waking up from dream.
09-27 13:52:26.769  1463  3751 I DreamManagerService: Leaving dreamland.
09-27 13:52:26.770  1463  1703 I DreamController: Stopping dream: name=ComponentInfo{com.android.systemui/com.android.systemui.doze.DozeService}, isPreviewMode=false, canDoze=true, userId=0, reason='finished self'(from 'power manager request')
09-27 13:52:26.772  1463  4936 W ActivityManager: Background start not allowed: service Intent { xflg=0x4 cmp=com.facebook.katana/com.facebook.mqtt.service.MqttServiceV2 (has extras) } to com.facebook.katana/com.facebook.mqtt.service.MqttServiceV2 from pid=31213 uid=10297 pkg=com.facebook.katana startFg?=false
09-27 13:52:26.775  1463  2059 V ALSProbe: Enable ALS: 190654905
09-27 13:52:26.801  1463  4936 E AppOps  : attributionTag IWLAN not declared in manifest of com.google.pixel.iwlan
09-27 13:52:26.811  1463  2060 V BiometricSchedulerOperation: started: {[2657] com.android.server.biometrics.sensors.face.aidl.FaceAuthenticationClient, proto=3, owner=com.android.systemui, cookie=0, requestId=1460, userId=0}, State: 2
09-27 13:52:26.892  1463  3742 I SoundTriggerMiddlewareLogging: FORCE_RECOGNITION (1)
09-27 13:52:26.900  1463  3742 I SoundTriggerMiddlewareLogging: RECOGNITION (1, RecognitionEventSys{recognitionEvent: RecognitionEvent{status: 0, type: 1, captureAvailable: true, captureDelayMs: 0, capturePreambleMs: 0, triggerInData: false, audioConfig: AudioConfig{base: AudioConfigBase{sampleRate: 16000, channelMask: AudioChannelLayout.layoutMask(1), format: AudioFormatDescription{type: 1, pcm: 1, encoding: }}, offloadInfo: AudioOffloadInfo{base: AudioConfigBase{sampleRate: 0, channelMask: AudioChannelLayout.none(0), format: AudioFormatDescription{type: 0, pcm: 0, encoding: }}, streamType: -2, bitRatePerSecond: 0, durationUs: 0, hasVideo: false, isStreaming: false, bitWidth: 16, offloadBufferSize: 0, usage: -1, encapsulationMode: -1, contentId: 0, syncId: 0}, frameCount: 0}, data: [112, 111, 115, 95, 109, 117, 115, 105, 99, 44, 118, 97, 108, 58, 50, 50, 51, 55, 48], recognitionStillActive: false}, halEventReceivedMillis: 792685178769694, token: android.os.Binder@5164b0d}, 85953)
09-27 13:52:26.903  1463  2067 D BackgroundInstallControlService: Package event received: 0
09-27 13:52:26.915  1463  3745 E AppOps  : package client.pid<1210> not found, can't check for attributionTag null
09-27 13:52:26.915  1463  3745 E AppOps  : Bad call made by uid 1047. Package "client.pid<1210>" does not belong to uid 1000.
09-27 13:52:26.915  1463  3745 E AppOps  : Cannot getAppOpMode: non-application UID 1000
09-27 13:52:26.924  1463  1463 V SoundTriggerService: 9f6ad62a-1f0b-11e7-87c5-40a8f03d3f15: onServiceConnected(android.os.BinderProxy@fe093f3)
09-27 13:52:26.924  1463  1463 V SoundTriggerService: 9f6ad62a-1f0b-11e7-87c5-40a8f03d3f15: runOp 0
09-27 13:52:26.997     0     0 I trusty  : logging.cc: 79: ***"faceauth": :40: TZ-TPU Wakelock acquired.
09-27 13:52:26.997     0     0 I trusty  : logging.cc: 79: ***: :221: Command Received: AuthenticationCreate
09-27 13:52:26.997     0     0 I trusty  : logging.cc: 79: ***: :270: Faceauth product version 5.14
09-27 13:52:26.997     0     0 I trusty  : gxp_device_impl: 460: Loaded GXP library:
09-27 13:52:26.997     0     0 I trusty  : gxp_device_impl: 462:  - Name: tuscany_dsp_lib
09-27 13:52:26.997     0     0 I trusty  : gxp_device_impl: 463:  - Functions: ExtractThumbnailKernel,Yuv2RgbKernel
09-27 13:52:26.997     0     0 I trusty  : logging.cc: 79: ***: :100: Creating dsp pal.
09-27 13:52:27.019  1463  1961 D ActivityManager: freezing 4274 au.com.spriggy.app
09-27 13:52:27.033  3823  5300 I Lyric   : smart_read_ahead_controller.cc:256: [SMRA] Waking up!
09-27 13:52:27.033  3823  3937 I Lyric   : smart_read_ahead_controller.cc:63: [SMRA] Processing request
09-27 13:52:27.043  3823  3937 I Lyric   : smart_read_ahead_controller.cc:246: [SMRA] UpdateModeAndConfig, config: from 0 to 0, mode: from 0 to 0
09-27 13:52:27.045  3823  5300 I Lyric   : camera_powerhal_impl.cc:187: SetPowerBoost Trigger CAMERA_LAUNCH for 1000ms
09-27 13:52:27.054  3823  5309 W Lyric   : device_context.cc:333: NotifyCaptureSessionOpen: No OisController found for physical camera Front. Status: NOT_FOUND: Failed to find controller by type and camera id(Front); Controller with ID: optical image stabilization controller for camera: Front not present in device_context
09-27 13:52:27.068  3823  5309 I G3ACoordinator: coordinator.cc:1053: Coordinator::AeNotifyCaptureSessionOpen called for camera: {position: front, lens_type: normal, spectrum: visible, instance: real}
09-27 13:52:27.072  3823  5309 I G3ACoordinator: coordinator.cc:1077: Coordinator::AfNotifyCaptureSessionOpen called for camera: {position: front, lens_type: normal, spectrum: visible, instance: real}
09-27 13:52:27.075  3823  5309 I G3ACoordinator: coordinator.cc:1102: Coordinator::AsdNotifyCaptureSessionOpen called for camera: {position: front, lens_type: normal, spectrum: visible, instance: real}
09-27 13:52:27.075  3823  5309 I G3ACoordinator: coordinator.cc:1119: Coordinator::AwbNotifyCaptureSessionOpen called for camera: {position: front, lens_type: normal, spectrum: visible, instance: real}
09-27 13:52:27.076  3823  6040 I Lyric   : sensor_generic_driver.cc:5205: LESHEN ReadSensorId success: 0x712 setting version: 10.11 setting type: 0
09-27 13:52:27.077  3823  5309 I Lyric   : device_context.cc:138: Unable to get SaliencyController. Status: NOT_FOUND: Failed to find controller by type; Controller with ID: saliency controller not present in device_context
09-27 13:52:27.078  3823  3915 I Lyric   : motion_sensor_controller_proxy.cc:471: Start to create all sensor readers, enable direct channel: 1, support async query: 1
09-27 13:52:27.078  3823  3892 I G3ACoordinator: front_als_manager.cc:182: Front ALS sensor enabled
09-27 13:52:27.079  3823  5309 I Lyric   : device_context.cc:160: Unable to get RoiTrackingController. Status: NOT_FOUND: Failed to find controller by type; Controller with ID: Roi tracking controller not present in device_context
09-27 13:52:27.080  3823  5309 I G3ACoordinator: coordinator.cc:1036: Coordinator::NotifyCaptureSessionOpen called for camera: {position: front, lens_type: normal, spectrum: visible, instance: real}
09-27 13:52:27.081  3823  5300 I Lyric   : camera_device_session_manager_base.cc:410: CameraDeviceSessionManager for camera id(Front) is created.
09-27 13:52:27.081  3823  5300 I Lyric   : camera_device_session_hwl_impl.cc:343: Created CameraDeviceSessionHwlImpl for camera 1
09-27 13:52:27.096  3823  5300 I Lyric   : camera_device_manager_impl.cc:214: Pinning memory flag is set to 0.
09-27 13:52:27.099  3823  3915 I Lyric   : direct_channel_motion_sensor_data_streamer.cc:467: gyroscope direct channel created.
09-27 13:52:27.099  3823  3915 I Lyric   : time_triggered_task_pool.cc:66: Timer is created: TTTP[0,0]
09-27 13:52:27.099  3823  6043 I Lyric   : time_triggered_task_pool.cc:112: TTTP[0,0] worker is running the loop
09-27 13:52:27.119  3823  3915 I Lyric   : direct_channel_motion_sensor_data_streamer.cc:467: gravity direct channel created.
09-27 13:52:27.130  3823  3915 I Lyric   : direct_channel_motion_sensor_data_streamer.cc:467: accelerometer direct channel created.
09-27 13:52:27.135  3823  3915 I Lyric   : binder_environment_sensor_reader.cc:79: Enabled BinderEnvironmentSensorReader, type: device_orientation
09-27 13:52:27.143  1463  2067 D BackgroundInstallControlService: Package event received: 0
09-27 13:52:27.153  3823  3823 I Lyric   : session_setting_combination_utils.cc:208: no combination
09-27 13:52:27.153  3823  3823 I Lyric   : camera_device_session_hwl_impl.cc:1247: CameraDeviceSessionHwlImpl::IsStreamConfigurationSupported 1
09-27 13:52:27.154  3823  3823 I Lyric   : lyric_basic_capture_session.cc:38: LyricBasicCaptureSession only support logical camera
09-27 13:52:27.156  3823  3823 I Lyric   : camera_powerhal_impl.cc:263: SetPowerStreamingMode CAMERA_STREAMING_STANDARD mode
09-27 13:52:27.156  3823  3823 I Lyric   : camera_powerhal_impl.cc:263: SetPowerStreamingMode CAMERA_GPU_STANDARD mode
09-27 13:52:27.171  3823  3960 I Lyric   : camera_device_session_hwl_impl.cc:820: BuildPipelines entered, camera_id: 1
09-27 13:52:27.171  3823  3960 I Lyric   : active_camera_device_tracker.cc:51: Adding camera: 1, is_logical_camera: 0, is_front_camera: 1, is_1p_camera_app: 1, active devices: 0, is_tele_camera_participant: 0
09-27 13:52:27.171  3823  3960 I Lyric   : active_camera_device_tracker.cc:194: No specific graph requested, allowing lyric to select based on stream configuration.
09-27 13:52:27.171  3823  3960 I Lyric   : camera_device_session_manager_base.cc:603: Attempting to build a processing graph
09-27 13:52:27.186  3823  3960 W Lyric   : generic_graph.cc:101: Force LTMPostProcessingNode to be disabled because is not supported by current device or LTM is disabled.
09-27 13:52:27.186  3823  3960 I Lyric   : generic_graph.cc:249: Attempting to configure GenericGraph for computer vision mode: secure
09-27 13:52:27.188  3823  3960 I Lyric   : stream_info_parser.cc:147: Project11 enabled: 0
09-27 13:52:27.188  3823  3960 W Lyric   : stream_info_parser.cc:372: Camera Front unknown stream: {type: Streaminfo, stream_id: 0, camera_id: Front, format: YCBCR_420_888, width: 1600, height: 1200, usage: [Protected], stream_type: Output, use_case: Default, data_space: DataSpace(Color)::(Standard: BT601_625, Transfer: SMPTE_170M, Range: Full), is_framework_physical_stream: 0, dynamic_range_profile: Standard, intended_for_max_resolution_mode: 0, group_id: -1, is_tunable: 1} does not fall in any known use case
09-27 13:52:27.194  3823  3960 I Lyric   : strategy_list.cc:42: Strategy List created with clock voting strategies: [MaxClockPerRailStrategy] 
09-27 13:52:27.194  3823  3960 I Lyric   :  and bandwidth voting strategies: [DefaultBandwidthVotingStrategy]
09-27 13:52:27.194  3823  3960 I Lyric   : generic_subgraph.cc:1357: The aligner on camera Front is None
09-27 13:52:27.194  3823  3960 I Lyric   : graph_states.cc:57: Failed to add camera id to priority map as the device doesn't support it: NOT_FOUND: Couldn't find the CameraId which has {position: front, lens_type: normal, spectrum: visible, instance: virtual}
09-27 13:52:27.194  3823  3960 I Lyric   : generic_graph.cc:495: [MULTICAM_DEBUG] Making Generic graph.
09-27 13:52:27.195  3823  3960 I Lyric   : generic_subgraph.cc:1645: Camera id 1 supports settings override.
09-27 13:52:27.196  3823  3960 I Lyric   : generic_subgraph.cc:1915: positive_offsets_enabled: ENABLED.; enable_positive_offset = 1; camera_app_1p_enabled = 1; camera_extensions_enabled = 0
09-27 13:52:27.196  3823  3960 I Lyric   : generic_subgraph.cc:1998: Roshi not supported in Front
09-27 13:52:27.200  3823  3909 I Lyric   : binder_sensor_vsync_reader.cc:26: Created BinderSensorVsyncReader, cam_vsync_id: 1
09-27 13:52:27.201  3823  3891 I Lyric   : sensor_generic_driver.cc:628: LESHEN init success.
09-27 13:52:27.203  3823  3960 I Lyric   : multisensor_controller.cc:1163: Front RadioExt: preferred_mipi_rate size 0 preferred_dbr_rate size 0. API delay 3.752807ms
09-27 13:52:27.203  3823  3960 I Lyric   : sensor_generic_driver.cc:1959: LESHEN GetModeIndex requirement {size = {width: 1600, height: 1200}, frame_rate_range = [30, 30], request_binning_mode = false, request_pd_stream = false, only_config_logical_cam_stream = false, camera_id = [<recursive>], require_full_fov = true, is_high_frame_rate = false, crop_margin = 0, is_sibling_camera_participating = false, sub_image_count = 1, is_face_auth = true, is_video_mode = false, is_high_resolution_mode = false, is_arkaroo_enabled = false, is_roshi_enabled = false, is_specific_aspect_ratio_video = false, require_exact_size = false, force_sensor_mode_index = -1, is_multi_cam_usecase = false, raw_stream_usecase = 0, is_high_resolution_standalone_mode = false} required aspect ratio 1.36979 pick_transition_mode 0 require exact size 0
09-27 13:52:27.204  3823  3960 I Lyric   : sensor_generic_driver.cc:2053: LESHEN GetModeIndex requirement use_binning_mode 0
09-27 13:52:27.204  3823  3960 I Lyric   : sensor_generic_driver.cc:2060: LESHEN candidate mode index 0, size = {width: 4208, height: 3072}, pd = 0, frame rate range = [7.5, 30], is faceauth mode 0
09-27 13:52:27.204  3823  3960 I Lyric   : sensor_generic_driver.cc:2060: LESHEN candidate mode index 1, size = {width: 4208, height: 2368}, pd = 0, frame rate range = [7.5, 30], is faceauth mode 0
09-27 13:52:27.204  3823  3960 I Lyric   : sensor_generic_driver.cc:2060: LESHEN candidate mode index 2, size = {width: 2104, height: 1536}, pd = 0, frame rate range = [15, 60], is faceauth mode 0
09-27 13:52:27.204  3823  3960 I Lyric   : sensor_generic_driver.cc:2060: LESHEN candidate mode index 3, size = {width: 2104, height: 1184}, pd = 0, frame rate range = [15, 60], is faceauth mode 0
09-27 13:52:27.204  3823  3960 I Lyric   : sensor_generic_driver.cc:2060: LESHEN candidate mode index 4, size = {width: 2104, height: 1536}, pd = 0, frame rate range = [15, 30.02], is faceauth mode 1
09-27 13:52:27.204  3823  3960 I Lyric   : sensor_generic_driver.cc:2209: LESHEN Matching sensor mode found, mode index: 4
09-27 13:52:27.204  3823  3960 I Lyric   : sensor_generic_driver.cc:2390: LESHEN Mode size {width: 2104, height: 1536} FPS [15, 30.02] requested FPS [30, 30] MIPI rate 1105.92Mbps rss 14.4672ms
09-27 13:52:27.204  3823  3960 I Lyric   : sensor_generic_driver.cc:2536: dpm: camera LESHEN, line time: 9.41875us, pixel_rate_vt: 311296000, width: 2104, height: 1536, dual pd size: {width: 0, height: 0}, sparse pd size: {width: 0, height: 0}, emb height: 1, hblanking: 2062, mode.hblanking: 2062, vblanking: 1999(18.82808125ms), mode.vblanking: 1996(18.799825ms), frame lines: 3536, frame lines for required fps: 3539, line pixels: 2932, FPS: 30.02, requested FPS: 30, binning factor: {x: 2, y: 2}, analog_gain_range: [1, 16], digital_gain_range: [1, 8], mode index = 4, size = {width: 2104, height: 1536}, pd = 0, frame rate range = [15, 30.02]
09-27 13:52:27.206  3823  3960 I Lyric   : sensor_node.cc:482: sensor: CPU affinity setting: Auto
09-27 13:52:27.206  3823  3960 W Lyric   : multisensor_controller.cc:1632: Front Failed to get pdaf calibration data
09-27 13:52:27.206  3823  3960 W Lyric   : sensor_generic_driver.cc:5958: LESHEN Cannot update qsc enable and qsc knot point table because the qsc related register is not available.
09-27 13:52:27.206  3823  3960 W Lyric   : sensor_generic_driver.cc:6014: LESHEN Skip setting static DPC: register not exist
09-27 13:52:27.206  3823  3960 I Lyric   : generic_subgraph.cc:2072: minimum pipeline delay: 3, is_portrait_mode: 0 pipeline delay: 3
09-27 13:52:27.206  3823  3960 I Lyric   : generic_subgraph.cc:2078: hal_touch_roi_tracking_enabled: ENABLED
09-27 13:52:27.206  3823  3960 I Lyric   : generic_subgraph.cc:2213: enable_eis_blur_refinement_mask_data_flow=0 camera=1
09-27 13:52:27.208  3823  3891 I Lyric   : sensor_generic_driver.cc:2671: LESHEN set mode success.
09-27 13:52:27.208  3823  3909 I Lyric   : binder_sensor_vsync_reader.cc:41: Enabled BinderSensorVsyncReader, cam_vsync_id: 1
09-27 13:52:27.212  3823  3960 I Lyric   : generic_subgraph.cc:2982: Attempt to obtain pd dma output format from sensor mode
09-27 13:52:27.213  3823  3960 I Lyric   : isp_subgraph_utils.cc:511: Semantic GU is disabled
09-27 13:52:27.213  3823  3960 I Lyric   : zuma_isp_subgraph.cc:864: DSNR is disabled and Skin Texture is disabled in Lyric for camera Front
09-27 13:52:27.214  3823  3960 I Lyric   : zuma_isp_subgraph.cc:528: all backend pipelines for nodes: 
09-27 13:52:27.214  3823  3960 I Lyric   : zuma_isp_subgraph.cc:529: scaled_streams_raw_to_yuv: Pipeline (ID: (instance_id: 10663), IPs: [ RawToYuv ], Max Outputs: 1, IPConnections: [ ], Usecase: Realtime)
09-27 13:52:27.214  3823  3960 I Lyric   : zuma_isp_subgraph.cc:532: raw_to_yuv_for_snapshot_exceeding_video: Pipeline (ID: (instance_id: 10664), IPs: [ RawToYuv ], Max Outputs: 1, IPConnections: [ ], Usecase: Snapshot)
09-27 13:52:27.214  3823  3960 I Lyric   : zuma_isp_subgraph.cc:535: tnr_merge: Pipeline (ID: (instance_id: 10665), IPs: [ TnrMerge ], Max Outputs: 1, IPConnections: [ ], Usecase: Realtime)
09-27 13:52:27.214  3823  3960 I Lyric   : zuma_isp_subgraph.cc:537: preview_mesh_warp: Pipeline (ID: (instance_id: 10666), IPs: [ MeshWarp ], Max Outputs: 1, IPConnections: [ ], Usecase: Realtime)
09-27 13:52:27.214  3823  3960 I Lyric   : zuma_isp_subgraph.cc:539: video_mesh_warp: Pipeline (ID: (instance_id: 10667), IPs: [ MeshWarp ], Max Outputs: 1, IPConnections: [ ], Usecase: Video)
09-27 13:52:27.214  3823  3960 I Lyric   : zuma_isp_subgraph.cc:541: mesh_warp_for_snapshot_exceeding_video: Pipeline (ID: (instance_id: 10668), IPs: [ MeshWarp ], Max Outputs: 1, IPConnections: [ ], Usecase: Snapshot)
09-27 13:52:27.214  3823  3960 I Lyric   : zuma_isp_subgraph.cc:544: pipeline_info_for_dsnr_snapshot_mesh_warp: Pipeline (ID: (instance_id: 10669), IPs: [ MeshWarp ], Max Outputs: 1, IPConnections: [ ], Usecase: SnapshotForDsnr)
09-27 13:52:27.214  3823  3960 I Lyric   : zuma_isp_subgraph.cc:547: post_itsc_scaler: Pipeline (ID: (instance_id: 10670), IPs: [ Scaler ], Max Outputs: 0, IPConnections: [ ], Usecase: PostItsc)
09-27 13:52:27.214  3823  3960 I Lyric   : zuma_isp_subgraph.cc:549: preview_scaler: Pipeline (ID: (instance_id: 10671), IPs: [ Scaler ], Max Outputs: 0, IPConnections: [ ], Usecase: Realtime)
09-27 13:52:27.214  3823  3960 I Lyric   : zuma_isp_subgraph.cc:551: video_scaler: Pipeline (ID: (instance_id: 10672), IPs: [ Scaler ], Max Outputs: 0, IPConnections: [ ], Usecase: Video)
09-27 13:52:27.214  3823  3960 I Lyric   : zuma_isp_subgraph.cc:553: scaler_for_snapshot_exceeding_video: Pipeline (ID: (instance_id: 10673), IPs: [ Scaler ], Max Outputs: 0, IPConnections: [ ], Usecase: Snapshot)
09-27 13:52:27.214  3823  3960 I Lyric   : zuma_isp_subgraph.cc:556: recomp_scaler: Pipeline (ID: (instance_id: 10674), IPs: [ Scaler ], Max Outputs: 0, IPConnections: [ ], Usecase: Recomposition)
09-27 13:52:27.214  3823  3960 I Lyric   : zuma_isp_subgraph.cc:558: pipeline_info_for_dsnr_snapshot_scaler: Pipeline (ID: (instance_id: 10675), IPs: [ Scaler ], Max Outputs: 0, IPConnections: [ ], Usecase: SnapshotForDsnr)
09-27 13:52:27.214  3823  3960 I Lyric   : zuma_isp_subgraph.cc:562: pipeline_info_for_throttled_scaled_streams_raw_to_yuv: Pipeline (ID: (instance_id: 10676), IPs: [ RawToYuv ], Max Outputs: 1, IPConnections: [ ], Usecase: Realtime)
09-27 13:52:27.214  3823  3960 I Lyric   : zuma_isp_subgraph.cc:565: pipeline_info_for_throttled_recomposition_scaler: Pipeline (ID: (instance_id: 10677), IPs: [ Scaler ], Max Outputs: 0, IPConnections: [ ], Usecase: Recomposition)
09-27 13:52:27.214  3823  3960 I Lyric   : zuma_isp_subgraph.cc:568: pipeline_info_for_throttled_preview_scaler: Pipeline (ID: (instance_id: 10678), IPs: [ Scaler ], Max Outputs: 0, IPConnections: [ ], Usecase: Realtime)
09-27 13:52:27.218  3823  3960 E Lyric   : quota_allocator.cc:90: 1 calls in 1382 sec(s): Quota allocator resource exausted:  - lifetime allocations: 205, deallocations: 200, outstanding: 5, peak outstanding: 5
09-27 13:52:27.218  3823  3960 E Lyric   :  - current bytes allocated: 35880960, peak bytes allocated: 35880960 (framework buffers not tracked)
09-27 13:52:27.218  3823  3960 E Lyric   :  -  5 instances of {type: AllocationSpec, image: {type: ImageFormat, HalImageFormat: HalImageFormat{ pixel_format = RAW16_BAYER_SBWC, stride_alignment = 64, num_buffers = 1, header_stride_alignment = 16 }, Width: 2104, Height: 1536}, flags: 16} allocated at recycling_allocator.cc:223
09-27 13:52:27.218  3823  3960 I Lyric   : zuma_like_isp_front_end_subgraph.cc:182: FrontEndNode PoolAllocator(raw_allocator) took 2.142701ms to initialize
09-27 13:52:27.220  3823  3960 I Lyric   : fe_node.cc:647: frontend enabling setting_effective_frame_override output
09-27 13:52:27.221  3823  3960 I Lyric   : unified_zuma_front_end_controller.cc:1067: LMP DDS crop enabled: false, AutoCal crop enabled: false, YUV to framework enabled: false
09-27 13:52:27.224  3823  3960 I Lyric   : whi_like_isp_back_end_core_subgraph.cc:828: RawToYuvNode is configured to output consumer type 3 fmt: HalImageFormat{ pixel_format = YCBCR_420_888, stride_alignment = 16, num_buffers = 1 } for Front
09-27 13:52:27.224  3823  3960 I Lyric   : whi_like_isp_back_end_core_subgraph.cc:933: RawToYuvNode for snapshot exceeding video is configured to output consumer type 2 fmt: HalImageFormat{ pixel_format = YCBCR_420_SPN_10B, stride_alignment = 64, num_buffers = 1 } for Front
09-27 13:52:27.225  3823  3960 I Lyric   : whi_like_isp_back_end_core_subgraph.cc:1760: Align map output not enabled!
09-27 13:52:27.227  3823  3960 I Lyric   : camera_device_session_manager_base.cc:1520: Stream 0 limited to 7 inflight requests
09-27 13:52:27.227  3823  3960 I Lyric   : camera_device_session_manager_base.cc:1530: Front frontend limited to 3 inflight requests
09-27 13:52:27.227  3823  3960 I Lyric   : generic_subgraph.cc:3459: camera_id = 1; is_front_camera = 1; is_1p_camera_app = 1; video_call = 0
09-27 13:52:27.229  3823  3960 W Lyric   : auto_white_balance_node.cc:319: awb does not have available actuator controller for fetching the latest actuator target position.
09-27 13:52:27.231  3823  3960 I Lyric   : auto_exposure_node.cc:696: ae: CPU affinity setting: Medium Core : Priority: Realtime
09-27 13:52:27.234  3823  3960 I Lyric   : generic_subgraph.cc:3736: 1 calls in 1382 sec(s): DmaMemoryAllocationCost size is set to 0 MiB.
09-27 13:52:27.237  3823  3960 I Lyric   : whi_like_isp_back_end_core_subgraph.cc:197: RawToYuvNode(Front) output size: {width: 1600, height: 1200}
09-27 13:52:27.238  3823  3960 I Lyric   : camera_device_session_manager_base.cc:616: Successfully constructed graph: top_graph_for_camera_Front, graph class: GenericGraph, graph_configuration:
09-27 13:52:27.238  3823  3960 I Lyric   : graph_configuration.cc:374: {type: Streaminfo, stream_id: 0, camera_id: Front, format: YCBCR_420_888, width: 1600, height: 1200, usage: [Protected], stream_type: Output, use_case: Default, data_space: DataSpace(Color)::(Standard: BT601_625, Transfer: SMPTE_170M, Range: Full), is_framework_physical_stream: 0, dynamic_range_profile: Standard, intended_for_max_resolution_mode: 0, group_id: -1, is_tunable: 1}
09-27 13:52:27.238  3823  3960 I Lyric   : graph_configuration.cc:377: {type: StreamConfigurationMode, Front: Normal}
09-27 13:52:27.240  3823  3960 I Lyric   : camera_performance_analyzer.cc:31: [CPA] CPA-Lite is enabled.
09-27 13:52:27.240  3823  3960 I Lyric   : graph_runner_deferring_work_queue.cc:321: GraphRunner: Using GraphRunnerDeferringWorkQueue
09-27 13:52:27.240  3823  3960 I Lyric   : graph_runner_deferring_work_queue.cc:323: Thread pool config , Input Priority: Normal, affinity: Auto, process group: CameraServicePerformance, # of threads: 3
09-27 13:52:27.240  3823  3960 I Lyric   : graph_runner_deferring_work_queue.cc:323: Thread pool config , Input Priority: Realtime, affinity: Auto, process group: CameraServicePerformance, # of threads: 6
09-27 13:52:27.240  3823  3960 I Lyric   : graph_runner_deferring_work_queue.cc:323: Thread pool config , Input Priority: High, affinity: Auto, process group: CameraServicePerformance, # of threads: 4
09-27 13:52:27.240  3823  3960 I Lyric   : graph_runner_deferring_work_queue.cc:389: Initializing deferring work queue RunnerN:P+:A with: wake threshold: 0; soft maximum: 3; underlying queue: fifo
09-27 13:52:27.240  3823  3960 I Lyric   : graph_runner_deferring_work_queue.cc:389: Initializing deferring work queue RunnerR:P+:A with: wake threshold: 0; soft maximum: 6; underlying queue: fifo
09-27 13:52:27.240  3823  3960 I Lyric   : graph_runner_deferring_work_queue.cc:389: Initializing deferring work queue RunnerH:P+:A with: wake threshold: 0; soft maximum: 4; underlying queue: fifo
09-27 13:52:27.240  3823  3960 I Lyric   : camera_device_session_manager_base.cc:719: CameraMode: 12
09-27 13:52:27.241  3823  3960 I Lyric   : camera_device_session_manager_base.cc:973: Attempting to start graph:top_graph_for_camera_Front
09-27 13:52:27.241  3823  3960 I Lyric   : processing_graph.cc:274: Starting nodes based on DEFAULT
09-27 13:52:27.241  3823  3894 I Lyric   : sensor_node.cc:489: sensor SensorNode starting for sensor: LESHEN, camera: Front
09-27 13:52:27.242  3823  3893 W Lyric   : fe_node.cc:793: frontend Failed to get pdaf calibration data
09-27 13:52:27.242  3823  3893 I Lyric   : unified_zuma_front_end_controller.cc:1067: LMP DDS crop enabled: false, AutoCal crop enabled: false, YUV to framework enabled: false
09-27 13:52:27.242  3823  3960 I Lyric   : camera_device_session_manager_base.cc:977: Successfully started graph:top_graph_for_camera_Front
09-27 13:52:27.242  3823  3893 I Lyric   : per_camera_barrier_impl.cc:47: Blocker for FeControllerBlockCam1ToStartExp0#0 acquired
09-27 13:52:27.242  3823  3893 I Lyric   : unified_zuma_front_end_controller.cc:1116: [CAM1] Ready to acquire driver context for sensor LESHEN, mode_index 4, csi-ch 6, at (4208x3072). With a normal lens at front position.
09-27 13:52:27.244  3823  3893 I Lyric   : zuma_fe_driver.cc:948: Power Context acquired in FE driver.
09-27 13:52:27.245  3823  3893 I Lyric   : zuma_fe_driver.cc:1101: [ISPFE] Enabling the device
09-27 13:52:27.246  3823  3893 I Lyric   : zuma_fe_resetter.cc:157: FrontEnd: SW Reset begins.
09-27 13:52:27.249  3823  3892 I Lyric   : rgbp_driver.cc:449: Ip version: 0x1050001
09-27 13:52:27.249  3823  3892 I Lyric   : mcfp_driver.cc:804: Ip version: 0x10050000
09-27 13:52:27.249  3823  3892 I Lyric   : yuvp_driver.cc:529: Ip version: 0x1050001
09-27 13:52:27.249  3823  3892 I Lyric   : zuma_be_core_driver_impl.cc:541: Successfully powered up BeCore block.
09-27 13:52:27.250  3823  3894 I G3ACoordinator: awb_session_config_parser_lyric.cc:245: sensor_mode ptr [0xb4000071f1fa51b8], sobek_enabled [false], post_process [0]
09-27 13:52:27.250  3823  3894 I G3ACoordinator: awb_session_config_parser_lyric.cc:285: Map sensor mode property: sobek_enabled [false], hdr_mode [0]
09-27 13:52:27.250  3823  3894 I G3ACoordinator: awb_session_config_parser_lyric.cc:210: Map sensor name [LESHEN] binning_factor [2 2] mode_index [4] to GCam sensor ID [1]
09-27 13:52:27.250  3823  3894 I G3ACoordinator: awb_session_config_parser_lyric.cc:145: Fail to read calibration data for camera[front normal]]. Use the default LED decision in tuning!
09-27 13:52:27.251  3823  3823 I Lyric   : retiming_node.cc:1381: ******** dpm: Front(hal id: 1) change DPM mode from Undefined to Normal, is virtual transition: 0, framework request id 0, frame number: 0
09-27 13:52:27.251  3823  3893 I Lyric   : zuma_fe_resetter.cc:168: FrontEnd: SW Reset done: rstctl_status = 0x0
09-27 13:52:27.253  3823  3894 I G3ACoordinator: awb_engine.cc:439: Use lut file ghawb_para_lut_front_normal.binarypb
09-27 13:52:27.253  1463  2608 D CompatChangeReporter: Compat change id reported: 311402873; UID 10194; state: ENABLED
09-27 13:52:27.253  1463  2608 D CompatChangeReporter: Compat change id reported: 323349338; UID 10194; state: ENABLED
09-27 13:52:27.255  1463  2060 W FaceManager: Unknown authentication acquired message: 24, 0
09-27 13:52:27.256  3823  3893 I Lyric   : zuma_lmp_driver.cc:356: Configuring global system CSRs
09-27 13:52:27.256  3823  3958 I Lyric   : graph_runner_deferring_work_queue.cc:181: Registering all threads took 6441854 ns.
09-27 13:52:27.256  3823  3894 I G3ACoordinator: awb_engine.cc:492: Camera 1 Initial decision [2.3123963 1 1.6981313] CCT [5284] CCM[ccm=(1.5803 -0.3917 -0.1886 -0.2458 1.4706 -0.2248 -0.0592 -0.5526 1.6118) offset=(0 0 0) color_space_type=(1 -> 1)]
09-27 13:52:27.258  2122  2122 W FaceManager: Unknown authentication acquired message: 24, 0
09-27 13:52:27.258  3823  3893 I Lyric   : zuma_csis_core_driver.cc:197: CSIS Core: ebuf_free_byte_size: 0x75800, ebuf_fifo_intf0_ctl0: 0x967b5c2e
09-27 13:52:27.271  3823  3892 I Lyric   : zuma_secure_operation_controller.cc:71: ZumaSecureOperationController: Requested secure session for zuma-mcfp
09-27 13:52:27.272  3823  3892 I Lyric   : zuma_secure_operation_controller.cc:71: ZumaSecureOperationController: Requested secure session for zuma-rgbp
09-27 13:52:27.275  3823  3893 I G3ACoordinator: ae_session_config_parser_lyric.cc:201: ispfe_raw_input_resolution [width:2104, height:1536]
09-27 13:52:27.275  3823  3893 I G3ACoordinator: ae_session_config_parser_lyric.cc:260: Map sensor mode property: sobek_enabled = false, g3a_session_info.hdr_mode = 0, sensor_mode_property 0
09-27 13:52:27.275  3823  3893 I G3ACoordinator: ae_session_config_parser_lyric.cc:272: Map sensor name [LESHEN], binning_factor [2, 2] and mode_index [4] to GCam sensor ID [1]
09-27 13:52:27.276  3823  3892 I Lyric   : zuma_secure_operation_controller.cc:71: ZumaSecureOperationController: Requested secure session for zuma-yuvp
09-27 13:52:27.276  3823  3892 I Lyric   : raw_to_yuv_node.cc:756: Starting node raw_to_yuv with Pipeline (ID: (instance_id: 10663), IPs: [ RawToYuv ], Max Outputs: 1, IPConnections: [ ], Usecase: Realtime) on camera 1
09-27 13:52:27.278  3823  3953 W Lyric   : three_a_request_node.cc:132: 29 calls in 1382 sec(s): ThreeARequestNode: Error getting  metadata entry [ANDROID_CONTROL_AF_REGIONS]: INVALID_ARGUMENT: Metadata doesn't have the entry for ANDROID_CONTROL_AF_REGIONS
09-27 13:52:27.278  3823  3892 I Lyric   : motion_sensor_controller_proxy.cc:437: MotionSensor context requests resource change to normal.
09-27 13:52:27.278  3823  3892 I Lyric   : page_release_controller.cc:108: Disabling page releasing.
09-27 13:52:27.278  3823  3915 I Lyric   : motion_sensor_controller_proxy.cc:471: Start to create all sensor readers, enable direct channel: 1, support async query: 1
09-27 13:52:27.278  3823  3953 I Lyric   : three_a_request_node.cc:670: three_a_request: updating 3A max FPS to 30
09-27 13:52:27.278  3823  3959 I Lyric   : conditional_dpm_node.cc:70: conditional_dpm turn to dpm mode: Normal, framte number: 0
09-27 13:52:27.278  3823  3893 I G3ACoordinator: ae_session_config_parser_lyric.cc:372: Pre-LSC AE stats status: disabled
09-27 13:52:27.278  3823  3893 I G3ACoordinator: ae_engine.cc:379: session_type 2
09-27 13:52:27.280  3823  3893 I G3ACoordinator: ae_engine.cc:2912: GABC fatp_enable_ = 0
09-27 13:52:27.280  3823  3893 I G3ACoordinator: ae_engine.cc:453: [0, 1] AeEngine_0_1 initialized
09-27 13:52:27.280  3823  3893 W Lyric   : auto_exposure_node.cc:1095: ae failed to acquire eco context: UNAVAILABLE: Not able to create valid eco proxy client
09-27 13:52:27.281  3823  3953 W Lyric   : auto_exposure_node.cc:875: 1 calls in 1424 sec(s): ae, failed to fetch display data on frame id: 0, status: INTERNAL: No cached display data.
09-27 13:52:27.281  3823  3953 I G3ACoordinator: ae_input_parser_lyric.cc:1977: Starter frame: rel_frame_num [-3]
09-27 13:52:27.281  3823  3953 W G3ACoordinator: data_manager.cc:154: [5, 26, 9000] can't be found
09-27 13:52:27.281  3823  3953 I G3ACoordinator: ae_engine.cc:539: Starter Frames
09-27 13:52:27.292  3823  3962 I Lyric   : dpm_bandwidth_controller_v2.cc:1035: Update minimum MIF clock to 1000000000 number of active sensor: 1
09-27 13:52:27.292  3823  3962 I Lyric   : dpm_bandwidth_controller_v2.cc:1091: Update minimum INT clock to 200000000 number of active sensor: 1
09-27 13:52:27.292  3823  3962 I Lyric   : multisensor_controller.cc:819: Front StartStreaming, waiting on barrier
09-27 13:52:27.292  3823  3962 I Lyric   : multisensor_controller.cc:861: camera Front start prepare spend : 37.883us
09-27 13:52:27.327  3823  3894 W G3ACoordinator: awb_engine.cc:523: Failed to register data types in data manager.
09-27 13:52:27.327  3823  3894 I G3ACoordinator: awb_engine.cc:526: [2, 1] AwbEngine_2_1 initialized
09-27 13:52:27.327  3823  3953 I G3ACoordinator: awb_input_parser_lyric.cc:1142: Starter frame: rel_frame_num [-3]
09-27 13:52:27.327  3823  3953 I G3ACoordinator: awb_engine.cc:1937: Load tuning with previous:Primary :  Usecase: 1 Sensor mode: -1 Viridian value: -1 Camera position: 2 Camera lens_type: 0 Camera spectrum: -1 Partial Usecases: {} current:Primary :  Usecase: 0 Sensor mode: -1 Viridian value: -1 Camera position: 2 Camera lens_type: 0 Camera spectrum: -1 Partial Usecases: {}
09-27 13:52:27.330  3823  3953 I G3ACoordinator: ae_input_parser_lyric.cc:1977: Starter frame: rel_frame_num [-2]
09-27 13:52:27.330  3823  3953 I G3ACoordinator: ae_engine.cc:539: Starter Frames
09-27 13:52:27.330  3823  3954 I Lyric   : unified_zuma_front_end_controller.cc:750: [CAM1] Updating power mode from Standby to Normal on frame 0
09-27 13:52:27.330  3823  3954 I Lyric   : zuma_fe_driver.cc:838: [ISPFE] Acquiring context. Sensor: LESHEN
09-27 13:52:27.330  1463  2608 D BackupTransportManager: [UserID:0] Transport com.google.android.gms/.backup.BackupTransportService updated its attributes
09-27 13:52:27.330  3823  3954 I Lyric   : switchboard.cc:333: Booked resources: BookedResourceMap below:
09-27 13:52:27.330  3823  3954 I Lyric   :   Resource type Bayer OTF at index 4,
09-27 13:52:27.330  3823  3954 I Lyric   :   Resource type Image LoCH at index 0,
09-27 13:52:27.330  3823  3953 I G3ACoordinator: awb_input_parser_lyric.cc:1142: Starter frame: rel_frame_num [-2]
09-27 13:52:27.331  3823  3953 I G3ACoordinator: ae_input_parser_lyric.cc:1977: Starter frame: rel_frame_num [-1]
09-27 13:52:27.331  3823  3953 I G3ACoordinator: ae_engine.cc:539: Starter Frames
09-27 13:52:27.331  3823  3953 I G3ACoordinator: awb_input_parser_lyric.cc:1142: Starter frame: rel_frame_num [-1]
09-27 13:52:27.331  3823  3954 I Lyric   : zuma_csis_core_context.cc:396: [CAM1] Created Zuma CSIS Core context for sensor LESHEN with size: {width: 2104, height: 1536}
09-27 13:52:27.331  3823  3954 I Lyric   : zuma_csis_phy_link_context.cc:165: Zuma CsisPhyLinkContext_6 sensor with image size: {width: 2104, height: 1536}, format: raw_10
09-27 13:52:27.331  3823  3954 I Lyric   : zuma_csis_phy_link_context.cc:1322: Zuma CsisPhyLinkContext_6 Rx CTLE enable: 0, is CPHY: 0, mipi rate: 1105Msps
09-27 13:52:27.331  3823  3954 I Lyric   : zuma_csis_phy_link_context.cc:198: Zuma CsisPhyLinkContext_6 Disable Rx CTLE settings NcCoef: 0x0, CntRout: 0x5, BiasCon: 0x8, RselCnt: 0xa, CapCnt: 0xe
09-27 13:52:27.331  3823  3954 I Lyric   : zuma_fc_bayer_context.cc:45: FC bayer context 4 for camera 1 created, sensor output size: {width: 2104, height: 1536} bayer output size: 2104 x 1536
09-27 13:52:27.332  3823  3954 I Lyric   : zuma_lmp_line_buffer.h:50: For LMP bayer context index 4, requested width 2104 compared to last used width -1, after allocation, the available linebuffer size is 16584
09-27 13:52:27.332  3823  3954 I Lyric   : zuma_lmp_bayer_context.cc:62: Created Zuma LMP context with bayer size: 2104 x 1536 for sensor output stream 2104 x 1536
09-27 13:52:27.333  3823  3906 I Lyric   : zuma_fe_pdma_driver.cc:153: [FEIRQ] FE PDMA event 608 #1, timestamp: 792685612459961, name: IspFe.pdma_rstctl.Context0SwResetDone
09-27 13:52:27.334  3823  3954 I Lyric   : test_pattern_calculator.h:64: TpgSync clock: 465000 KHz, fps: 30.02
09-27 13:52:27.334  3823  3954 I Lyric   : image_logical_channel.cc:116: CSIS Core: ImgLoch_0 size: {width: 2104, height: 1536} auto_rec hblanking: 20248 auto_rec vblanking: 48804096
09-27 13:52:27.334  3823  3954 I Lyric   : zuma_csis_phy_link_context.cc:243: Zuma CsisPhyLinkContext_6 Camera ID(1) Initialized
09-27 13:52:27.334  3823  3954 I Lyric   : zuma_csis_phy_link_context.cc:955: Zuma CsisPhyLinkContext_6 IspConfigCh0 with virtual channel: 0, parallel mode: 0, size: {width: 2104, height: 1536}, format: raw_10
09-27 13:52:27.334  3823  3954 I Lyric   : zuma_csis_phy_link_context.cc:955: Zuma CsisPhyLinkContext_6 IspConfigCh1 with virtual channel: 0, parallel mode: 2, size: {width: 2104, height: 1}, format: 8_bit_data
09-27 13:52:27.335  3823  3954 I Lyric   : zuma_csis_phy_link_context.cc:251: Zuma CsisPhyLinkContext_6 enabled
09-27 13:52:27.335  3823  3954 I Lyric   : frame_override_helper.cc:17: [CAM1][ISPFE] FrameOverrideHelper is calculating setting_effective_frame_override with a margin of 0
09-27 13:52:27.335  3823  3954 I Lyric   : fe_programming_async.cc:93: Creating FeProgrammingAsync with context_info.indices: {bayer_context_index = [4], pdaf_context_index = nullopt, image_loch_indices = [0], pdaf_loch_indices = [], vc_loch_index = nullopt, rdma_indices = []}, context_info.acquired: {csis_phy_link = true, lmp_bayer = true, lmp_pdaf = false, fc_bayer = true, fc_pdaf = false, csis_image_wdmas = [], csis_pd_wdmas = [], csis_vc_wdma = false, csis_rdmas = []}, sof drift correction: 0
09-27 13:52:27.335  3823  3954 I Lyric   : zuma_fe_utils.cc:386: ISP-FE Bandwidth Formula V1.1
09-27 13:52:27.335  3823  3954 I Lyric   : zuma_fe_utils.cc:409: ISP-FE Clock Formula V1.7
09-27 13:52:27.335  3823  3954 I Lyric   : zuma_fe_driver.cc:1312: ISP-FE Qos Update: context(0), csi clock: 111000000, lmp clock: 60134160
09-27 13:52:27.336  3823  3954 I Lyric   : zuma_fe_driver.cc:1367: ISP-FE Qos Update: clock frequency: 111000000, write bandwidth: 271227840, read bandwidth: 0
09-27 13:52:27.336  3823  3954 I Lyric   : zuma_secure_operation_controller.cc:71: ZumaSecureOperationController: Requested secure session for zuma-fe
09-27 13:52:27.336  3823  3954 I Lyric   : unified_zuma_front_end_controller.cc:209: [CAM1] Acquired driver context for exposure 0.
09-27 13:52:27.337  3823  3954 I Lyric   : per_camera_barrier_impl.cc:47: Blocker for FeControllerBlockCam1ToStop#0 acquired
09-27 13:52:27.337  3823  3954 E Lyric   : software_fence.cc:40: Resetting unsignaled fence unnamed
09-27 13:52:27.337  3823  3954 I Lyric   : fe_node.cc:2668: frontend HalPixelFormat for FrontEndNode RAW16_BAYER_SBWC
09-27 13:52:27.337  3823  3954 I Lyric   : unified_zuma_front_end_controller.cc:322: [CAM1] The first sensor frame number is changed from -1 to 1 for exposure index 0.
09-27 13:52:27.352  3823  3954 I Lyric   : fe_programming_async.cc:572: [CAM1][ISPFE] Submitting config for sensor frame # 1 (abs 0)) to execute immediately
09-27 13:52:27.352  3823  3954 I Lyric   : register_sets.cc:171: ISPFE RegisterUpdate Expression events: IspFe.fc_bayer.Context4FcRegUpdated 
09-27 13:52:27.352  3823  3954 I Lyric   : fe_programming_async.cc:1035: [CAM1][ISPFE] Releasing sensor start blocker with status OK
09-27 13:52:27.352  3823  3954 I Lyric   : per_camera_barrier_impl.cc:58: Blocker for FeControllerBlockCam1ToStartExp0#0 released with status: OK with lwis fence, which will be waited at sensor start transaction in kernel
09-27 13:52:27.352  3823  3954 I Lyric   : fe_programming_async.cc:710: [CAM1][ISPFE] Submitted SensorStartBlocker transaction id 3376
09-27 13:52:27.352  3823  3954 I Lyric   : fe_programming_async.cc:649: [CAM1][ISPFE] Submitted config for sensor frame # 1 (abs 0) with transaction id 3377
09-27 13:52:27.352  3823  3962 I Lyric   : multisensor_controller.cc:867: camera Front start wait for barrier spend : 60.263224ms
09-27 13:52:27.352  3823  3905 I Lyric   : fe_programming_async_event_handler.cc:113: [FEIRQ] Received event IspFe.fe_programming.Context0SubmitProgrammingSuccess. Count: 1. Timestamp: 792685631380372 ns.
09-27 13:52:27.352  3823  3962 I Lyric   : sensor_generic_driver.cc:1285:  event thread started.
09-27 13:52:27.352  3823  3905 I Lyric   : fe_programming_async_event_handler.cc:113: [FEIRQ] Received event IspFe.fe_programming.Context0SensorStartBlockerSuccess. Count: 1. Timestamp: 792685631668661 ns.
09-27 13:52:27.352  3823  3905 I Lyric   : image_logical_channel.cc:261: CSIS Core: Setting loch_en for ImgLoch_0
09-27 13:52:27.352  3823  3962 I Lyric   : sensor_generic_driver.cc:1475: LESHEN stream on, size: {width: 2104, height: 1536}, frame rate range: [15, 30.02], sensor ispfe sync in kernel with ispfe-side completion fence request id: 0
09-27 13:52:27.352  3823  6062 I Lyric   : sensor_generic_driver.cc:1160: LESHEN stream on success. Transaction delay: 75.806us
09-27 13:52:27.352  3823  3962 I Lyric   : per_camera_barrier_impl.cc:47: Blocker for MultiSensorController_Stop acquired
09-27 13:52:27.365  1463  2100 I MediaSessionStack: addSession to bottom of stack | record: com.google.android.gms/cast_rcn_media_session/3339 (userId=0)
09-27 13:52:27.374  3823  6062 I Lyric   : sensor_generic_driver.cc:1001: LESHEN 1st SOF arrived. Delay from stream on: 21.925578ms Delay from stream on transaction: 21.501546ms (Delay - exposure time): 1.50553975ms
09-27 13:52:27.374  3823  3906 I Lyric   : zuma_csis_phy_link_driver.cc:220: [FEIRQ] CsisPhyLink context 6 event 2305843009213699458 name: IspFe.csis_int1.Context6FrameStart count: 1 timestamp: 792685653198039
09-27 13:52:27.374  3823  3906 I Lyric   : zuma_csis_core_driver.cc:260: [FEIRQ] CSIS Core context 0: event IspFe.csis_core_cmn_ctl.Loch0 #1, category: 8, count: 1, timestamp: 792685653372437
09-27 13:52:27.374  3823  3905 I Lyric   : fe_programming_async_event_handler.cc:113: [FEIRQ] Received event IspFe.fe_programming.Context0SofSyncSuccess. Count: 1. Timestamp: 792685653344686 ns.
09-27 13:52:27.374  3823  3906 I Lyric   : zuma_csis_phy_link_driver.cc:220: [FEIRQ] CsisPhyLink context 6 event 2305843009213699841 name: IspFe.csis_fs_int.Context6FrameStartCh1 count: 1 timestamp: 792685653235352
09-27 13:52:27.374  3823  3906 I Lyric   : zuma_csis_phy_link_driver.cc:220: [FEIRQ] CsisPhyLink context 6 event 2305843009213699840 name: IspFe.csis_fs_int.Context6FrameStartCh0 count: 1 timestamp: 792685653242473
09-27 13:52:27.374  3823  3906 I Lyric   : dpm_bandwidth_controller_v2.cc:931: Current CLOCK_FAMILY_CAM clock 111000
09-27 13:52:27.374  3823  3906 I Lyric   : dpm_bandwidth_controller_v2.cc:931: Current CLOCK_FAMILY_TNR clock 111000
09-27 13:52:27.374  3823  3906 I Lyric   : dpm_bandwidth_controller_v2.cc:931: Current CLOCK_FAMILY_MIF clock 3744000
09-27 13:52:27.374  3823  3906 I Lyric   : dpm_bandwidth_controller_v2.cc:931: Current CLOCK_FAMILY_INT clock 533000
09-27 13:52:27.374  3823  3906 I Lyric   : dpm_bandwidth_controller_v2.cc:931: Current CLOCK_FAMILY_INTCAM clock 111000
09-27 13:52:27.388  3823  3906 I Lyric   : zuma_csis_core_driver.cc:260: [FEIRQ] CSIS Core context 0: event IspFe.csis_core_img_proc.LogicalChannel0Eof #1, category: 11, count: 1, timestamp: 792685667710002
09-27 13:52:27.389  3823  3906 I Lyric   : zuma_lmp_driver.cc:455: [FEIRQ] Lmp bayer context 4, event 2305843009213694849, name: IspFe.lmp_bayer.Context4Eof, count: 1, timestamp: 792685667951986
09-27 13:52:27.389  3823  3962 I Lyric   : raw_to_yuv_node.cc:1299: HalImageFormat for YUV output: HalImageFormat{ pixel_format = YCBCR_420_888, stride_alignment = 16, num_buffers = 1 }
09-27 13:52:27.400  3823  3904 I Lyric   : zuma_be_core_event_handler_impl.cc:76: Received Hw event: BeCore.RgbpInt0.FrameEnd counter 1, timestamp: 792685679426962
09-27 13:52:27.400  3823  3904 I Lyric   : zuma_be_core_event_handler_impl.cc:76: Received Hw event: BeCore.YuvpInt0.FrameEnd counter 1, timestamp: 792685679489421
09-27 13:52:27.400  3823  6051 I Lyric   : camera_latency_analyzer.cc:99: [CLA] Cam1-Open
09-27 13:52:27.400  3823  6051 I Lyric   : camera_latency_analyzer.cc:101: [CLA] (Cam1-Open) Open latency: 107.951
09-27 13:52:27.400  3823  6051 I Lyric   : camera_latency_analyzer.cc:101: [CLA] (Cam1-Open) <-- IDLE --> latency: 49.3973
09-27 13:52:27.400  3823  6051 I Lyric   : camera_latency_analyzer.cc:101: [CLA] (Cam1-Open) ConfigureStream latency: 89.5929
09-27 13:52:27.400  3823  6051 I Lyric   : camera_latency_analyzer.cc:101: [CLA] (Cam1-Open) <-- IDLE --> latency: 8.0686
09-27 13:52:27.400  3823  6051 I Lyric   : camera_latency_analyzer.cc:101: [CLA] (Cam1-Open) First frame latency: 149.903
09-27 13:52:27.400  3823  6051 I Lyric   : camera_latency_analyzer.cc:101: [CLA] (Cam1-Open) Overall latency: 405.34
09-27 13:52:27.407  3823  3906 I Lyric   : zuma_csis_phy_link_driver.cc:220: [FEIRQ] CsisPhyLink context 6 event 2305843009213699457 name: IspFe.csis_int1.Context6FrameEnd count: 1 timestamp: 792685686709758
09-27 13:52:27.407  3823  3906 I Lyric   : zuma_csis_phy_link_driver.cc:220: [FEIRQ] CsisPhyLink context 6 event 2305843009213700224 name: IspFe.csis_fe_int.Context6FrameEndCh0 count: 1 timestamp: 792685686764771
09-27 13:52:27.407  3823  3906 I Lyric   : zuma_csis_phy_link_driver.cc:220: [FEIRQ] CsisPhyLink context 6 event 2305843009213700225 name: IspFe.csis_fe_int.Context6FrameEndCh1 count: 1 timestamp: 792685686797811
