09-27 13:54:32.644  1463  1463 V SoundTriggerService: 9f6ad62a-1f0b-11e7-87c5-40a8f03d3f15: onServiceConnected(android.os.BinderProxy@f222848)
09-27 13:54:32.645  1463  1463 V SoundTriggerService: 9f6ad62a-1f0b-11e7-87c5-40a8f03d3f15: runOp 0
09-27 13:54:33.015  1463  2067 D BackgroundInstallControlService: Package event received: 0
09-27 13:54:33.015  1463  2067 D BackgroundInstallControlService: Package event received: 0
09-27 13:54:33.015  1463  2067 D BackgroundInstallControlService: Package event received: 0
09-27 13:54:33.022  1463  2067 D BackgroundInstallControlService: Package event received: 0
09-27 13:54:33.144  1463  3746 I SoundTriggerMiddlewareLogging: UNLOAD_MODEL (1)
09-27 13:54:33.147  1463  3746 W SoundTriggerHelper: Unload error: Attempting unload invalid generic model with id:9f6ad62a-1f0b-11e7-87c5-40a8f03d3f15
09-27 13:54:33.185  1463  3746 I SoundTriggerMiddlewareLogging: LOAD_MODEL ("9f6ad62a-1f0b-11e7-87c5-40a8f03d3f15") -> 1
09-27 13:54:33.250  1463  3746 I SoundTriggerMiddlewareLogging: START_RECOGNITION (1, RecognitionConfig{captureRequested: true, phraseRecognitionExtras: [], audioCapabilities: 0, data: []}) -> android.os.Binder@d555289
09-27 13:54:33.250  1463  3746 I SoundTriggerHelper: startRecognition successful.
09-27 13:54:33.250  1463  3746 W SoundTriggerService: error onStart(): Model 9f6ad62a-1f0b-11e7-87c5-40a8f03d3f15 already started
09-27 13:54:33.251  1463  3746 W SoundTriggerHelper: Unload error: Attempting unload invalid generic model with id:12caddb1-acdb-4dce-8cb0-2e95a2313aee
09-27 13:54:33.251  1463  3746 I SoundTriggerService: error onStop(): Model 12caddb1-acdb-4dce-8cb0-2e95a2313aee has no stats available
09-27 13:54:34.544  1463  2067 D BackgroundInstallControlService: Package event received: 0
09-27 13:54:34.550  1463  2067 D BackgroundInstallControlService: Package event received: 0
09-27 13:54:34.551  1463  2067 D BackgroundInstallControlService: Package event received: 0
09-27 13:54:34.551  1463  2067 D BackgroundInstallControlService: Package event received: 0
09-27 13:54:36.069  1463  2067 D BackgroundInstallControlService: Package event received: 0
09-27 13:54:36.069  1463  2067 D BackgroundInstallControlService: Package event received: 0
09-27 13:54:36.069  1463  2067 D BackgroundInstallControlService: Package event received: 0
09-27 13:54:36.070  1463  2067 D BackgroundInstallControlService: Package event received: 0
09-27 13:54:37.587  1463  2067 D BackgroundInstallControlService: Package event received: 0
09-27 13:54:37.589  1463  2067 D BackgroundInstallControlService: Package event received: 0
09-27 13:54:37.589  1463  2067 D BackgroundInstallControlService: Package event received: 0
09-27 13:54:37.594  1463  2067 D BackgroundInstallControlService: Package event received: 0
09-27 13:54:39.112  1463  2067 D BackgroundInstallControlService: Package event received: 0
09-27 13:54:39.112  1463  2067 D BackgroundInstallControlService: Package event received: 0
09-27 13:54:39.112  1463  2067 D BackgroundInstallControlService: Package event received: 0
09-27 13:54:39.112  1463  2067 D BackgroundInstallControlService: Package event received: 0
09-27 13:54:39.602  1463  1961 D ActivityManager: freezing 32000 com.google.android.permissioncontroller
09-27 13:54:40.650  1463  2067 D BackgroundInstallControlService: Package event received: 0
09-27 13:54:40.652  1463  2067 D BackgroundInstallControlService: Package event received: 0
09-27 13:54:40.652  1463  2067 D BackgroundInstallControlService: Package event received: 0
09-27 13:54:40.653  1463  2067 D BackgroundInstallControlService: Package event received: 0
09-27 13:54:42.187  1463  2067 D BackgroundInstallControlService: Package event received: 0
09-27 13:54:42.188  1463  2067 D BackgroundInstallControlService: Package event received: 0
09-27 13:54:42.188  1463  2067 D BackgroundInstallControlService: Package event received: 0
09-27 13:54:42.188  1463  2067 D BackgroundInstallControlService: Package event received: 0
09-27 13:54:43.709  1463  2067 D BackgroundInstallControlService: Package event received: 0
09-27 13:54:43.710  1463  2067 D BackgroundInstallControlService: Package event received: 0
09-27 13:54:43.710  1463  2067 D BackgroundInstallControlService: Package event received: 0
09-27 13:54:43.712  1463  2067 D BackgroundInstallControlService: Package event received: 0
09-27 13:54:45.231  1463  2067 D BackgroundInstallControlService: Package event received: 0
09-27 13:54:45.235  1463  2067 D BackgroundInstallControlService: Package event received: 0
09-27 13:54:45.236  1463  2067 D BackgroundInstallControlService: Package event received: 0
09-27 13:54:45.237  1463  2067 D BackgroundInstallControlService: Package event received: 0
09-27 13:54:46.768  1463  2067 D BackgroundInstallControlService: Package event received: 0
09-27 13:54:46.771  1463  2067 D BackgroundInstallControlService: Package event received: 0
09-27 13:54:46.771  1463  2067 D BackgroundInstallControlService: Package event received: 0
09-27 13:54:46.771  1463  2067 D BackgroundInstallControlService: Package event received: 0
09-27 13:54:48.297  1463  2067 D BackgroundInstallControlService: Package event received: 0
09-27 13:54:48.302  1463  2067 D BackgroundInstallControlService: Package event received: 0
09-27 13:54:48.303  1463  2067 D BackgroundInstallControlService: Package event received: 0
09-27 13:54:48.303  1463  2067 D BackgroundInstallControlService: Package event received: 0
09-27 13:54:49.828  1463  2067 D BackgroundInstallControlService: Package event received: 0
09-27 13:54:49.829  1463  2067 D BackgroundInstallControlService: Package event received: 0
09-27 13:54:49.829  1463  2067 D BackgroundInstallControlService: Package event received: 0
09-27 13:54:49.830  1463  2067 D BackgroundInstallControlService: Package event received: 0
09-27 13:54:51.354  1463  2067 D BackgroundInstallControlService: Package event received: 0
09-27 13:54:51.354  1463  2067 D BackgroundInstallControlService: Package event received: 0
09-27 13:54:51.354  1463  2067 D BackgroundInstallControlService: Package event received: 0
09-27 13:54:51.355  1463  2067 D BackgroundInstallControlService: Package event received: 0
09-27 13:54:52.886  1463  2067 D BackgroundInstallControlService: Package event received: 0
09-27 13:54:52.887  1463  2067 D BackgroundInstallControlService: Package event received: 0
09-27 13:54:52.888  1463  2067 D BackgroundInstallControlService: Package event received: 0
09-27 13:54:52.888  1463  2067 D BackgroundInstallControlService: Package event received: 0
09-27 13:54:54.417  1463  2067 D BackgroundInstallControlService: Package event received: 0
09-27 13:54:54.421  1463  2067 D BackgroundInstallControlService: Package event received: 0
09-27 13:54:54.421  1463  2067 D BackgroundInstallControlService: Package event received: 0
09-27 13:54:54.421  1463  2067 D BackgroundInstallControlService: Package event received: 0
09-27 13:54:55.944  1463  2067 D BackgroundInstallControlService: Package event received: 0
09-27 13:54:55.944  1463  2067 D BackgroundInstallControlService: Package event received: 0
09-27 13:54:55.944  1463  2067 D BackgroundInstallControlService: Package event received: 0
09-27 13:54:55.945  1463  2067 D BackgroundInstallControlService: Package event received: 0
09-27 13:54:57.481  1463  2067 D BackgroundInstallControlService: Package event received: 0
09-27 13:54:57.483  1463  2067 D BackgroundInstallControlService: Package event received: 0
09-27 13:54:57.483  1463  2067 D BackgroundInstallControlService: Package event received: 0
09-27 13:54:57.483  1463  2067 D BackgroundInstallControlService: Package event received: 0
09-27 13:54:59.008  1463  2067 D BackgroundInstallControlService: Package event received: 0
09-27 13:54:59.010  1463  2067 D BackgroundInstallControlService: Package event received: 0
09-27 13:54:59.010  1463  2067 D BackgroundInstallControlService: Package event received: 0
09-27 13:54:59.010  1463  2067 D BackgroundInstallControlService: Package event received: 0
09-27 13:55:00.536  1463  2067 D BackgroundInstallControlService: Package event received: 0
09-27 13:55:00.538  1463  2067 D BackgroundInstallControlService: Package event received: 0
09-27 13:55:00.538  1463  2067 D BackgroundInstallControlService: Package event received: 0
09-27 13:55:00.538  1463  2067 D BackgroundInstallControlService: Package event received: 0
09-27 13:55:02.065  1463  2067 D BackgroundInstallControlService: Package event received: 0
09-27 13:55:02.068  1463  2067 D BackgroundInstallControlService: Package event received: 0
09-27 13:55:02.068  1463  2067 D BackgroundInstallControlService: Package event received: 0
09-27 13:55:02.068  1463  2067 D BackgroundInstallControlService: Package event received: 0
09-27 13:55:03.593  1463  2067 D BackgroundInstallControlService: Package event received: 0
09-27 13:55:03.596  1463  2067 D BackgroundInstallControlService: Package event received: 0
09-27 13:55:03.598  1463  2067 D BackgroundInstallControlService: Package event received: 0
09-27 13:55:03.599  1463  2067 D BackgroundInstallControlService: Package event received: 0
09-27 13:55:05.119  1463  2067 D BackgroundInstallControlService: Package event received: 0
09-27 13:55:05.119  1463  2067 D BackgroundInstallControlService: Package event received: 0
09-27 13:55:05.120  1463  2067 D BackgroundInstallControlService: Package event received: 0
09-27 13:55:05.120  1463  2067 D BackgroundInstallControlService: Package event received: 0
09-27 13:55:06.655  1463  2067 D BackgroundInstallControlService: Package event received: 0
09-27 13:55:06.656  1463  2067 D BackgroundInstallControlService: Package event received: 0
09-27 13:55:06.656  1463  2067 D BackgroundInstallControlService: Package event received: 0
09-27 13:55:06.656  1463  2067 D BackgroundInstallControlService: Package event received: 0
09-27 13:55:08.184  1463  2067 D BackgroundInstallControlService: Package event received: 0
09-27 13:55:08.185  1463  2067 D BackgroundInstallControlService: Package event received: 0
09-27 13:55:08.185  1463  2067 D BackgroundInstallControlService: Package event received: 0
09-27 13:55:08.186  1463  2067 D BackgroundInstallControlService: Package event received: 0
09-27 13:55:09.709  1463  2067 D BackgroundInstallControlService: Package event received: 0
09-27 13:55:09.711  1463  2067 D BackgroundInstallControlService: Package event received: 0
09-27 13:55:09.716  1463  2067 D BackgroundInstallControlService: Package event received: 0
09-27 13:55:09.716  1463  2067 D BackgroundInstallControlService: Package event received: 0
09-27 13:55:11.238  1463  2067 D BackgroundInstallControlService: Package event received: 0
09-27 13:55:11.238  1463  2067 D BackgroundInstallControlService: Package event received: 0
09-27 13:55:11.238  1463  2067 D BackgroundInstallControlService: Package event received: 0
09-27 13:55:11.238  1463  2067 D BackgroundInstallControlService: Package event received: 0
09-27 13:55:12.766  1463  2067 D BackgroundInstallControlService: Package event received: 0
09-27 13:55:12.766  1463  2067 D BackgroundInstallControlService: Package event received: 0
09-27 13:55:12.768  1463  2067 D BackgroundInstallControlService: Package event received: 0
09-27 13:55:12.769  1463  2067 D BackgroundInstallControlService: Package event received: 0
09-27 13:55:14.301  1463  2067 D BackgroundInstallControlService: Package event received: 0
09-27 13:55:14.302  1463  2067 D BackgroundInstallControlService: Package event received: 0
09-27 13:55:14.303  1463  2067 D BackgroundInstallControlService: Package event received: 0
09-27 13:55:14.303  1463  2067 D BackgroundInstallControlService: Package event received: 0
09-27 13:55:15.215  1463  3746 W ActivityManager: Unbind failed: could not find connection for android.os.BinderProxy@241bc9c
09-27 13:55:15.218  1463  1659 W ActivityManager: Unable to start service Intent { act=android.telephony.satellite.SatelliteService xflg=0x4 pkg=com.google.android.satellite } U=0: not found
09-27 13:55:15.836  1463  2067 D BackgroundInstallControlService: Package event received: 0
09-27 13:55:15.837  1463  2067 D BackgroundInstallControlService: Package event received: 0
09-27 13:55:15.839  1463  2067 D BackgroundInstallControlService: Package event received: 0
09-27 13:55:15.839  1463  2067 D BackgroundInstallControlService: Package event received: 0
09-27 13:55:17.369  1463  2067 D BackgroundInstallControlService: Package event received: 0
09-27 13:55:17.370  1463  2067 D BackgroundInstallControlService: Package event received: 0
09-27 13:55:17.370  1463  2067 D BackgroundInstallControlService: Package event received: 0
09-27 13:55:17.370  1463  2067 D BackgroundInstallControlService: Package event received: 0
09-27 13:55:18.901  1463  2067 D BackgroundInstallControlService: Package event received: 0
09-27 13:55:18.902  1463  2067 D BackgroundInstallControlService: Package event received: 0
09-27 13:55:18.903  1463  2067 D BackgroundInstallControlService: Package event received: 0
09-27 13:55:18.905  1463  2067 D BackgroundInstallControlService: Package event received: 0
09-27 13:55:20.433  1463  2067 D BackgroundInstallControlService: Package event received: 0
09-27 13:55:20.434  1463  2067 D BackgroundInstallControlService: Package event received: 0
09-27 13:55:20.434  1463  2067 D BackgroundInstallControlService: Package event received: 0
09-27 13:55:20.435  1463  2067 D BackgroundInstallControlService: Package event received: 0
09-27 13:55:21.959  1463  2067 D BackgroundInstallControlService: Package event received: 0
09-27 13:55:21.963  1463  2067 D BackgroundInstallControlService: Package event received: 0
09-27 13:55:21.963  1463  2067 D BackgroundInstallControlService: Package event received: 0
09-27 13:55:21.963  1463  2067 D BackgroundInstallControlService: Package event received: 0
09-27 13:55:23.485  1463  2067 D BackgroundInstallControlService: Package event received: 0
09-27 13:55:23.485  1463  2067 D BackgroundInstallControlService: Package event received: 0
09-27 13:55:23.485  1463  2067 D BackgroundInstallControlService: Package event received: 0
09-27 13:55:23.488  1463  2067 D BackgroundInstallControlService: Package event received: 0
09-27 13:55:25.011  1463  2067 D BackgroundInstallControlService: Package event received: 0
09-27 13:55:25.012  1463  2067 D BackgroundInstallControlService: Package event received: 0
09-27 13:55:25.013  1463  2067 D BackgroundInstallControlService: Package event received: 0
09-27 13:55:25.013  1463  2067 D BackgroundInstallControlService: Package event received: 0
09-27 13:55:26.541  1463  2067 D BackgroundInstallControlService: Package event received: 0
09-27 13:55:26.542  1463  2067 D BackgroundInstallControlService: Package event received: 0
09-27 13:55:26.542  1463  2067 D BackgroundInstallControlService: Package event received: 0
09-27 13:55:26.543  1463  2067 D BackgroundInstallControlService: Package event received: 0
09-27 13:55:28.063  1463  2067 D BackgroundInstallControlService: Package event received: 0
09-27 13:55:28.063  1463  2067 D BackgroundInstallControlService: Package event received: 0
09-27 13:55:28.063  1463  2067 D BackgroundInstallControlService: Package event received: 0
09-27 13:55:28.063  1463  2067 D BackgroundInstallControlService: Package event received: 0
09-27 13:55:28.426  1463  2067 D BackgroundInstallControlService: Package event received: 0
09-27 13:55:28.430  1463  1659 I SoundTriggerMiddlewareLogging: RECOGNITION (1, RecognitionEventSys{recognitionEvent: RecognitionEvent{status: 0, type: 1, captureAvailable: true, captureDelayMs: 0, capturePreambleMs: 0, triggerInData: false, audioConfig: AudioConfig{base: AudioConfigBase{sampleRate: 16000, channelMask: AudioChannelLayout.layoutMask(1), format: AudioFormatDescription{type: 1, pcm: 1, encoding: }}, offloadInfo: AudioOffloadInfo{base: AudioConfigBase{sampleRate: 0, channelMask: AudioChannelLayout.none(0), format: AudioFormatDescription{type: 0, pcm: 0, encoding: }}, streamType: -2, bitRatePerSecond: 0, durationUs: 0, hasVideo: false, isStreaming: false, bitWidth: 16, offloadBufferSize: 0, usage: -1, encapsulationMode: -1, contentId: 0, syncId: 0}, frameCount: 0}, data: [112, 111, 115, 95, 109, 117, 115, 105, 99, 44, 118, 97, 108, 58, 50, 54, 52, 51, 49], recognitionStillActive: false}, halEventReceivedMillis: 792866699173673, token: android.os.Binder@d555289}, 85993)
09-27 13:55:28.433  1463  1463 V SoundTriggerService: 9f6ad62a-1f0b-11e7-87c5-40a8f03d3f15: onServiceConnected(android.os.BinderProxy@d31102e)
09-27 13:55:28.436  1463  1463 V SoundTriggerService: 9f6ad62a-1f0b-11e7-87c5-40a8f03d3f15: runOp 0
09-27 13:55:28.944  1463  3746 I SoundTriggerMiddlewareLogging: UNLOAD_MODEL (1)
09-27 13:55:28.946  1463  3746 W SoundTriggerHelper: Unload error: Attempting unload invalid generic model with id:9f6ad62a-1f0b-11e7-87c5-40a8f03d3f15
09-27 13:55:28.979  1463  3746 I SoundTriggerMiddlewareLogging: LOAD_MODEL ("9f6ad62a-1f0b-11e7-87c5-40a8f03d3f15") -> 1
09-27 13:55:29.045  1463  3746 I SoundTriggerMiddlewareLogging: START_RECOGNITION (1, RecognitionConfig{captureRequested: true, phraseRecognitionExtras: [], audioCapabilities: 0, data: []}) -> android.os.Binder@c679de1
09-27 13:55:29.045  1463  3746 I SoundTriggerHelper: startRecognition successful.
09-27 13:55:29.045  1463  3746 W SoundTriggerService: error onStart(): Model 9f6ad62a-1f0b-11e7-87c5-40a8f03d3f15 already started
09-27 13:55:29.046  1463  3746 W SoundTriggerHelper: Unload error: Attempting unload invalid generic model with id:12caddb1-acdb-4dce-8cb0-2e95a2313aee
09-27 13:55:29.046  1463  3746 I SoundTriggerService: error onStop(): Model 12caddb1-acdb-4dce-8cb0-2e95a2313aee has no stats available
09-27 13:55:29.594  1463  2067 D BackgroundInstallControlService: Package event received: 0
09-27 13:55:29.596  1463  2067 D BackgroundInstallControlService: Package event received: 0
09-27 13:55:29.596  1463  2067 D BackgroundInstallControlService: Package event received: 0
09-27 13:55:29.597  1463  2067 D BackgroundInstallControlService: Package event received: 0
09-27 13:55:29.783  1463  1945 I UsageStatsService: User[0] Flushing usage stats to disk
09-27 13:55:29.843  1463  2067 D BackgroundInstallControlService: Package event received: 0
09-27 13:55:31.115  1463  2067 D BackgroundInstallControlService: Package event received: 0
09-27 13:55:31.115  1463  2067 D BackgroundInstallControlService: Package event received: 0
09-27 13:55:31.116  1463  2067 D BackgroundInstallControlService: Package event received: 0
09-27 13:55:31.116  1463  2067 D BackgroundInstallControlService: Package event received: 0
09-27 13:55:32.648  1463  2067 D BackgroundInstallControlService: Package event received: 0
09-27 13:55:32.649  1463  2067 D BackgroundInstallControlService: Package event received: 0
09-27 13:55:32.650  1463  2067 D BackgroundInstallControlService: Package event received: 0
09-27 13:55:32.652  1463  2067 D BackgroundInstallControlService: Package event received: 0
09-27 13:55:33.659  1463  3769 E AppOps  : attributionTag IWLAN not declared in manifest of com.google.pixel.iwlan
09-27 13:55:34.172  1463  2067 D BackgroundInstallControlService: Package event received: 0
09-27 13:55:34.176  1463  2067 D BackgroundInstallControlService: Package event received: 0
09-27 13:55:34.176  1463  2067 D BackgroundInstallControlService: Package event received: 0
09-27 13:55:34.176  1463  2067 D BackgroundInstallControlService: Package event received: 0
09-27 13:55:34.599  1463  3746 E AppOps  : attributionTag IWLAN not declared in manifest of com.google.pixel.iwlan
09-27 13:55:35.309  1463  1723 D ActivityManager: sync unfroze 31213 com.facebook.katana for 3
09-27 13:55:35.691  1463  2067 D BackgroundInstallControlService: Package event received: 0
09-27 13:55:35.693  1463  2067 D BackgroundInstallControlService: Package event received: 0
09-27 13:55:35.695  1463  2067 D BackgroundInstallControlService: Package event received: 0
09-27 13:55:35.695  1463  2067 D BackgroundInstallControlService: Package event received: 0
09-27 13:55:36.702  1463  2067 D BackgroundInstallControlService: Package event received: 0
09-27 13:55:37.223  1463  2067 D BackgroundInstallControlService: Package event received: 0
09-27 13:55:37.225  1463  2067 D BackgroundInstallControlService: Package event received: 0
09-27 13:55:37.225  1463  2067 D BackgroundInstallControlService: Package event received: 0
09-27 13:55:37.225  1463  2067 D BackgroundInstallControlService: Package event received: 0
09-27 13:55:38.764  1463  2067 D BackgroundInstallControlService: Package event received: 0
09-27 13:55:38.769  1463  2067 D BackgroundInstallControlService: Package event received: 0
09-27 13:55:38.769  1463  2067 D BackgroundInstallControlService: Package event received: 0
09-27 13:55:38.769  1463  2067 D BackgroundInstallControlService: Package event received: 0
09-27 13:55:40.300  1463  2067 D BackgroundInstallControlService: Package event received: 0
09-27 13:55:40.302  1463  2067 D BackgroundInstallControlService: Package event received: 0
09-27 13:55:40.303  1463  2067 D BackgroundInstallControlService: Package event received: 0
09-27 13:55:40.303  1463  2067 D BackgroundInstallControlService: Package event received: 0
09-27 13:55:41.772  1463  1723 D ActivityManager: sync unfroze 5234 com.google.android.apps.photos for 3
09-27 13:55:41.840  1463  2067 D BackgroundInstallControlService: Package event received: 0
09-27 13:55:41.840  1463  2067 D BackgroundInstallControlService: Package event received: 0
09-27 13:55:41.847  1463  2067 D BackgroundInstallControlService: Package event received: 0
09-27 13:55:41.847  1463  2067 D BackgroundInstallControlService: Package event received: 0
09-27 13:55:42.526  1463  4936 D CompatChangeReporter: Compat change id reported: 349487600; UID 10195; state: ENABLED
09-27 13:55:42.725  1463  2067 D BackgroundInstallControlService: Package event received: 0
09-27 13:55:42.825  1463  3220 W JobScheduler: Job didn't exist in JobStore: 3d771d6 {androidx.work.systemjobscheduler} #u0a195/555027823 @androidx.work.systemjobscheduler@com.google.android.apps.photos/androidx.work.impl.background.systemjob.SystemJobService
09-27 13:55:43.370  1463  2067 D BackgroundInstallControlService: Package event received: 0
09-27 13:55:43.372  1463  2067 D BackgroundInstallControlService: Package event received: 0
09-27 13:55:43.372  1463  2067 D BackgroundInstallControlService: Package event received: 0
09-27 13:55:43.372  1463  2067 D BackgroundInstallControlService: Package event received: 0
09-27 13:55:44.903  1463  2067 D BackgroundInstallControlService: Package event received: 0
09-27 13:55:44.904  1463  2067 D BackgroundInstallControlService: Package event received: 0
09-27 13:55:44.904  1463  2067 D BackgroundInstallControlService: Package event received: 0
09-27 13:55:44.906  1463  2067 D BackgroundInstallControlService: Package event received: 0
09-27 13:55:45.327  1463  1961 D ActivityManager: freezing 31213 com.facebook.katana
09-27 13:55:46.454  1463  2067 D BackgroundInstallControlService: Package event received: 0
09-27 13:55:46.462  1463  2067 D BackgroundInstallControlService: Package event received: 0
09-27 13:55:46.462  1463  2067 D BackgroundInstallControlService: Package event received: 0
09-27 13:55:46.462  1463  2067 D BackgroundInstallControlService: Package event received: 0
09-27 13:55:46.462  1463  2067 D BackgroundInstallControlService: Package event received: 0
09-27 13:55:47.989  1463  2067 D BackgroundInstallControlService: Package event received: 0
09-27 13:55:47.992  1463  2067 D BackgroundInstallControlService: Package event received: 0
09-27 13:55:47.992  1463  2067 D BackgroundInstallControlService: Package event received: 0
09-27 13:55:47.992  1463  2067 D BackgroundInstallControlService: Package event received: 0
09-27 13:55:49.515  1463  2067 D BackgroundInstallControlService: Package event received: 0
09-27 13:55:49.516  1463  2067 D BackgroundInstallControlService: Package event received: 0
09-27 13:55:49.517  1463  2067 D BackgroundInstallControlService: Package event received: 0
09-27 13:55:49.517  1463  2067 D BackgroundInstallControlService: Package event received: 0
09-27 13:55:49.657  1463  2067 D BackgroundInstallControlService: Package event received: 0
09-27 13:55:49.663  1463  3769 I SoundTriggerMiddlewareLogging: RECOGNITION (1, RecognitionEventSys{recognitionEvent: RecognitionEvent{status: 0, type: 1, captureAvailable: true, captureDelayMs: 0, capturePreambleMs: 0, triggerInData: false, audioConfig: AudioConfig{base: AudioConfigBase{sampleRate: 16000, channelMask: AudioChannelLayout.layoutMask(1), format: AudioFormatDescription{type: 1, pcm: 1, encoding: }}, offloadInfo: AudioOffloadInfo{base: AudioConfigBase{sampleRate: 0, channelMask: AudioChannelLayout.none(0), format: AudioFormatDescription{type: 0, pcm: 0, encoding: }}, streamType: -2, bitRatePerSecond: 0, durationUs: 0, hasVideo: false, isStreaming: false, bitWidth: 16, offloadBufferSize: 0, usage: -1, encapsulationMode: -1, contentId: 0, syncId: 0}, frameCount: 0}, data: [112, 111, 115, 95, 109, 117, 115, 105, 99, 44, 118, 97, 108, 58, 50, 55, 57, 57, 57], recognitionStillActive: false}, halEventReceivedMillis: 792887932173683, token: android.os.Binder@c679de1}, 86001)
09-27 13:55:49.663  1463  1463 V SoundTriggerService: 9f6ad62a-1f0b-11e7-87c5-40a8f03d3f15: onServiceConnected(android.os.BinderProxy@1682c5d)
09-27 13:55:49.664  1463  1463 V SoundTriggerService: 9f6ad62a-1f0b-11e7-87c5-40a8f03d3f15: runOp 0
09-27 13:55:51.049  1463  2067 D BackgroundInstallControlService: Package event received: 0
09-27 13:55:51.051  1463  2067 D BackgroundInstallControlService: Package event received: 0
09-27 13:55:51.052  1463  2067 D BackgroundInstallControlService: Package event received: 0
09-27 13:55:51.053  1463  2067 D BackgroundInstallControlService: Package event received: 0
09-27 13:55:51.526  1463  3746 I SoundTriggerMiddlewareLogging: UNLOAD_MODEL (1)
09-27 13:55:51.528  1463  3746 W SoundTriggerHelper: Unload error: Attempting unload invalid generic model with id:9f6ad62a-1f0b-11e7-87c5-40a8f03d3f15
09-27 13:55:51.575  1463  3746 I SoundTriggerMiddlewareLogging: LOAD_MODEL ("9f6ad62a-1f0b-11e7-87c5-40a8f03d3f15") -> 1
09-27 13:55:51.643  1463  3746 I SoundTriggerMiddlewareLogging: START_RECOGNITION (1, RecognitionConfig{captureRequested: true, phraseRecognitionExtras: [], audioCapabilities: 0, data: []}) -> android.os.Binder@f105b1b
09-27 13:55:51.643  1463  3746 I SoundTriggerHelper: startRecognition successful.
09-27 13:55:51.643  1463  3746 W SoundTriggerService: error onStart(): Model 9f6ad62a-1f0b-11e7-87c5-40a8f03d3f15 already started
09-27 13:55:51.645  1463  3746 W SoundTriggerHelper: Unload error: Attempting unload invalid generic model with id:12caddb1-acdb-4dce-8cb0-2e95a2313aee
09-27 13:55:51.645  1463  3746 I SoundTriggerService: error onStop(): Model 12caddb1-acdb-4dce-8cb0-2e95a2313aee has no stats available
09-27 13:55:52.572  1463  2067 D BackgroundInstallControlService: Package event received: 0
09-27 13:55:52.576  1463  2067 D BackgroundInstallControlService: Package event received: 0
09-27 13:55:52.576  1463  2067 D BackgroundInstallControlService: Package event received: 0
09-27 13:55:52.576  1463  2067 D BackgroundInstallControlService: Package event received: 0
--------- beginning of main
09-27 13:55:53.964 14791 14795 I pixel-thermal: CDEV log dc_icl state:0 gxp-cooling state:0 thermal-uclamp-4 state:0 thermal-cpufreq-2 state:0 thermal-cpufreq-0 state:0 tpu_cooling state:0 usbc-port state:0 thermal-uclamp-0 state:0 fcc state:0 thermal-cpufreq-1 state:0 thermal-gpufreq-0 state:0 thermal-uclamp-7 state:0 
09-27 13:55:54.101  1463  2067 D BackgroundInstallControlService: Package event received: 0
09-27 13:55:54.105  1463  2067 D BackgroundInstallControlService: Package event received: 0
09-27 13:55:54.105  1463  2067 D BackgroundInstallControlService: Package event received: 0
09-27 13:55:54.105  1463  2067 D BackgroundInstallControlService: Package event received: 0
09-27 13:55:54.111  2404  2727 D SatelliteController: iisInCarrierRoamingNbIotNtn: satellite is disabled
09-27 13:55:54.117  2795  2795 D CellularQualityMonitor-0: Signal Strength Changed : SignalStrength:{mCdma=CellSignalStrengthCdma: cdmaDbm=2147483647 cdmaEcio=2147483647 evdoDbm=2147483647 evdoEcio=2147483647 evdoSnr=2147483647 level=0,mGsm=CellSignalStrengthGsm: rssi=2147483647 ber=2147483647 mTa=2147483647 mLevel=0,mWcdma=CellSignalStrengthWcdma: ss=2147483647 ber=2147483647 rscp=2147483647 ecno=2147483647 level=0,mTdscdma=CellSignalStrengthTdscdma: rssi=2147483647 ber=2147483647 rscp=2147483647 level=0,mLte=CellSignalStrengthLte: rssi=-83 rsrp=-101 rsrq=-9 rssnr=18 cqiTableIndex=1 cqi=14 ta=27 level=2 parametersUseForLevel=0,mNr=CellSignalStrengthNr:{ csiRsrp = 2147483647 csiRsrq = 2147483647 csiCqiTableIndex = 2147483647 csiCqiReport = [] ssRsrp = 2147483647 ssRsrq = 2147483647 ssSinr = 2147483647 level = 0 parametersUseForLevel = 0 timingAdvance = 2147483647 },primary=CellSignalStrengthLte}
09-27 13:55:54.117  2795  2795 D CellularQualityMonitor-0: CellSignalStrength Changed: CellSignalStrengthLte: rssi=-83 rsrp=-101 rsrq=-9 rssnr=18 cqiTableIndex=1 cqi=14 ta=27 level=2 parametersUseForLevel=0
09-27 13:55:54.118  2359  2359 I SHANNON_IMS: 6047 [PROX] Received onSignalStrengthsChanged [CellSignalStrengthLte: rssi=-83 rsrp=-101 rsrq=-9 rssnr=18 cqiTableIndex=1 cqi=14 ta=27 level=2 parametersUseForLevel=0] [SLID:0 APM:false] (ImsConnectivityProxyListener$ImsPhoneStateListener%onSignalStrengthsChanged:413)
09-27 13:55:54.191  8188  8192 E gcblocker: too long GC blocking: 8
09-27 13:55:54.191  8188  8192 E gcblocker: gc block end, 498070664,100
09-27 13:55:55.074  2245 19648 I BluetoothAdapterProperties: getBondedDevices: length=5
09-27 13:55:55.079  2245 29088 I BluetoothAdapterProperties: getBondedDevices: length=5
09-27 13:55:55.652  1463  2067 D BackgroundInstallControlService: Package event received: 0
09-27 13:55:55.653  1463  2067 D BackgroundInstallControlService: Package event received: 0
09-27 13:55:55.653  1463  2067 D BackgroundInstallControlService: Package event received: 0
09-27 13:55:55.654  1463  2067 D BackgroundInstallControlService: Package event received: 0
09-27 13:55:55.737  8188  8192 E gcblocker: too long GC blocking: 8
09-27 13:55:55.737  8188  8192 E gcblocker: gc block end, 498072209,101
09-27 13:55:56.054 14791 14795 I pixel-thermal: north_therm:31.95 raw data: north_therm:31950 
09-27 13:55:56.574  2251  2423 D ImpulseConnection: timeout happen: com.google.android.apps.turbo
09-27 13:55:56.585  2251  2423 D ImpulseConnection: unbindService for releasing a CONNECTED connection com.google.android.apps.turbo
09-27 13:55:56.588  2251  2446 D TemperatureStateSource: sequence=49735 actualDelay=10000
09-27 13:55:56.588  2251  2446 D TemperatureStateSource: Reading temperature: sequence=49736
09-27 13:55:56.610 14791 14791 I pixel-thermal: CPU_THROTTLE_SEVERE:0 raw data: CPU_THROTTLE_SEVERE:0 
09-27 13:55:56.611 14791 14791 I pixel-thermal: VIRTUAL-SKIN:30.2055 raw data: VIRTUAL-SKIN:30205.5 VIRTUAL-SKIN-LEGACY:30497.5 VIRTUAL-SKIN-LEGACY-MODEL-DIFF:300.293 VIRTUAL-SKIN-LEGACY-SHUTDOWN:0 VIRTUAL-SKIN-MODEL:30197.2 VIRTUAL-SKIN-MODEL-CLAMPED:30197.2 VIRTUAL-SKIN-MODEL-LEGACY-DIFF:-300.293 VIRTUAL-SKIN-MODEL-UPDATED:30205.5 VIRTUAL-SKIN-MODEL-UPPER-CLAMPED:30197.2 VIRTUAL-SKIN-SUB-0:29349.4 VIRTUAL-SKIN-SUB-1:30065.2 VIRTUAL-SKIN-SUB-2:30187 VIRTUAL-SKIN-SUB-3:30497.5 VIRTUAL-SKIN-SUB-4:30004 VT_LEGACY_WEIGHT:0 VT_MODEL_WEIGHT:1 battery:29800 btmspkr_therm:28901 charging_therm:32863 disp_therm:28812 north_therm:31950 quiet_therm:31639 rfpa_therm:31906 soc_therm:32529 usb_pwr_therm:28923 
09-27 13:55:56.612  2251  2446 D TemperatureStateSource: getDeviceTemperatures: sequence=49736 deviceTemperatureType=3 temperatureSource=0 temperatures=[30.205458]
09-27 13:55:56.612  2251  2446 D BusinessScope: Enqueuing the block
09-27 13:55:56.612  2251  2446 D TemperatureStateSource: sequence=49736 waitTime=10000
09-27 13:55:56.613  2251  2446 D BusinessScope: Start running the #106779 block
09-27 13:55:56.613  2251  2446 D BusinessScope: Enqueuing the block
09-27 13:55:56.613  2251  2446 D ImpulseStateSource: Notify clients: 53383
09-27 13:55:56.613  2251  2446 D BusinessScope: Finish running the #106779 block
09-27 13:55:56.614  2251  2446 D BusinessScope: Start running the #106780 block
09-27 13:55:56.614  2251  2446 D BusinessScope: Finish running the #106780 block
09-27 13:55:56.770  7040  7045 W roid.apps.turbo: Reducing the number of considered missed Gc histogram windows from 124 to 100
09-27 13:55:57.038  1197  1197 W TracingMuxer: type=1400 audit(0.0:251953): avc:  denied  { write } for  name="traced_producer" dev="tmpfs" ino=1296 scontext=u:r:gxp_logging:s0 tcontext=u:object_r:traced_producer_socket:s0 tclass=sock_file permissive=0
09-27 13:55:57.181  1463  2067 D BackgroundInstallControlService: Package event received: 0
09-27 13:55:57.181  1463  2067 D BackgroundInstallControlService: Package event received: 0
09-27 13:55:57.181  1463  2067 D BackgroundInstallControlService: Package event received: 0
09-27 13:55:57.181  1463  2067 D BackgroundInstallControlService: Package event received: 0
09-27 13:55:57.272  8188  8192 E gcblocker: too long GC blocking: 8
09-27 13:55:57.272  8188  8192 E gcblocker: gc block end, 498073744,101
09-27 13:55:57.807 14791 14795 I pixel-thermal: disp_therm:28.812 raw data: disp_therm:28812 
09-27 13:55:57.815 14791 14795 I pixel-thermal: btmspkr_therm:28.901 raw data: btmspkr_therm:28901 
09-27 13:55:57.815 14791 14795 I pixel-thermal: usb_pwr_therm:28.923 raw data: usb_pwr_therm:28923 
09-27 13:55:57.815 14791 14795 I pixel-thermal: VIRTUAL-USB-UI:0 raw data: USB-MINUS-CHARGER:-3940 VIRTUAL-USB-UI:0 charging_therm:32863 usb_pwr_therm:28923 
09-27 13:55:57.815 14791 14795 I pixel-thermal: VIRTUAL-USB-THROTTLING:0 raw data: USB-MINUS-CHARGER:-3940 VIRTUAL-USB-THROTTLING:0 usb_pwr_therm:28923 
09-27 13:55:58.630 14791 14795 I pixel-thermal: VIRTUAL-SKIN-MODEL: model_input: [31906.00 31639.00 32863.00 28923.00 28901.00 28812.00 31950.00 32529.00 ]
09-27 13:55:58.631 14791 14795 I native  : I0000 00:00:1758945358.630890   14795 thermal_tflite_wrapper.cc:261] ThermalTfliteInvoke
09-27 13:55:58.631 14791 14795 I pixel-thermal: VIRTUAL-SKIN-MODEL: model_output: [30201.7 ]
09-27 13:55:58.631 14791 14795 I pixel-thermal: VIRTUAL-SKIN-MODEL: predicted_value: [30201.7 ]
09-27 13:55:58.632 14791 14795 I pixel-thermal: VIRTUAL-SKIN-CPU-MID:30.204 raw data: VIRTUAL-SKIN:30204 VIRTUAL-SKIN-CPU-MID:30204 VIRTUAL-SKIN-LEGACY:30497.5 VIRTUAL-SKIN-LEGACY-MODEL-DIFF:295.826 VIRTUAL-SKIN-LEGACY-SHUTDOWN:0 VIRTUAL-SKIN-MODEL:30201.7 VIRTUAL-SKIN-MODEL-CLAMPED:30201.7 VIRTUAL-SKIN-MODEL-LEGACY-DIFF:-295.826 VIRTUAL-SKIN-MODEL-UPDATED:30204 VIRTUAL-SKIN-MODEL-UPPER-CLAMPED:30201.7 VIRTUAL-SKIN-SUB-0:29349.4 VIRTUAL-SKIN-SUB-1:30065.2 VIRTUAL-SKIN-SUB-2:30187 VIRTUAL-SKIN-SUB-3:30497.5 VIRTUAL-SKIN-SUB-4:30004 VT_LEGACY_WEIGHT:0 VT_MODEL_WEIGHT:1 battery:29800 btmspkr_therm:28901 charging_therm:32863 disp_therm:28812 north_therm:31950 quiet_therm:31639 rfpa_therm:31906 soc_therm:32529 usb_pwr_therm:28923 
09-27 13:55:58.639 14791 14795 I pixel-thermal: VIRTUAL-SKIN-SOC:30.204 raw data: VIRTUAL-SKIN:30204 VIRTUAL-SKIN-SOC:30204 
09-27 13:55:58.639 14791 14795 I pixel-thermal: VIRTUAL-SKIN-DISPLAY:30.204 raw data: VIRTUAL-SKIN:30204 VIRTUAL-SKIN-DISPLAY:30204 
09-27 13:55:58.639 14791 14795 I pixel-thermal: CPU_THROTTLE_SEVERE:0 raw data: CPU_THROTTLE_SEVERE:0 
09-27 13:55:58.639 14791 14795 I pixel-thermal: VIRTUAL-SKIN:30.204 raw data: VIRTUAL-SKIN:30204 
09-27 13:55:58.639 14791 14795 I pixel-thermal: VIRTUAL-SKIN-HINT:30.204 raw data: VIRTUAL-SKIN:30204 VIRTUAL-SKIN-HINT:30204 
09-27 13:55:58.639 14791 14795 I pixel-thermal: VIRTUAL-SKIN-CPU-LIGHT-ODPM:30.204 raw data: VIRTUAL-SKIN:30204 VIRTUAL-SKIN-CPU-LIGHT-ODPM:30204 
09-27 13:55:58.640 14791 14795 I pixel-thermal: VIRTUAL-SKIN-CPU-ODPM:30.204 raw data: VIRTUAL-SKIN:30204 VIRTUAL-SKIN-CPU-ODPM:30204 
09-27 13:55:58.640 14791 14795 I pixel-thermal: VIRTUAL-SKIN-ODPM-MODEL: model_input: [31906.00 31639.00 32863.00 28923.00 28901.00 28812.00 31950.00 32529.00 29800.00 592.99 5.10 126.66 113.09 4.47 48.24 ]
09-27 13:55:58.640 14791 14795 I native  : I0000 00:00:1758945358.640236   14795 thermal_tflite_wrapper.cc:261] ThermalTfliteInvoke
09-27 13:55:58.640 14791 14795 I pixel-thermal: VIRTUAL-SKIN-ODPM-MODEL: model_output: [29314.1 ]
09-27 13:55:58.640 14791 14795 I pixel-thermal: VIRTUAL-SKIN-ODPM-MODEL: predicted_value: [29314.1 ]
09-27 13:55:58.641 14791 14795 I pixel-thermal: VIRTUAL-SKIN-SPEAKER-MODEL: model_input: [29800.00 28901.00 32863.00 28812.00 31950.00 31639.00 31906.00 32529.00 28923.00 ]
09-27 13:55:58.641 14791 14795 I native  : I0000 00:00:1758945358.641053   14795 thermal_tflite_wrapper.cc:261] ThermalTfliteInvoke
09-27 13:55:58.641 14791 14795 I pixel-thermal: VIRTUAL-SKIN-SPEAKER-MODEL: model_output: [29439.3 ]
09-27 13:55:58.641 14791 14795 I pixel-thermal: VIRTUAL-SKIN-SPEAKER-MODEL: predicted_value: [29439.3 ]
09-27 13:55:58.641 14791 14795 I pixel-thermal: STATS-UPDATOR:0 raw data: EXTREME-SOC-CONDITION-CHECK:0 MAIN_SOC_POWER:253.16 MODEL_CAMERA_PWR:5.1011 MODEL_DISPLAY_PWR:126.662 MODEL_MISC_PWR:592.987 MODEL_MODEM_PWR:113.095 MODEL_RFFE_PWR:4.46652 MODEL_WLAN_BT_PWR:48.245 NORTH_THERM-UNDER-THRESHOLD:1 NORTH_THERM-VSKIN-DIFF-DURING-NORTH_THERM-OVER-THRESHOLD:-998254 NORTH_THERM-VSKIN-DIFF-DURING-VSKIN-OVER-52:-998254 QUIET_THERM-UNDER-THRESHOLD:1 QUIET_THERM-VSKIN-DIFF-DURING-QUIET_THERM-OVER-THRESHOLD:-998565 QUIET_THERM-VSKIN-DIFF-DURING-VSKIN-OVER-52:-998565 RFPA_THERM-UNDER-THRESHOLD:1 RFPA_THERM-VSKIN-DIFF-DURING-RFPA_THERM-OVER-THRESHOLD:-998298 RFPA_THERM-VSKIN-DIFF-DURING-VSKIN-OVER-52:-998298 SOC_THERM-UNDER-THRESHOLD:1 SOC_THERM-VSKIN-DIFF-DURING-SOC_THERM-OVER-THRESHOLD:-997675 SOC_THERM-VSKIN-DIFF-DURING-VSKIN-OVER-52:-997675 STATS-UPDATOR:0 TPU_35S:0 VIRTUAL-SKIN:30204 VIRTUAL-SKIN-LEGACY:30497.5 VIRTUAL-SKIN-MODEL:30201.7 VIRTUAL-SKIN-MODEL-LEGACY-DIFF:-295.826 VIRTUAL-SKIN-ODPM-MODEL:29314.1 VIRTUAL-SKIN-SPEAKER-MODEL:29439.3 VSKIN-SKIN-UNDER-52:1 battery:29800 btmspkr_therm:28901 charging_therm:32863 disp_therm:28812 north_therm:31950 quiet_therm:31639 rfpa_therm:31906 soc_therm:32529 usb_pwr_therm:28923 
09-27 13:55:58.641 14791 14795 I pixel-thermal: VIRTUAL-SKIN-CPU-HIGH:30.204 raw data: VIRTUAL-SKIN:30204 VIRTUAL-SKIN-CPU-HIGH:30204 
09-27 13:55:58.641 14791 14795 I pixel-thermal: cellular-emergency:30.204 raw data: VIRTUAL-SKIN:30204 cellular-emergency:30204 
09-27 13:55:58.708  1463  2067 D BackgroundInstallControlService: Package event received: 0
09-27 13:55:58.713  1463  2067 D BackgroundInstallControlService: Package event received: 0
09-27 13:55:58.714  1463  2067 D BackgroundInstallControlService: Package event received: 0
09-27 13:55:58.715  1463  2067 D BackgroundInstallControlService: Package event received: 0
09-27 13:55:58.798  8188  8192 E gcblocker: too long GC blocking: 8
09-27 13:55:58.798  8188  8192 E gcblocker: gc block end, 498075271,100
09-27 13:55:58.817 14791 14795 I pixel-thermal: charging_therm:32.863 raw data: charging_therm:32863 
09-27 13:55:59.224  2404  2727 D SatelliteController: iisInCarrierRoamingNbIotNtn: satellite is disabled
09-27 13:55:59.229  2359  2359 I SHANNON_IMS: 6049 [PROX] Received onSignalStrengthsChanged [CellSignalStrengthLte: rssi=-83 rsrp=-101 rsrq=-9 rssnr=22 cqiTableIndex=1 cqi=2 ta=0 level=2 parametersUseForLevel=0] [SLID:1 APM:false] (ImsConnectivityProxyListener$ImsPhoneStateListener%onSignalStrengthsChanged:413)
09-27 13:55:59.234  2795  2795 D CellularQualityMonitor-1: Signal Strength Changed : SignalStrength:{mCdma=CellSignalStrengthCdma: cdmaDbm=2147483647 cdmaEcio=2147483647 evdoDbm=2147483647 evdoEcio=2147483647 evdoSnr=2147483647 level=0,mGsm=CellSignalStrengthGsm: rssi=2147483647 ber=2147483647 mTa=2147483647 mLevel=0,mWcdma=CellSignalStrengthWcdma: ss=2147483647 ber=2147483647 rscp=2147483647 ecno=2147483647 level=0,mTdscdma=CellSignalStrengthTdscdma: rssi=2147483647 ber=2147483647 rscp=2147483647 level=0,mLte=CellSignalStrengthLte: rssi=-83 rsrp=-101 rsrq=-9 rssnr=22 cqiTableIndex=1 cqi=2 ta=0 level=2 parametersUseForLevel=0,mNr=CellSignalStrengthNr:{ csiRsrp = 2147483647 csiRsrq = 2147483647 csiCqiTableIndex = 2147483647 csiCqiReport = [] ssRsrp = 2147483647 ssRsrq = 2147483647 ssSinr = 2147483647 level = 0 parametersUseForLevel = 0 timingAdvance = 2147483647 },primary=CellSignalStrengthLte}
09-27 13:55:59.234  2795  2795 D CellularQualityMonitor-1: CellSignalStrength Changed: CellSignalStrengthLte: rssi=-83 rsrp=-101 rsrq=-9 rssnr=22 cqiTableIndex=1 cqi=2 ta=0 level=2 parametersUseForLevel=0
09-27 13:56:00.163  1463  1723 D ActivityManager: sync unfroze 31213 com.facebook.katana for 3
09-27 13:56:00.167 31213 31213 W fb4a.InitStatus: Not blocking Service (252369949)
09-27 13:56:00.168 31213 31213 W fb4a.InitStatus: Not blocking Service (252369949)
09-27 13:56:00.174  1463  3769 D ConnectivityService: Returning UNBLOCKED NetworkInfo to uid=10297
09-27 13:56:00.199   872   916 D CHRE.HAL: Received a nanoapp message from 0x476f6f676c00100b endpoint 0x62: Type 0x401 size 198 
09-27 13:56:00.201   872   916 D CHRE    : @ 792900.707: Parsed nanoapp message from host: app ID 0x476f6f676c00100b endpoint 0x62 msgType 112 payload size 10
09-27 13:56:00.201   872   916 I CHRE    : @ 792900.708: [NanoMinion] received MSG Type 0x70, Version 1, 6 bytes
09-27 13:56:00.201   872   916 I CHRE    : @ 792900.708: [AR] request.flush
09-27 13:56:00.201   872   916 I CHRE    : @ 792900.708: [AR] send to host, reason=3, sampleSize=11, transitionSize=0, lastAccelTime = 792729638, lastAudioTime = 0 
09-27 13:56:00.201   872   916 I CHRE    : @ 792900.708: [NanoMinion] sent MSG Type 0x72, Version 0, 190 bytes, MessageId 156
09-27 13:56:00.209 31213 31213 W fb4a.InitStatus: Not blocking Service (252369949)
09-27 13:56:00.244  1463  2100 W AppOps  : Noting op not finished: uid 10152 pkg com.google.android.gms code 113 startTime of in progress event=1758944550035
09-27 13:56:00.247  1463  2067 D BackgroundInstallControlService: Package event received: 0
09-27 13:56:00.248  1463  2067 D BackgroundInstallControlService: Package event received: 0
09-27 13:56:00.249  1463  2067 D BackgroundInstallControlService: Package event received: 0
09-27 13:56:00.250  1463  2067 D BackgroundInstallControlService: Package event received: 0
09-27 13:56:00.274  1463  2100 W AppOps  : Noting op not finished: uid 10152 pkg com.google.android.gms code 113 startTime of in progress event=1758944550035
09-27 13:56:00.288  1463  3747 W AppOps  : Noting op not finished: uid 10152 pkg com.google.android.gms code 79 startTime of in progress event=1758944550035
09-27 13:56:00.300  7387  7570 I ActivityScheduler: nextTriggerTime: 793078579, in 180000ms, detectorType: 0,  alarmWindowMillis: 22500
09-27 13:56:00.334  8188  8192 E gcblocker: too long GC blocking: 8
09-27 13:56:00.334  8188  8192 E gcblocker: gc block end, 498076806,101
09-27 13:56:00.502  2404  2727 D SatelliteController: iisInCarrierRoamingNbIotNtn: satellite is disabled
09-27 13:56:00.506  2359  2359 I SHANNON_IMS: 6051 [PROX] Received onSignalStrengthsChanged [CellSignalStrengthLte: rssi=-83 rsrp=-100 rsrq=-9 rssnr=17 cqiTableIndex=1 cqi=14 ta=27 level=3 parametersUseForLevel=0] [SLID:0 APM:false] (ImsConnectivityProxyListener$ImsPhoneStateListener%onSignalStrengthsChanged:413)
09-27 13:56:00.511  2795  2795 D CellularQualityMonitor-0: Signal Strength Changed : SignalStrength:{mCdma=CellSignalStrengthCdma: cdmaDbm=2147483647 cdmaEcio=2147483647 evdoDbm=2147483647 evdoEcio=2147483647 evdoSnr=2147483647 level=0,mGsm=CellSignalStrengthGsm: rssi=2147483647 ber=2147483647 mTa=2147483647 mLevel=0,mWcdma=CellSignalStrengthWcdma: ss=2147483647 ber=2147483647 rscp=2147483647 ecno=2147483647 level=0,mTdscdma=CellSignalStrengthTdscdma: rssi=2147483647 ber=2147483647 rscp=2147483647 level=0,mLte=CellSignalStrengthLte: rssi=-83 rsrp=-100 rsrq=-9 rssnr=17 cqiTableIndex=1 cqi=14 ta=27 level=3 parametersUseForLevel=0,mNr=CellSignalStrengthNr:{ csiRsrp = 2147483647 csiRsrq = 2147483647 csiCqiTableIndex = 2147483647 csiCqiReport = [] ssRsrp = 2147483647 ssRsrq = 2147483647 ssSinr = 2147483647 level = 0 parametersUseForLevel = 0 timingAdvance = 2147483647 },primary=CellSignalStrengthLte}
09-27 13:56:00.511  2795  2795 D CellularQualityMonitor-0: CellSignalStrength Changed: CellSignalStrengthLte: rssi=-83 rsrp=-100 rsrq=-9 rssnr=17 cqiTableIndex=1 cqi=14 ta=27 level=3 parametersUseForLevel=0
09-27 13:56:00.678 31213  5869 D omnistore_android_logger: DebouncingRateLimiter attempting event SyncProtocol::onConnectionEstablished
09-27 13:56:00.679 31213  5869 D omnistore_android_logger: Event not rate limited: SyncProtocol::onConnectionEstablished
09-27 13:56:00.679 31213  5869 D omnistore_android_logger: SyncProtocol calling onConnectionEstablished callbacks
09-27 13:56:00.679 31213  5869 D omnistore_android_logger: Removing all queue based subscriptions from rewire state
09-27 13:56:00.681 31213  5869 D omnistore_android_logger: SendQueue::onConnectionEstablished: sending 0 transaction(s)
09-27 13:56:00.682 31213  4797 D omnistore_android_logger: SubscriptionManager::onConnectionEstablished is called back
09-27 13:56:00.683 31213  4797 I omnistore_android_logger: Connect message: queueName: facebook_universal_prefs_v2:100004209433565, gvid: 1
09-27 13:56:00.684 31213  4797 I omnistore_android_logger: Client sent connect message
09-27 13:56:01.245  1463  2100 W AppOps  : Noting op not finished: uid 10152 pkg com.google.android.gms code 113 startTime of in progress event=1758944550035
09-27 13:56:01.797  1463  2067 D BackgroundInstallControlService: Package event received: 0
09-27 13:56:01.798  1463  2067 D BackgroundInstallControlService: Package event received: 0
09-27 13:56:01.799  1463  2067 D BackgroundInstallControlService: Package event received: 0
09-27 13:56:01.799  1463  2067 D BackgroundInstallControlService: Package event received: 0
09-27 13:56:01.882  8188  8192 E gcblocker: too long GC blocking: 8
09-27 13:56:01.882  8188  8192 E gcblocker: gc block end, 498078355,100
09-27 13:56:02.043  1463  2017 D InetDiagMessage: Destroyed 0 sockets, proto=IPPROTO_TCP, family=AF_INET, states=14
09-27 13:56:02.045  1463  2017 D InetDiagMessage: Destroyed 0 sockets, proto=IPPROTO_TCP, family=AF_INET6, states=14
09-27 13:56:02.045  1463  2017 D InetDiagMessage: Destroyed live tcp sockets for uids={10195} in 5ms
09-27 13:56:02.047  1463  2017 D InetDiagMessage: Destroyed 0 sockets, proto=IPPROTO_TCP, family=AF_INET, states=14
09-27 13:56:02.049  1463  2017 D InetDiagMessage: Destroyed 0 sockets, proto=IPPROTO_TCP, family=AF_INET6, states=14
09-27 13:56:02.049  1463  2017 D InetDiagMessage: Destroyed live tcp sockets for uids={20195} in 4ms
09-27 13:56:02.948  1463  1723 D ActivityManager: sync unfroze 4175 com.android.settings for 10
09-27 13:56:03.011 17712 17712 I NotificationListener: received notification removed event - com.google.android.as#UserHandle{0},category=-1
09-27 13:56:03.036  1463  3745 D ActivityManager: sync unfroze 29376 android.process.acore for 7
09-27 13:56:03.041  1463  2067 D BackgroundInstallControlService: Package event received: 0
09-27 13:56:03.041  1463  2067 D BackgroundInstallControlService: Package event received: 0
09-27 13:56:03.041  1463  2067 D BackgroundInstallControlService: Package event received: 0
09-27 13:56:03.041  1463  2067 D BackgroundInstallControlService: Package event received: 0
09-27 13:56:03.081 29376 29403 W Looper  : Slow delivery took 166907ms android.bg app=android.process.acore main=false group=RESTRICTED h=android.database.sqlite.SQLiteConnectionPool$IdleConnectionHandler c=null m=61
09-27 13:56:03.330  1463  2067 D BackgroundInstallControlService: Package event received: 0
09-27 13:56:03.332  1463  2067 D BackgroundInstallControlService: Package event received: 0
09-27 13:56:03.332  1463  2067 D BackgroundInstallControlService: Package event received: 0
09-27 13:56:03.333  1463  2067 D BackgroundInstallControlService: Package event received: 0
09-27 13:56:03.364 14791 14795 I pixel-thermal: soc_therm:32.44 raw data: soc_therm:32440 
09-27 13:56:03.418  8188  8192 E gcblocker: too long GC blocking: 8
09-27 13:56:03.418  8188  8192 E gcblocker: gc block end, 498079890,100
09-27 13:56:03.688 14791 14795 I pixel-thermal: VIRTUAL-SKIN-SPEAKER-MODEL: model_input: [29800.00 28878.00 32885.00 28767.00 31861.00 31639.00 31817.00 32440.00 28878.00 ]
09-27 13:56:03.689 14791 14795 I native  : I0000 00:00:1758945363.688767   14795 thermal_tflite_wrapper.cc:261] ThermalTfliteInvoke
09-27 13:56:03.689 14791 14795 I pixel-thermal: VIRTUAL-SKIN-SPEAKER-MODEL: model_output: [29322 ]
09-27 13:56:03.689 14791 14795 I pixel-thermal: VIRTUAL-SKIN-SPEAKER-MODEL: predicted_value: [29322 ]
09-27 13:56:03.689 14791 14795 I pixel-thermal: VIRTUAL-SKIN-SPEAKER:29.322 raw data: VIRTUAL-SKIN-SPEAKER:29322 VIRTUAL-SKIN-SPEAKER-MODEL:29322 battery:29800 btmspkr_therm:28878 charging_therm:32885 disp_therm:28767 north_therm:31861 quiet_therm:31639 rfpa_therm:31817 soc_therm:32440 usb_pwr_therm:28878 
09-27 13:56:04.341  2404  2727 D SatelliteController: iisInCarrierRoamingNbIotNtn: satellite is disabled
