09-27 13:57:35.652  1463  4933 I am_proc_bound: [0,7332,com.microsoft.office.outlook]
09-27 13:57:36.636  1463  3746 I force_gc: Binder
09-27 13:57:38.138  1463  2088 I am_uid_active: 10266
09-27 13:57:38.146  1463  1961 I am_unfreeze: [32000,com.google.android.permissioncontroller,6]
09-27 13:57:38.171  1463  1961 I am_unfreeze: [21697,com.google.android.euicc,6]
09-27 13:57:38.174  1463  3755 I am_uid_active: 10118
09-27 13:57:38.498  1463  1705 I commit_sys_config_file: [notification-policy,13]
09-27 13:57:43.295  1463  1463 I notification_cancel_all: [1000,1463,com.android.vending,0,0,0,20,NULL]
09-27 13:57:43.295  1463  1463 I notification_cancel_all: [1000,1463,com.android.vending,0,0,0,20,NULL]
09-27 13:57:43.296  1463  1463 I notification_cancel_all: [1000,1463,com.android.vending,0,0,0,20,NULL]
09-27 13:57:43.296  1463  1463 I notification_cancel_all: [1000,1463,com.android.vending,0,0,0,20,NULL]
09-27 13:57:43.297  1463  1463 I notification_cancel_all: [1000,1463,com.android.vending,0,0,0,20,NULL]
09-27 13:57:43.576  1463  1705 I commit_sys_config_file: [notification-policy,20]
09-27 13:57:43.859  7208  7250 I google_http_request: [1129,200,Android-Finsky/48.0.19-31 [0] [PR] 807990555 (api=3,versionCode=84801930,sdk=36,device=tegu,hardware=tegu,product=tegu,platformVersionRelease=16,model=Pixel%209a,buildId=BP3A.250905.014,isWideScreen=0,supportedAbis=arm64-v8a),1]
09-27 13:57:43.981  1463  1463 I sysui_multi_action: [757,803,799,sth_generic_recognition_event,802,1]
09-27 13:57:44.516  1463  1463 I notification_enqueue: [10136,3643,com.google.android.as,123,NULL,0,Notification(channel=com.google.intelligence.sense.ambientmusic.MusicNotificationChannel shortcut=null contentView=null vibrate=null sound=null defaults=0 flags=NO_CLEAR color=0xff607d8b category=transport actions=2 vis=PRIVATE),1,1]
09-27 13:57:44.535  1463  3755 I sysui_multi_action: [757,803,799,sth_unload_generic_sound_model,802,1]
09-27 13:57:44.552  1463  3755 I sysui_multi_action: [757,803,799,sth_unload_generic_sound_model,802,1]
09-27 13:57:44.554  1463  3755 I sysui_multi_action: [757,803,799,sth_start_recognition,802,1]
09-27 13:57:44.657  1463  3755 I sysui_multi_action: [757,803,799,sth_start_recognition_success,802,1]
09-27 13:57:44.658  1463  3755 I sysui_multi_action: [757,803,799,sth_unload_generic_sound_model,802,1]
09-27 13:57:44.858  7208  7250 I google_http_request: [755,200,Android-Finsky/48.0.19-31 [0] [PR] 807990555 (api=3,versionCode=84801930,sdk=36,device=tegu,hardware=tegu,product=tegu,platformVersionRelease=16,model=Pixel%209a,buildId=BP3A.250905.014,isWideScreen=0,supportedAbis=arm64-v8a),1]
09-27 13:57:46.229  1463  1961 I am_freeze: [15810,com.google.android.apps.messaging]
09-27 13:57:46.488  1463  1961 I am_freeze: [31213,com.facebook.katana]
09-27 13:57:46.596  1463  1961 I am_freeze: [9463,com.google.android.apps.weather]
09-27 13:57:46.623  1463  1961 I am_freeze: [1062,com.google.android.apps.safetyhub]
09-27 13:57:46.692  1463  1961 I am_freeze: [16347,com.google.android.googlequicksearchbox:search]
09-27 13:57:46.709  1463  1961 I am_freeze: [5536,com.google.android.apps.pixel.support]
09-27 13:57:46.733  1463  1961 I am_freeze: [7040,com.google.android.apps.turbo]
09-27 13:57:46.894  1463  1961 I am_freeze: [5360,com.google.android.apps.pixel.creativeassistant]
09-27 13:57:47.128  1463  1762 I commit_sys_config_file: [package-user-0,32]
09-27 13:57:47.157  1463  1961 I am_freeze: [7332,com.microsoft.office.outlook]
09-27 13:57:50.882   883   883 I auditd  : type=1400 audit(0.0:251960): avc:  denied  { write } for  comm="TracingMuxer" name="traced_producer" dev="tmpfs" ino=1296 scontext=u:r:hal_neuralnetworks_darwinn:s0 tcontext=u:object_r:traced_producer_socket:s0 tclass=sock_file permissive=0
09-27 13:57:56.781  1463  1961 I am_unfreeze: [7040,com.google.android.apps.turbo,6]
09-27 13:57:57.146  1197  1197 I auditd  : type=1400 audit(0.0:251961): avc:  denied  { write } for  comm="TracingMuxer" name="traced_producer" dev="tmpfs" ino=1296 scontext=u:r:gxp_logging:s0 tcontext=u:object_r:traced_producer_socket:s0 tclass=sock_file permissive=0
09-27 13:57:58.580  1463  1961 I am_freeze: [32000,com.google.android.permissioncontroller]
09-27 13:58:09.023  1463  1961 I am_freeze: [30277,com.google.android.gms]
09-27 13:58:15.294  1463  1723 I am_uid_idle: 10178
09-27 13:58:16.773  1463  3748 I service_manager_stats: [100,15,600672]
09-27 13:58:20.914   883   883 I auditd  : type=1400 audit(0.0:251962): avc:  denied  { write } for  comm="TracingMuxer" name="traced_producer" dev="tmpfs" ino=1296 scontext=u:r:hal_neuralnetworks_darwinn:s0 tcontext=u:object_r:traced_producer_socket:s0 tclass=sock_file permissive=0
09-27 13:58:27.174  1197  1197 I auditd  : type=1400 audit(0.0:251963): avc:  denied  { write } for  comm="TracingMuxer" name="traced_producer" dev="tmpfs" ino=1296 scontext=u:r:gxp_logging:s0 tcontext=u:object_r:traced_producer_socket:s0 tclass=sock_file permissive=0
09-27 13:58:35.660  1463  1723 I am_uid_idle: 10358
09-27 13:58:39.828  1463  1463 I sysui_multi_action: [757,803,799,sth_generic_recognition_event,802,1]
09-27 13:58:40.340  1463  1463 I notification_enqueue: [10136,3643,com.google.android.as,123,NULL,0,Notification(channel=com.google.intelligence.sense.ambientmusic.MusicNotificationChannel shortcut=null contentView=null vibrate=null sound=null defaults=0 flags=NO_CLEAR color=0xff607d8b category=transport actions=2 vis=PRIVATE),1,1]
09-27 13:58:40.351  1463  2146 I sysui_multi_action: [757,803,799,sth_unload_generic_sound_model,802,1]
09-27 13:58:40.366  1463  2146 I sysui_multi_action: [757,803,799,sth_unload_generic_sound_model,802,1]
09-27 13:58:40.368  1463  2146 I sysui_multi_action: [757,803,799,sth_start_recognition,802,1]
09-27 13:58:40.469  1463  2146 I sysui_multi_action: [757,803,799,sth_start_recognition_success,802,1]
09-27 13:58:40.469  1463  2146 I sysui_multi_action: [757,803,799,sth_unload_generic_sound_model,802,1]
09-27 13:58:48.523  1463  1723 I am_uid_idle: 10266
09-27 13:58:49.325  1463  1961 I am_freeze: [21697,com.google.android.euicc]
09-27 13:58:50.946   883   883 I auditd  : type=1400 audit(0.0:251964): avc:  denied  { write } for  comm="TracingMuxer" name="traced_producer" dev="tmpfs" ino=1296 scontext=u:r:hal_neuralnetworks_darwinn:s0 tcontext=u:object_r:traced_producer_socket:s0 tclass=sock_file permissive=0
09-27 13:58:53.146  1463 22667 I commit_sys_config_file: [appops_accesses,62]
09-27 13:58:57.206  1197  1197 I auditd  : type=1400 audit(0.0:251965): avc:  denied  { write } for  comm="TracingMuxer" name="traced_producer" dev="tmpfs" ino=1296 scontext=u:r:gxp_logging:s0 tcontext=u:object_r:traced_producer_socket:s0 tclass=sock_file permissive=0
09-27 13:58:58.403  1463  1961 I am_freeze: [27705,com.android.vending:background]
09-27 13:59:20.978   883   883 I auditd  : type=1400 audit(0.0:251966): avc:  denied  { write } for  comm="TracingMuxer" name="traced_producer" dev="tmpfs" ino=1296 scontext=u:r:hal_neuralnetworks_darwinn:s0 tcontext=u:object_r:traced_producer_socket:s0 tclass=sock_file permissive=0
09-27 13:59:22.873  1463  1961 I am_unfreeze: [16347,com.google.android.googlequicksearchbox:search,6]
09-27 13:59:22.991  1463  1961 I am_unfreeze: [29915,com.snapchat.android,6]
09-27 13:59:22.993  1463  1946 I job_deferred_execution: 1822578
09-27 13:59:23.040  1463  1961 I am_unfreeze: [30767,com.google.android.webview:sandboxed_process0:org.chromium.content.app.SandboxedProcessService0:0,6]
09-27 13:59:23.051  1463  1961 I am_unfreeze: [6418,com.android.chrome,6]
09-27 13:59:23.065  1463  1961 I am_unfreeze: [30277,com.google.android.gms,6]
09-27 13:59:23.068  1463  1961 I am_unfreeze: [3069,com.google.android.adservices.api,6]
09-27 13:59:23.070  1463  1961 I am_unfreeze: [6842,com.android.chrome:sandboxed_process0:org.chromium.content.app.SandboxedProcessService0:0,6]
09-27 13:59:23.070  1463  1961 I am_unfreeze: [6772,com.android.chrome:privileged_process0,6]
09-27 13:59:23.070  1463  1961 I am_unfreeze: [31213,com.facebook.katana,6]
09-27 13:59:23.070  1463  1961 I am_unfreeze: [1550,com.instagram.android,6]
09-27 13:59:23.201  1463  1722 I am_pss  : [6418,10201,com.android.chrome,0,0,0,144293888,0,17,274]
09-27 13:59:23.474  1463  1722 I am_pss  : [30277,10152,com.google.android.gms,0,0,0,190484480,0,19,273]
09-27 13:59:23.521  1463  1722 I am_pss  : [6842,90000,com.android.chrome:sandboxed_process0:org.chromium.content.app.SandboxedProcessService0:0,0,0,0,70942720,0,19,47]
09-27 13:59:23.574  1463  1722 I am_pss  : [6772,10201,com.android.chrome:privileged_process0,0,0,0,104587264,0,19,53]
09-27 13:59:23.777   451   451 I killinfo: [563,10135,995,201,61620,3,174824,1432864,27540,1132,54296,352360,3868744,2428,586728,1687620,308572,721720,161372,472320,126172,230152,501076,96,672,720,12,60,0,53168,680016,20,21,1.260000,0.180000,1.120000,0.030000,3.320000]
09-27 13:59:23.828   451   451 I killinfo: [700,10203,995,201,56748,3,172972,1436968,27996,1132,54296,352360,3868744,14176,582696,1692288,307020,727312,161372,472320,126112,229924,501076,96,168,772,52,61,0,54564,680016,0,0,1.260000,0.180000,1.120000,0.030000,3.320000]
09-27 13:59:23.855  1463  2146 I am_proc_died: [0,700,com.google.android.apps.work.clouddpc,995,19]
09-27 13:59:23.855   451   451 I killinfo: [32528,10162,995,201,62100,3,174216,1436504,28000,1132,54304,352360,3868744,28516,582936,1693216,306656,727292,161372,472308,125504,227644,501076,96,168,796,24,62,0,45272,680016,0,0,1.260000,0.180000,1.120000,0.030000,3.320000]
09-27 13:59:23.860  1463  2146 I am_uid_stopped: 10203
09-27 13:59:23.863  1463  3748 I am_mem_factor: [3,0]
09-27 13:59:23.865  1463  1925 I am_proc_died: [0,563,com.google.android.apps.turbo:aab,995,19]
09-27 13:59:23.877  1463  3748 I am_proc_died: [0,32528,com.google.android.odad,995,19]
09-27 13:59:23.877  1463  3748 I am_uid_stopped: 10162
09-27 13:59:24.137  1463  3748 I am_mem_factor: [1,3]
09-27 13:59:24.232  1463  1925 I am_uid_active: 10178
09-27 13:59:27.238  1197  1197 I auditd  : type=1400 audit(0.0:251967): avc:  denied  { write } for  comm="TracingMuxer" name="traced_producer" dev="tmpfs" ino=1296 scontext=u:r:gxp_logging:s0 tcontext=u:object_r:traced_producer_socket:s0 tclass=sock_file permissive=0
09-27 13:59:29.730  1463  2146 I am_mem_factor: [0,1]
09-27 13:59:30.041  1463  1998 I netstats_mobile_sample: [2662219795,220174010,2162809,646174,2648034861,214529747,2332264,586819,1758945569157]
09-27 13:59:30.045  1463  1998 I netstats_wifi_sample: [28206894268,3746215966,23974237,6285559,28161236988,3722793299,23771038,6140370,1758945569157]
09-27 13:59:33.168  1463  1961 I am_freeze: [1550,com.instagram.android]
09-27 13:59:33.359  1463  1961 I am_freeze: [31213,com.facebook.katana]
09-27 13:59:33.997  1463  1961 I am_freeze: [29915,com.snapchat.android]
09-27 13:59:34.006  1463  1961 I am_freeze: [30767,com.google.android.webview:sandboxed_process0:org.chromium.content.app.SandboxedProcessService0:0]
09-27 13:59:34.009  1463  1961 I am_freeze: [6418,com.android.chrome]
09-27 13:59:34.011  1463  1961 I am_freeze: [3069,com.google.android.adservices.api]
09-27 13:59:34.013  1463  1961 I am_freeze: [6842,com.android.chrome:sandboxed_process0:org.chromium.content.app.SandboxedProcessService0:0]
09-27 13:59:34.015  1463  1961 I am_freeze: [6772,com.android.chrome:privileged_process0]
09-27 13:59:35.643  1463  1463 I sysui_multi_action: [757,803,799,sth_generic_recognition_event,802,1]
09-27 13:59:35.792  1463  1961 I am_freeze: [16347,com.google.android.googlequicksearchbox:search]
09-27 13:59:36.156  1463  1463 I notification_enqueue: [10136,3643,com.google.android.as,123,NULL,0,Notification(channel=com.google.intelligence.sense.ambientmusic.MusicNotificationChannel shortcut=null contentView=null vibrate=null sound=null defaults=0 flags=NO_CLEAR color=0xff607d8b category=transport actions=2 vis=PRIVATE),1,1]
09-27 13:59:36.184  1463  1925 I sysui_multi_action: [757,803,799,sth_unload_generic_sound_model,802,1]
09-27 13:59:36.201  1463  1925 I sysui_multi_action: [757,803,799,sth_unload_generic_sound_model,802,1]
09-27 13:59:36.203  1463  1925 I sysui_multi_action: [757,803,799,sth_start_recognition,802,1]
09-27 13:59:36.306  1463  1925 I sysui_multi_action: [757,803,799,sth_start_recognition_success,802,1]
09-27 13:59:36.309  1463  1925 I sysui_multi_action: [757,803,799,sth_unload_generic_sound_model,802,1]
09-27 13:59:36.611  1463  1961 I am_unfreeze: [1476,com.google.android.googlequicksearchbox:googleapp,3]
09-27 13:59:37.307  1463  1961 I am_unfreeze: [5234,com.google.android.apps.photos,3]
09-27 13:59:39.306  1463  1723 I am_uid_idle: 10118
09-27 13:59:39.480  1463  1705 I commit_sys_config_file: [jobs,5]
09-27 13:59:46.620  1463  1961 I am_freeze: [1476,com.google.android.googlequicksearchbox:googleapp]
09-27 13:59:49.459  1463  1961 I am_freeze: [30277,com.google.android.gms]
09-27 13:59:50.142  7387  7113 I c2dm    : [-7,,140,74]
09-27 13:59:51.010   883   883 I auditd  : type=1400 audit(0.0:251968): avc:  denied  { write } for  comm="TracingMuxer" name="traced_producer" dev="tmpfs" ino=1296 scontext=u:r:hal_neuralnetworks_darwinn:s0 tcontext=u:object_r:traced_producer_socket:s0 tclass=sock_file permissive=0
09-27 13:59:52.148  1463  1705 I commit_sys_config_file: [jobs,9]
09-27 13:59:57.250  1197  1197 I auditd  : type=1400 audit(0.0:251969): avc:  denied  { write } for  comm="TracingMuxer" name="traced_producer" dev="tmpfs" ino=1296 scontext=u:r:gxp_logging:s0 tcontext=u:object_r:traced_producer_socket:s0 tclass=sock_file permissive=0
09-27 14:00:00.014  1463  1961 I am_unfreeze: [4175,com.android.settings,3]
09-27 14:00:03.906  1463  1724 I am_proc_start: [0,7872,10135,com.google.android.apps.turbo:aab,content provider,{com.google.android.apps.turbo/com.google.android.libraries.smartbattery.appusage.provider.AppUsageProvider}]
09-27 14:00:03.955  1463  3755 I am_proc_bound: [0,7872,com.google.android.apps.turbo:aab]
09-27 14:00:09.099  1463  1961 I am_unfreeze: [1550,com.instagram.android,3]
09-27 14:00:09.126  1463  1723 I am_uid_active: 10281
09-27 14:00:09.140  1463  1961 I am_unfreeze: [21278,com.instagram.android:mqtt,10]
09-27 14:00:09.144  7387  7891 I c2dm    : [-7,,142,75]
09-27 14:00:10.047  1463  2146 I battery_status: [4,2,1,2,Li-ion]
09-27 14:00:10.162  1550  1550 I auditd  : type=1400 audit(0.0:251970): avc:  granted  { execute } for  comm="MainContext" path="/data/data/com.instagram.android/lib-compressed/libauxiliary_databaseMCFBridgejni.so" dev="dm-60" ino=167009 scontext=u:r:untrusted_app:s0:c25,c257,c512,c768 tcontext=u:object_r:app_data_file:s0:c25,c257,c512,c768 tclass=file app=com.instagram.android
09-27 14:00:10.237  1463  1463 I notification_enqueue: [10281,1550,com.instagram.android,64278,direct|1290645;thread_id:340282366841710301244259926911353293153,0,Notification(channel=ig_direct shortcut=thread_shortcut_1290645_340282366841710301244259926911353293153 contentView=null vibrate=null sound=null tick defaults=0 flags=SHOW_LIGHTS|AUTO_CANCEL color=0xff0095f6 category=msg groupKey=2023589183-ig_direct-direct-1290645;thread_id:340282366841710301244259926911353293153 actions=2 vis=PRIVATE locusId=LocusId[63_chars]),0,1]
09-27 14:00:10.397  1463  1463 I notification_enqueue: [10281,1550,com.instagram.android,64278,direct|1290645;thread_id:340282366841710301244259926911353293153,0,Notification(channel=ig_direct shortcut=thread_shortcut_1290645_340282366841710301244259926911353293153 contentView=null vibrate=null sound=null tick defaults=0 flags=SHOW_LIGHTS|AUTO_CANCEL color=0xff0095f6 category=msg groupKey=2023589183-ig_direct-direct-1290645;thread_id:340282366841710301244259926911353293153 actions=2 vis=PRIVATE locusId=LocusId[63_chars]),0,1]
09-27 14:00:10.440  1463  1463 I sysui_multi_action: [757,1501,758,1,793,205,794,0,795,205,796,64278,797,direct|1290645;thread_id:340282366841710301244259926911353293153,806,com.instagram.android,857,ig_direct,858,4,946,2023589183-ig_direct-direct-60fdd5c8,947,0,1500,0,1641,msg,1688,1,1745,732821530]
09-27 14:00:10.440  1463  1463 I sysui_multi_action: [757,804,799,note_interruptive,801,0,802,1]
09-27 14:00:10.443  1463  1463 I sysui_multi_action: [757,1501,758,1,793,209,794,0,795,209,796,64278,797,direct|1290645;thread_id:340282366841710301244259926911353293153,806,com.instagram.android,857,ig_direct,858,4,946,2023589183-ig_direct-direct-60fdd5c8,947,0,1500,0,1641,msg,1688,1,1745,732821530]
09-27 14:00:10.443  1463  1463 I sysui_multi_action: [757,804,799,note_interruptive,801,0,802,1]
09-27 14:00:10.443  1463  1463 I sysui_multi_action: [757,199,758,1,759,3,793,209,794,0,795,209,796,64278,797,direct|1290645;thread_id:340282366841710301244259926911353293153,806,com.instagram.android,857,ig_direct,858,4,946,2023589183-ig_direct-direct-60fdd5c8,947,0,1500,0,1641,msg,1688,1,1745,732821530]
09-27 14:00:10.443  1463  1463 I notification_alert: [0|com.instagram.android|64278|direct|1290645;thread_id:340282366841710301244259926911353293153|10281,1,1,0,0,0]
09-27 14:00:10.601  1463  1463 I sysui_multi_action: [757,199,758,1,759,4096,793,208,794,0,795,208,796,64278,797,direct|1290645;thread_id:340282366841710301244259926911353293153,806,com.instagram.android,857,ig_direct,858,4,946,2023589183-ig_direct-direct-60fdd5c8,947,0,1500,208,1641,msg,1688,1,1745,732821530]
09-27 14:00:10.601  1463  1463 I notification_alert: [0|com.instagram.android|64278|direct|1290645;thread_id:340282366841710301244259926911353293153|10281,0,0,0,0,4096]
09-27 14:00:10.802  2122  2122 I sysui_heads_up_status: [0|com.instagram.android|64278|direct|1290645;thread_id:340282366841710301244259926911353293153|10281,1]
09-27 14:00:10.852  1463  3752 I netstats_mobile_sample: [2662219795,220174010,2162809,646174,2648034861,214529747,2332264,586819,1758945609972]
09-27 14:00:10.852  1463  3752 I netstats_wifi_sample: [28206998968,3746261264,23974433,6285721,28161340836,3722837477,23771222,6140514,1758945609972]
09-27 14:00:10.870  2122  2122 I viewroot_draw_event: [VRI[NotificationShade],Resumed drawing after screen turned on]
09-27 14:00:10.891  2122  2122 I viewroot_draw_event: [VRI[NotificationShade],reportDrawFinished seqId=0]
09-27 14:00:10.891  2122  2122 I viewroot_draw_event: [VRI[StatusBar],Resumed drawing after screen turned on]
09-27 14:00:12.236  1463  1961 I am_freeze: [5234,com.google.android.apps.photos]
09-27 14:00:16.511  2122  2122 I sysui_heads_up_status: [0|com.instagram.android|64278|direct|1290645;thread_id:340282366841710301244259926911353293153|10281,0]
09-27 14:00:16.594  2122  2122 I viewroot_draw_event: [VRI[NotificationShade],Not drawing due to screen off]
09-27 14:00:21.042   883   883 I auditd  : type=1400 audit(0.0:251971): avc:  denied  { write } for  comm="TracingMuxer" name="traced_producer" dev="tmpfs" ino=1296 scontext=u:r:hal_neuralnetworks_darwinn:s0 tcontext=u:object_r:traced_producer_socket:s0 tclass=sock_file permissive=0
09-27 14:00:27.282  1197  1197 I auditd  : type=1400 audit(0.0:251972): avc:  denied  { write } for  comm="TracingMuxer" name="traced_producer" dev="tmpfs" ino=1296 scontext=u:r:gxp_logging:s0 tcontext=u:object_r:traced_producer_socket:s0 tclass=sock_file permissive=0
