--------- beginning of main
09-27 13:51:04.225 14791 14795 I pixel-thermal: VIRTUAL-SKIN-MODEL: model_input: [32151.00 31772.00 32885.00 29836.00 29791.00 30125.00 31928.00 32507.00 ]
09-27 13:51:04.226 14791 14795 I native  : I0000 00:00:1758945064.225817   14795 thermal_tflite_wrapper.cc:261] ThermalTfliteInvoke
09-27 13:51:04.226 14791 14795 I pixel-thermal: VIRTUAL-SKIN-MODEL: model_output: [30593.2 ]
09-27 13:51:04.226 14791 14795 I pixel-thermal: VIRTUAL-SKIN-MODEL: predicted_value: [30593.2 ]
09-27 13:51:04.226 14791 14795 I pixel-thermal: VIRTUAL-SKIN-CPU-MID:30.6307 raw data: VIRTUAL-SKIN:30630.7 VIRTUAL-SKIN-CPU-MID:30630.7 VIRTUAL-SKIN-LEGACY:30911.4 VIRTUAL-SKIN-LEGACY-MODEL-DIFF:318.211 VIRTUAL-SKIN-LEGACY-SHUTDOWN:0 VIRTUAL-SKIN-MODEL:30593.2 VIRTUAL-SKIN-MODEL-CLAMPED:30593.2 VIRTUAL-SKIN-MODEL-LEGACY-DIFF:-318.211 VIRTUAL-SKIN-MODEL-UPDATED:30630.7 VIRTUAL-SKIN-MODEL-UPPER-CLAMPED:30593.2 VIRTUAL-SKIN-SUB-0:29720.1 VIRTUAL-SKIN-SUB-1:30739.3 VIRTUAL-SKIN-SUB-2:30566.1 VIRTUAL-SKIN-SUB-3:30911.4 VIRTUAL-SKIN-SUB-4:30517.9 VT_LEGACY_WEIGHT:0 VT_MODEL_WEIGHT:1 battery:29900 btmspkr_therm:29791 charging_therm:32885 disp_therm:30125 north_therm:31928 quiet_therm:31772 rfpa_therm:32151 soc_therm:32507 usb_pwr_therm:29836 
09-27 13:51:04.233 14791 14795 I pixel-thermal: VIRTUAL-SKIN-SOC:30.6307 raw data: VIRTUAL-SKIN:30630.7 VIRTUAL-SKIN-SOC:30630.7 
09-27 13:51:04.234 14791 14795 I pixel-thermal: VIRTUAL-SKIN-DISPLAY:30.6307 raw data: VIRTUAL-SKIN:30630.7 VIRTUAL-SKIN-DISPLAY:30630.7 
09-27 13:51:04.234 14791 14795 I pixel-thermal: CPU_THROTTLE_SEVERE:0 raw data: CPU_THROTTLE_SEVERE:0 
09-27 13:51:04.234 14791 14795 I pixel-thermal: VIRTUAL-SKIN:30.6307 raw data: VIRTUAL-SKIN:30630.7 
09-27 13:51:04.234 14791 14795 I pixel-thermal: VIRTUAL-SKIN-HINT:30.6307 raw data: VIRTUAL-SKIN:30630.7 VIRTUAL-SKIN-HINT:30630.7 
09-27 13:51:04.234 14791 14795 I pixel-thermal: VIRTUAL-SKIN-CPU-LIGHT-ODPM:30.6307 raw data: VIRTUAL-SKIN:30630.7 VIRTUAL-SKIN-CPU-LIGHT-ODPM:30630.7 
09-27 13:51:04.234 14791 14795 I pixel-thermal: VIRTUAL-SKIN-CPU-ODPM:30.6307 raw data: VIRTUAL-SKIN:30630.7 VIRTUAL-SKIN-CPU-ODPM:30630.7 
09-27 13:51:04.234 14791 14795 I pixel-thermal: VIRTUAL-SKIN-ODPM-MODEL: model_input: [32151.00 31772.00 32885.00 29836.00 29791.00 30125.00 31928.00 32507.00 29900.00 316.22 4.26 502.82 91.31 5.17 37.38 ]
09-27 13:51:04.234 14791 14795 I native  : I0000 00:00:1758945064.234689   14795 thermal_tflite_wrapper.cc:261] ThermalTfliteInvoke
09-27 13:51:04.234 14791 14795 I pixel-thermal: VIRTUAL-SKIN-ODPM-MODEL: model_output: [31205.5 ]
09-27 13:51:04.234 14791 14795 I pixel-thermal: VIRTUAL-SKIN-ODPM-MODEL: predicted_value: [31205.5 ]
09-27 13:51:04.235 14791 14795 I pixel-thermal: STATS-UPDATOR:0 raw data: EXTREME-SOC-CONDITION-CHECK:0 MAIN_SOC_POWER:246.148 MODEL_CAMERA_PWR:4.25717 MODEL_DISPLAY_PWR:502.817 MODEL_MISC_PWR:316.216 MODEL_MODEM_PWR:91.3056 MODEL_RFFE_PWR:5.17267 MODEL_WLAN_BT_PWR:37.3794 NORTH_THERM-UNDER-THRESHOLD:1 NORTH_THERM-VSKIN-DIFF-DURING-NORTH_THERM-OVER-THRESHOLD:-998703 NORTH_THERM-VSKIN-DIFF-DURING-VSKIN-OVER-52:-998703 QUIET_THERM-UNDER-THRESHOLD:1 QUIET_THERM-VSKIN-DIFF-DURING-QUIET_THERM-OVER-THRESHOLD:-998859 QUIET_THERM-VSKIN-DIFF-DURING-VSKIN-OVER-52:-998859 RFPA_THERM-UNDER-THRESHOLD:1 RFPA_THERM-VSKIN-DIFF-DURING-RFPA_THERM-OVER-THRESHOLD:-998480 RFPA_THERM-VSKIN-DIFF-DURING-VSKIN-OVER-52:-998480 SOC_THERM-UNDER-THRESHOLD:1 SOC_THERM-VSKIN-DIFF-DURING-SOC_THERM-OVER-THRESHOLD:-998124 SOC_THERM-VSKIN-DIFF-DURING-VSKIN-OVER-52:-998124 STATS-UPDATOR:0 TPU_35S:0 VIRTUAL-SKIN:30630.7 VIRTUAL-SKIN-LEGACY:30911.4 VIRTUAL-SKIN-MODEL:30593.2 VIRTUAL-SKIN-MODEL-LEGACY-DIFF:-318.211 VIRTUAL-SKIN-ODPM-MODEL:31205.5 VIRTUAL-SKIN-SPEAKER-MODEL:29263.1 VSKIN-SKIN-UNDER-52:1 battery:29900 btmspkr_therm:29791 charging_therm:32885 disp_therm:30125 north_therm:31928 quiet_therm:31772 rfpa_therm:32151 soc_therm:32507 usb_pwr_therm:29836 
09-27 13:51:04.235 14791 14795 I pixel-thermal: VIRTUAL-SKIN-CPU-HIGH:30.6307 raw data: VIRTUAL-SKIN:30630.7 VIRTUAL-SKIN-CPU-HIGH:30630.7 
09-27 13:51:04.235 14791 14795 I pixel-thermal: cellular-emergency:30.6307 raw data: VIRTUAL-SKIN:30630.7 cellular-emergency:30630.7 
--------- beginning of system
09-27 13:51:05.066  1463  2067 D BackgroundInstallControlService: Package event received: 0
09-27 13:51:05.068  1463  2067 D BackgroundInstallControlService: Package event received: 0
09-27 13:51:05.068  1463  2067 D BackgroundInstallControlService: Package event received: 0
09-27 13:51:05.068  1463  2067 D BackgroundInstallControlService: Package event received: 0
09-27 13:51:05.153  8188  8192 E gcblocker: too long GC blocking: 8
09-27 13:51:05.153  8188  8192 E gcblocker: gc block end, 497781625,101
09-27 13:51:05.387   932  2102 I WifiHAL : Creating message to get link statistics; iface = 47
09-27 13:51:05.448   932  2102 I WifiHAL : index: 0 per_rate_size 32, data_rem_len 1152
09-27 13:51:05.448   932  2102 I WifiHAL : index: 1 per_rate_size 32, data_rem_len 1120
09-27 13:51:05.448   932  2102 I WifiHAL : index: 2 per_rate_size 32, data_rem_len 1088
09-27 13:51:05.448   932  2102 I WifiHAL : index: 3 per_rate_size 32, data_rem_len 1056
09-27 13:51:05.448   932  2102 I WifiHAL : index: 4 per_rate_size 32, data_rem_len 1024
09-27 13:51:05.448   932  2102 I WifiHAL : index: 5 per_rate_size 32, data_rem_len 992
09-27 13:51:05.448   932  2102 I WifiHAL : index: 6 per_rate_size 32, data_rem_len 960
09-27 13:51:05.448   932  2102 I WifiHAL : index: 7 per_rate_size 32, data_rem_len 928
09-27 13:51:05.448   932  2102 I WifiHAL : index: 8 per_rate_size 32, data_rem_len 896
09-27 13:51:05.448   932  2102 I WifiHAL : index: 9 per_rate_size 32, data_rem_len 864
09-27 13:51:05.448   932  2102 I WifiHAL : index: 10 per_rate_size 32, data_rem_len 832
09-27 13:51:05.448   932  2102 I WifiHAL : index: 11 per_rate_size 32, data_rem_len 800
09-27 13:51:05.448   932  2102 I WifiHAL : index: 12 per_rate_size 32, data_rem_len 768
09-27 13:51:05.448   932  2102 I WifiHAL : index: 13 per_rate_size 32, data_rem_len 736
09-27 13:51:05.448   932  2102 I WifiHAL : index: 14 per_rate_size 32, data_rem_len 704
09-27 13:51:05.448   932  2102 I WifiHAL : index: 15 per_rate_size 32, data_rem_len 672
09-27 13:51:05.448   932  2102 I WifiHAL : index: 16 per_rate_size 32, data_rem_len 640
09-27 13:51:05.448   932  2102 I WifiHAL : index: 17 per_rate_size 32, data_rem_len 608
09-27 13:51:05.448   932  2102 I WifiHAL : index: 18 per_rate_size 32, data_rem_len 576
09-27 13:51:05.448   932  2102 I WifiHAL : index: 19 per_rate_size 32, data_rem_len 544
09-27 13:51:05.448   932  2102 I WifiHAL : index: 20 per_rate_size 32, data_rem_len 512
09-27 13:51:05.448   932  2102 I WifiHAL : index: 21 per_rate_size 32, data_rem_len 480
09-27 13:51:05.448   932  2102 I WifiHAL : index: 22 per_rate_size 32, data_rem_len 448
09-27 13:51:05.448   932  2102 I WifiHAL : index: 23 per_rate_size 32, data_rem_len 416
09-27 13:51:05.448   932  2102 I WifiHAL : index: 24 per_rate_size 32, data_rem_len 384
09-27 13:51:05.448   932  2102 I WifiHAL : index: 25 per_rate_size 32, data_rem_len 352
09-27 13:51:05.448   932  2102 I WifiHAL : index: 26 per_rate_size 32, data_rem_len 320
09-27 13:51:05.448   932  2102 I WifiHAL : index: 27 per_rate_size 32, data_rem_len 288
09-27 13:51:05.448   932  2102 I WifiHAL : index: 28 per_rate_size 32, data_rem_len 256
09-27 13:51:05.448   932  2102 I WifiHAL : index: 29 per_rate_size 32, data_rem_len 224
09-27 13:51:05.448   932  2102 I WifiHAL : index: 30 per_rate_size 32, data_rem_len 192
09-27 13:51:05.448   932  2102 I WifiHAL : index: 31 per_rate_size 32, data_rem_len 160
09-27 13:51:05.449   932  2102 I WifiHAL : index: 32 per_rate_size 32, data_rem_len 128
09-27 13:51:05.449   932  2102 I WifiHAL : index: 33 per_rate_size 32, data_rem_len 96
09-27 13:51:05.449   932  2102 I WifiHAL : index: 34 per_rate_size 32, data_rem_len 64
09-27 13:51:05.449   932  2102 I WifiHAL : index: 35 per_rate_size 32, data_rem_len 32
09-27 13:51:05.450   932  2102 I WifiHAL : Getting cached scan results, iface handle = 0xb400007e3fe71150
09-27 13:51:05.450   932  2102 E WifiHAL : Creating message to get cached scan results
09-27 13:51:05.458   932  2102 I WifiHAL : In GetCachedScanResultsCommand::handleResponse
09-27 13:51:05.501   870  1716 I bthal.flowcontrol: HciEventPreProcess: HCI Event 0xe Opcode 0xfd59 Length 22 unhandled by ControllerActivityWatcher
09-27 13:51:05.809   932  2102 I WifiHAL : Creating message to get link statistics; iface = 47
09-27 13:51:05.871   932  2102 I WifiHAL : index: 0 per_rate_size 32, data_rem_len 1152
09-27 13:51:05.871   932  2102 I WifiHAL : index: 1 per_rate_size 32, data_rem_len 1120
09-27 13:51:05.871   932  2102 I WifiHAL : index: 2 per_rate_size 32, data_rem_len 1088
09-27 13:51:05.871   932  2102 I WifiHAL : index: 3 per_rate_size 32, data_rem_len 1056
09-27 13:51:05.871   932  2102 I WifiHAL : index: 4 per_rate_size 32, data_rem_len 1024
09-27 13:51:05.871   932  2102 I WifiHAL : index: 5 per_rate_size 32, data_rem_len 992
09-27 13:51:05.871   932  2102 I WifiHAL : index: 6 per_rate_size 32, data_rem_len 960
09-27 13:51:05.871   932  2102 I WifiHAL : index: 7 per_rate_size 32, data_rem_len 928
09-27 13:51:05.871   932  2102 I WifiHAL : index: 8 per_rate_size 32, data_rem_len 896
09-27 13:51:05.871   932  2102 I WifiHAL : index: 9 per_rate_size 32, data_rem_len 864
09-27 13:51:05.872   932  2102 I WifiHAL : index: 10 per_rate_size 32, data_rem_len 832
09-27 13:51:05.872   932  2102 I WifiHAL : index: 11 per_rate_size 32, data_rem_len 800
09-27 13:51:05.872   932  2102 I WifiHAL : index: 12 per_rate_size 32, data_rem_len 768
09-27 13:51:05.872   932  2102 I WifiHAL : index: 13 per_rate_size 32, data_rem_len 736
09-27 13:51:05.872   932  2102 I WifiHAL : index: 14 per_rate_size 32, data_rem_len 704
09-27 13:51:05.872   932  2102 I WifiHAL : index: 15 per_rate_size 32, data_rem_len 672
09-27 13:51:05.872   932  2102 I WifiHAL : index: 16 per_rate_size 32, data_rem_len 640
09-27 13:51:05.872   932  2102 I WifiHAL : index: 17 per_rate_size 32, data_rem_len 608
09-27 13:51:05.872   932  2102 I WifiHAL : index: 18 per_rate_size 32, data_rem_len 576
09-27 13:51:05.872   932  2102 I WifiHAL : index: 19 per_rate_size 32, data_rem_len 544
09-27 13:51:05.872   932  2102 I WifiHAL : index: 20 per_rate_size 32, data_rem_len 512
09-27 13:51:05.872   932  2102 I WifiHAL : index: 21 per_rate_size 32, data_rem_len 480
09-27 13:51:05.872   932  2102 I WifiHAL : index: 22 per_rate_size 32, data_rem_len 448
09-27 13:51:05.872   932  2102 I WifiHAL : index: 23 per_rate_size 32, data_rem_len 416
09-27 13:51:05.872   932  2102 I WifiHAL : index: 24 per_rate_size 32, data_rem_len 384
09-27 13:51:05.872   932  2102 I WifiHAL : index: 25 per_rate_size 32, data_rem_len 352
09-27 13:51:05.872   932  2102 I WifiHAL : index: 26 per_rate_size 32, data_rem_len 320
09-27 13:51:05.872   932  2102 I WifiHAL : index: 27 per_rate_size 32, data_rem_len 288
09-27 13:51:05.872   932  2102 I WifiHAL : index: 28 per_rate_size 32, data_rem_len 256
09-27 13:51:05.872   932  2102 I WifiHAL : index: 29 per_rate_size 32, data_rem_len 224
09-27 13:51:05.872   932  2102 I WifiHAL : index: 30 per_rate_size 32, data_rem_len 192
09-27 13:51:05.872   932  2102 I WifiHAL : index: 31 per_rate_size 32, data_rem_len 160
09-27 13:51:05.872   932  2102 I WifiHAL : index: 32 per_rate_size 32, data_rem_len 128
09-27 13:51:05.872   932  2102 I WifiHAL : index: 33 per_rate_size 32, data_rem_len 96
09-27 13:51:05.872   932  2102 I WifiHAL : index: 34 per_rate_size 32, data_rem_len 64
09-27 13:51:05.872   932  2102 I WifiHAL : index: 35 per_rate_size 32, data_rem_len 32
09-27 13:51:05.873   932  2102 I WifiHAL : Getting cached scan results, iface handle = 0xb400007e3fe71150
09-27 13:51:05.873   932  2102 E WifiHAL : Creating message to get cached scan results
09-27 13:51:05.879   932  2102 I WifiHAL : In GetCachedScanResultsCommand::handleResponse
09-27 13:51:05.927  1463  2017 D ConnectivityService: NetReassign [no changes] [c 3] [a 2] [i 5]
09-27 13:51:06.158  2234 20860 D ApfFilter: (wlan0): Ignoring RA RA fe80::2223:51ff:febc:e012 -> ff02::1 0s  which matches RA fe80::2223:51ff:febc:e012 -> ff02::1 0s 
09-27 13:51:06.259  2251  2576 D TemperatureStateSource: sequence=49706 actualDelay=10001
09-27 13:51:06.261  2251  2576 D TemperatureStateSource: Reading temperature: sequence=49707
09-27 13:51:06.268 14791 14791 I pixel-thermal: CPU_THROTTLE_SEVERE:0 raw data: CPU_THROTTLE_SEVERE:0 
09-27 13:51:06.268 14791 14791 I pixel-thermal: VIRTUAL-SKIN:30.6157 raw data: VIRTUAL-SKIN:30615.7 VIRTUAL-SKIN-LEGACY:30911.4 VIRTUAL-SKIN-LEGACY-MODEL-DIFF:318.211 VIRTUAL-SKIN-LEGACY-SHUTDOWN:0 VIRTUAL-SKIN-MODEL:30593.2 VIRTUAL-SKIN-MODEL-CLAMPED:30593.2 VIRTUAL-SKIN-MODEL-LEGACY-DIFF:-318.211 VIRTUAL-SKIN-MODEL-UPDATED:30615.7 VIRTUAL-SKIN-MODEL-UPPER-CLAMPED:30593.2 VIRTUAL-SKIN-SUB-0:29720.1 VIRTUAL-SKIN-SUB-1:30739.3 VIRTUAL-SKIN-SUB-2:30566.1 VIRTUAL-SKIN-SUB-3:30911.4 VIRTUAL-SKIN-SUB-4:30517.9 VT_LEGACY_WEIGHT:0 VT_MODEL_WEIGHT:1 battery:29900 btmspkr_therm:29791 charging_therm:32885 disp_therm:30125 north_therm:31928 quiet_therm:31772 rfpa_therm:32151 soc_therm:32507 usb_pwr_therm:29836 
09-27 13:51:06.269  2251  2576 D TemperatureStateSource: getDeviceTemperatures: sequence=49707 deviceTemperatureType=3 temperatureSource=0 temperatures=[30.61572]
09-27 13:51:06.269  2251  2576 D BusinessScope: Enqueuing the block
09-27 13:51:06.269  2251  2576 D TemperatureStateSource: sequence=49707 waitTime=10000
09-27 13:51:06.270  2251  3384 D BusinessScope: Start running the #106717 block
09-27 13:51:06.270  2251  3384 D BusinessScope: Enqueuing the block
09-27 13:51:06.270  2251  3384 D ImpulseStateSource: Notify clients: 53352
09-27 13:51:06.270  2251  3384 D BusinessScope: Finish running the #106717 block
09-27 13:51:06.270  2251  3384 D BusinessScope: Start running the #106718 block
09-27 13:51:06.270  2251  3384 D BusinessScope: Finish running the #106718 block
09-27 13:51:06.604  1463  2067 D BackgroundInstallControlService: Package event received: 0
09-27 13:51:06.605  1463  2067 D BackgroundInstallControlService: Package event received: 0
09-27 13:51:06.605  1463  2067 D BackgroundInstallControlService: Package event received: 0
09-27 13:51:06.605  1463  2067 D BackgroundInstallControlService: Package event received: 0
09-27 13:51:06.697  8188  8192 E gcblocker: too long GC blocking: 8
09-27 13:51:06.698  8188  8192 E gcblocker: gc block end, 497783170,100
09-27 13:51:07.656  7387  3354 I NearbyMediums: No BLE Fast/GATT advertisements found in the latest cycle.
09-27 13:51:07.656  7387  3354 I NearbyMediums: Current Tracked Scanning Clients are : {NearbyConnections.EnvironmentMonitor, NearbySharing, NearbyConnections.TxAdvertisement}
09-27 13:51:08.128  1463  2067 D BackgroundInstallControlService: Package event received: 0
09-27 13:51:08.130  1463  2067 D BackgroundInstallControlService: Package event received: 0
09-27 13:51:08.131  1463  2067 D BackgroundInstallControlService: Package event received: 0
09-27 13:51:08.131  1463  2067 D BackgroundInstallControlService: Package event received: 0
09-27 13:51:08.226  8188  8192 E gcblocker: too long GC blocking: 8
09-27 13:51:08.227  8188  8192 E gcblocker: gc block end, 497784699,100
09-27 13:51:08.919   932  2102 I WifiHAL : Creating message to get link statistics; iface = 47
09-27 13:51:09.039   932  2102 I WifiHAL : index: 0 per_rate_size 32, data_rem_len 1152
09-27 13:51:09.039   932  2102 I WifiHAL : index: 1 per_rate_size 32, data_rem_len 1120
09-27 13:51:09.039   932  2102 I WifiHAL : index: 2 per_rate_size 32, data_rem_len 1088
09-27 13:51:09.039   932  2102 I WifiHAL : index: 3 per_rate_size 32, data_rem_len 1056
09-27 13:51:09.039   932  2102 I WifiHAL : index: 4 per_rate_size 32, data_rem_len 1024
09-27 13:51:09.039   932  2102 I WifiHAL : index: 5 per_rate_size 32, data_rem_len 992
09-27 13:51:09.039   932  2102 I WifiHAL : index: 6 per_rate_size 32, data_rem_len 960
09-27 13:51:09.039   932  2102 I WifiHAL : index: 7 per_rate_size 32, data_rem_len 928
09-27 13:51:09.039   932  2102 I WifiHAL : index: 8 per_rate_size 32, data_rem_len 896
09-27 13:51:09.039   932  2102 I WifiHAL : index: 9 per_rate_size 32, data_rem_len 864
09-27 13:51:09.039   932  2102 I WifiHAL : index: 10 per_rate_size 32, data_rem_len 832
09-27 13:51:09.039   932  2102 I WifiHAL : index: 11 per_rate_size 32, data_rem_len 800
09-27 13:51:09.039   932  2102 I WifiHAL : index: 12 per_rate_size 32, data_rem_len 768
09-27 13:51:09.039   932  2102 I WifiHAL : index: 13 per_rate_size 32, data_rem_len 736
09-27 13:51:09.039   932  2102 I WifiHAL : index: 14 per_rate_size 32, data_rem_len 704
09-27 13:51:09.039   932  2102 I WifiHAL : index: 15 per_rate_size 32, data_rem_len 672
09-27 13:51:09.039   932  2102 I WifiHAL : index: 16 per_rate_size 32, data_rem_len 640
09-27 13:51:09.039   932  2102 I WifiHAL : index: 17 per_rate_size 32, data_rem_len 608
09-27 13:51:09.040   932  2102 I WifiHAL : index: 18 per_rate_size 32, data_rem_len 576
09-27 13:51:09.040   932  2102 I WifiHAL : index: 19 per_rate_size 32, data_rem_len 544
09-27 13:51:09.040   932  2102 I WifiHAL : index: 20 per_rate_size 32, data_rem_len 512
09-27 13:51:09.040   932  2102 I WifiHAL : index: 21 per_rate_size 32, data_rem_len 480
09-27 13:51:09.040   932  2102 I WifiHAL : index: 22 per_rate_size 32, data_rem_len 448
09-27 13:51:09.040   932  2102 I WifiHAL : index: 23 per_rate_size 32, data_rem_len 416
09-27 13:51:09.040   932  2102 I WifiHAL : index: 24 per_rate_size 32, data_rem_len 384
09-27 13:51:09.040   932  2102 I WifiHAL : index: 25 per_rate_size 32, data_rem_len 352
09-27 13:51:09.040   932  2102 I WifiHAL : index: 26 per_rate_size 32, data_rem_len 320
09-27 13:51:09.040   932  2102 I WifiHAL : index: 27 per_rate_size 32, data_rem_len 288
09-27 13:51:09.040   932  2102 I WifiHAL : index: 28 per_rate_size 32, data_rem_len 256
09-27 13:51:09.040   932  2102 I WifiHAL : index: 29 per_rate_size 32, data_rem_len 224
09-27 13:51:09.040   932  2102 I WifiHAL : index: 30 per_rate_size 32, data_rem_len 192
09-27 13:51:09.040   932  2102 I WifiHAL : index: 31 per_rate_size 32, data_rem_len 160
09-27 13:51:09.040   932  2102 I WifiHAL : index: 32 per_rate_size 32, data_rem_len 128
09-27 13:51:09.040   932  2102 I WifiHAL : index: 33 per_rate_size 32, data_rem_len 96
09-27 13:51:09.040   932  2102 I WifiHAL : index: 34 per_rate_size 32, data_rem_len 64
09-27 13:51:09.040   932  2102 I WifiHAL : index: 35 per_rate_size 32, data_rem_len 32
09-27 13:51:09.041   932  2102 E libbinder.IPCThreadState: binder thread pool (1 threads) starved for 121 ms
09-27 13:51:09.042   932   932 I WifiHAL : Getting cached scan results, iface handle = 0xb400007e3fe71150
09-27 13:51:09.042   932   932 E WifiHAL : Creating message to get cached scan results
09-27 13:51:09.048   932   932 I WifiHAL : In GetCachedScanResultsCommand::handleResponse
09-27 13:51:09.089  1463  2017 D ConnectivityService: NetReassign [no changes] [c 4] [a 2] [i 5]
09-27 13:51:09.434  2234 20860 D ApfFilter: (wlan0): Ignoring RA RA fe80::2223:51ff:febc:e012 -> ff02::1 0s  which matches RA fe80::2223:51ff:febc:e012 -> ff02::1 0s 
09-27 13:51:09.653  1463  2067 D BackgroundInstallControlService: Package event received: 0
09-27 13:51:09.654  1463  2067 D BackgroundInstallControlService: Package event received: 0
09-27 13:51:09.655  1463  2067 D BackgroundInstallControlService: Package event received: 0
09-27 13:51:09.657  1463  2067 D BackgroundInstallControlService: Package event received: 0
09-27 13:51:09.760  8188  8192 E gcblocker: too long GC blocking: 8
09-27 13:51:09.761  8188  8192 E gcblocker: gc block end, 497786233,100
09-27 13:51:10.095 14791 14795 I pixel-thermal: disp_therm:30.169 raw data: disp_therm:30169 
09-27 13:51:10.103 14791 14795 I pixel-thermal: btmspkr_therm:29.791 raw data: btmspkr_therm:29791 
09-27 13:51:10.104 14791 14795 I pixel-thermal: usb_pwr_therm:29.836 raw data: usb_pwr_therm:29836 
09-27 13:51:10.104 14791 14795 I pixel-thermal: VIRTUAL-USB-UI:0 raw data: USB-MINUS-CHARGER:-3005 VIRTUAL-USB-UI:0 charging_therm:32841 usb_pwr_therm:29836 
09-27 13:51:10.104 14791 14795 I pixel-thermal: VIRTUAL-USB-THROTTLING:0 raw data: USB-MINUS-CHARGER:-3005 VIRTUAL-USB-THROTTLING:0 usb_pwr_therm:29836 
09-27 13:51:11.191  1463  2067 D BackgroundInstallControlService: Package event received: 0
09-27 13:51:11.193  1463  2067 D BackgroundInstallControlService: Package event received: 0
09-27 13:51:11.198  1463  2067 D BackgroundInstallControlService: Package event received: 0
09-27 13:51:11.198  1463  2067 D BackgroundInstallControlService: Package event received: 0
09-27 13:51:11.239 14791 14795 I pixel-thermal: VIRTUAL-SKIN-MODEL: model_input: [32128.00 31772.00 32841.00 29836.00 29791.00 30169.00 31928.00 32507.00 ]
09-27 13:51:11.240 14791 14795 I native  : I0000 00:00:1758945071.239940   14795 thermal_tflite_wrapper.cc:261] ThermalTfliteInvoke
09-27 13:51:11.240 14791 14795 I pixel-thermal: VIRTUAL-SKIN-MODEL: model_output: [30624.6 ]
09-27 13:51:11.240 14791 14795 I pixel-thermal: VIRTUAL-SKIN-MODEL: predicted_value: [30624.6 ]
09-27 13:51:11.241 14791 14795 I pixel-thermal: VIRTUAL-SKIN-CPU-MID:30.6193 raw data: VIRTUAL-SKIN:30619.3 VIRTUAL-SKIN-CPU-MID:30619.3 VIRTUAL-SKIN-LEGACY:30915.7 VIRTUAL-SKIN-LEGACY-MODEL-DIFF:291.045 VIRTUAL-SKIN-LEGACY-SHUTDOWN:0 VIRTUAL-SKIN-MODEL:30624.6 VIRTUAL-SKIN-MODEL-CLAMPED:30624.6 VIRTUAL-SKIN-MODEL-LEGACY-DIFF:-291.045 VIRTUAL-SKIN-MODEL-UPDATED:30619.3 VIRTUAL-SKIN-MODEL-UPPER-CLAMPED:30624.6 VIRTUAL-SKIN-SUB-0:29720.8 VIRTUAL-SKIN-SUB-1:30748.3 VIRTUAL-SKIN-SUB-2:30572.9 VIRTUAL-SKIN-SUB-3:30915.7 VIRTUAL-SKIN-SUB-4:30518.1 VT_LEGACY_WEIGHT:0 VT_MODEL_WEIGHT:1 battery:29900 btmspkr_therm:29791 charging_therm:32841 disp_therm:30169 north_therm:31928 quiet_therm:31772 rfpa_therm:32128 soc_therm:32507 usb_pwr_therm:29836 
09-27 13:51:11.248 14791 14795 I pixel-thermal: VIRTUAL-SKIN-SOC:30.6193 raw data: VIRTUAL-SKIN:30619.3 VIRTUAL-SKIN-SOC:30619.3 
09-27 13:51:11.248 14791 14795 I pixel-thermal: VIRTUAL-SKIN-DISPLAY:30.6193 raw data: VIRTUAL-SKIN:30619.3 VIRTUAL-SKIN-DISPLAY:30619.3 
09-27 13:51:11.248 14791 14795 I pixel-thermal: CPU_THROTTLE_SEVERE:0 raw data: CPU_THROTTLE_SEVERE:0 
09-27 13:51:11.248 14791 14795 I pixel-thermal: VIRTUAL-SKIN:30.6193 raw data: VIRTUAL-SKIN:30619.3 
09-27 13:51:11.248 14791 14795 I pixel-thermal: VIRTUAL-SKIN-HINT:30.6193 raw data: VIRTUAL-SKIN:30619.3 VIRTUAL-SKIN-HINT:30619.3 
09-27 13:51:11.248 14791 14795 I pixel-thermal: VIRTUAL-SKIN-CPU-LIGHT-ODPM:30.6193 raw data: VIRTUAL-SKIN:30619.3 VIRTUAL-SKIN-CPU-LIGHT-ODPM:30619.3 
09-27 13:51:11.248 14791 14795 I pixel-thermal: VIRTUAL-SKIN-CPU-ODPM:30.6193 raw data: VIRTUAL-SKIN:30619.3 VIRTUAL-SKIN-CPU-ODPM:30619.3 
09-27 13:51:11.249 14791 14795 I pixel-thermal: VIRTUAL-SKIN-ODPM-MODEL: model_input: [32128.00 31772.00 32841.00 29836.00 29791.00 30169.00 31928.00 32507.00 29900.00 316.63 4.28 505.51 91.57 5.18 37.11 ]
09-27 13:51:11.249 14791 14795 I native  : I0000 00:00:1758945071.249125   14795 thermal_tflite_wrapper.cc:261] ThermalTfliteInvoke
09-27 13:51:11.249 14791 14795 I pixel-thermal: VIRTUAL-SKIN-ODPM-MODEL: model_output: [31186.9 ]
09-27 13:51:11.249 14791 14795 I pixel-thermal: VIRTUAL-SKIN-ODPM-MODEL: predicted_value: [31186.9 ]
09-27 13:51:11.249 14791 14795 I pixel-thermal: VIRTUAL-SKIN-SPEAKER-MODEL: model_input: [29900.00 29791.00 32841.00 30169.00 31928.00 31772.00 32128.00 32507.00 29836.00 ]
09-27 13:51:11.249 14791 14795 I native  : I0000 00:00:1758945071.249880   14795 thermal_tflite_wrapper.cc:261] ThermalTfliteInvoke
09-27 13:51:11.249 14791 14795 I pixel-thermal: VIRTUAL-SKIN-SPEAKER-MODEL: model_output: [29226.2 ]
09-27 13:51:11.250 14791 14795 I pixel-thermal: VIRTUAL-SKIN-SPEAKER-MODEL: predicted_value: [29226.2 ]
09-27 13:51:11.250 14791 14795 I pixel-thermal: STATS-UPDATOR:0 raw data: EXTREME-SOC-CONDITION-CHECK:0 MAIN_SOC_POWER:249.093 MODEL_CAMERA_PWR:4.27886 MODEL_DISPLAY_PWR:505.505 MODEL_MISC_PWR:316.629 MODEL_MODEM_PWR:91.5733 MODEL_RFFE_PWR:5.18169 MODEL_WLAN_BT_PWR:37.1068 NORTH_THERM-UNDER-THRESHOLD:1 NORTH_THERM-VSKIN-DIFF-DURING-NORTH_THERM-OVER-THRESHOLD:-998691 NORTH_THERM-VSKIN-DIFF-DURING-VSKIN-OVER-52:-998691 QUIET_THERM-UNDER-THRESHOLD:1 QUIET_THERM-VSKIN-DIFF-DURING-QUIET_THERM-OVER-THRESHOLD:-998847 QUIET_THERM-VSKIN-DIFF-DURING-VSKIN-OVER-52:-998847 RFPA_THERM-UNDER-THRESHOLD:1 RFPA_THERM-VSKIN-DIFF-DURING-RFPA_THERM-OVER-THRESHOLD:-998491 RFPA_THERM-VSKIN-DIFF-DURING-VSKIN-OVER-52:-998491 SOC_THERM-UNDER-THRESHOLD:1 SOC_THERM-VSKIN-DIFF-DURING-SOC_THERM-OVER-THRESHOLD:-998112 SOC_THERM-VSKIN-DIFF-DURING-VSKIN-OVER-52:-998112 STATS-UPDATOR:0 TPU_35S:0 VIRTUAL-SKIN:30619.3 VIRTUAL-SKIN-LEGACY:30915.7 VIRTUAL-SKIN-MODEL:30624.6 VIRTUAL-SKIN-MODEL-LEGACY-DIFF:-291.045 VIRTUAL-SKIN-ODPM-MODEL:31186.9 VIRTUAL-SKIN-SPEAKER-MODEL:29226.2 VSKIN-SKIN-UNDER-52:1 battery:29900 btmspkr_therm:29791 charging_therm:32841 disp_therm:30169 north_therm:31928 quiet_therm:31772 rfpa_therm:32128 soc_therm:32507 usb_pwr_therm:29836 
09-27 13:51:11.250 14791 14795 I pixel-thermal: VIRTUAL-SKIN-CPU-HIGH:30.6193 raw data: VIRTUAL-SKIN:30619.3 VIRTUAL-SKIN-CPU-HIGH:30619.3 
09-27 13:51:11.250 14791 14795 I pixel-thermal: cellular-emergency:30.6193 raw data: VIRTUAL-SKIN:30619.3 cellular-emergency:30619.3 
09-27 13:51:11.271  8188  8192 E gcblocker: too long GC blocking: 8
09-27 13:51:11.271  8188  8192 E gcblocker: gc block end, 497787744,100
09-27 13:51:12.082   932   932 I WifiHAL : Creating message to get link statistics; iface = 47
09-27 13:51:12.142   932   932 I WifiHAL : index: 0 per_rate_size 32, data_rem_len 1152
09-27 13:51:12.142   932   932 I WifiHAL : index: 1 per_rate_size 32, data_rem_len 1120
09-27 13:51:12.142   932   932 I WifiHAL : index: 2 per_rate_size 32, data_rem_len 1088
09-27 13:51:12.142   932   932 I WifiHAL : index: 3 per_rate_size 32, data_rem_len 1056
09-27 13:51:12.142   932   932 I WifiHAL : index: 4 per_rate_size 32, data_rem_len 1024
09-27 13:51:12.142   932   932 I WifiHAL : index: 5 per_rate_size 32, data_rem_len 992
09-27 13:51:12.142   932   932 I WifiHAL : index: 6 per_rate_size 32, data_rem_len 960
09-27 13:51:12.142   932   932 I WifiHAL : index: 7 per_rate_size 32, data_rem_len 928
09-27 13:51:12.142   932   932 I WifiHAL : index: 8 per_rate_size 32, data_rem_len 896
09-27 13:51:12.142   932   932 I WifiHAL : index: 9 per_rate_size 32, data_rem_len 864
09-27 13:51:12.142   932   932 I WifiHAL : index: 10 per_rate_size 32, data_rem_len 832
09-27 13:51:12.142   932   932 I WifiHAL : index: 11 per_rate_size 32, data_rem_len 800
09-27 13:51:12.142   932   932 I WifiHAL : index: 12 per_rate_size 32, data_rem_len 768
09-27 13:51:12.142   932   932 I WifiHAL : index: 13 per_rate_size 32, data_rem_len 736
09-27 13:51:12.142   932   932 I WifiHAL : index: 14 per_rate_size 32, data_rem_len 704
09-27 13:51:12.142   932   932 I WifiHAL : index: 15 per_rate_size 32, data_rem_len 672
09-27 13:51:12.142   932   932 I WifiHAL : index: 16 per_rate_size 32, data_rem_len 640
09-27 13:51:12.142   932   932 I WifiHAL : index: 17 per_rate_size 32, data_rem_len 608
09-27 13:51:12.142   932   932 I WifiHAL : index: 18 per_rate_size 32, data_rem_len 576
09-27 13:51:12.142   932   932 I WifiHAL : index: 19 per_rate_size 32, data_rem_len 544
09-27 13:51:12.142   932   932 I WifiHAL : index: 20 per_rate_size 32, data_rem_len 512
09-27 13:51:12.142   932   932 I WifiHAL : index: 21 per_rate_size 32, data_rem_len 480
09-27 13:51:12.142   932   932 I WifiHAL : index: 22 per_rate_size 32, data_rem_len 448
09-27 13:51:12.142   932   932 I WifiHAL : index: 23 per_rate_size 32, data_rem_len 416
09-27 13:51:12.142   932   932 I WifiHAL : index: 24 per_rate_size 32, data_rem_len 384
09-27 13:51:12.142   932   932 I WifiHAL : index: 25 per_rate_size 32, data_rem_len 352
09-27 13:51:12.142   932   932 I WifiHAL : index: 26 per_rate_size 32, data_rem_len 320
09-27 13:51:12.142   932   932 I WifiHAL : index: 27 per_rate_size 32, data_rem_len 288
09-27 13:51:12.142   932   932 I WifiHAL : index: 28 per_rate_size 32, data_rem_len 256
09-27 13:51:12.142   932   932 I WifiHAL : index: 29 per_rate_size 32, data_rem_len 224
09-27 13:51:12.142   932   932 I WifiHAL : index: 30 per_rate_size 32, data_rem_len 192
09-27 13:51:12.142   932   932 I WifiHAL : index: 31 per_rate_size 32, data_rem_len 160
09-27 13:51:12.142   932   932 I WifiHAL : index: 32 per_rate_size 32, data_rem_len 128
09-27 13:51:12.142   932   932 I WifiHAL : index: 33 per_rate_size 32, data_rem_len 96
09-27 13:51:12.142   932   932 I WifiHAL : index: 34 per_rate_size 32, data_rem_len 64
09-27 13:51:12.142   932   932 I WifiHAL : index: 35 per_rate_size 32, data_rem_len 32
09-27 13:51:12.144   932  2102 I WifiHAL : Getting cached scan results, iface handle = 0xb400007e3fe71150
09-27 13:51:12.144   932  2102 E WifiHAL : Creating message to get cached scan results
09-27 13:51:12.153   932  2102 I WifiHAL : In GetCachedScanResultsCommand::handleResponse
09-27 13:51:12.190  1463  2017 D ConnectivityService: NetReassign [no changes] [c 2] [a 2] [i 3]
09-27 13:51:12.715  1463  2067 D BackgroundInstallControlService: Package event received: 0
09-27 13:51:12.723  1463  2067 D BackgroundInstallControlService: Package event received: 0
09-27 13:51:12.723  1463  2067 D BackgroundInstallControlService: Package event received: 0
09-27 13:51:12.723  1463  2067 D BackgroundInstallControlService: Package event received: 0
09-27 13:51:12.808  8188  8192 E gcblocker: too long GC blocking: 8
09-27 13:51:12.809  8188  8192 E gcblocker: gc block end, 497789281,100
09-27 13:51:14.254  1463  2067 D BackgroundInstallControlService: Package event received: 0
09-27 13:51:14.258  1463  2067 D BackgroundInstallControlService: Package event received: 0
09-27 13:51:14.258  1463  2067 D BackgroundInstallControlService: Package event received: 0
09-27 13:51:14.260  1463  2067 D BackgroundInstallControlService: Package event received: 0
09-27 13:51:14.338  8188  8192 E gcblocker: too long GC blocking: 8
09-27 13:51:14.338  8188  8192 E gcblocker: gc block end, 497790810,101
09-27 13:51:15.185   932  2102 I WifiHAL : Creating message to get link statistics; iface = 47
09-27 13:51:15.249   932  2102 I WifiHAL : index: 0 per_rate_size 32, data_rem_len 1152
09-27 13:51:15.249   932  2102 I WifiHAL : index: 1 per_rate_size 32, data_rem_len 1120
09-27 13:51:15.249   932  2102 I WifiHAL : index: 2 per_rate_size 32, data_rem_len 1088
09-27 13:51:15.249   932  2102 I WifiHAL : index: 3 per_rate_size 32, data_rem_len 1056
09-27 13:51:15.249   932  2102 I WifiHAL : index: 4 per_rate_size 32, data_rem_len 1024
09-27 13:51:15.249   932  2102 I WifiHAL : index: 5 per_rate_size 32, data_rem_len 992
09-27 13:51:15.249   932  2102 I WifiHAL : index: 6 per_rate_size 32, data_rem_len 960
09-27 13:51:15.249   932  2102 I WifiHAL : index: 7 per_rate_size 32, data_rem_len 928
09-27 13:51:15.249   932  2102 I WifiHAL : index: 8 per_rate_size 32, data_rem_len 896
09-27 13:51:15.250   932  2102 I WifiHAL : index: 9 per_rate_size 32, data_rem_len 864
09-27 13:51:15.250   932  2102 I WifiHAL : index: 10 per_rate_size 32, data_rem_len 832
09-27 13:51:15.250   932  2102 I WifiHAL : index: 11 per_rate_size 32, data_rem_len 800
09-27 13:51:15.250   932  2102 I WifiHAL : index: 12 per_rate_size 32, data_rem_len 768
09-27 13:51:15.250   932  2102 I WifiHAL : index: 13 per_rate_size 32, data_rem_len 736
09-27 13:51:15.250   932  2102 I WifiHAL : index: 14 per_rate_size 32, data_rem_len 704
09-27 13:51:15.250   932  2102 I WifiHAL : index: 15 per_rate_size 32, data_rem_len 672
09-27 13:51:15.250   932  2102 I WifiHAL : index: 16 per_rate_size 32, data_rem_len 640
09-27 13:51:15.250   932  2102 I WifiHAL : index: 17 per_rate_size 32, data_rem_len 608
09-27 13:51:15.250   932  2102 I WifiHAL : index: 18 per_rate_size 32, data_rem_len 576
09-27 13:51:15.250   932  2102 I WifiHAL : index: 19 per_rate_size 32, data_rem_len 544
09-27 13:51:15.250   932  2102 I WifiHAL : index: 20 per_rate_size 32, data_rem_len 512
09-27 13:51:15.250   932  2102 I WifiHAL : index: 21 per_rate_size 32, data_rem_len 480
09-27 13:51:15.250   932  2102 I WifiHAL : index: 22 per_rate_size 32, data_rem_len 448
09-27 13:51:15.250   932  2102 I WifiHAL : index: 23 per_rate_size 32, data_rem_len 416
09-27 13:51:15.250   932  2102 I WifiHAL : index: 24 per_rate_size 32, data_rem_len 384
09-27 13:51:15.250   932  2102 I WifiHAL : index: 25 per_rate_size 32, data_rem_len 352
09-27 13:51:15.250   932  2102 I WifiHAL : index: 26 per_rate_size 32, data_rem_len 320
09-27 13:51:15.250   932  2102 I WifiHAL : index: 27 per_rate_size 32, data_rem_len 288
09-27 13:51:15.250   932  2102 I WifiHAL : index: 28 per_rate_size 32, data_rem_len 256
09-27 13:51:15.250   932  2102 I WifiHAL : index: 29 per_rate_size 32, data_rem_len 224
09-27 13:51:15.250   932  2102 I WifiHAL : index: 30 per_rate_size 32, data_rem_len 192
09-27 13:51:15.250   932  2102 I WifiHAL : index: 31 per_rate_size 32, data_rem_len 160
09-27 13:51:15.250   932  2102 I WifiHAL : index: 32 per_rate_size 32, data_rem_len 128
09-27 13:51:15.250   932  2102 I WifiHAL : index: 33 per_rate_size 32, data_rem_len 96
09-27 13:51:15.250   932  2102 I WifiHAL : index: 34 per_rate_size 32, data_rem_len 64
09-27 13:51:15.250   932  2102 I WifiHAL : index: 35 per_rate_size 32, data_rem_len 32
09-27 13:51:15.252   932  2102 I WifiHAL : Getting cached scan results, iface handle = 0xb400007e3fe71150
09-27 13:51:15.252   932  2102 E WifiHAL : Creating message to get cached scan results
09-27 13:51:15.259   932  2102 I WifiHAL : In GetCachedScanResultsCommand::handleResponse
09-27 13:51:15.310  1463  2017 D ConnectivityService: NetReassign [no changes] [c 4] [a 2] [i 5]
09-27 13:51:15.474  1463  2020 I serviceDiscovery: [MdnsDiscoveryManager._googlecast._tcp.local-239/47] Handling response from service: AI-PONT-ab17bee175724c7f32499ce72c483a7c, newInCache: false, serviceBecomesComplete: false, responseIsComplete: true
09-27 13:51:15.498  7387  7387 I CastMediaRouteProvider: Published 1 routes
09-27 13:51:15.509  1463  4933 I MediaSessionStack: addSession to bottom of stack | record: com.google.android.gms/cast_rcn_media_session/3335 (userId=0)
09-27 13:51:15.512  2245  2245 I PlayerSettingsManager: getPlayerRepeatMode: no active player
09-27 13:51:15.513  2245  2245 I PlayerSettingsManager: getPlayerShuffleMode: no active player
09-27 13:51:15.513  2245  2245 I PlayerSettingsManager: updateRemoteDevice: STATE_REPEAT_OFF, STATE_SHUFFLE_OFF
09-27 13:51:15.513  2245  2245 I bluetooth: system/btif/avrcp/avrcp_service.cc:578 SendPlayerSettingsChanged: {attribute=PlayerAttribute::REPEAT : value=PlayerRepeatValue::OFF}, {attribute=PlayerAttribute::SHUFFLE : value=PlayerShuffleValue::OFF}
09-27 13:51:15.517  1463  2146 W PendingIntentHolder: Unresolvable implicit intent is set, pi=PendingIntent{59ba013: PendingIntentRecord{dd9699a com.google.android.gms/com.google.android.gms.cast broadcastIntent}}
09-27 13:51:15.518  1463  2146 D MediaSessionService: onSessionPlaybackStateChanged: record=com.google.android.gms/cast_rcn_media_session/3335 (userId=0) playbackState=PlaybackState {state=NONE(0), position=0, buffered position=0, speed=1.0, updated=792613796, actions=0, custom actions=[], active item id=-1, error=null}
09-27 13:51:15.521  7387  7487 I CastService: [instance-318] [com.google.android.gms] follow session disabled, with outputSwitcher: disabled
09-27 13:51:15.521  7387  7487 I CastService: [instance-318] [com.google.android.gms] acquireDeviceController: Google Play services client: 253830000 and APK: 253830000
09-27 13:51:15.528  7387  7387 W ChimeraUtils: Module com.google.android.gms.cast missing resource cast_module_display_name(0)
09-27 13:51:15.536  1463  2020 I serviceDiscovery: [MdnsDiscoveryManager._googlecast._tcp.local-239/47] Handling response from service: AI-PONT-ab17bee175724c7f32499ce72c483a7c, newInCache: false, serviceBecomesComplete: false, responseIsComplete: true
09-27 13:51:15.542  7387  3428 I CastService: [instance-318] [com.google.android.gms] Connecting to device ("N7V" (ab17bee175724c7f32499ce72c483a7c) [cast connect])
09-27 13:51:15.542  7387  3428 I CDC     : [API-CSC-0636-CDC-0637-com.google.android.gms] Creating a new CastDeviceController from com.google.android.gms for "N7V" (ab17bee175724c7f32499ce72c483a7c) [cast connect]
09-27 13:51:15.547  1463  2020 I serviceDiscovery: [MdnsDiscoveryManager._googlecast._tcp.local-239/47] Handling response from service: AI-PONT-ab17bee175724c7f32499ce72c483a7c, newInCache: false, serviceBecomesComplete: false, responseIsComplete: true
09-27 13:51:15.558  1463  2020 I serviceDiscovery: [MdnsDiscoveryManager._googlecast._tcp.local-239/47] Handling response from service: AI-PONT-ab17bee175724c7f32499ce72c483a7c, newInCache: false, serviceBecomesComplete: false, responseIsComplete: true
09-27 13:51:15.567  1463  2020 I serviceDiscovery: [MdnsDiscoveryManager._googlecast._tcp.local-239/47] Handling response from service: AI-PONT-ab17bee175724c7f32499ce72c483a7c, newInCache: false, serviceBecomesComplete: false, responseIsComplete: true
09-27 13:51:15.575  1463  2020 I serviceDiscovery: [MdnsDiscoveryManager._googlecast._tcp.local-239/47] Handling response from service: AI-PONT-ab17bee175724c7f32499ce72c483a7c, newInCache: false, serviceBecomesComplete: false, responseIsComplete: true
09-27 13:51:15.804  1463  2067 D BackgroundInstallControlService: Package event received: 0
09-27 13:51:15.807  1463  2020 I serviceDiscovery: [MdnsDiscoveryManager._googlecast._tcp.local-239/47] Handling response from service: AI-PONT-ab17bee175724c7f32499ce72c483a7c, newInCache: false, serviceBecomesComplete: false, responseIsComplete: true
09-27 13:51:15.807  1463  2067 D BackgroundInstallControlService: Package event received: 0
09-27 13:51:15.807  1463  2067 D BackgroundInstallControlService: Package event received: 0
09-27 13:51:15.807  1463  2067 D BackgroundInstallControlService: Package event received: 0
09-27 13:51:15.824  1463  2020 I serviceDiscovery: [MdnsDiscoveryManager._googlecast._tcp.local-239/47] Handling response from service: AI-PONT-ab17bee175724c7f32499ce72c483a7c, newInCache: false, serviceBecomesComplete: false, responseIsComplete: true
09-27 13:51:15.838  7387  3332 I DeviceAuthChannel: [API-CSC-0636-CDC-0637-com.google.android.gms] Reuse old nonce: [88, -21, 46, 105, -17, 43, -41, 47, -31, -33, -12, 84, -91, 71, -53, 33]
09-27 13:51:15.874  8188  8192 E gcblocker: too long GC blocking: 8
09-27 13:51:15.874  8188  8192 E gcblocker: gc block end, 497792347,100
09-27 13:51:15.939  7387  7387 I CastService: [instance-318] [com.google.android.gms] Connected to device. rejoinedApp: true
09-27 13:51:15.941  7387  7387 I CastMediaRouteProvider: Published 2 routes
09-27 13:51:15.944  7387  3332 E CDC     : [API-CSC-0636-CDC-0637-com.google.android.gms] sendTextMessage - message discarded without payload or destination ID.
09-27 13:51:15.944  7387  3332 I CastService: [instance-318] [com.google.android.gms] onMessageSendFailed: urn:x-cast:com.google.cast.media 2 INVALID_REQUEST
09-27 13:51:15.976  1463  4936 I MediaSessionStack: removeSession | record: com.google.android.gms/cast_rcn_media_session/3335 (userId=0)
09-27 13:51:15.977  1463  4936 D MediaSessionService: destroySessionLocked: record=com.google.android.gms/cast_rcn_media_session/3335 (userId=0)
09-27 13:51:15.977  7387  3548 I CastService: [instance-318] [com.google.android.gms] Disconnecting
09-27 13:51:15.977  7387  3548 I CastService: [instance-318] [com.google.android.gms] Disposing ConnectedClient; controller = CSC|[API-CSC-0636-CDC-0637-com.google.android.gms] .
09-27 13:51:15.977  1463  2057 D MediaSessionService: setFgsIfNoSessionIsLinkedToNotification: record=com.google.android.gms/cast_rcn_media_session/3335 (userId=0)
09-27 13:51:15.981  2245  2245 I PlayerSettingsManager: getPlayerRepeatMode: no active player
09-27 13:51:15.981  2245  2245 I PlayerSettingsManager: getPlayerShuffleMode: no active player
09-27 13:51:15.981  2245  2245 I PlayerSettingsManager: updateRemoteDevice: STATE_REPEAT_OFF, STATE_SHUFFLE_OFF
09-27 13:51:15.981  2245  2245 I bluetooth: system/btif/avrcp/avrcp_service.cc:578 SendPlayerSettingsChanged: {attribute=PlayerAttribute::REPEAT : value=PlayerRepeatValue::OFF}, {attribute=PlayerAttribute::SHUFFLE : value=PlayerShuffleValue::OFF}
09-27 13:51:16.042  7387  7387 I CastMediaRouteProvider: Published 3 routes
09-27 13:51:16.047  7387  7487 I CastService: [instance-319] [com.google.android.gms] follow session disabled, with outputSwitcher: disabled
09-27 13:51:16.048  1463  4936 I MediaSessionStack: addSession to bottom of stack | record: com.google.android.gms/cast_rcn_media_session/3336 (userId=0)
09-27 13:51:16.048  7387  7487 I CastService: [instance-319] [com.google.android.gms] acquireDeviceController: Google Play services client: 253830000 and APK: 253830000
09-27 13:51:16.050  2245  2245 I PlayerSettingsManager: getPlayerRepeatMode: no active player
09-27 13:51:16.050  2245  2245 I PlayerSettingsManager: getPlayerShuffleMode: no active player
09-27 13:51:16.050  2245  2245 I PlayerSettingsManager: updateRemoteDevice: STATE_REPEAT_OFF, STATE_SHUFFLE_OFF
09-27 13:51:16.050  2245  2245 I bluetooth: system/btif/avrcp/avrcp_service.cc:578 SendPlayerSettingsChanged: {attribute=PlayerAttribute::REPEAT : value=PlayerRepeatValue::OFF}, {attribute=PlayerAttribute::SHUFFLE : value=PlayerShuffleValue::OFF}
09-27 13:51:16.051  1463  4933 W PendingIntentHolder: Unresolvable implicit intent is set, pi=PendingIntent{92c180c: PendingIntentRecord{dd9699a com.google.android.gms/com.google.android.gms.cast broadcastIntent}}
09-27 13:51:16.052  1463  4933 D MediaSessionService: onSessionPlaybackStateChanged: record=com.google.android.gms/cast_rcn_media_session/3336 (userId=0) playbackState=PlaybackState {state=NONE(0), position=0, buffered position=0, speed=1.0, updated=792614331, actions=0, custom actions=[], active item id=-1, error=null}
09-27 13:51:16.063  7387  7387 W ChimeraUtils: Module com.google.android.gms.cast missing resource cast_module_display_name(0)
09-27 13:51:16.065  7387  3549 I CastService: [instance-319] [com.google.android.gms] Connecting to device ("N7V" (ab17bee175724c7f32499ce72c483a7c) [cast connect])
09-27 13:51:16.065  7387  3549 I CDC     : [API-CSC-0638-CDC-0639-com.google.android.gms] Creating a new CastDeviceController from com.google.android.gms for "N7V" (ab17bee175724c7f32499ce72c483a7c) [cast connect]
09-27 13:51:16.109  7387  3332 I CastService: [instance-318] [com.google.android.gms] onDisconnected: status = SUCCESS
09-27 13:51:16.109  7387  3332 I CastService: [instance-318] [com.google.android.gms] Disposing ConnectedClient; controller = CSC.
09-27 13:51:16.130  7387  3549 I DeviceAuthChannel: [API-CSC-0638-CDC-0639-com.google.android.gms] Reuse old nonce: [88, -21, 46, 105, -17, 43, -41, 47, -31, -33, -12, 84, -91, 71, -53, 33]
09-27 13:51:16.213  7387  7387 I CastService: [instance-319] [com.google.android.gms] Connected to device. rejoinedApp: true
09-27 13:51:16.230  7387  3548 E CDC     : [API-CSC-0638-CDC-0639-com.google.android.gms] sendTextMessage - message discarded without payload or destination ID.
09-27 13:51:16.230  7387  3548 I CastService: [instance-319] [com.google.android.gms] onMessageSendFailed: urn:x-cast:com.google.cast.media 2 INVALID_REQUEST
09-27 13:51:16.239  7387  3332 I CastService: [instance-319] [com.google.android.gms] Disconnecting
09-27 13:51:16.239  7387  3332 I CastService: [instance-319] [com.google.android.gms] Disposing ConnectedClient; controller = CSC|[API-CSC-0638-CDC-0639-com.google.android.gms] .
09-27 13:51:16.241  1463  3764 I MediaSessionStack: removeSession | record: com.google.android.gms/cast_rcn_media_session/3336 (userId=0)
09-27 13:51:16.242  1463  3764 D MediaSessionService: destroySessionLocked: record=com.google.android.gms/cast_rcn_media_session/3336 (userId=0)
09-27 13:51:16.242  1463  2057 D MediaSessionService: setFgsIfNoSessionIsLinkedToNotification: record=com.google.android.gms/cast_rcn_media_session/3336 (userId=0)
09-27 13:51:16.245  2245  2245 I PlayerSettingsManager: getPlayerRepeatMode: no active player
09-27 13:51:16.245  2245  2245 I PlayerSettingsManager: getPlayerShuffleMode: no active player
09-27 13:51:16.245  2245  2245 I PlayerSettingsManager: updateRemoteDevice: STATE_REPEAT_OFF, STATE_SHUFFLE_OFF
09-27 13:51:16.245  2245  2245 I bluetooth: system/btif/avrcp/avrcp_service.cc:578 SendPlayerSettingsChanged: {attribute=PlayerAttribute::REPEAT : value=PlayerRepeatValue::OFF}, {attribute=PlayerAttribute::SHUFFLE : value=PlayerShuffleValue::OFF}
09-27 13:51:16.259  7387  3549 I CastService: [instance-319] [com.google.android.gms] onDisconnected: status = SUCCESS
09-27 13:51:16.260  7387  3549 I CastService: [instance-319] [com.google.android.gms] Disposing ConnectedClient; controller = CSC.
09-27 13:51:16.270  2251  2423 D TemperatureStateSource: sequence=49707 actualDelay=10001
09-27 13:51:16.271  2251  2423 D TemperatureStateSource: Reading temperature: sequence=49708
09-27 13:51:16.276 14791 14791 I pixel-thermal: CPU_THROTTLE_SEVERE:0 raw data: CPU_THROTTLE_SEVERE:0 
09-27 13:51:16.277 14791 14791 I pixel-thermal: VIRTUAL-SKIN:30.6214 raw data: VIRTUAL-SKIN:30621.4 VIRTUAL-SKIN-LEGACY:30898.8 VIRTUAL-SKIN-LEGACY-MODEL-DIFF:274.146 VIRTUAL-SKIN-LEGACY-SHUTDOWN:0 VIRTUAL-SKIN-MODEL:30624.6 VIRTUAL-SKIN-MODEL-CLAMPED:30624.6 VIRTUAL-SKIN-MODEL-LEGACY-DIFF:-274.146 VIRTUAL-SKIN-MODEL-UPDATED:30621.4 VIRTUAL-SKIN-MODEL-UPPER-CLAMPED:30624.6 VIRTUAL-SKIN-SUB-0:29704.6 VIRTUAL-SKIN-SUB-1:30730.7 VIRTUAL-SKIN-SUB-2:30560 VIRTUAL-SKIN-SUB-3:30898.8 VIRTUAL-SKIN-SUB-4:30490.4 VT_LEGACY_WEIGHT:0 VT_MODEL_WEIGHT:1 battery:29900 btmspkr_therm:29747 charging_therm:32841 disp_therm:30169 north_therm:31906 quiet_therm:31728 rfpa_therm:32128 soc_therm:32484 usb_pwr_therm:29791 
09-27 13:51:16.277  2251  2423 D TemperatureStateSource: getDeviceTemperatures: sequence=49708 deviceTemperatureType=3 temperatureSource=0 temperatures=[30.62142]
09-27 13:51:16.277  2251  2423 D BusinessScope: Enqueuing the block
09-27 13:51:16.278  2251  2423 D TemperatureStateSource: sequence=49708 waitTime=10000
09-27 13:51:16.278  2251  2576 D BusinessScope: Start running the #106719 block
09-27 13:51:16.278  2251  2576 D BusinessScope: Enqueuing the block
09-27 13:51:16.278  2251  2576 D ImpulseStateSource: Notify clients: 53353
09-27 13:51:16.278  2251  2576 D BusinessScope: Finish running the #106719 block
09-27 13:51:16.279  2251  2576 D BusinessScope: Start running the #106720 block
09-27 13:51:16.279  2251  2576 D BusinessScope: Finish running the #106720 block
09-27 13:51:16.701  7387  7387 I CastMediaRouteProvider: Published 4 routes
09-27 13:51:16.709  1463  2146 I MediaSessionStack: addSession to bottom of stack | record: com.google.android.gms/cast_rcn_media_session/3337 (userId=0)
09-27 13:51:16.711  2245  2245 I PlayerSettingsManager: getPlayerRepeatMode: no active player
09-27 13:51:16.711  2245  2245 I PlayerSettingsManager: getPlayerShuffleMode: no active player
09-27 13:51:16.711  2245  2245 I PlayerSettingsManager: updateRemoteDevice: STATE_REPEAT_OFF, STATE_SHUFFLE_OFF
09-27 13:51:16.712  2245  2245 I bluetooth: system/btif/avrcp/avrcp_service.cc:578 SendPlayerSettingsChanged: {attribute=PlayerAttribute::REPEAT : value=PlayerRepeatValue::OFF}, {attribute=PlayerAttribute::SHUFFLE : value=PlayerShuffleValue::OFF}
09-27 13:51:16.712  7387  7487 I CastService: [instance-320] [com.google.android.gms] follow session disabled, with outputSwitcher: disabled
09-27 13:51:16.712  7387  7487 I CastService: [instance-320] [com.google.android.gms] acquireDeviceController: Google Play services client: 253830000 and APK: 253830000
09-27 13:51:16.715  1463  3764 W PendingIntentHolder: Unresolvable implicit intent is set, pi=PendingIntent{26136d4: PendingIntentRecord{dd9699a com.google.android.gms/com.google.android.gms.cast broadcastIntent}}
09-27 13:51:16.715  7387  3332 I CastSocketMultiplexer: Stopping multiplexer...
09-27 13:51:16.716  1463  3764 D MediaSessionService: onSessionPlaybackStateChanged: record=com.google.android.gms/cast_rcn_media_session/3337 (userId=0) playbackState=PlaybackState {state=NONE(0), position=0, buffered position=0, speed=1.0, updated=792614994, actions=0, custom actions=[], active item id=-1, error=null}
09-27 13:51:16.725  7387  7387 W ChimeraUtils: Module com.google.android.gms.cast missing resource cast_module_display_name(0)
09-27 13:51:17.114 14791 14795 I pixel-thermal: disp_therm:30.169 raw data: disp_therm:30169 
09-27 13:51:17.122 14791 14795 I pixel-thermal: btmspkr_therm:29.747 raw data: btmspkr_therm:29747 
09-27 13:51:17.122 14791 14795 I pixel-thermal: usb_pwr_therm:29.791 raw data: usb_pwr_therm:29791 
09-27 13:51:17.122 14791 14795 I pixel-thermal: VIRTUAL-USB-UI:0 raw data: USB-MINUS-CHARGER:-3050 VIRTUAL-USB-UI:0 charging_therm:32841 usb_pwr_therm:29791 
09-27 13:51:17.122 14791 14795 I pixel-thermal: VIRTUAL-USB-THROTTLING:0 raw data: USB-MINUS-CHARGER:-3050 VIRTUAL-USB-THROTTLING:0 usb_pwr_therm:29791 
09-27 13:51:17.336  1463  2067 D BackgroundInstallControlService: Package event received: 0
09-27 13:51:17.338  1463  2067 D BackgroundInstallControlService: Package event received: 0
09-27 13:51:17.338  1463  2067 D BackgroundInstallControlService: Package event received: 0
09-27 13:51:17.339  1463  2067 D BackgroundInstallControlService: Package event received: 0
09-27 13:51:17.420  8188  8192 E gcblocker: too long GC blocking: 8
09-27 13:51:17.420  8188  8192 E gcblocker: gc block end, 497793893,100
09-27 13:51:17.660  7387  3354 I NearbyMediums: No BLE Fast/GATT advertisements found in the latest cycle.
09-27 13:51:17.660  7387  3354 I NearbyMediums: Current Tracked Scanning Clients are : {NearbyConnections.EnvironmentMonitor, NearbySharing, NearbyConnections.TxAdvertisement}
