09-27 13:51:17.774  2234 20860 D ApfFilter: (wlan0): Ignoring RA RA fe80::2223:51ff:febc:e012 -> ff02::1 0s  which matches RA fe80::2223:51ff:febc:e012 -> ff02::1 0s 
09-27 13:51:18.059   870  2643 I bthal.activity: bt_power: AclDataStat: 13:51:15:151 - 13:51:18:058, conn_handle: 65, duration: 2906, acl_data_count: 13, acl_tx_data_count: 7, acl_rx_data_count: 6, total_acl_data_count: 262145
09-27 13:51:18.249 14791 14795 I pixel-thermal: VIRTUAL-SKIN-CPU-MID:30.6214 raw data: VIRTUAL-SKIN:30621.4 VIRTUAL-SKIN-CPU-MID:30621.4 
09-27 13:51:18.255 14791 14795 I pixel-thermal: VIRTUAL-SKIN-SOC:30.6214 raw data: VIRTUAL-SKIN:30621.4 VIRTUAL-SKIN-SOC:30621.4 
09-27 13:51:18.256 14791 14795 I pixel-thermal: VIRTUAL-SKIN-DISPLAY:30.6214 raw data: VIRTUAL-SKIN:30621.4 VIRTUAL-SKIN-DISPLAY:30621.4 
09-27 13:51:18.256 14791 14795 I pixel-thermal: CPU_THROTTLE_SEVERE:0 raw data: CPU_THROTTLE_SEVERE:0 
09-27 13:51:18.256 14791 14795 I pixel-thermal: VIRTUAL-SKIN:30.6214 raw data: VIRTUAL-SKIN:30621.4 
09-27 13:51:18.256 14791 14795 I pixel-thermal: VIRTUAL-SKIN-HINT:30.6214 raw data: VIRTUAL-SKIN:30621.4 VIRTUAL-SKIN-HINT:30621.4 
09-27 13:51:18.256 14791 14795 I pixel-thermal: VIRTUAL-SKIN-CPU-LIGHT-ODPM:30.6214 raw data: VIRTUAL-SKIN:30621.4 VIRTUAL-SKIN-CPU-LIGHT-ODPM:30621.4 
09-27 13:51:18.256 14791 14795 I pixel-thermal: VIRTUAL-SKIN-CPU-ODPM:30.6214 raw data: VIRTUAL-SKIN:30621.4 VIRTUAL-SKIN-CPU-ODPM:30621.4 
09-27 13:51:18.256 14791 14795 I pixel-thermal: VIRTUAL-SKIN-MODEL: model_input: [32128.00 31728.00 32841.00 29791.00 29747.00 30169.00 31906.00 32484.00 ]
09-27 13:51:18.257 14791 14795 I native  : I0000 00:00:1758945078.256832   14795 thermal_tflite_wrapper.cc:261] ThermalTfliteInvoke
09-27 13:51:18.257 14791 14795 I pixel-thermal: VIRTUAL-SKIN-MODEL: model_output: [30614 ]
09-27 13:51:18.257 14791 14795 I pixel-thermal: VIRTUAL-SKIN-MODEL: predicted_value: [30614 ]
09-27 13:51:18.257 14791 14795 I pixel-thermal: VIRTUAL-SKIN-ODPM-MODEL: model_input: [32128.00 31728.00 32841.00 29791.00 29747.00 30169.00 31906.00 32484.00 29900.00 317.41 4.29 508.19 91.73 5.17 37.79 ]
09-27 13:51:18.257 14791 14795 I native  : I0000 00:00:1758945078.257496   14795 thermal_tflite_wrapper.cc:261] ThermalTfliteInvoke
09-27 13:51:18.257 14791 14795 I pixel-thermal: VIRTUAL-SKIN-ODPM-MODEL: model_output: [31088.8 ]
09-27 13:51:18.257 14791 14795 I pixel-thermal: VIRTUAL-SKIN-ODPM-MODEL: predicted_value: [31088.8 ]
09-27 13:51:18.258 14791 14795 I pixel-thermal: VIRTUAL-SKIN-SPEAKER-MODEL: model_input: [29900.00 29747.00 32841.00 30169.00 31906.00 31728.00 32128.00 32484.00 29791.00 ]
09-27 13:51:18.258 14791 14795 I native  : I0000 00:00:1758945078.258259   14795 thermal_tflite_wrapper.cc:261] ThermalTfliteInvoke
09-27 13:51:18.258 14791 14795 I pixel-thermal: VIRTUAL-SKIN-SPEAKER-MODEL: model_output: [29131.4 ]
09-27 13:51:18.258 14791 14795 I pixel-thermal: VIRTUAL-SKIN-SPEAKER-MODEL: predicted_value: [29131.4 ]
09-27 13:51:18.258 14791 14795 I pixel-thermal: STATS-UPDATOR:0 raw data: EXTREME-SOC-CONDITION-CHECK:0 MAIN_SOC_POWER:260.921 MODEL_CAMERA_PWR:4.29385 MODEL_DISPLAY_PWR:508.188 MODEL_MISC_PWR:317.411 MODEL_MODEM_PWR:91.7346 MODEL_RFFE_PWR:5.16912 MODEL_WLAN_BT_PWR:37.7852 NORTH_THERM-UNDER-THRESHOLD:1 NORTH_THERM-VSKIN-DIFF-DURING-NORTH_THERM-OVER-THRESHOLD:-998715 NORTH_THERM-VSKIN-DIFF-DURING-VSKIN-OVER-52:-998715 QUIET_THERM-UNDER-THRESHOLD:1 QUIET_THERM-VSKIN-DIFF-DURING-QUIET_THERM-OVER-THRESHOLD:-998893 QUIET_THERM-VSKIN-DIFF-DURING-VSKIN-OVER-52:-998893 RFPA_THERM-UNDER-THRESHOLD:1 RFPA_THERM-VSKIN-DIFF-DURING-RFPA_THERM-OVER-THRESHOLD:-998493 RFPA_THERM-VSKIN-DIFF-DURING-VSKIN-OVER-52:-998493 SOC_THERM-UNDER-THRESHOLD:1 SOC_THERM-VSKIN-DIFF-DURING-SOC_THERM-OVER-THRESHOLD:-998137 SOC_THERM-VSKIN-DIFF-DURING-VSKIN-OVER-52:-998137 STATS-UPDATOR:0 TPU_35S:0 VIRTUAL-SKIN:30621.4 VIRTUAL-SKIN-LEGACY:30898.8 VIRTUAL-SKIN-MODEL:30614 VIRTUAL-SKIN-MODEL-LEGACY-DIFF:-274.146 VIRTUAL-SKIN-ODPM-MODEL:31088.8 VIRTUAL-SKIN-SPEAKER-MODEL:29131.4 VSKIN-SKIN-UNDER-52:1 battery:29900 btmspkr_therm:29747 charging_therm:32841 disp_therm:30169 north_therm:31906 quiet_therm:31728 rfpa_therm:32128 soc_therm:32484 usb_pwr_therm:29791 
09-27 13:51:18.258 14791 14795 I pixel-thermal: VIRTUAL-SKIN-CPU-HIGH:30.6214 raw data: VIRTUAL-SKIN:30621.4 VIRTUAL-SKIN-CPU-HIGH:30621.4 
09-27 13:51:18.258 14791 14795 I pixel-thermal: cellular-emergency:30.6214 raw data: VIRTUAL-SKIN:30621.4 cellular-emergency:30621.4 
09-27 13:51:18.301   932  2102 I WifiHAL : Creating message to get link statistics; iface = 47
09-27 13:51:18.415   932  2102 I WifiHAL : index: 0 per_rate_size 32, data_rem_len 1152
09-27 13:51:18.415   932  2102 I WifiHAL : index: 1 per_rate_size 32, data_rem_len 1120
09-27 13:51:18.415   932  2102 I WifiHAL : index: 2 per_rate_size 32, data_rem_len 1088
09-27 13:51:18.415   932  2102 I WifiHAL : index: 3 per_rate_size 32, data_rem_len 1056
09-27 13:51:18.415   932  2102 I WifiHAL : index: 4 per_rate_size 32, data_rem_len 1024
09-27 13:51:18.415   932  2102 I WifiHAL : index: 5 per_rate_size 32, data_rem_len 992
09-27 13:51:18.415   932  2102 I WifiHAL : index: 6 per_rate_size 32, data_rem_len 960
09-27 13:51:18.415   932  2102 I WifiHAL : index: 7 per_rate_size 32, data_rem_len 928
09-27 13:51:18.415   932  2102 I WifiHAL : index: 8 per_rate_size 32, data_rem_len 896
09-27 13:51:18.415   932  2102 I WifiHAL : index: 9 per_rate_size 32, data_rem_len 864
09-27 13:51:18.415   932  2102 I WifiHAL : index: 10 per_rate_size 32, data_rem_len 832
09-27 13:51:18.415   932  2102 I WifiHAL : index: 11 per_rate_size 32, data_rem_len 800
09-27 13:51:18.415   932  2102 I WifiHAL : index: 12 per_rate_size 32, data_rem_len 768
09-27 13:51:18.415   932  2102 I WifiHAL : index: 13 per_rate_size 32, data_rem_len 736
09-27 13:51:18.415   932  2102 I WifiHAL : index: 14 per_rate_size 32, data_rem_len 704
09-27 13:51:18.415   932  2102 I WifiHAL : index: 15 per_rate_size 32, data_rem_len 672
09-27 13:51:18.415   932  2102 I WifiHAL : index: 16 per_rate_size 32, data_rem_len 640
09-27 13:51:18.415   932  2102 I WifiHAL : index: 17 per_rate_size 32, data_rem_len 608
09-27 13:51:18.415   932  2102 I WifiHAL : index: 18 per_rate_size 32, data_rem_len 576
09-27 13:51:18.415   932  2102 I WifiHAL : index: 19 per_rate_size 32, data_rem_len 544
09-27 13:51:18.415   932  2102 I WifiHAL : index: 20 per_rate_size 32, data_rem_len 512
09-27 13:51:18.415   932  2102 I WifiHAL : index: 21 per_rate_size 32, data_rem_len 480
09-27 13:51:18.415   932  2102 I WifiHAL : index: 22 per_rate_size 32, data_rem_len 448
09-27 13:51:18.415   932  2102 I WifiHAL : index: 23 per_rate_size 32, data_rem_len 416
09-27 13:51:18.415   932  2102 I WifiHAL : index: 24 per_rate_size 32, data_rem_len 384
09-27 13:51:18.415   932  2102 I WifiHAL : index: 25 per_rate_size 32, data_rem_len 352
09-27 13:51:18.415   932  2102 I WifiHAL : index: 26 per_rate_size 32, data_rem_len 320
09-27 13:51:18.415   932  2102 I WifiHAL : index: 27 per_rate_size 32, data_rem_len 288
09-27 13:51:18.415   932  2102 I WifiHAL : index: 28 per_rate_size 32, data_rem_len 256
09-27 13:51:18.415   932  2102 I WifiHAL : index: 29 per_rate_size 32, data_rem_len 224
09-27 13:51:18.415   932  2102 I WifiHAL : index: 30 per_rate_size 32, data_rem_len 192
09-27 13:51:18.415   932  2102 I WifiHAL : index: 31 per_rate_size 32, data_rem_len 160
09-27 13:51:18.415   932  2102 I WifiHAL : index: 32 per_rate_size 32, data_rem_len 128
09-27 13:51:18.415   932  2102 I WifiHAL : index: 33 per_rate_size 32, data_rem_len 96
09-27 13:51:18.415   932  2102 I WifiHAL : index: 34 per_rate_size 32, data_rem_len 64
09-27 13:51:18.415   932  2102 I WifiHAL : index: 35 per_rate_size 32, data_rem_len 32
09-27 13:51:18.416   932  2102 E libbinder.IPCThreadState: binder thread pool (1 threads) starved for 115 ms
09-27 13:51:18.417   932  2102 I WifiHAL : Getting cached scan results, iface handle = 0xb400007e3fe71150
09-27 13:51:18.417   932  2102 E WifiHAL : Creating message to get cached scan results
09-27 13:51:18.426   932  2102 I WifiHAL : In GetCachedScanResultsCommand::handleResponse
09-27 13:51:18.475  1463  2017 D ConnectivityService: NetReassign [no changes] [c 4] [a 3] [i 4]
09-27 13:51:18.718  7387  3332 I CastService: [instance-320] [com.google.android.gms] Connecting to device ("N7V" (ab17bee175724c7f32499ce72c483a7c) [cast connect])
09-27 13:51:18.720  7387  3332 I CDC     : [API-CSC-0640-CDC-0641-com.google.android.gms] Creating a new CastDeviceController from com.google.android.gms for "N7V" (ab17bee175724c7f32499ce72c483a7c) [cast connect]
09-27 13:51:18.863  1463  2067 D BackgroundInstallControlService: Package event received: 0
09-27 13:51:18.868  1463  2067 D BackgroundInstallControlService: Package event received: 0
09-27 13:51:18.868  1463  2067 D BackgroundInstallControlService: Package event received: 0
09-27 13:51:18.868  1463  2067 D BackgroundInstallControlService: Package event received: 0
09-27 13:51:18.917  7387  3332 I DeviceAuthChannel: [API-CSC-0640-CDC-0641-com.google.android.gms] Reuse old nonce: [88, -21, 46, 105, -17, 43, -41, 47, -31, -33, -12, 84, -91, 71, -53, 33]
09-27 13:51:18.953  8188  8192 E gcblocker: too long GC blocking: 8
09-27 13:51:18.953  8188  8192 E gcblocker: gc block end, 497795425,101
09-27 13:51:19.008  7387  7387 I CastService: [instance-320] [com.google.android.gms] Connected to device. rejoinedApp: true
09-27 13:51:19.022  7387  3406 E CDC     : [API-CSC-0640-CDC-0641-com.google.android.gms] sendTextMessage - message discarded without payload or destination ID.
09-27 13:51:19.023  7387  3406 I CastService: [instance-320] [com.google.android.gms] onMessageSendFailed: urn:x-cast:com.google.cast.media 2 INVALID_REQUEST
09-27 13:51:19.035  1463  4933 I MediaSessionStack: removeSession | record: com.google.android.gms/cast_rcn_media_session/3337 (userId=0)
09-27 13:51:19.035  7387  3332 I CastService: [instance-320] [com.google.android.gms] Disconnecting
09-27 13:51:19.035  7387  3332 I CastService: [instance-320] [com.google.android.gms] Disposing ConnectedClient; controller = CSC|[API-CSC-0640-CDC-0641-com.google.android.gms] .
09-27 13:51:19.035  1463  4933 D MediaSessionService: destroySessionLocked: record=com.google.android.gms/cast_rcn_media_session/3337 (userId=0)
09-27 13:51:19.036  1463  2057 D MediaSessionService: setFgsIfNoSessionIsLinkedToNotification: record=com.google.android.gms/cast_rcn_media_session/3337 (userId=0)
09-27 13:51:19.038  2245  2245 I PlayerSettingsManager: getPlayerRepeatMode: no active player
09-27 13:51:19.038  2245  2245 I PlayerSettingsManager: getPlayerShuffleMode: no active player
09-27 13:51:19.038  2245  2245 I PlayerSettingsManager: updateRemoteDevice: STATE_REPEAT_OFF, STATE_SHUFFLE_OFF
09-27 13:51:19.038  2245  2245 I bluetooth: system/btif/avrcp/avrcp_service.cc:578 SendPlayerSettingsChanged: {attribute=PlayerAttribute::REPEAT : value=PlayerRepeatValue::OFF}, {attribute=PlayerAttribute::SHUFFLE : value=PlayerShuffleValue::OFF}
09-27 13:51:19.059  7387  3406 I CastService: [instance-320] [com.google.android.gms] onDisconnected: status = SUCCESS
09-27 13:51:19.059  7387  3406 I CastService: [instance-320] [com.google.android.gms] Disposing ConnectedClient; controller = CSC.
09-27 13:51:19.064  7387  3406 I CastSocketMultiplexer: Stopping multiplexer...
09-27 13:51:20.393  1463  2067 D BackgroundInstallControlService: Package event received: 0
09-27 13:51:20.400  1463  2067 D BackgroundInstallControlService: Package event received: 0
09-27 13:51:20.400  1463  2067 D BackgroundInstallControlService: Package event received: 0
09-27 13:51:20.400  1463  2067 D BackgroundInstallControlService: Package event received: 0
09-27 13:51:20.478  8188  8192 E gcblocker: too long GC blocking: 8
09-27 13:51:20.478  8188  8192 E gcblocker: gc block end, 497796950,101
09-27 13:51:20.482   883   883 W TracingMuxer: type=1400 audit(0.0:251889): avc:  denied  { write } for  name="traced_producer" dev="tmpfs" ino=1296 scontext=u:r:hal_neuralnetworks_darwinn:s0 tcontext=u:object_r:traced_producer_socket:s0 tclass=sock_file permissive=0
09-27 13:51:20.675   870  2643 I bthal.activity: bt_power: AclDataStat: 13:51:19:052 - 13:51:20:675, conn_handle: 65, duration: 1623, acl_data_count: 3, acl_tx_data_count: 2, acl_rx_data_count: 1, total_acl_data_count: 262148
09-27 13:51:20.781  1463  1946 D ActivityManager: sync unfroze 9463 com.google.android.apps.weather for 6
09-27 13:51:20.785  9463 10986 D WM-DelayedWorkTracker: Scheduling work 528e17e2-aab2-4809-84cf-fd8d2bbe076b
09-27 13:51:20.817  1463  1946 D ActivityManager: sync unfroze 29915 com.snapchat.android for 6
09-27 13:51:20.819  1463  1946 D ActivityManager: sync unfroze 30767 com.google.android.webview:sandboxed_process0:org.chromium.content.app.SandboxedProcessService0:0 for 6
09-27 13:51:20.824  1463  1946 D ActivityManager: sync unfroze 30414 com.android.vending for 6
09-27 13:51:20.826  1463  1946 D ActivityManager: sync unfroze 23773 com.android.chrome for 6
09-27 13:51:20.829  1463  1946 D ActivityManager: sync unfroze 27705 com.android.vending:background for 6
09-27 13:51:20.830  1463  1946 D ActivityManager: sync unfroze 30465 com.android.chrome:sandboxed_process0:org.chromium.content.app.SandboxedProcessService0:0 for 6
09-27 13:51:20.832  1463  1946 D ActivityManager: sync unfroze 30393 com.android.chrome:privileged_process0 for 6
09-27 13:51:20.850  9463 10986 D WM-GreedyScheduler: Starting tracking for 528e17e2-aab2-4809-84cf-fd8d2bbe076b
09-27 13:51:20.852  9463 10986 D WM-DelayedWorkTracker: Scheduling work de905cd7-756e-4f32-b8dc-b829f7a1ef91
09-27 13:51:20.852  9463 10986 D WM-GreedyScheduler: Starting work for de905cd7-756e-4f32-b8dc-b829f7a1ef91
09-27 13:51:20.879  9463  9484 D WM-Processor: o: processing WorkGenerationalId(workSpecId=de905cd7-756e-4f32-b8dc-b829f7a1ef91, generation=2753)
09-27 13:51:20.885 10494 10514 I ediu    : (REDACTED) appOpsListener %s %s
09-27 13:51:20.885 10494 10514 I ediu    : (REDACTED) Ignoring irrelevant audio permission changes for package %s
09-27 13:51:20.888 10494 10514 I ediu    : (REDACTED) appOpsListener %s %s
09-27 13:51:20.889  1463  4936 W ProcessStats: Tracking association SourceState{d05522a system/1000 ImpBg #2544084} whose proc state 6 is better than process ProcessState{d65edae com.google.android.apps.weather/10167 pkg=com.google.android.apps.weather} proc state 15 (3 skipped)
09-27 13:51:20.889 10494 10514 I ediu    : (REDACTED) Ignoring irrelevant audio permission changes for package %s
09-27 13:51:20.891  9463  9463 D WM-SystemJobService: onStartJob for WorkGenerationalId(workSpecId=de905cd7-756e-4f32-b8dc-b829f7a1ef91, generation=2753)
09-27 13:51:20.904  9463  9463 D WM-WorkerWrapper: Starting work for com.google.apps.tiktok.contrib.work.TikTokListenableWorker
09-27 13:51:20.905  9463  9516 D WM-Processor: Work WorkGenerationalId(workSpecId=de905cd7-756e-4f32-b8dc-b829f7a1ef91, generation=2753) is already enqueued for processing
09-27 13:51:20.908  9463  9463 I SyncManagerImpl: #sync(). Running Synclets and scheduling next sync.
09-27 13:51:20.909  9463  9516 D WM-ConstraintTracker: k: initial state = NetworkState(isConnected=true, isValidated=true, isMetered=false, isNotRoaming=true)
09-27 13:51:20.909  9463  9516 D WM-NetworkStateTracker: Registering network callback
09-27 13:51:20.910  1463  3751 D ConnectivityService: requestNetwork for uid/pid:10167/9463 activeRequest: null callbackRequest: 50068 [NetworkRequest [ TRACK_DEFAULT id=50069, [ Capabilities: INTERNET&NOT_RESTRICTED&TRUSTED&NOT_VCN_MANAGED&NOT_BANDWIDTH_CONSTRAINED Uid: 10167 RequestorUid: 10167 RequestorPkg: com.google.android.apps.weather UnderlyingNetworks: Null] ], NetworkRequest [ REQUEST id=50070, [ Transports: SATELLITE Capabilities: INTERNET&NOT_RESTRICTED&TRUSTED&NOT_VCN_MANAGED Uid: 10167 RequestorUid: 10167 RequestorPkg: com.google.android.apps.weather UnderlyingNetworks: Null] ]] callback flags: 0 order: 2147483647 isUidTracked: false declaredMethods: AVAIL|LOST|NC
09-27 13:51:20.913  9463  9516 D WM-GreedyScheduler: Constraints met: Scheduling work ID WorkGenerationalId(workSpecId=528e17e2-aab2-4809-84cf-fd8d2bbe076b, generation=2753)
09-27 13:51:20.914  9463 11040 D WM-NetworkStateTracker: Network capabilities changed: [ Transports: WIFI Capabilities: NOT_METERED&INTERNET&NOT_RESTRICTED&TRUSTED&NOT_VPN&VALIDATED&NOT_ROAMING&FOREGROUND&NOT_CONGESTED&NOT_SUSPENDED&NOT_VCN_MANAGED&NOT_BANDWIDTH_CONSTRAINED LinkUpBandwidth>=16747Kbps LinkDnBandwidth>=25579Kbps TransportInfo: <SSID: <unknown ssid>, BSSID: 02:00:00:00:00:00, MAC: 02:00:00:00:00:00, IP: /192.168.1.112, Security type: 2, Supplicant state: COMPLETED, Wi-Fi standard: 11ac, RSSI: -39, Link speed: 866Mbps, Tx Link speed: 866Mbps, Max Supported Tx Link speed: 866Mbps, Rx Link speed: 360Mbps, Max Supported Rx Link speed: 866Mbps, Frequency: 5180MHz, Net ID: -1, Metered hint: false, score: 60, isUsable: true, CarrierMerged: false, SubscriptionId: -1, IsPrimary: -1, Trusted: true, Restricted: false, Ephemeral: false, OEM paid: false, OEM private: false, OSU AP: false, FQDN: <none>, Provider friendly name: <none>, Requesting package name: <none><none>MLO Information: , Is TID-To-Link negotiation supported by the AP: false, AP MLD Address: <none>, AP MLO Link Id: <none>, AP MLO Affiliated links: <none>, Vendor Data: <none>> SignalStrength: -39 UnderlyingNetworks: Null]
09-27 13:51:20.919  1463  2017 D ConnectivityService: NetReassign [50069 : null → 239] [c 0] [a 3] [i 5]
09-27 13:51:20.920  9463  9516 D WM-Processor: o: processing WorkGenerationalId(workSpecId=528e17e2-aab2-4809-84cf-fd8d2bbe076b, generation=2753)
09-27 13:51:20.926  9463  9463 D WM-WorkerWrapper: Starting work for com.google.apps.tiktok.contrib.work.TikTokListenableWorker
09-27 13:51:20.926  9463  9463 I SyncManagerImpl: #sync(). Running Synclets and scheduling next sync.
09-27 13:51:20.927  9463  9515 I SyncManagerImpl: Running synclets: [PixelWeatherBackupSynclet, ForecastNotificationSynclet]
09-27 13:51:20.934  9463  9516 I SyncManagerImpl: Running synclets: []
09-27 13:51:20.934  9463  9516 I SyncManagerImpl: #sync() complete
09-27 13:51:20.935  9463  9484 I SyncManagerImpl: Completed sync. Scheduling next wakeup
09-27 13:51:20.935  9463  9523 I SyncManagerImpl: Starting synclet: ForecastNotificationSynclet
09-27 13:51:20.935  9463  9484 I SyncWorkManagerPeriodic: Scheduling next periodic WorkManager workers
09-27 13:51:20.935  9463  9494 I SyncManagerImpl: Starting synclet: PixelWeatherBackupSynclet
09-27 13:51:20.941  9463  9516 I WM-WorkerWrapper: Worker result SUCCESS for Work [ id=528e17e2-aab2-4809-84cf-fd8d2bbe076b, tags={ com.google.apps.tiktok.contrib.work.TikTokListenableWorker,com.google.apps.tiktok.sync.impl.workmanager.SyncPeriodicWorker,TikTokWorker#com.google.apps.tiktok.sync.impl.workmanager.SyncPeriodicWorker } ]
09-27 13:51:20.948  9463  9463 D WM-Processor: o 528e17e2-aab2-4809-84cf-fd8d2bbe076b executed; reschedule = false
09-27 13:51:20.948  9463  9463 D WM-GreedyScheduler: Stopping tracking for WorkGenerationalId(workSpecId=528e17e2-aab2-4809-84cf-fd8d2bbe076b, generation=2753)
09-27 13:51:20.952  9463  9463 D WM-SystemJobService: 528e17e2-aab2-4809-84cf-fd8d2bbe076b executed on JobScheduler
09-27 13:51:20.964  9463  9516 D WM-GreedyScheduler: Cancelling work ID 528e17e2-aab2-4809-84cf-fd8d2bbe076b
09-27 13:51:20.973  9463  9525 I PreferredLocationsRemot: Preferred location cache hit
09-27 13:51:20.980  9463  9516 D WM-SystemJobScheduler: Scheduling work ID 528e17e2-aab2-4809-84cf-fd8d2bbe076bJob ID 9181
09-27 13:51:21.000  9463  9516 D WM-GreedyScheduler: Cancelling work ID f8ba0223-d4c5-4c1f-a70a-8f22175909b5
09-27 13:51:21.000  9463  9524 W WeatherForecastNotifica: Failed to send forecast notification, no POST_NOTIFICATIONS permission.
09-27 13:51:21.008  9463  9516 D WM-SystemJobScheduler: Scheduling work ID f8ba0223-d4c5-4c1f-a70a-8f22175909b5Job ID 9182
09-27 13:51:21.024  9463  9524 I LocationProviderImpl: Returning cached location, age=720628
09-27 13:51:21.026  9463  9519 I EssentialsCurrentCondit: Querying current condition cache for request=1930574277
09-27 13:51:21.026  9463  9525 I EssentialsHourlyForecas: Querying hourly forecast cache for request=1930574277
09-27 13:51:21.027  9463  9516 D WM-GreedyScheduler: Cancelling work ID 528e17e2-aab2-4809-84cf-fd8d2bbe076b
09-27 13:51:21.030  9463  9525 I LocalAddressCacheAccess: Querying local address cache for request=-734713897
09-27 13:51:21.034  9463  9494 I EssentialsHourlyForecas: Querying hourly forecast cache for request=-981749709
09-27 13:51:21.035  9463  9523 I EssentialsCurrentCondit: Querying current condition cache for request=-981749709
09-27 13:51:21.035  9463  9519 I EssentialsHourlyForecas: Querying hourly forecast cache for request=-1054876365
09-27 13:51:21.035  9463  9522 I EssentialsCurrentCondit: Querying current condition cache for request=-1054876365
09-27 13:51:21.038  9463  9516 D WM-SystemJobScheduler: Scheduling work ID 528e17e2-aab2-4809-84cf-fd8d2bbe076bJob ID 9183
09-27 13:51:21.045  9463  9516 D WM-NetworkStateTracker: Unregistering network callback
09-27 13:51:21.046  9463  9494 I SyncWorkManagerPeriodic: Successfully scheduled next periodic workers
09-27 13:51:21.050  9463  9525 I EssentialsCurrentCondit: Current condition cache hit for request=1930574277
09-27 13:51:21.051  9463  9494 I EssentialsCurrentCondit: Current condition cache invalid for request=-981749709
09-27 13:51:21.052  9463  9494 I EssentialsCurrentCondit: Current condition cache invalid for request=-1054876365
09-27 13:51:21.063  9463  9525 I LocalAddressCacheAccess: Local address cache hit for request=-734713897
09-27 13:51:21.083  9463  9525 I EssentialsHourlyForecas: Hourly forecast cache hit for request=1930574277
09-27 13:51:21.101  9463  9525 I EssentialsHourlyForecas: Hourly forecast cache hit for request=-981749709
09-27 13:51:21.105 29915 29956 D CursorWindow: Inflated: original size 16384, new size 2097152
09-27 13:51:21.110  9463  9525 I EssentialsHourlyForecas: Hourly forecast cache hit for request=-1054876365
09-27 13:51:21.111  9463  9525 I PreferredLocationsRemot: Fetching preferred locations from backend
09-27 13:51:21.129  1463  2067 D BackgroundInstallControlService: Package event received: 0
09-27 13:51:21.465   932  2102 I WifiHAL : Creating message to get link statistics; iface = 47
09-27 13:51:21.494   932  2102 I WifiHAL : index: 0 per_rate_size 32, data_rem_len 1152
09-27 13:51:21.494   932  2102 I WifiHAL : index: 1 per_rate_size 32, data_rem_len 1120
09-27 13:51:21.494   932  2102 I WifiHAL : index: 2 per_rate_size 32, data_rem_len 1088
09-27 13:51:21.494   932  2102 I WifiHAL : index: 3 per_rate_size 32, data_rem_len 1056
09-27 13:51:21.494   932  2102 I WifiHAL : index: 4 per_rate_size 32, data_rem_len 1024
09-27 13:51:21.494   932  2102 I WifiHAL : index: 5 per_rate_size 32, data_rem_len 992
09-27 13:51:21.494   932  2102 I WifiHAL : index: 6 per_rate_size 32, data_rem_len 960
09-27 13:51:21.494   932  2102 I WifiHAL : index: 7 per_rate_size 32, data_rem_len 928
09-27 13:51:21.494   932  2102 I WifiHAL : index: 8 per_rate_size 32, data_rem_len 896
09-27 13:51:21.494   932  2102 I WifiHAL : index: 9 per_rate_size 32, data_rem_len 864
09-27 13:51:21.494   932  2102 I WifiHAL : index: 10 per_rate_size 32, data_rem_len 832
09-27 13:51:21.494   932  2102 I WifiHAL : index: 11 per_rate_size 32, data_rem_len 800
09-27 13:51:21.494   932  2102 I WifiHAL : index: 12 per_rate_size 32, data_rem_len 768
09-27 13:51:21.494   932  2102 I WifiHAL : index: 13 per_rate_size 32, data_rem_len 736
09-27 13:51:21.494   932  2102 I WifiHAL : index: 14 per_rate_size 32, data_rem_len 704
09-27 13:51:21.494   932  2102 I WifiHAL : index: 15 per_rate_size 32, data_rem_len 672
09-27 13:51:21.494   932  2102 I WifiHAL : index: 16 per_rate_size 32, data_rem_len 640
09-27 13:51:21.494   932  2102 I WifiHAL : index: 17 per_rate_size 32, data_rem_len 608
09-27 13:51:21.494   932  2102 I WifiHAL : index: 18 per_rate_size 32, data_rem_len 576
09-27 13:51:21.494   932  2102 I WifiHAL : index: 19 per_rate_size 32, data_rem_len 544
09-27 13:51:21.494   932  2102 I WifiHAL : index: 20 per_rate_size 32, data_rem_len 512
09-27 13:51:21.494   932  2102 I WifiHAL : index: 21 per_rate_size 32, data_rem_len 480
09-27 13:51:21.494   932  2102 I WifiHAL : index: 22 per_rate_size 32, data_rem_len 448
09-27 13:51:21.494   932  2102 I WifiHAL : index: 23 per_rate_size 32, data_rem_len 416
09-27 13:51:21.494   932  2102 I WifiHAL : index: 24 per_rate_size 32, data_rem_len 384
09-27 13:51:21.494   932  2102 I WifiHAL : index: 25 per_rate_size 32, data_rem_len 352
09-27 13:51:21.494   932  2102 I WifiHAL : index: 26 per_rate_size 32, data_rem_len 320
09-27 13:51:21.494   932  2102 I WifiHAL : index: 27 per_rate_size 32, data_rem_len 288
09-27 13:51:21.494   932  2102 I WifiHAL : index: 28 per_rate_size 32, data_rem_len 256
09-27 13:51:21.494   932  2102 I WifiHAL : index: 29 per_rate_size 32, data_rem_len 224
09-27 13:51:21.494   932  2102 I WifiHAL : index: 30 per_rate_size 32, data_rem_len 192
09-27 13:51:21.494   932  2102 I WifiHAL : index: 31 per_rate_size 32, data_rem_len 160
09-27 13:51:21.494   932  2102 I WifiHAL : index: 32 per_rate_size 32, data_rem_len 128
09-27 13:51:21.494   932  2102 I WifiHAL : index: 33 per_rate_size 32, data_rem_len 96
09-27 13:51:21.494   932  2102 I WifiHAL : index: 34 per_rate_size 32, data_rem_len 64
09-27 13:51:21.494   932  2102 I WifiHAL : index: 35 per_rate_size 32, data_rem_len 32
09-27 13:51:21.496   932   932 I WifiHAL : Getting cached scan results, iface handle = 0xb400007e3fe71150
09-27 13:51:21.496   932   932 E WifiHAL : Creating message to get cached scan results
09-27 13:51:21.501   932   932 I WifiHAL : In GetCachedScanResultsCommand::handleResponse
09-27 13:51:21.537  1463  2017 D ConnectivityService: NetReassign [no changes] [c 3] [a 3] [i 5]
09-27 13:51:21.725  9463  9554 I cn_CronetUrlRequestContext: destroyNativeStreamLocked org.chromium.net.impl.CronetBidirectionalStream@793fd98
09-27 13:51:21.754  9463  9524 I PreferredLocationsRemot: Preferred location cache hit
09-27 13:51:21.760  9463  9524 I LocationProviderImpl: Trying to obtain last location.
09-27 13:51:21.771  9463  9524 I LocationProviderImpl: Last location obtained successfully
09-27 13:51:21.771  9463  9524 I LocationProviderImpl: Using last known location, age=PT1M52.181S
09-27 13:51:21.772  9463  9524 I LocalAddressCacheAccess: Querying local address cache for request=-734713897
09-27 13:51:21.773  9463  9524 I EssentialsHourlyForecas: Fetching fresh hourly forecast for request=1430649893
09-27 13:51:21.773  9463  9519 I EssentialsCurrentCondit: Fetching fresh current condition weather for request=1430649893
09-27 13:51:21.773  9463  9494 I EssentialsCurrentCondit: Fetching fresh current condition weather for request=180450096
09-27 13:51:21.774  9463  9523 I EssentialsHourlyForecas: Fetching fresh hourly forecast for request=-1708993763
09-27 13:51:21.774  9463  9525 I EssentialsCurrentCondit: Fetching fresh current condition weather for request=-1708993763
09-27 13:51:21.775  9463  9522 I EssentialsHourlyForecas: Fetching fresh hourly forecast for request=180450096
09-27 13:51:21.784  1463  2067 D BackgroundInstallControlService: Package event received: 0
09-27 13:51:21.790  1463  3764 D ActivityManager: sync unfroze 30277 com.google.android.gms for 6
09-27 13:51:21.803 30277 30277 D BoundBrokerSvc: onBind: Intent { act=com.google.android.gms.auth.service.START xflg=0x4 pkg=com.google.android.gms }
09-27 13:51:21.806 30277 30277 D BoundBrokerSvc: Loading bound service for intent: Intent { act=com.google.android.gms.auth.service.START xflg=0x4 pkg=com.google.android.gms }
09-27 13:51:21.868  9463  9519 I LocalAddressCacheAccess: Local address cache hit for request=-734713897
09-27 13:51:21.900  1203  1203 D AOC     : F1:MSG: hotword_input_processor.cc, 2022: Music detected @frame at 55040 ms.
09-27 13:51:21.901  1203  1203 D AOC     : F1:MSG: hotword_input_processor.cc, 2030:   Payload buffer:
09-27 13:51:21.901  1203  1203 D AOC     : pos_music,val:32124
09-27 13:51:21.901  1203  1203 D AOC     : F1:MSG: hotword_input_processor.cc, 2039: Music detection event sent to host
09-27 13:51:21.901  1203  1203 D AOC     : F1:TRC: hotword_input_processor.cc, 1008: Receive cmd: 0x6d (109)
09-27 13:51:21.925  1463  2067 D BackgroundInstallControlService: Package event received: 0
09-27 13:51:21.926  1463  2067 D BackgroundInstallControlService: Package event received: 0
09-27 13:51:21.926  1463  2067 D BackgroundInstallControlService: Package event received: 0
09-27 13:51:21.928  1463  2067 D BackgroundInstallControlService: Package event received: 0
09-27 13:51:21.934  1203  1203 D AOC     : F1:TRC: hotword_input_processor.cc, 1504: Finished cmd: 0x6d (109)
09-27 13:51:21.935   868  1632 I StHal::SoundTriggerHal: ControlThreadLoop: read trigger event with model type: 2
09-27 13:51:21.935   868  1632 I StHal::SoundTriggerHal: ControlThreadLoop: received AmbientMusic recognition with payload: pos_music,val:32124
09-27 13:51:21.935   868  1632 I StHal::Client: ChangeStateTo: client 1 transits from StartDetecting to CallbackProcessing
09-27 13:51:21.938  1463  3764 I SoundTriggerMiddlewareLogging: RECOGNITION (1, RecognitionEventSys{recognitionEvent: RecognitionEvent{status: 0, type: 1, captureAvailable: true, captureDelayMs: 0, capturePreambleMs: 0, triggerInData: false, audioConfig: AudioConfig{base: AudioConfigBase{sampleRate: 16000, channelMask: AudioChannelLayout.layoutMask(1), format: AudioFormatDescription{type: 1, pcm: 1, encoding: }}, offloadInfo: AudioOffloadInfo{base: AudioConfigBase{sampleRate: 0, channelMask: AudioChannelLayout.none(0), format: AudioFormatDescription{type: 0, pcm: 0, encoding: }}, streamType: -2, bitRatePerSecond: 0, durationUs: 0, hasVideo: false, isStreaming: false, bitWidth: 16, offloadBufferSize: 0, usage: -1, encapsulationMode: -1, contentId: 0, syncId: 0}, frameCount: 0}, data: [112, 111, 115, 95, 109, 117, 115, 105, 99, 44, 118, 97, 108, 58, 51, 50, 49, 50, 52], recognitionStillActive: false}, halEventReceivedMillis: 792620215027231, token: android.os.Binder@d794568}, 85929)
09-27 13:51:21.939  1463  2067 D BackgroundInstallControlService: Package event received: 0
09-27 13:51:21.947  1463  1463 V SoundTriggerService: 9f6ad62a-1f0b-11e7-87c5-40a8f03d3f15: onServiceConnected(android.os.BinderProxy@78f0992)
09-27 13:51:21.948  1463  1463 V SoundTriggerService: 9f6ad62a-1f0b-11e7-87c5-40a8f03d3f15: runOp 0
09-27 13:51:21.950  3643  3643 I AmbientMusicDetector: (REDACTED) Received music trigger: '%s'
09-27 13:51:21.953  3643  3643 I AmbientMusicDetector: Running on-device song recognition.
09-27 13:51:21.953  3643  3643 I AudioBufferManager: Creating AudioRecord accessing DSP audio.
09-27 13:51:21.961   933 32088 D DeviceHalAidl: [default] openInputStream: handle: 27966 devices 80000004 flags 2 mixPortHalId 1004
09-27 13:51:21.961   933 32088 D Hal2AidlMapper: [default] prepareToOpenStream: handle 27966, mixPortHalId 1004, device AudioDevice{type: AudioDeviceDescription{type: IN_MICROPHONE, connection: }, address: AudioDeviceAddress{id: bottom}}, flags AudioIoFlags{input: 2}, source HOTWORD, config AudioConfig{base: AudioConfigBase{sampleRate: 16000, channelMask: AudioChannelLayout{layoutMask: 1}, format: AudioFormatDescription{type: PCM, pcm: INT_16_BIT, encoding: }}, offloadInfo: AudioOffloadInfo{base: AudioConfigBase{sampleRate: 0, channelMask: AudioChannelLayout{none: 0}, format: AudioFormatDescription{type: DEFAULT, pcm: DEFAULT, encoding: }}, streamType: VOICE_CALL, bitRatePerSecond: 0, durationUs: 0, hasVideo: false, isStreaming: false, bitWidth: 16, offloadBufferSize: 0, usage: UNKNOWN, encapsulationMode: NONE, contentId: 0, syncId: 0}, frameCount: 0}, mixport config AudioPortConfig{id: 0, portId: 0, sampleRate: (null), channelMask: (null), format: (null), gain: (null), flags: (null), ext: AudioPortExt{unspecified: false}}
09-27 13:51:21.961   933 32088 D Hal2AidlMapper: [default] resetPortConfig: AudioPortConfig{id: 404298, portId: 1004, sampleRate: Int{value: 16000}, channelMask: AudioChannelLayout{layoutMask: 1}, format: AudioFormatDescription{type: PCM, pcm: INT_16_BIT, encoding: }, gain: (null), flags: AudioIoFlags{input: 2}, ext: AudioPortExt{mix: AudioPortMixExt{handle: 27958, usecase: AudioPortMixExtUseCase{source: HOTWORD}, maxOpenStreamCount: 0, maxActiveStreamCount: 0, recommendedMuteDurationMs: 0}}}
09-27 13:51:21.962   868  3001 I ASvc::Module: resetAudioPortConfig: port config id = 404298
09-27 13:51:21.963   868  3001 I ASvc::Module: setAudioPortConfig: requested = AudioPortConfig{id: 101001, portId: 101001, sampleRate: Int{value: 16000}, channelMask: AudioChannelLayout{layoutMask: 1}, format: AudioFormatDescription{type: PCM, pcm: INT_16_BIT, encoding: }, gain: (null), flags: AudioIoFlags{input: 0}, ext: AudioPortExt{device: AudioPortDeviceExt{device: AudioDevice{type: AudioDeviceDescription{type: IN_MICROPHONE, connection: }, address: AudioDeviceAddress{id: bottom}}, flags: 1, encodedFormats: [], encapsulationModes: 0, encapsulationMetadataTypes: 0, speakerLayout: (null)}}}
09-27 13:51:21.963   868  3001 I ASvc::Module: setAudioPortConfig: requested = AudioPortConfig{id: 101001, portId: 101001, sampleRate: Int{value: 48000}, channelMask: AudioChannelLayout{layoutMask: 1}, format: AudioFormatDescription{type: PCM, pcm: INT_16_BIT, encoding: }, gain: (null), flags: AudioIoFlags{input: 0}, ext: AudioPortExt{device: AudioPortDeviceExt{device: AudioDevice{type: AudioDeviceDescription{type: IN_MICROPHONE, connection: }, address: AudioDeviceAddress{id: bottom}}, flags: 1, encodedFormats: [], encapsulationModes: 0, encapsulationMetadataTypes: 0, speakerLayout: (null)}}}
09-27 13:51:21.963   868  3001 I AHal::PortRouteManager: UpdatePortConfiguration: update config 101001 on microphones/101001
09-27 13:51:21.964   868  3001 I ASvc::Module: setAudioPortConfig: requested = AudioPortConfig{id: 0, portId: 1004, sampleRate: Int{value: 16000}, channelMask: AudioChannelLayout{layoutMask: 1}, format: AudioFormatDescription{type: PCM, pcm: INT_16_BIT, encoding: }, gain: (null), flags: AudioIoFlags{input: 2}, ext: AudioPortExt{mix: AudioPortMixExt{handle: 27966, usecase: AudioPortMixExtUseCase{source: HOTWORD}, maxOpenStreamCount: 0, maxActiveStreamCount: 0, recommendedMuteDurationMs: 0}}}
09-27 13:51:21.964   868  3001 I AHal::PortRouteManager: AddPortConfiguration: add config 404299 on sound-trigger-capture/1004
09-27 13:51:21.964   868  3001 I AHal::PortRouteManager: UpdateOrAddPatch: add patch 3979, AudioPatch{id: 3979, source: [101001/101001: microphones], sink: [404299/1004: sound-trigger-capture], min frames: 1024, latencies: [64]}
09-27 13:51:21.964   868  3001 I AHal::Router: InvalidateLocked: nothing change between graph #32228 and #32229
09-27 13:51:21.965   868  3001 I ASvc::Module: openInputStream: open input stream on the port config 404299, bufferSizeFrames = 1024, sinkMetadata = SinkMetadata{tracks: [RecordTrackMetadata{source: HOTWORD, gain: 1.000000, destinationDevice: (null), channelMask: AudioChannelLayout{layoutMask: 1}, tags: []}]}
09-27 13:51:21.966   868  3001 I ASvc::Queues: InitializeMessageQueues: data queue size 2048 bytes
09-27 13:51:21.966   868  3001 D ASvc::Queues: FillStreamDescriptor: StreamDescriptor{command: MQDescriptor{grantors: [GrantorDescriptor{fdIndex: 0, offset: 0, extent: 8}, GrantorDescriptor{fdIndex: 0, offset: 8, extent: 8}, GrantorDescriptor{fdIndex: 0, offset: 16, extent: 8}, GrantorDescriptor{fdIndex: 0, offset: 24, extent: 4}], handle: NativeHandle{fds: [fd:41], ints: []}, quantum: 8, flags: 1}, reply: MQDescriptor{grantors: [GrantorDescriptor{fdIndex: 0, offset: 0, extent: 8}, GrantorDescriptor{fdIndex: 0, offset: 8, extent: 8}, GrantorDescriptor{fdIndex: 0, offset: 16, extent: 56}, GrantorDescriptor{fdIndex: 0, offset: 72, extent: 4}], handle: NativeHandle{fds: [fd:42], ints: []}, quantum: 56, flags: 1}, frameSizeBytes: 2, bufferSizeFrames: 1024, audio: AudioBuffer{fmq: MQDescriptor{grantors: [GrantorDescriptor{fdIndex: 0, offset: 0, extent: 8}, GrantorDescriptor{fdIndex: 0, offset: 8, extent: 8}, GrantorDescriptor{fdIndex: 0, offset: 16, extent: 2048}, GrantorDescriptor{fdIndex: 0, offset: 2064, extent: 4}], handle: NativeHandle{fds: [fd:43], ints: []}, quantum: 1, flags: 1}}}
09-27 13:51:21.967   868  3603 I AUtl::Worker: Loop: pw-sound-trigger-capture started
09-27 13:51:21.969   868  3604 I AUtl::Worker: Loop: cw-sound-trigger-capture started
09-27 13:51:21.969   868  3001 I AHal::GainPcmProcessor: SetVolume: target gain: 1, current gain: 1
09-27 13:51:21.969   868  3001 I ASvc::Module: openInputStream: create sound-trigger-capture(0xb4000070ee2d34d0)
09-27 13:51:21.971   933 32088 D StreamHalAidl: [in|ioHandle:27966] StreamHalAidl
09-27 13:51:21.971   933 32088 D StreamHalAidl: [in|ioHandle:27966] getAudioProperties
09-27 13:51:21.972   868   868 I ASvc::StreamCommonImpl: setVendorParameters: parameter = [VendorParameter{id: aosp.createMmapBuffer, ext: AParcelableHolder}]
09-27 13:51:21.972   933 32088 D StreamHalAidl: [in|ioHandle:27966] getFrameSize
09-27 13:51:21.973   933 32088 D StreamHalAidl: [in|ioHandle:27966] getAudioProperties
09-27 13:51:21.973   933 32088 D StreamHalAidl: [in|ioHandle:27966] getAudioProperties
09-27 13:51:21.973   933 32088 D StreamHalAidl: [in|ioHandle:27966] getBufferSize
09-27 13:51:21.973   933 32088 I StreamHalAidl: [in|ioHandle:27966] getBufferSize: size: 2048
09-27 13:51:21.973   933 32088 D StreamHalAidl: [in|ioHandle:27966] getBufferSize
09-27 13:51:21.973   933 32088 I StreamHalAidl: [in|ioHandle:27966] getBufferSize: size: 2048
09-27 13:51:21.973   933 32088 D StreamHalAidl: [in|ioHandle:27966] getAudioProperties
09-27 13:51:21.976   933  3605 I AudioFlinger: AudioFlinger's thread 0xb4000079f2d9ba68 tid=3605 ready to run
09-27 13:51:21.976   933  3605 D StreamHalAidl: [in|ioHandle:27966] standby
09-27 13:51:21.976   933  3605 D StreamHalAidl: [in|ioHandle:27966] standby
09-27 13:51:21.995   933  3605 D DeviceHalAidl: [default] createAudioPatch: sources: 1 sinks 1
09-27 13:51:21.996   933  3605 D Hal2AidlMapper: [default] createOrUpdatePatch: patch ID: 0, [disregard IDs] sources: [AudioPortConfig{id: 21, portId: 0, sampleRate: Int{value: 48000}, channelMask: AudioChannelLayout{indexMask: 15}, format: AudioFormatDescription{type: PCM, pcm: INT_16_BIT, encoding: }, gain: (null), flags: (null), ext: AudioPortExt{device: AudioPortDeviceExt{device: AudioDevice{type: AudioDeviceDescription{type: IN_MICROPHONE, connection: }, address: AudioDeviceAddress{id: bottom}}, flags: 0, encodedFormats: [], encapsulationModes: 0, encapsulationMetadataTypes: 0, speakerLayout: (null)}}}], sinks: [AudioPortConfig{id: 18071, portId: 0, sampleRate: Int{value: 16000}, channelMask: AudioChannelLayout{layoutMask: 1}, format: AudioFormatDescription{type: PCM, pcm: INT_16_BIT, encoding: }, gain: (null), flags: AudioIoFlags{input: 2}, ext: AudioPortExt{mix: AudioPortMixExt{handle: 27966, usecase: AudioPortMixExtUseCase{source: HOTWORD}, maxOpenStreamCount: 0, maxActiveStreamCount: 0, recommendedMuteDurationMs: 0}}}]
09-27 13:51:21.996   868   868 I ASvc::Module: setAudioPortConfig: requested = AudioPortConfig{id: 101001, portId: 101001, sampleRate: Int{value: 48000}, channelMask: AudioChannelLayout{indexMask: 15}, format: AudioFormatDescription{type: PCM, pcm: INT_16_BIT, encoding: }, gain: (null), flags: AudioIoFlags{input: 0}, ext: AudioPortExt{device: AudioPortDeviceExt{device: AudioDevice{type: AudioDeviceDescription{type: IN_MICROPHONE, connection: }, address: AudioDeviceAddress{id: bottom}}, flags: 1, encodedFormats: [], encapsulationModes: 0, encapsulationMetadataTypes: 0, speakerLayout: (null)}}}
09-27 13:51:21.997   868   868 I ASvc::Module: setAudioPortConfig: requested = AudioPortConfig{id: 101001, portId: 101001, sampleRate: Int{value: 48000}, channelMask: AudioChannelLayout{layoutMask: 1}, format: AudioFormatDescription{type: PCM, pcm: INT_16_BIT, encoding: }, gain: (null), flags: AudioIoFlags{input: 0}, ext: AudioPortExt{device: AudioPortDeviceExt{device: AudioDevice{type: AudioDeviceDescription{type: IN_MICROPHONE, connection: }, address: AudioDeviceAddress{id: bottom}}, flags: 1, encodedFormats: [], encapsulationModes: 0, encapsulationMetadataTypes: 0, speakerLayout: (null)}}}
09-27 13:51:21.997   868   868 I AHal::PortRouteManager: UpdatePortConfiguration: update config 101001 on microphones/101001
09-27 13:51:21.997   933  3605 I Hal2AidlMapper: [default] createOrUpdatePatch: Updating transient patch. Current: AudioPatch{id: 3979, sourcePortConfigIds: [101001], sinkPortConfigIds: [404299], minimumStreamBufferSizeFrames: 1024, latenciesMs: [64]}, new: AudioPatch{id: 3979, sourcePortConfigIds: [101001], sinkPortConfigIds: [404299], minimumStreamBufferSizeFrames: 0, latenciesMs: []}
09-27 13:51:21.998   868   868 I AHal::PortRouteManager: UpdateOrAddPatch: update patch 3979, AudioPatch{id: 3979, source: [101001/101001: microphones], sink: [404299/1004: sound-trigger-capture], min frames: 1024, latencies: [64]}
09-27 13:51:21.998   868   868 I AHal::Router: InvalidateLocked: nothing change between graph #32229 and #32230
09-27 13:51:22.000   868   868 D AHal::UseCase: SetActiveTracks: update sound-trigger-capture active tracks(1)
09-27 13:51:22.005   868   868 I ASvc::StreamIn: setMicrophoneDirection (sound-trigger-capture) : direction = UNSPECIFIED
09-27 13:51:22.006   868  3604 I ASvc::StreamInSyncStates: cw-sound-trigger-capture: Command{start: Void{}} in StreamInStandbyState
09-27 13:51:22.007   868  3604 I ASvc::CommandWorker: StartStreamAndActivateRoute: try to start sound-trigger-capture, counter 5
09-27 13:51:22.007   868  3604 I AHal::Router: Activate: activate 404299 without a scoped lock
09-27 13:51:22.007   868   868 I ASvc::StreamIn: setMicrophoneFieldDimension (sound-trigger-capture) : zoom = 0
09-27 13:51:22.007   868  3604 I AHal::RoutingGraphBuilder: ApplyDeviceRoutingWorkaround: WA4 - replace with sound-trigger microphones for sound-trigger use cases
09-27 13:51:22.008   868  3604 I AHal::Router: InvalidateLocked: new graph #32231 Edges(1):
09-27 13:51:22.008   868  3604 I AHal::Router:   [direction: 1, use case: sound-trigger-capture, id: 0, use case extras: [aec: false, ns: false], use case attributes: [active track: true][sample_rate: 16000][channel layout: AudioChannelLayout{layoutMask: 1}][format: AudioFormatDescription{type: PCM, pcm: INT_16_BIT, encoding: }], device: sound-trigger-microphones, sibling device: , handle: 0xb4000070fe280110, device extras: [source: HOTWORD, voice call: false, st aec: false, hac: false, sr: 16000, ch: AudioChannelLayout{layoutMask: 3}, f: AudioFormatDescription{type: PCM, pcm: INT_16_BIT, encoding: }, hifi: 0], config id: [u: 404299, d:101011], priority: 0002]
09-27 13:51:22.008   868  3604 I AHal::Router: InvalidateLocked: ============ apply graph #32231 [Sat Sep 27 13:51:22 2025] start ============
09-27 13:51:22.008   868  3604 I AHal::Router: LogTransferring: Transferring (1):
09-27 13:51:22.008   868  3604 I AHal::Router: LogTransferring:   (null) => sound-trigger-microphones -> sound-trigger-capture-0
09-27 13:51:22.008   868  3604 I AHal::Router: Configure: config device sound-trigger-microphones -> sound-trigger-capture-0
09-27 13:51:22.009   868  3604 I AHal::VoiceCall: Update: reset echo reference device
09-27 13:51:22.009   868  3604 D audio_route: Apply path: sound-trigger-microphones -> sound-trigger-capture-0
09-27 13:51:22.009   868  3604 I AHal::AudioRoutePathController: ApplyPath: sound-trigger-microphones -> sound-trigger-capture-0: true
09-27 13:51:22.009   868  3604 I AHal::DeviceInterface: Connect: connect sound-trigger-microphones -> sound-trigger-capture-0
09-27 13:51:22.009   868  3604 I AHal::Router: InvalidateLocked: ============ apply graph #32231 end ============
09-27 13:51:22.009   868  3604 I ASvc::PeriodicWorker: SetLinkedConfigIds: update linked configs [101011]
09-27 13:51:22.009   868  3604 D BTAudioSessionAidl: UpdateSourceMetadata - SessionType=LE_AUDIO_HARDWARE_OFFLOAD_ENCODING_DATAPATH has NO session
09-27 13:51:22.009   868  3604 D BTAudioSessionAidl: UpdateSinkMetadata - SessionType=LE_AUDIO_HARDWARE_OFFLOAD_DECODING_DATAPATH has NO session
09-27 13:51:22.009   868  3604 I AHal::Stream: Start: start stream sound-trigger-capture
09-27 13:51:22.009   868  3604 I StHal::Client: ChangeStateTo: client 1 transits from CallbackProcessing to Buffering
09-27 13:51:22.010   868  3604 I StHal::SoundTriggerDriverOperations: Start: io_handle 27966, with engine type: 2
09-27 13:51:22.010   868  3604 I ASvc::StreamInSyncStates: cw-sound-trigger-capture: Command{burst: 2048} in StreamInIdleState
09-27 13:51:22.011  1463  3764 I AudioService.RecordingActivityMonitor: rec update riid:83623 uid:10136 session:85929 src:HOTWORD not silenced pack:com.google.android.as
09-27 13:51:22.012  8188  8192 E gcblocker: too long GC blocking: 8
09-27 13:51:22.012  8188  8192 E gcblocker: gc block end, 497798485,100
09-27 13:51:22.038  9463  9554 I cn_CronetUrlRequestContext: destroyNativeStreamLocked org.chromium.net.impl.CronetBidirectionalStream@564293e
09-27 13:51:22.040  9463  9554 I cn_CronetUrlRequestContext: destroyNativeStreamLocked org.chromium.net.impl.CronetBidirectionalStream@6d74b31
09-27 13:51:22.060  9463  9524 I EssentialsCurrentCondit: Querying current condition cache for request=1430649893
09-27 13:51:22.062  9463  9525 I EssentialsCurrentCondit: Querying current condition cache for request=180450096
09-27 13:51:22.062  9463  9554 I cn_CronetUrlRequestContext: destroyNativeStreamLocked org.chromium.net.impl.CronetBidirectionalStream@e9eeb2
09-27 13:51:22.063  9463  9525 I EssentialsCurrentCondit: Old current condition is different from new current condition for request=180450096
09-27 13:51:22.067  9463  9523 I EssentialsCurrentCondit: Current condition cache hit for request=180450096
09-27 13:51:22.067  9463  9522 I EssentialsCurrentCondit: Old current condition is different from new current condition for request=1430649893
09-27 13:51:22.067  9463  9522 I EssentialsCurrentCondit: Current condition cache hit for request=1430649893
09-27 13:51:22.071  3643  4502 I AudioBufferManager: (REDACTED) %s: Audio recording finished, got %s samples.
09-27 13:51:22.072  3643  4991 I AmbientMusicDetector: (REDACTED) Received music trigger with last-matched track ID '%d'  (%s) from shard '%s'
09-27 13:51:22.072  3643  4991 I NnfpMusicRecognizer: (REDACTED) SoundSearch FP fallback configuration: AutoOnDemand: %b SoSe Fps: %b
09-27 13:51:22.076  9463  9554 I cn_CronetUrlRequestContext: destroyNativeStreamLocked org.chromium.net.impl.CronetBidirectionalStream@d289098
09-27 13:51:22.079  9463  9554 I cn_CronetUrlRequestContext: destroyNativeStreamLocked org.chromium.net.impl.CronetBidirectionalStream@3e410f1
09-27 13:51:22.087  9463  9554 I cn_CronetUrlRequestContext: destroyNativeStreamLocked org.chromium.net.impl.CronetBidirectionalStream@aad4d6
09-27 13:51:22.118  9463  9525 I LocationProviderImpl: Trying to obtain last location.
09-27 13:51:22.120  9463  9525 I EssentialsCurrentCondit: Querying current condition cache for request=-1708993763
09-27 13:51:22.121  9463  9523 I EssentialsCurrentCondit: Old current condition is different from new current condition for request=-1708993763
09-27 13:51:22.124  9463  9519 I LocationProviderImpl: Last location obtained successfully
09-27 13:51:22.125  9463  9519 I LocationProviderImpl: Using last known location, age=PT1M52.534S
09-27 13:51:22.131  9463  9519 I LocationProviderImpl: Trying to obtain last location.
09-27 13:51:22.137  9463  9494 I LocationProviderImpl: Last location obtained successfully
09-27 13:51:22.137  9463  9494 I LocationProviderImpl: Using last known location, age=PT1M52.547S
09-27 13:51:22.138  9463  9523 I LocationProviderImpl: Trying to obtain last location.
09-27 13:51:22.138  9463  9519 I WidgetDataListener: EssentialsCurrentCondition changed: No widgets installed, not refreshing
09-27 13:51:22.141  9463  9494 I EssentialsCurrentCondit: Current condition cache hit for request=-1708993763
09-27 13:51:22.144  9463  9494 I WidgetDataListener: EssentialsCurrentCondition changed: No widgets installed, not refreshing
09-27 13:51:22.144  9463  9494 I LocationProviderImpl: Last location obtained successfully
09-27 13:51:22.144  9463  9494 I LocationProviderImpl: Using last known location, age=PT1M52.554S
09-27 13:51:22.147  9463  9494 I WidgetDataListener: EssentialsCurrentCondition changed: No widgets installed, not refreshing
09-27 13:51:22.152  3643  4991 I OnDemandManagerImpl: (REDACTED) Not showing eager ondemand note for music score %s (showing result: %b).
09-27 13:51:22.162  9463  9494 I EssentialsHourlyForecas: Querying hourly forecast cache for request=180450096
09-27 13:51:22.162  9463  9519 I EssentialsHourlyForecas: Old hourly forecast is different from new hourly forecast for request=180450096
09-27 13:51:22.165  9463  9494 I WidgetDataListener: EssentialsHourlyForecast changed: No widgets installed, not refreshing
09-27 13:51:22.188  9463  9494 I EssentialsHourlyForecas: Querying hourly forecast cache for request=-1708993763
09-27 13:51:22.188  9463  9524 I EssentialsHourlyForecas: Old hourly forecast is different from new hourly forecast for request=-1708993763
09-27 13:51:22.190  9463  9523 I WidgetDataListener: EssentialsHourlyForecast changed: No widgets installed, not refreshing
09-27 13:51:22.196   933  3605 D StreamHalAidl: [in|ioHandle:27966] standby
09-27 13:51:22.196   933  3605 D StreamHalAidl: [in|ioHandle:27966] pause
09-27 13:51:22.196   933  3605 D StreamHalAidl: [in|ioHandle:27966] flush
09-27 13:51:22.196   868  3604 I ASvc::StreamInSyncStates: cw-sound-trigger-capture: Command{flush: Void{}} in StreamInPausedState
09-27 13:51:22.196   868  3604 I AHal::Stream: Stop: stop stream sound-trigger-capture
