--------- beginning of main
10-01 10:59:59.921  1463  3749 I ActivityManager: Broadcasting: Intent { act=com.nick.myrecoverytracker.ACTION_RUN_LNS_ROLLUP flg=0x10400000 cmp=com.nick.myrecoverytracker/.TriggerReceiver }
--------- beginning of system
10-01 10:59:59.923  1463  3749 I ActivityManager: Enqueued broadcast Intent { act=com.nick.myrecoverytracker.ACTION_RUN_LNS_ROLLUP flg=0x10400000 cmp=com.nick.myrecoverytracker/.TriggerReceiver }: 0
10-01 10:59:59.930  1463  2067 D BackgroundInstallControlService: Package event received: 0
10-01 10:59:59.934 20742 20742 I TriggerReceiver: onReceive action=com.nick.myrecoverytracker.ACTION_RUN_LNS_ROLLUP
10-01 10:59:59.935 20742 20742 I TriggerReceiver: Enqueue LateNightScreenRollupWorker (once-LateNightRollup)
10-01 10:59:59.943  1463  1703 I ActivityManager: Broadcast completed: result=0
10-01 11:00:00.003  3643  4311 I AiAiEcho: (REDACTED) Predicting[%d]: %s
10-01 11:00:00.024  1463  1723 D ActivityManager: sync unfroze 6509 com.android.settings for 3
10-01 11:00:00.027  1463  1723 D ActivityManager: sync unfroze 6697 com.android.DeviceAsWebcam for 10
10-01 11:00:00.031  3643  4311 I AiAiEcho: (REDACTED) EchoTargets: %s
10-01 11:00:00.031  3643  4311 I AiAiEcho: Filtered by AiAi flag check: %s
10-01 11:00:00.033  3643  4311 I AiAiEcho: (REDACTED) #weatherSubItemsTwiddler: Weather removes SubtitleSupplementalItem in surface: %s
10-01 11:00:00.033  3643  4311 I AiAiEcho: #remoteViewsTwiddler: feature disabled.
10-01 11:00:00.034  3643  4311 I AiAiEcho: (REDACTED) Predicting[%d]: %s
10-01 11:00:00.036  3643  4311 I AiAiEcho: (REDACTED) EchoTargets: %s
10-01 11:00:00.036  3643  4311 I AiAiEcho: Filtered by AiAi flag check: %s
10-01 11:00:00.038  3643  4311 I AiAiEcho: (REDACTED) #weatherSubItemsTwiddler: Weather removes SubtitleSupplementalItem in surface: %s
10-01 11:00:00.038  3643  4311 I AiAiEcho: #remoteViewsTwiddler: feature disabled.
10-01 11:00:00.045  3643  4311 I AiAiEcho: (REDACTED) #postPredictionTargets: Sending updates to UISurface %s with targets# %s (types=[%s])
10-01 11:00:00.048  2122  2122 I WeatherSmartspaceView: setFormattedContentDescription: text=26°C, iconDescription=Clear day, contentDescription=Clear day 26°C
10-01 11:00:00.049  2122  2122 I WeatherSmartspaceView: setFormattedContentDescription: text=26°C, iconDescription=Clear day, contentDescription=Clear day 26°C
10-01 11:00:00.049  2122  2122 I WeatherData: Weather data parsed SUNNY ("Clear day") 26°C from Bundle[{description=Clear day, feedback_intent=null, explanation_intent=Supplier{VAL_PARCELABLE@144+1920}, is_gaia_linked_data=true, use_celsius=true, state=1, temperature=26}]
10-01 11:00:00.049  2122  2122 W SsPagerDots: Total number of pages invalid: 0. Assuming 1 page.
10-01 11:00:00.050  3643  4311 I AiAiEcho: (REDACTED) #postPredictionTargets: Sending updates to UISurface %s with targets# %s (types=[%s])
10-01 11:00:00.054  9342  9342 D NexusLauncherModelDelegate: notifySmartspaceEvent: SmartspaceTargetEvent{mSmartspaceTarget=SmartspaceTarget{mSmartspaceTargetId='WEATHER-569377244', mHeaderAction=SmartspaceAction{mId='WEATHER', mIcon=Icon(typ=BITMAP size=192x192), mTitle=26°C, mSubtitle=26°C, mContentDescription=Clear day, mPendingIntent=null, mIntent=Intent { act=android.intent.action.VIEW flg=0x18000000 cmp=com.google.android.googlequicksearchbox/com.google.android.apps.search.assistant.verticals.ambient.smartspace.trampolineactivity.ExportedSmartspaceTrampolineActivity (has extras) }, mUserHandle=UserHandle{0}, mExtras=Bundle[mParcelledData.dataSize=2336]}, mBaseAction=SmartspaceAction{mId='', mIcon=null, mTitle=, mSubtitle=, mContentDescription=, mPendingIntent=null, mIntent=null, mUserHandle=UserHandle{0}, mExtras=Bundle[{description=Clear day, feedback_intent=null, explanation_intent=Supplier{VAL_PARCELABLE@144+1920}, is_gaia_linked_data=true, use_celsius=true, state=1, temperature=26, settings_highlight_key=smartspace_pref_weather_key}]}, mCreationTimeMillis=1759280400000, mExpiryTimeMillis=1759284000000, mScore=0.0, mActionChips=[], mIconGrid=[], mFeatureType=1, mSensitive=false, mShouldShowExpanded=false, mSourceNotificationKey='', mComponentName=ComponentInfo{package_name/class_name}, mUserHandle=UserHandle{0}, mAssociatedSmartspaceTargetId='null', mSliceUri=null, mWidget=null, mTemplateData=BaseTemplateData{mTemplateType=1, mPrimaryItem=null, mSubtitleItem=SubItemInfo{mText=Text{mText=26°C, mTruncateAtType=END, mMaxLines=1}, mIcon=SmartspaceIcon{mIcon=Icon(typ=BITMAP size=192x192), mContentDescription=Clear day, mShouldTint=false}, mTapAction=SmartspaceTapAction{mId=mIntent=Intent { act=android.intent.action.VIEW flg=0x18000000 cmp=com.google.android.googlequicksearchbox/com.google.android.apps.search.assistant.verticals.ambient.smartspace.trampolineactivity.ExportedSmartspaceTrampolineActivity (has extras) }, mPendingIntent=null, mUserHandle=null, mExtras=null, mShouldShowOnLockscreen=false}, mLoggingInfo=SubItemLoggingInfo{mInstanceId=2046, mFeatureType=1, mPackageName=}}, mSubtitleSupplementalItem=null, mSupplementalLineItem=null, mSupplementalAlarmItem=null, mLayoutWeight=1}, mRemoteViews=null}, mSmartspaceActionId='', mEventType=8}
10-01 11:00:00.061  3643  4311 I AiAiEcho: (REDACTED) %s No tracked ambient data found for ID: %s; for event type: %d, skipping event processing.
10-01 11:00:00.073  6509  6509 D PeriodicJobReceiver: refresh periodic job from action=com.android.settings.battery.action.PERIODIC_JOB_UPDATE
10-01 11:00:00.074  6509  6584 D BatteryUsageDataLoader: loadUsageDataSafely() in the AsyncTask
10-01 11:00:00.090  6509  6509 D PeriodicJobManager: schedule next alarm job at Oct 01, 2025, 12:00:00
10-01 11:00:00.131 20742 12349 I LateNightScreenRollup: LateNight 2025-09-30 -> Y
10-01 11:00:00.173  1463  3752 D TelephonyManager: requestModemActivityInfo: Sending result to app: ModemActivityInfo{ mTimestamp=1127943774 mSleepTimeMs=707891104 mIdleTimeMs=21750070 mActivityStatsTechSpecificInfo=[{mRat=GERAN,mFrequencyRange=UNKNOWN,mTxTimeMs[]=[0, 0, 0, 0, 0],mRxTimeMs=267}, {mRat=UTRAN,mFrequencyRange=UNKNOWN,mTxTimeMs[]=[0, 0, 0, 0, 0],mRxTimeMs=0}, {mRat=EUTRAN,mFrequencyRange=UNKNOWN,mTxTimeMs[]=[897722, 685226, 1588252, 1709717, 2280991],mRxTimeMs=894096307}, {mRat=NGRAN,mFrequencyRange=HIGH,mTxTimeMs[]=[76773, 79298, 186303, 124503, 823533],mRxTimeMs=143346500}, {mRat=NGRAN,mFrequencyRange=MMWAVE,mTxTimeMs[]=[0, 0, 0, 0, 0],mRxTimeMs=0}, {mRat=UNKNOWN,mFrequencyRange=UNKNOWN,mTxTimeMs[]=[0, 0, 0, 0, 0],mRxTimeMs=0}]}
10-01 11:00:00.199 20742 12349 I LateNightScreenRollup: LateNight 2025-10-01 -> N
10-01 11:00:00.207 20742 20758 I WM-WorkerWrapper: Worker result SUCCESS for Work [ id=476c45e0-8039-4dad-b9fb-fcdd1083b9a0, tags={ com.nick.myrecoverytracker.LateNightScreenRollupWorker, LateNightRollup } ]
10-01 11:00:00.221   896  1714 I sensor-suez: Vendor atom [id = 100245] reported.
10-01 11:00:00.242   932  1023 I WifiHAL : Creating message to get link statistics; iface = 47
10-01 11:00:00.293   932  1023 I WifiHAL : index: 0 per_rate_size 32, data_rem_len 1152
10-01 11:00:00.293   932  1023 I WifiHAL : index: 1 per_rate_size 32, data_rem_len 1120
10-01 11:00:00.293   932  1023 I WifiHAL : index: 2 per_rate_size 32, data_rem_len 1088
10-01 11:00:00.293   932  1023 I WifiHAL : index: 3 per_rate_size 32, data_rem_len 1056
10-01 11:00:00.293   932  1023 I WifiHAL : index: 4 per_rate_size 32, data_rem_len 1024
10-01 11:00:00.293   932  1023 I WifiHAL : index: 5 per_rate_size 32, data_rem_len 992
10-01 11:00:00.293   932  1023 I WifiHAL : index: 6 per_rate_size 32, data_rem_len 960
10-01 11:00:00.293   932  1023 I WifiHAL : index: 7 per_rate_size 32, data_rem_len 928
10-01 11:00:00.293   932  1023 I WifiHAL : index: 8 per_rate_size 32, data_rem_len 896
10-01 11:00:00.293   932  1023 I WifiHAL : index: 9 per_rate_size 32, data_rem_len 864
10-01 11:00:00.293   932  1023 I WifiHAL : index: 10 per_rate_size 32, data_rem_len 832
10-01 11:00:00.293   932  1023 I WifiHAL : index: 11 per_rate_size 32, data_rem_len 800
10-01 11:00:00.293   932  1023 I WifiHAL : index: 12 per_rate_size 32, data_rem_len 768
10-01 11:00:00.293   932  1023 I WifiHAL : index: 13 per_rate_size 32, data_rem_len 736
10-01 11:00:00.293   932  1023 I WifiHAL : index: 14 per_rate_size 32, data_rem_len 704
10-01 11:00:00.293   932  1023 I WifiHAL : index: 15 per_rate_size 32, data_rem_len 672
10-01 11:00:00.293   932  1023 I WifiHAL : index: 16 per_rate_size 32, data_rem_len 640
10-01 11:00:00.293   932  1023 I WifiHAL : index: 17 per_rate_size 32, data_rem_len 608
10-01 11:00:00.294   932  1023 I WifiHAL : index: 18 per_rate_size 32, data_rem_len 576
10-01 11:00:00.294   932  1023 I WifiHAL : index: 19 per_rate_size 32, data_rem_len 544
10-01 11:00:00.294   932  1023 I WifiHAL : index: 20 per_rate_size 32, data_rem_len 512
10-01 11:00:00.294   932  1023 I WifiHAL : index: 21 per_rate_size 32, data_rem_len 480
10-01 11:00:00.294   932  1023 I WifiHAL : index: 22 per_rate_size 32, data_rem_len 448
10-01 11:00:00.294   932  1023 I WifiHAL : index: 23 per_rate_size 32, data_rem_len 416
10-01 11:00:00.294   932  1023 I WifiHAL : index: 24 per_rate_size 32, data_rem_len 384
10-01 11:00:00.294   932  1023 I WifiHAL : index: 25 per_rate_size 32, data_rem_len 352
10-01 11:00:00.294   932  1023 I WifiHAL : index: 26 per_rate_size 32, data_rem_len 320
10-01 11:00:00.294   932  1023 I WifiHAL : index: 27 per_rate_size 32, data_rem_len 288
10-01 11:00:00.294   932  1023 I WifiHAL : index: 28 per_rate_size 32, data_rem_len 256
10-01 11:00:00.294   932  1023 I WifiHAL : index: 29 per_rate_size 32, data_rem_len 224
10-01 11:00:00.294   932  1023 I WifiHAL : index: 30 per_rate_size 32, data_rem_len 192
10-01 11:00:00.294   932  1023 I WifiHAL : index: 31 per_rate_size 32, data_rem_len 160
10-01 11:00:00.294   932  1023 I WifiHAL : index: 32 per_rate_size 32, data_rem_len 128
10-01 11:00:00.294   932  1023 I WifiHAL : index: 33 per_rate_size 32, data_rem_len 96
10-01 11:00:00.294   932  1023 I WifiHAL : index: 34 per_rate_size 32, data_rem_len 64
10-01 11:00:00.294   932  1023 I WifiHAL : index: 35 per_rate_size 32, data_rem_len 32
10-01 11:00:00.296   932  1023 I WifiHAL : Getting cached scan results, iface handle = 0xb400007e3fe71150
10-01 11:00:00.296   932  1023 E WifiHAL : Creating message to get cached scan results
10-01 11:00:00.313   932  1023 I WifiHAL : In GetCachedScanResultsCommand::handleResponse
10-01 11:00:00.354   870  1716 I bthal.flowcontrol: HciEventPreProcess: HCI Event 0xe Opcode 0xfd59 Length 22 unhandled by ControllerActivityWatcher
10-01 11:00:00.381   932  1023 I WifiHAL : Creating message to get link statistics; iface = 47
10-01 11:00:00.389   870   956 I bthal.activitywatcher: getStateResidency: ActivityStat{0 : totalTimeMs 460016652 totalEntryCount 278615115285 lastEntryMs 4305986}
10-01 11:00:00.389   870   956 I bthal.activitywatcher: getStateResidency: ActivityStat{1 : totalTimeMs 174471123 totalEntryCount 70738783505 lastEntryMs 4305987}
10-01 11:00:00.389   870   956 I bthal.activitywatcher: getStateResidency: ActivityStat{2 : totalTimeMs 9091307 totalEntryCount 116041104269 lastEntryMs 4306033}
10-01 11:00:00.389   870   956 I bthal.activitywatcher: getStateResidency: ActivityStat{3 : totalTimeMs 62428960 totalEntryCount 162574002907 lastEntryMs 4305988}
10-01 11:00:00.390   870   956 I bthal.activitywatcher: send_hci_activities_vsc: Sent VSC <[4]{89, 253, 1, 1}>
10-01 11:00:00.390   885   885 W android.hardware.power.stats-service.pixel: getStateResidency latency for Bluetooth exceeded time allowed: 3233us
10-01 11:00:00.391   870  1716 I bthal.activitywatcher: filter_hci_activities_vse: Filtered <[103]{14, 101, 1, 89, 253, 0, 1, 236, 121, 254, 3, 0, 0, 0, 0, 230, 66, 46, 0, 0, 0, 0, 0, 12, 67, 46, 0, 0, 0, 0, 0, 65, 29, 12, 1, 0, 0, 0, 0, 12, 67, 46, 0, 0, 0, 0, 0, 230, 66, 46, 0, 0, 0, 0, 0, 138, 152, 178, 1, 0, 0, 0, 0, 198, 66, 46, 0, 0, 0, 0, 0, 198, 66, 46, 0, 0, 0, 0, 0, 97, 225, 75, 2, 0, 0, 0, 0, 198, 66, 46, 0, 0, 0, 0, 0, 198, 66, 46, 0, 0, 0, 0, 0}>
10-01 11:00:00.391   870  1716 I bthal.flowcontrol: HciEventPreProcess: HCI Event 0xe Opcode 0xfd59 Length 103 handled by ControllerActivityWatcher
10-01 11:00:00.393   870  1716 I bthal.bqr: Batt_Per: 100, Avg_Cur_Pwr: 0 mA, BEr_Tx_Plv: 0 dBm, Le_Tx_Plv: 0 dBm, Idle_Tm: 0 ms, Act_Tm: 0 ms, BEr_Tx_Tm: 0 ms, BEr_Rx_Tm: 0 ms, Le_Tx_Tm: 0 ms, Le_Rx_Tm: 0 ms, total_Tm 0 ms, Rx_1Ch_Tm 0 ms, Rx_2Ch_Tm 0 ms, Tx_iPA_1Ch_Tm 0 ms, Tx_iPA_2Ch_Tm 0 ms, Tx_ePA_1Ch_Tm 0 ms, Tx_ePA_2Ch_Tm 0 ms
10-01 11:00:00.393   870  1716 I bthal.bqr: update_bqr_energy_reportv6: Avg_Cur_Pwr: 0, BEr_Tx_Plv: 0 dBm, Le_Tx_Plv: 0
10-01 11:00:00.397   870  1716 I bthal.flowcontrol: HciEventPreProcess: HCI Event 0xff Opcode 0 Length 84 unhandled by debug_VendorEvent
10-01 11:00:00.397  1203  1203 D AOC     : A3:MSG: controller.cc, 275: CNTRL: cmd ID: 0x000a, tag: 0x81 [cntr = 123359]
10-01 11:00:00.397  1203  1203 D AOC     : A3:MSG: controller.cc, 919: CNTRL: ipc: control, cmd ID: 0x000a, tag: 0x81, rc: 0
10-01 11:00:00.399  1203  1203 D AOC     : A3:MSG: controller.cc, 275: CNTRL: cmd ID: 0x000a, tag: 0x82 [cntr = 123360]
10-01 11:00:00.400  1203  1203 D AOC     : A3:MSG: controller.cc, 919: CNTRL: ipc: control, cmd ID: 0x000a, tag: 0x82, rc: 0
10-01 11:00:00.400  1203  1203 D AOC     : A3:MSG: controller.cc, 275: CNTRL: cmd ID: 0x000a, tag: 0x83 [cntr = 123361]
10-01 11:00:00.400  1203  1203 D AOC     : A3:MSG: controller.cc, 919: CNTRL: ipc: control, cmd ID: 0x000a, tag: 0x83, rc: 0
10-01 11:00:00.400  2245  2617 W btm_acl : system/stack/acl/btm_acl.cc:1484 BTM_ReadRemoteVersion: Unable to find active acl
10-01 11:00:00.401  2245  2617 I bluetooth: system/btif/src/btif_bqr.cc:1006 bqr_delivery_event: len: 81, addr: ff:ff:ff:ff:ff:ff, lmp_ver: 0, manufacturer_id: 0, lmp_subver: 0
10-01 11:00:00.401  2245  2657 I BluetoothQualityReportJni: android/app/jni/com_android_bluetooth_BluetoothQualityReport.cpp:51 bqr_delivery_callback: 
10-01 11:00:00.401  1203  1203 D AOC     : A3:MSG: controller.cc, 275: CNTRL: cmd ID: 0x000a, tag: 0x84 [cntr = 123362]
10-01 11:00:00.401  1203  1203 D AOC     : A3:MSG: controller.cc, 919: CNTRL: ipc: control, cmd ID: 0x000a, tag: 0x84, rc: 0
10-01 11:00:00.403  1203  1203 D AOC     : A3:MSG: controller.cc, 275: CNTRL: cmd ID: 0x000a, tag: 0x85 [cntr = 123363]
10-01 11:00:00.403  1203  1203 D AOC     : A3:MSG: controller.cc, 919: CNTRL: ipc: control, cmd ID: 0x000a, tag: 0x85, rc: 0
10-01 11:00:00.403  2245  2657 I BluetoothQualityReportNativeInterface: BQR: {
10-01 11:00:00.403  2245  2657 I BluetoothQualityReportNativeInterface:   mAddr: FF:FF:FF:FF:FF:FF, mLmpVer: 0x00, mLmpSubVer: 0x0000, mManufacturerId: 0x0000, mName: , mBluetoothClass: 0,
10-01 11:00:00.403  2245  2657 I BluetoothQualityReportNativeInterface:   BqrCommon: {
10-01 11:00:00.403  2245  2657 I BluetoothQualityReportNativeInterface:     mQualityReportId: Energy Monitor(0x06), mPacketType: INVALID(0x00), mConnectionHandle: 0x0000, mConnectionRole: 0(0), mTxPowerLevel: 0, mRssi: 0, mSnr: 0, mUnusedAfhChannelCount: 0,
10-01 11:00:00.403  2245  2657 I BluetoothQualityReportNativeInterface:     mAfhSelectUnidealChannelCount: 0, mLsto: 0, mPiconetClock: 0x00000000, mRetransmissionCount: 0, mNoRxCount: 0, mNakCount: 0, mLastTxAckTimestamp: 0x00000000, mFlowOffCount: 0,
10-01 11:00:00.403  2245  2657 I BluetoothQualityReportNativeInterface:     mLastFlowOnTimestamp: 0x00000000, mOverflowCount: 0, mUnderflowCount: 0, mAddr: null, mCalFailedItemCount: 0,
10-01 11:00:00.403  2245  2657 I BluetoothQualityReportNativeInterface:     mTxTotalPackets: 0, mTxUnackPackets: 0, mTxFlushPackets: 0, mTxLastSubeventPackets: 0, mCrcErrorPackets: 0, mRxDupPackets: 0, mRxUnRecvPackets: 0, mCoexInfoMask: 0
10-01 11:00:00.403  2245  2657 I BluetoothQualityReportNativeInterface:   }
10-01 11:00:00.403  2245  2657 I BluetoothQualityReportNativeInterface:   BqrEnergyMonitor: {
10-01 11:00:00.403  2245  2657 I BluetoothQualityReportNativeInterface:     AvgCurrentConsume: 0, mIdleTotalTime: 0, mIdleStateEnterCount: 0, mActiveTotalTime: 0, mActiveStateEnterCount: 0,
10-01 11:00:00.403  2245  2657 I BluetoothQualityReportNativeInterface:     mBredrTxTotalTime: 0, mBredrTxStateEnterCount: 0, mBredrTxAvgPowerLevel: 0, mBredrRxTotalTime: 0, mBredrRxStateEnterCount: 0, mLeTxTotalTime: 0, mLeTxStateEnterCount: 0, mLeTxAvgPowerLevel: 0, mLeRxTotalTime: 0, mLeRxStateEnterCount: 0, mReportTotalTime: 0, mRxActiveOneChainTime: 0, mRxActiveTwoChainTime: 0, mTxiPaActiveOneChainTime: 0, mTxiPaActiveTwoChainTime: 0, mTxePaActiveOneChainTime: 0, mTxePaActiveTwoChainTime: 0
10-01 11:00:00.403  2245  2657 I BluetoothQualityReportNativeInterface:   }
10-01 11:00:00.403  2245  2657 I BluetoothQualityReportNativeInterface: }
10-01 11:00:00.404  1203  1203 D AOC     : A3:MSG: controller.cc, 275: CNTRL: cmd ID: 0x000a, tag: 0x86 [cntr = 123364]
10-01 11:00:00.404  1203  1203 D AOC     : A3:MSG: controller.cc, 919: CNTRL: ipc: control, cmd ID: 0x000a, tag: 0x86, rc: 0
10-01 11:00:00.405  1203  1203 D AOC     : A3:MSG: controller.cc, 275: CNTRL: cmd ID: 0x000a, tag: 0x87 [cntr = 123365]
10-01 11:00:00.406  1203  1203 D AOC     : A3:MSG: controller.cc, 919: CNTRL: ipc: control, cmd ID: 0x000a, tag: 0x87, rc: 0
10-01 11:00:00.407  1203  1203 D AOC     : A3:MSG: controller.cc, 275: CNTRL: cmd ID: 0x000a, tag: 0x88 [cntr = 123366]
10-01 11:00:00.407  1203  1203 D AOC     : A3:MSG: controller.cc, 919: CNTRL: ipc: control, cmd ID: 0x000a, tag: 0x88, rc: 0
10-01 11:00:00.408  1203  1203 D AOC     : A3:MSG: controller.cc, 275: CNTRL: cmd ID: 0x000a, tag: 0x89 [cntr = 123367]
10-01 11:00:00.408  1203  1203 D AOC     : A3:MSG: controller.cc, 919: CNTRL: ipc: control, cmd ID: 0x000a, tag: 0x89, rc: 0
10-01 11:00:00.409  1203  1203 D AOC     : A3:MSG: controller.cc, 275: CNTRL: cmd ID: 0x000a, tag: 0x8a [cntr = 123368]
10-01 11:00:00.410  1203  1203 D AOC     : A3:MSG: controller.cc, 919: CNTRL: ipc: control, cmd ID: 0x000a, tag: 0x8a, rc: 0
10-01 11:00:00.411  1203  1203 D AOC     : A3:MSG: controller.cc, 275: CNTRL: cmd ID: 0x000a, tag: 0x8b [cntr = 123369]
10-01 11:00:00.411  1203  1203 D AOC     : A3:MSG: controller.cc, 919: CNTRL: ipc: control, cmd ID: 0x000a, tag: 0x8b, rc: 0
10-01 11:00:00.412  1203  1203 D AOC     : A3:MSG: controller.cc, 275: CNTRL: cmd ID: 0x000a, tag: 0x8c [cntr = 123370]
10-01 11:00:00.412  1203  1203 D AOC     : A3:MSG: controller.cc, 919: CNTRL: ipc: control, cmd ID: 0x000a, tag: 0x8c, rc: 0
10-01 11:00:00.413  1203  1203 D AOC     : A3:MSG: controller.cc, 275: CNTRL: cmd ID: 0x000a, tag: 0x8d [cntr = 123371]
10-01 11:00:00.413  1203  1203 D AOC     : A3:MSG: controller.cc, 919: CNTRL: ipc: control, cmd ID: 0x000a, tag: 0x8d, rc: 0
10-01 11:00:00.415  1203  1203 D AOC     : A3:MSG: controller.cc, 275: CNTRL: cmd ID: 0x000a, tag: 0x8e [cntr = 123372]
10-01 11:00:00.415  1203  1203 D AOC     : A3:MSG: controller.cc, 919: CNTRL: ipc: control, cmd ID: 0x000a, tag: 0x8e, rc: 0
10-01 11:00:00.416  1203  1203 D AOC     : A3:MSG: controller.cc, 275: CNTRL: cmd ID: 0x000a, tag: 0x8f [cntr = 123373]
10-01 11:00:00.416  1203  1203 D AOC     : A3:MSG: controller.cc, 919: CNTRL: ipc: control, cmd ID: 0x000a, tag: 0x8f, rc: 0
10-01 11:00:00.417  1203  1203 D AOC     : A3:MSG: controller.cc, 275: CNTRL: cmd ID: 0x000a, tag: 0x90 [cntr = 123374]
10-01 11:00:00.417  1203  1203 D AOC     : A3:MSG: controller.cc, 919: CNTRL: ipc: control, cmd ID: 0x000a, tag: 0x90, rc: 0
10-01 11:00:00.418  1203  1203 D AOC     : A3:MSG: controller.cc, 275: CNTRL: cmd ID: 0x000a, tag: 0x91 [cntr = 123375]
10-01 11:00:00.419  1203  1203 D AOC     : A3:MSG: controller.cc, 919: CNTRL: ipc: control, cmd ID: 0x000a, tag: 0x91, rc: 0
10-01 11:00:00.454   932  1023 I WifiHAL : index: 0 per_rate_size 32, data_rem_len 1152
10-01 11:00:00.455   932  1023 I WifiHAL : index: 1 per_rate_size 32, data_rem_len 1120
10-01 11:00:00.455   932  1023 I WifiHAL : index: 2 per_rate_size 32, data_rem_len 1088
10-01 11:00:00.455   932  1023 I WifiHAL : index: 3 per_rate_size 32, data_rem_len 1056
10-01 11:00:00.455   932  1023 I WifiHAL : index: 4 per_rate_size 32, data_rem_len 1024
10-01 11:00:00.455   932  1023 I WifiHAL : index: 5 per_rate_size 32, data_rem_len 992
10-01 11:00:00.455   932  1023 I WifiHAL : index: 6 per_rate_size 32, data_rem_len 960
10-01 11:00:00.455   932  1023 I WifiHAL : index: 7 per_rate_size 32, data_rem_len 928
10-01 11:00:00.455   932  1023 I WifiHAL : index: 8 per_rate_size 32, data_rem_len 896
10-01 11:00:00.455   932  1023 I WifiHAL : index: 9 per_rate_size 32, data_rem_len 864
10-01 11:00:00.455   932  1023 I WifiHAL : index: 10 per_rate_size 32, data_rem_len 832
10-01 11:00:00.455   932  1023 I WifiHAL : index: 11 per_rate_size 32, data_rem_len 800
10-01 11:00:00.455   932  1023 I WifiHAL : index: 12 per_rate_size 32, data_rem_len 768
10-01 11:00:00.455   932  1023 I WifiHAL : index: 13 per_rate_size 32, data_rem_len 736
10-01 11:00:00.455   932  1023 I WifiHAL : index: 14 per_rate_size 32, data_rem_len 704
10-01 11:00:00.455   932  1023 I WifiHAL : index: 15 per_rate_size 32, data_rem_len 672
10-01 11:00:00.455   932  1023 I WifiHAL : index: 16 per_rate_size 32, data_rem_len 640
10-01 11:00:00.455   932  1023 I WifiHAL : index: 17 per_rate_size 32, data_rem_len 608
10-01 11:00:00.455   932  1023 I WifiHAL : index: 18 per_rate_size 32, data_rem_len 576
10-01 11:00:00.455   932  1023 I WifiHAL : index: 19 per_rate_size 32, data_rem_len 544
10-01 11:00:00.455   932  1023 I WifiHAL : index: 20 per_rate_size 32, data_rem_len 512
10-01 11:00:00.455   932  1023 I WifiHAL : index: 21 per_rate_size 32, data_rem_len 480
10-01 11:00:00.455   932  1023 I WifiHAL : index: 22 per_rate_size 32, data_rem_len 448
10-01 11:00:00.455   932  1023 I WifiHAL : index: 23 per_rate_size 32, data_rem_len 416
10-01 11:00:00.455   932  1023 I WifiHAL : index: 24 per_rate_size 32, data_rem_len 384
10-01 11:00:00.455   932  1023 I WifiHAL : index: 25 per_rate_size 32, data_rem_len 352
10-01 11:00:00.455   932  1023 I WifiHAL : index: 26 per_rate_size 32, data_rem_len 320
10-01 11:00:00.455   932  1023 I WifiHAL : index: 27 per_rate_size 32, data_rem_len 288
10-01 11:00:00.455   932  1023 I WifiHAL : index: 28 per_rate_size 32, data_rem_len 256
10-01 11:00:00.455   932  1023 I WifiHAL : index: 29 per_rate_size 32, data_rem_len 224
10-01 11:00:00.455   932  1023 I WifiHAL : index: 30 per_rate_size 32, data_rem_len 192
10-01 11:00:00.455   932  1023 I WifiHAL : index: 31 per_rate_size 32, data_rem_len 160
10-01 11:00:00.455   932  1023 I WifiHAL : index: 32 per_rate_size 32, data_rem_len 128
10-01 11:00:00.455   932  1023 I WifiHAL : index: 33 per_rate_size 32, data_rem_len 96
10-01 11:00:00.455   932  1023 I WifiHAL : index: 34 per_rate_size 32, data_rem_len 64
10-01 11:00:00.455   932  1023 I WifiHAL : index: 35 per_rate_size 32, data_rem_len 32
10-01 11:00:00.457   932  1023 I WifiHAL : Getting cached scan results, iface handle = 0xb400007e3fe71150
10-01 11:00:00.457   932  1023 E WifiHAL : Creating message to get cached scan results
10-01 11:00:00.462   932  1023 I WifiHAL : In GetCachedScanResultsCommand::handleResponse
10-01 11:00:00.577  1463  3752 E AppOps  : attributionTag IWLAN not declared in manifest of com.google.pixel.iwlan
10-01 11:00:00.647  1463  3749 D TelephonyManager: requestModemActivityInfo: Sending result to app: ModemActivityInfo{ mTimestamp=1127944247 mSleepTimeMs=707891366 mIdleTimeMs=21750227 mActivityStatsTechSpecificInfo=[{mRat=GERAN,mFrequencyRange=UNKNOWN,mTxTimeMs[]=[0, 0, 0, 0, 0],mRxTimeMs=267}, {mRat=UTRAN,mFrequencyRange=UNKNOWN,mTxTimeMs[]=[0, 0, 0, 0, 0],mRxTimeMs=0}, {mRat=EUTRAN,mFrequencyRange=UNKNOWN,mTxTimeMs[]=[897722, 685226, 1588252, 1709717, 2280991],mRxTimeMs=894096361}, {mRat=NGRAN,mFrequencyRange=HIGH,mTxTimeMs[]=[76773, 79298, 186303, 124503, 823533],mRxTimeMs=143346500}, {mRat=NGRAN,mFrequencyRange=MMWAVE,mTxTimeMs[]=[0, 0, 0, 0, 0],mRxTimeMs=0}, {mRat=UNKNOWN,mFrequencyRange=UNKNOWN,mTxTimeMs[]=[0, 0, 0, 0, 0],mRxTimeMs=0}]}
10-01 11:00:00.744  1463  3752 D TelephonyManager: requestModemActivityInfo: Sending result to app: ModemActivityInfo{ mTimestamp=1127944345 mSleepTimeMs=707891366 mIdleTimeMs=21750324 mActivityStatsTechSpecificInfo=[{mRat=GERAN,mFrequencyRange=UNKNOWN,mTxTimeMs[]=[0, 0, 0, 0, 0],mRxTimeMs=267}, {mRat=UTRAN,mFrequencyRange=UNKNOWN,mTxTimeMs[]=[0, 0, 0, 0, 0],mRxTimeMs=0}, {mRat=EUTRAN,mFrequencyRange=UNKNOWN,mTxTimeMs[]=[897722, 685226, 1588252, 1709717, 2280991],mRxTimeMs=894096361}, {mRat=NGRAN,mFrequencyRange=HIGH,mTxTimeMs[]=[76773, 79298, 186303, 124503, 823533],mRxTimeMs=143346500}, {mRat=NGRAN,mFrequencyRange=MMWAVE,mTxTimeMs[]=[0, 0, 0, 0, 0],mRxTimeMs=0}, {mRat=UNKNOWN,mFrequencyRange=UNKNOWN,mTxTimeMs[]=[0, 0, 0, 0, 0],mRxTimeMs=0}]}
10-01 11:00:00.797   932  1023 I WifiHAL : Creating message to get link statistics; iface = 47
10-01 11:00:00.820  1463  2067 D BackgroundInstallControlService: Package event received: 0
10-01 11:00:00.824  1463  2067 D BackgroundInstallControlService: Package event received: 0
10-01 11:00:00.826  1463  2067 D BackgroundInstallControlService: Package event received: 0
10-01 11:00:00.827  1463  2067 D BackgroundInstallControlService: Package event received: 0
10-01 11:00:00.857   932  1023 I WifiHAL : index: 0 per_rate_size 32, data_rem_len 1152
10-01 11:00:00.857   932  1023 I WifiHAL : index: 1 per_rate_size 32, data_rem_len 1120
10-01 11:00:00.857   932  1023 I WifiHAL : index: 2 per_rate_size 32, data_rem_len 1088
10-01 11:00:00.857   932  1023 I WifiHAL : index: 3 per_rate_size 32, data_rem_len 1056
10-01 11:00:00.857   932  1023 I WifiHAL : index: 4 per_rate_size 32, data_rem_len 1024
10-01 11:00:00.857   932  1023 I WifiHAL : index: 5 per_rate_size 32, data_rem_len 992
10-01 11:00:00.857   932  1023 I WifiHAL : index: 6 per_rate_size 32, data_rem_len 960
10-01 11:00:00.857   932  1023 I WifiHAL : index: 7 per_rate_size 32, data_rem_len 928
10-01 11:00:00.857   932  1023 I WifiHAL : index: 8 per_rate_size 32, data_rem_len 896
10-01 11:00:00.857   932  1023 I WifiHAL : index: 9 per_rate_size 32, data_rem_len 864
10-01 11:00:00.857   932  1023 I WifiHAL : index: 10 per_rate_size 32, data_rem_len 832
10-01 11:00:00.857   932  1023 I WifiHAL : index: 11 per_rate_size 32, data_rem_len 800
10-01 11:00:00.857   932  1023 I WifiHAL : index: 12 per_rate_size 32, data_rem_len 768
10-01 11:00:00.857   932  1023 I WifiHAL : index: 13 per_rate_size 32, data_rem_len 736
10-01 11:00:00.857   932  1023 I WifiHAL : index: 14 per_rate_size 32, data_rem_len 704
10-01 11:00:00.857   932  1023 I WifiHAL : index: 15 per_rate_size 32, data_rem_len 672
10-01 11:00:00.857   932  1023 I WifiHAL : index: 16 per_rate_size 32, data_rem_len 640
10-01 11:00:00.857   932  1023 I WifiHAL : index: 17 per_rate_size 32, data_rem_len 608
10-01 11:00:00.857   932  1023 I WifiHAL : index: 18 per_rate_size 32, data_rem_len 576
10-01 11:00:00.857   932  1023 I WifiHAL : index: 19 per_rate_size 32, data_rem_len 544
10-01 11:00:00.857   932  1023 I WifiHAL : index: 20 per_rate_size 32, data_rem_len 512
10-01 11:00:00.857   932  1023 I WifiHAL : index: 21 per_rate_size 32, data_rem_len 480
10-01 11:00:00.857   932  1023 I WifiHAL : index: 22 per_rate_size 32, data_rem_len 448
10-01 11:00:00.857   932  1023 I WifiHAL : index: 23 per_rate_size 32, data_rem_len 416
10-01 11:00:00.857   932  1023 I WifiHAL : index: 24 per_rate_size 32, data_rem_len 384
10-01 11:00:00.857   932  1023 I WifiHAL : index: 25 per_rate_size 32, data_rem_len 352
10-01 11:00:00.857   932  1023 I WifiHAL : index: 26 per_rate_size 32, data_rem_len 320
10-01 11:00:00.857   932  1023 I WifiHAL : index: 27 per_rate_size 32, data_rem_len 288
10-01 11:00:00.858   932  1023 I WifiHAL : index: 28 per_rate_size 32, data_rem_len 256
10-01 11:00:00.858   932  1023 I WifiHAL : index: 29 per_rate_size 32, data_rem_len 224
10-01 11:00:00.858   932  1023 I WifiHAL : index: 30 per_rate_size 32, data_rem_len 192
10-01 11:00:00.858   932  1023 I WifiHAL : index: 31 per_rate_size 32, data_rem_len 160
10-01 11:00:00.858   932  1023 I WifiHAL : index: 32 per_rate_size 32, data_rem_len 128
10-01 11:00:00.858   932  1023 I WifiHAL : index: 33 per_rate_size 32, data_rem_len 96
10-01 11:00:00.858   932  1023 I WifiHAL : index: 34 per_rate_size 32, data_rem_len 64
10-01 11:00:00.858   932  1023 I WifiHAL : index: 35 per_rate_size 32, data_rem_len 32
10-01 11:00:00.860   932  1023 I WifiHAL : Getting cached scan results, iface handle = 0xb400007e3fe71150
10-01 11:00:00.860   932  1023 E WifiHAL : Creating message to get cached scan results
10-01 11:00:00.866   932  1023 I WifiHAL : In GetCachedScanResultsCommand::handleResponse
10-01 11:00:00.896   870  1716 I bthal.flowcontrol: HciEventPreProcess: HCI Event 0xe Opcode 0xfd59 Length 22 unhandled by ControllerActivityWatcher
10-01 11:00:00.905 14840 14844 E gcblocker: too long GC blocking: 8
10-01 11:00:00.906 14840 14844 E gcblocker: gc block end, 683981147,101
10-01 11:00:00.933  6509  6584 D DataProcessor: getBatteryUsageStats() from BatteryStatsManager in 855/ms
10-01 11:00:00.939  6509  6584 D DataProcessor: get 25 uidBatteryConsumers from BatteryUsageStats in 0/ms
10-01 11:00:01.005   870  2643 I bthal.activity: bt_power: AclDataStat: 11:00:00:005 - 11:00:01:005, conn_handle: 64, duration: 1000, acl_data_count: 1, acl_tx_data_count: 0, acl_rx_data_count: 1, total_acl_data_count: 394504
