--------- beginning of main
10-24 12:42:38.519  1787  2318 I ActivityManager: Broadcasting: Intent { act=com.nick.myrecoverytracker.ACTION_RUN_NOTIFICATION_ENGAGEMENT_ROLLUP flg=0x11400020 cmp=com.nick.myrecoverytracker/.TriggerReceiver }
--------- beginning of system
10-24 12:42:38.522  1787  2318 I ActivityManager: Enqueued broadcast Intent { act=com.nick.myrecoverytracker.ACTION_RUN_NOTIFICATION_ENGAGEMENT_ROLLUP flg=0x11400020 cmp=com.nick.myrecoverytracker/.TriggerReceiver }: 0
10-24 12:42:38.524  1787  2590 D BackgroundInstallControlService: Package event received: 0
10-24 12:42:38.535 18725 18725 I TriggerReceiver: onReceive action=com.nick.myrecoverytracker.ACTION_RUN_NOTIFICATION_ENGAGEMENT_ROLLUP
10-24 12:42:38.537 18725 18725 I TriggerReceiver: Enqueued NotificationEngagement (once-NotificationEngagementRollup)
10-24 12:42:38.539  1787  1879 I ActivityManager: Broadcast completed: result=0
10-24 12:42:38.657 18725 18800 I NotificationEngagementWorker: Engagement rollup wrote 1 date(s) to daily_notification_engagement.csv
10-24 12:42:38.660 18725 18768 I WM-WorkerWrapper: Worker result SUCCESS for Work [ id=6bd14bb7-06de-4ab5-a0b2-6559e676a5e5, tags={ com.nick.myrecoverytracker.NotificationEngagementWorker, NotificationEngagement } ]
10-24 12:42:38.773  1787  2318 D ConnectivityService: requestNetwork for uid/pid:10332/15718 activeRequest: null callbackRequest: 43282 [NetworkRequest [ REQUEST id=43283, [ Capabilities: INTERNET&NOT_RESTRICTED&TRUSTED&NOT_VCN_MANAGED&NOT_BANDWIDTH_CONSTRAINED Uid: 10332 RequestorUid: 10332 RequestorPkg: com.snapchat.android UnderlyingNetworks: Null] ]] callback flags: 0 order: 2147483647 isUidTracked: false declaredMethods: AVAIL|LOSING|LOST|UNAVAIL|NC|LP
10-24 12:42:38.781  1787  2534 D OemPaidWifiNetworkFactory: got request NetworkRequest [ REQUEST id=43283, [ Capabilities: INTERNET&NOT_RESTRICTED&TRUSTED&NOT_VCN_MANAGED&NOT_BANDWIDTH_CONSTRAINED Uid: 10332 RequestorUid: 10332 RequestorPkg: com.snapchat.android UnderlyingNetworks: Null] ]
10-24 12:42:38.782  1787  2534 D MultiInternetWifiNetworkFactory: got request NetworkRequest [ REQUEST id=43283, [ Capabilities: INTERNET&NOT_RESTRICTED&TRUSTED&NOT_VCN_MANAGED&NOT_BANDWIDTH_CONSTRAINED Uid: 10332 RequestorUid: 10332 RequestorPkg: com.snapchat.android UnderlyingNetworks: Null] ]
10-24 12:42:38.782  1787  2534 D WifiNetworkFactory: got request NetworkRequest [ REQUEST id=43283, [ Capabilities: INTERNET&NOT_RESTRICTED&TRUSTED&NOT_VCN_MANAGED&NOT_BANDWIDTH_CONSTRAINED Uid: 10332 RequestorUid: 10332 RequestorPkg: com.snapchat.android UnderlyingNetworks: Null] ]
10-24 12:42:38.783  1787  2534 D UntrustedWifiNetworkFactory: got request NetworkRequest [ REQUEST id=43283, [ Capabilities: INTERNET&NOT_RESTRICTED&TRUSTED&NOT_VCN_MANAGED&NOT_BANDWIDTH_CONSTRAINED Uid: 10332 RequestorUid: 10332 RequestorPkg: com.snapchat.android UnderlyingNetworks: Null] ]
10-24 12:42:38.783  1787  2542 D ConnectivityService: NetReassign [43283 : null → 196] [c 0] [a 4] [i 6]
10-24 12:42:38.940  2823  3087 D TemperatureStateSource: sequence=46412 actualDelay=10002
10-24 12:42:38.944  2823  3087 D TemperatureStateSource: Reading temperature: sequence=46413
10-24 12:42:38.946 17689 17689 I pixel-thermal: CPU_THROTTLE_SEVERE:0 raw data: CPU_THROTTLE_SEVERE:0 
10-24 12:42:38.946 17689 17689 I pixel-thermal: VIRTUAL-SKIN:28.5159 raw data: VIRTUAL-SKIN:28515.9 
10-24 12:42:38.946  2823  3087 D TemperatureStateSource: getDeviceTemperatures: sequence=46413 deviceTemperatureType=3 temperatureSource=0 temperatures=[28.515926]
10-24 12:42:38.947  2823  3087 D BusinessScope: Enqueuing the block
10-24 12:42:38.947  2823  3087 D TemperatureStateSource: sequence=46413 waitTime=10000
10-24 12:42:38.947  2823  3002 D BusinessScope: Start running the #99136 block
10-24 12:42:38.949 17689 17689 I pixel-thermal: CPU_THROTTLE_SEVERE:0 raw data: CPU_THROTTLE_SEVERE:0 
10-24 12:42:38.949 17689 17689 I pixel-thermal: VIRTUAL-SKIN:28.5159 raw data: VIRTUAL-SKIN:28515.9 
10-24 12:42:38.952  2823  3002 I TemperatureStateSource: temperature was set
10-24 12:42:38.954  2823  3002 D BusinessScope: Enqueuing the block
10-24 12:42:38.954  2823  3002 D ImpulseStateSource: Notify clients: 49564
10-24 12:42:38.954  2823  3002 D BusinessScope: Finish running the #99136 block
10-24 12:42:38.954  2823  3002 D BusinessScope: Start running the #99137 block
10-24 12:42:38.954  2823  2960 D ImpulseConnection: bindService: com.google.android.apps.turbo
10-24 12:42:38.959  1787  2590 D BackgroundInstallControlService: Package event received: 0
10-24 12:42:38.968  1787  2318 D ActivityManager: sync unfroze 8384 com.google.android.apps.turbo for 6
10-24 12:42:38.970  1787  2590 D BackgroundInstallControlService: Package event received: 0
10-24 12:42:38.981  2823  2823 D ImpulseConnection: onServiceConnected: ComponentInfo{com.google.android.apps.turbo/com.google.android.apps.turbo.adaptiveplatform.impulse.ImpulseClientService} service is null false
10-24 12:42:38.983  2823  3087 D BusinessScope: Finish running the #99137 block
10-24 12:42:38.998 15718 15718 D VRI[LandingPageActivity]: visibilityChanged oldVisibility=false newVisibility=true
10-24 12:42:39.009 18725 18725 D WindowOnBackDispatcher: setTopOnBackInvokedCallback (unwrapped): null
10-24 12:42:39.013  1787  2328 D CoreBackPreview: Window{4cddb4a u0 com.nick.myrecoverytracker/com.nick.myrecoverytracker.MainActivity}: Setting back callback null
10-24 12:42:39.019  1787  2590 D BackgroundInstallControlService: Package event received: 0
10-24 12:42:39.019  1787  2590 D BackgroundInstallControlService: Package event received: 0
10-24 12:42:39.035 28064 28334 I edyx    : (REDACTED) appOpsListener %s %s
10-24 12:42:39.036 28064 28334 I edyx    : (REDACTED) Ignoring irrelevant audio permission changes for package %s
10-24 12:42:39.039  1787  2334 W UsageStatsService: Unexpected activity event reported! (com.nick.myrecoverytracker/com.nick.myrecoverytracker.MainActivity event : 23 instanceId : 255629759)
10-24 12:42:39.046 27211 27211 D RecentsView: onTaskRemoved: 15599, not handling task stack changes
10-24 12:42:39.046 27211 27211 D RecentsView: onTaskRemoved: 15599, not handling task stack changes
10-24 12:42:39.107  1787  3174 D ConnectivityService: requestNetwork for uid/pid:10332/15718 activeRequest: null callbackRequest: 43284 [NetworkRequest [ REQUEST id=43285, [ Capabilities: INTERNET&NOT_RESTRICTED&TRUSTED&NOT_VCN_MANAGED&NOT_BANDWIDTH_CONSTRAINED Uid: 10332 RequestorUid: 10332 RequestorPkg: com.snapchat.android UnderlyingNetworks: Null] ]] callback flags: 0 order: 2147483647 isUidTracked: false declaredMethods: AVAIL|LOSING|LOST|UNAVAIL|NC|LP
10-24 12:42:39.109  1787  2534 D OemPaidWifiNetworkFactory: got request NetworkRequest [ REQUEST id=43285, [ Capabilities: INTERNET&NOT_RESTRICTED&TRUSTED&NOT_VCN_MANAGED&NOT_BANDWIDTH_CONSTRAINED Uid: 10332 RequestorUid: 10332 RequestorPkg: com.snapchat.android UnderlyingNetworks: Null] ]
10-24 12:42:39.109  1787  2534 D MultiInternetWifiNetworkFactory: got request NetworkRequest [ REQUEST id=43285, [ Capabilities: INTERNET&NOT_RESTRICTED&TRUSTED&NOT_VCN_MANAGED&NOT_BANDWIDTH_CONSTRAINED Uid: 10332 RequestorUid: 10332 RequestorPkg: com.snapchat.android UnderlyingNetworks: Null] ]
10-24 12:42:39.109  1787  2542 D ConnectivityService: NetReassign [43285 : null → 196] [c 0] [a 1] [i 1]
10-24 12:42:39.109  1787  2534 D WifiNetworkFactory: got request NetworkRequest [ REQUEST id=43285, [ Capabilities: INTERNET&NOT_RESTRICTED&TRUSTED&NOT_VCN_MANAGED&NOT_BANDWIDTH_CONSTRAINED Uid: 10332 RequestorUid: 10332 RequestorPkg: com.snapchat.android UnderlyingNetworks: Null] ]
10-24 12:42:39.109  1787  2534 D UntrustedWifiNetworkFactory: got request NetworkRequest [ REQUEST id=43285, [ Capabilities: INTERNET&NOT_RESTRICTED&TRUSTED&NOT_VCN_MANAGED&NOT_BANDWIDTH_CONSTRAINED Uid: 10332 RequestorUid: 10332 RequestorPkg: com.snapchat.android UnderlyingNetworks: Null] ]
10-24 12:42:39.110  4156  5991 I AiAiConversations: (REDACTED) [MessageActivityBroadcaster][component=%s][sessionId=%s][taskLocusId=%s] Enter Conversation
10-24 12:42:39.112  1787  2590 D BackgroundInstallControlService: Package event received: 0
10-24 12:42:39.115  1787  1846 D ActivityManager: sync unfroze 10412 com.google.android.gms for 6
10-24 12:42:39.131  1620 20277 D Camera3-Utils: Set real time priority for thread (tid 20277)
10-24 12:42:39.131  1620 20277 I CameraService: CameraService::connect call (PID 15718 "com.snapchat.android", camera ID 1) and Camera API version 2
10-24 12:42:39.137  1787  2590 D BackgroundInstallControlService: Package event received: 0
10-24 12:42:39.138  4156  5991 I AiAiConversations: (REDACTED) [MessageActivityBroadcaster][component=%s][sessionId=%s][exitReason=%s][requiresDeletion=%s] Exit Conversation
10-24 12:42:39.138  4156  5991 I AiAiPeople: (REDACTED) [%s] [onConversationExited] Current session is not active
10-24 12:42:39.152 15718 15787 E libEGL  : call to OpenGL ES API with no current context (logged once per thread)
10-24 12:42:39.160 10412 10412 D BoundBrokerSvc: onBind: Intent { act=com.google.android.gms.measurement.START xflg=0x4 pkg=com.google.android.gms }
10-24 12:42:39.160 10412 10412 D BoundBrokerSvc: Loading bound service for intent: Intent { act=com.google.android.gms.measurement.START xflg=0x4 pkg=com.google.android.gms }
10-24 12:42:39.226  1787  2590 D BackgroundInstallControlService: Package event received: 0
10-24 12:42:39.230  1787  2590 D BackgroundInstallControlService: Package event received: 0
10-24 12:42:39.230  1787  2590 D BackgroundInstallControlService: Package event received: 0
10-24 12:42:39.333   835  9516 E powerhal-libperfmgr: Error: shouldn't report duration during pause state.
10-24 12:42:39.337 21270 21279 E gcblocker: too long GC blocking: 8
10-24 12:42:39.337 21270 21279 E gcblocker: gc block end, 464842588,105
10-24 12:42:39.350 15718 15718 I AutofillManager: onInvisibleForAutofill(): expiringResponse
10-24 12:42:39.392  1787  2590 D BackgroundInstallControlService: Package event received: 0
10-24 12:42:39.394 15718 15718 D VRI[LandingPageActivity]: visibilityChanged oldVisibility=true newVisibility=false
10-24 12:42:39.441  1620 20277 E CameraService: Access Denial: can't use the camera from an idle UID pid=15718, uid=10332
10-24 12:42:39.442  1620 20277 D Camera3-Utils: Set regular priority for thread (tid 20277)
10-24 12:42:39.659  1620 20277 D Camera3-Utils: Set real time priority for thread (tid 20277)
10-24 12:42:39.659  1620 20277 I CameraService: CameraService::connect call (PID 15718 "com.snapchat.android", camera ID 1) and Camera API version 2
10-24 12:42:39.962  1620 20277 E CameraService: Access Denial: can't use the camera from an idle UID pid=15718, uid=10332
10-24 12:42:39.963  1620 20277 D Camera3-Utils: Set regular priority for thread (tid 20277)
10-24 12:42:40.175  1620 20277 D Camera3-Utils: Set real time priority for thread (tid 20277)
10-24 12:42:40.175  1620 20277 I CameraService: CameraService::connect call (PID 15718 "com.snapchat.android", camera ID 1) and Camera API version 2
10-24 12:42:40.477  1620 20277 E CameraService: Access Denial: can't use the camera from an idle UID pid=15718, uid=10332
10-24 12:42:40.477  1620 20277 D Camera3-Utils: Set regular priority for thread (tid 20277)
10-24 12:42:40.577  1662  1662 D AOC     : A3:MSG: vsc_controller.cc, 584: VSC: [Quick Pickup Sensor] requestSensorEvents: sensor 0x20002, period=18446744073709 
10-24 12:42:40.580  1662  1662 D AOC     : A3:MSG: usf_sensor.cc, 1784: USF: Received start sampling request for LSM6DSV Motion Detect (active:1).
10-24 12:42:40.580  1662  1662 D AOC     : A3:MSG: lsm6dsv_device.cc, 732: USF: Lsm6dsvDevice: Sensor 3: Enabled 1, odr_index 1, period_ns 500000000.
10-24 12:42:40.580  1662  1662 D AOC     : A3:MSG: lsm6dsv_fifo.cc, 755: USF: Lsm6dsvFifo: ODR: XL/G/T/TS: 120/240/15/30 WM: 4 Intr: 102.
10-24 12:42:40.581  1662  1662 D AOC     : A3:MSG: lsm6dsv_device.cc, 641: USF: Lsm6dsvDevice: Fifo was disabled for 685018ns.
10-24 12:42:40.582  1662  1662 D AOC     : A3:MSG: usf_vsc_log.cc, 45: USF: [QuickPickup] MD enabled.
10-24 12:42:40.583  1662  1662 D AOC     : A3:MSG: usf_vsc_log.cc, 45: USF: [QuickPickup] SD disabled.
10-24 12:42:40.583  1662  1662 D AOC     : A3:MSG: vsc_controller.cc, 602: VSC: [Quick Pickup Sensor] stopSensorEvents: sensor 0x10001
10-24 12:42:40.584  1662  1662 D AOC     : A3:MSG: usf_vsc_log.cc, 45: USF: [QuickPickup] Accelerometer disabled.
