--------- beginning of system
10-23 14:58:55.711  1787  2343 D ActivityManager: freezing 24312 android.process.acore
--------- beginning of main
10-23 14:58:55.720  1787  2542 D InetDiagMessage: Destroyed 0 sockets, proto=IPPROTO_TCP, family=AF_INET, states=14
10-23 14:58:55.721  1787  2542 D InetDiagMessage: Destroyed 0 sockets, proto=IPPROTO_TCP, family=AF_INET6, states=14
10-23 14:58:55.721  1787  2542 D InetDiagMessage: Destroyed live tcp sockets for uids={10082} in 5ms
10-23 14:58:55.825  1787  5221 I ActivityManager: Broadcasting: Intent { act=com.nick.myrecoverytracker.ACTION_RUN_NOTIFICATION_ENGAGEMENT_ROLLUP flg=0x11400020 cmp=com.nick.myrecoverytracker/.TriggerReceiver }
10-23 14:58:55.827  1787  5221 I ActivityManager: Enqueued broadcast Intent { act=com.nick.myrecoverytracker.ACTION_RUN_NOTIFICATION_ENGAGEMENT_ROLLUP flg=0x11400020 cmp=com.nick.myrecoverytracker/.TriggerReceiver }: 0
10-23 14:58:55.832  1787  2590 D BackgroundInstallControlService: Package event received: 0
10-23 14:58:55.836 27467 27467 I TriggerReceiver: onReceive action=com.nick.myrecoverytracker.ACTION_RUN_NOTIFICATION_ENGAGEMENT_ROLLUP
10-23 14:58:55.839  1787  1879 I ActivityManager: Broadcast completed: result=0
10-23 14:58:55.915  1787  5221 I ActivityManager: Broadcasting: Intent { act=com.nick.myrecoverytracker.ACTION_RUN_NOTIFICATION_ROLLUP flg=0x11400020 cmp=com.nick.myrecoverytracker/.TriggerReceiver }
10-23 14:58:55.918  1787  5221 I ActivityManager: Enqueued broadcast Intent { act=com.nick.myrecoverytracker.ACTION_RUN_NOTIFICATION_ROLLUP flg=0x11400020 cmp=com.nick.myrecoverytracker/.TriggerReceiver }: 0
10-23 14:58:55.920  1787  2590 D BackgroundInstallControlService: Package event received: 0
10-23 14:58:55.922 27467 27467 I TriggerReceiver: onReceive action=com.nick.myrecoverytracker.ACTION_RUN_NOTIFICATION_ROLLUP
10-23 14:58:55.924  1787  1879 I ActivityManager: Broadcast completed: result=0
10-23 14:58:56.430  1382  3212 I bthal.activity: bt_power: AclDataStat: 14:58:54:526 - 14:58:56:429, conn_handle: 64, duration: 1903, acl_data_count: 6, acl_tx_data_count: 4, acl_rx_data_count: 2, total_acl_data_count: 169959
10-23 14:58:56.535 17689 17699 I pixel-thermal: disp_therm:31.995 raw data: disp_therm:31995 
10-23 14:58:56.544 17689 17699 I pixel-thermal: btmspkr_therm:30.793 raw data: btmspkr_therm:30793 
10-23 14:58:56.544 17689 17699 I pixel-thermal: usb_pwr_therm:30.859 raw data: usb_pwr_therm:30859 
10-23 14:58:56.544 17689 17699 I pixel-thermal: VIRTUAL-USB-UI:0 raw data: USB-MINUS-CHARGER:-5788 VIRTUAL-USB-UI:0 charging_therm:36647 usb_pwr_therm:30859 
10-23 14:58:56.544 17689 17699 I pixel-thermal: VIRTUAL-USB-THROTTLING:0 raw data: USB-MINUS-CHARGER:-5788 VIRTUAL-USB-THROTTLING:0 usb_pwr_therm:30859 
10-23 14:58:56.609  1390  1412 D CHRE.HAL: Received a nanoapp message from 0x476f6f676c001044 endpoint 0x80c1: Type 0x6 size 9 
10-23 14:58:56.612  1390  1412 D CHRE    : @ 477821.360: timepulse GPI 49, timestamp:11742936272776
10-23 14:58:56.613  1390  1412 D CHRE    : @ 477821.360: [TimeSync] ProcessPpsPulse: fiq counter 11742936272776
10-23 14:58:56.795  1787  2590 D BackgroundInstallControlService: Package event received: 0
10-23 14:58:56.796  1787  2590 D BackgroundInstallControlService: Package event received: 0
10-23 14:58:56.796  1787  2590 D BackgroundInstallControlService: Package event received: 0
10-23 14:58:56.887 21270 21279 E gcblocker: too long GC blocking: 8
10-23 14:58:56.887 21270 21279 E gcblocker: gc block end, 386674836,101
10-23 14:58:57.180  1439  1439 I WifiHAL : Creating message to get link statistics; iface = 47
10-23 14:58:57.231  1439  1439 I WifiHAL : index: 0 per_rate_size 32, data_rem_len 1152
10-23 14:58:57.231  1439  1439 I WifiHAL : index: 1 per_rate_size 32, data_rem_len 1120
10-23 14:58:57.231  1439  1439 I WifiHAL : index: 2 per_rate_size 32, data_rem_len 1088
10-23 14:58:57.231  1439  1439 I WifiHAL : index: 3 per_rate_size 32, data_rem_len 1056
10-23 14:58:57.231  1439  1439 I WifiHAL : index: 4 per_rate_size 32, data_rem_len 1024
10-23 14:58:57.231  1439  1439 I WifiHAL : index: 5 per_rate_size 32, data_rem_len 992
10-23 14:58:57.231  1439  1439 I WifiHAL : index: 6 per_rate_size 32, data_rem_len 960
10-23 14:58:57.231  1439  1439 I WifiHAL : index: 7 per_rate_size 32, data_rem_len 928
10-23 14:58:57.231  1439  1439 I WifiHAL : index: 8 per_rate_size 32, data_rem_len 896
10-23 14:58:57.231  1439  1439 I WifiHAL : index: 9 per_rate_size 32, data_rem_len 864
10-23 14:58:57.231  1439  1439 I WifiHAL : index: 10 per_rate_size 32, data_rem_len 832
10-23 14:58:57.231  1439  1439 I WifiHAL : index: 11 per_rate_size 32, data_rem_len 800
10-23 14:58:57.231  1439  1439 I WifiHAL : index: 12 per_rate_size 32, data_rem_len 768
10-23 14:58:57.231  1439  1439 I WifiHAL : index: 13 per_rate_size 32, data_rem_len 736
10-23 14:58:57.231  1439  1439 I WifiHAL : index: 14 per_rate_size 32, data_rem_len 704
10-23 14:58:57.231  1439  1439 I WifiHAL : index: 15 per_rate_size 32, data_rem_len 672
10-23 14:58:57.231  1439  1439 I WifiHAL : index: 16 per_rate_size 32, data_rem_len 640
10-23 14:58:57.231  1439  1439 I WifiHAL : index: 17 per_rate_size 32, data_rem_len 608
10-23 14:58:57.231  1439  1439 I WifiHAL : index: 18 per_rate_size 32, data_rem_len 576
10-23 14:58:57.231  1439  1439 I WifiHAL : index: 19 per_rate_size 32, data_rem_len 544
10-23 14:58:57.231  1439  1439 I WifiHAL : index: 20 per_rate_size 32, data_rem_len 512
10-23 14:58:57.231  1439  1439 I WifiHAL : index: 21 per_rate_size 32, data_rem_len 480
10-23 14:58:57.231  1439  1439 I WifiHAL : index: 22 per_rate_size 32, data_rem_len 448
10-23 14:58:57.231  1439  1439 I WifiHAL : index: 23 per_rate_size 32, data_rem_len 416
10-23 14:58:57.231  1439  1439 I WifiHAL : index: 24 per_rate_size 32, data_rem_len 384
10-23 14:58:57.231  1439  1439 I WifiHAL : index: 25 per_rate_size 32, data_rem_len 352
10-23 14:58:57.231  1439  1439 I WifiHAL : index: 26 per_rate_size 32, data_rem_len 320
10-23 14:58:57.231  1439  1439 I WifiHAL : index: 27 per_rate_size 32, data_rem_len 288
10-23 14:58:57.231  1439  1439 I WifiHAL : index: 28 per_rate_size 32, data_rem_len 256
10-23 14:58:57.231  1439  1439 I WifiHAL : index: 29 per_rate_size 32, data_rem_len 224
10-23 14:58:57.231  1439  1439 I WifiHAL : index: 30 per_rate_size 32, data_rem_len 192
10-23 14:58:57.231  1439  1439 I WifiHAL : index: 31 per_rate_size 32, data_rem_len 160
10-23 14:58:57.231  1439  1439 I WifiHAL : index: 32 per_rate_size 32, data_rem_len 128
10-23 14:58:57.231  1439  1439 I WifiHAL : index: 33 per_rate_size 32, data_rem_len 96
10-23 14:58:57.231  1439  1439 I WifiHAL : index: 34 per_rate_size 32, data_rem_len 64
10-23 14:58:57.231  1439  1439 I WifiHAL : index: 35 per_rate_size 32, data_rem_len 32
10-23 14:58:57.233  1439  1439 I WifiHAL : Getting cached scan results, iface handle = 0xb4000078119ff1d0
10-23 14:58:57.233  1439  1439 E WifiHAL : Creating message to get cached scan results
10-23 14:58:57.240  1439  1439 I WifiHAL : In GetCachedScanResultsCommand::handleResponse
10-23 14:58:57.288  1787  2542 D ConnectivityService: NetReassign [no changes] [c 4] [a 2] [i 5]
10-23 14:58:57.610  1390  1412 D CHRE    : @ 477822.360: timepulse GPI 49, timestamp:11742960849240
10-23 14:58:57.611  1390  1412 D CHRE.HAL: Received a nanoapp message from 0x476f6f676c001044 endpoint 0x80c1: Type 0x6 size 9 
10-23 14:58:57.612  1390  1412 D CHRE    : @ 477822.362: [TimeSync] ProcessPpsPulse: fiq counter 11742960849240
10-23 14:58:57.752 18690 18690 I CastMediaRouteProvider: Published 4 routes
10-23 14:58:57.765  1787  5221 I MediaSessionStack: addSession to bottom of stack | record: com.google.android.gms/cast_rcn_media_session/3103 (userId=0)
10-23 14:58:57.766 18690 18573 I CastSocketMultiplexer: Stopping multiplexer...
10-23 14:58:57.767  1787  5221 W PendingIntentHolder: Unresolvable implicit intent is set, pi=PendingIntent{c1b1aa0: PendingIntentRecord{10e79d7 com.google.android.gms/com.google.android.gms.cast broadcastIntent}}
10-23 14:58:57.768  2812  2812 I PlayerSettingsManager: getPlayerRepeatMode: no active player
10-23 14:58:57.768  2812  2812 I PlayerSettingsManager: getPlayerShuffleMode: no active player
10-23 14:58:57.768  2812  2812 I PlayerSettingsManager: updateRemoteDevice: STATE_REPEAT_OFF, STATE_SHUFFLE_OFF
10-23 14:58:57.768  2812  2812 I bluetooth: system/btif/avrcp/avrcp_service.cc:578 SendPlayerSettingsChanged: {attribute=PlayerAttribute::REPEAT : value=PlayerRepeatValue::OFF}, {attribute=PlayerAttribute::SHUFFLE : value=PlayerShuffleValue::OFF}
10-23 14:58:57.770  1787  4824 D MediaSessionService: onSessionPlaybackStateChanged: record=com.google.android.gms/cast_rcn_media_session/3103 (userId=0) playbackState=PlaybackState {state=NONE(0), position=0, buffered position=0, speed=1.0, updated=477813615, actions=0, custom actions=[], active item id=-1, error=null}
10-23 14:58:57.773 18690 18690 W ChimeraUtils: Module com.google.android.gms.cast missing resource cast_module_display_name(0)
10-23 14:58:57.774 18690 18747 I CastService: [instance-168] [com.google.android.gms] follow session disabled, with outputSwitcher: disabled
10-23 14:58:57.774 18690 18747 I CastService: [instance-168] [com.google.android.gms] acquireDeviceController: Google Play services client: 254131000 and APK: 254131000
